customer_1_sales_data.csv
Date,Units,Revenue,Inventory_Amount,Inventory_Units,Price,PID,CID
01-01-2018,26,727.74,,,27.99,p9,c8
08-01-2018,23,643.77,138,,27.99,p9,c8
15-01-2018,22,615.78,141,,27.99,p9,c8
22-01-2018,23,643.77,122,,27.99,p9,c8
29-01-2018,15,419.85,99,,27.99,p9,c8
05-02-2018,31,867.69,83,,27.99,p9,c8
12-02-2018,20,559.8,58,,27.99,p9,c8
19-02-2018,25,699.75,36,,27.99,p9,c8
26-02-2018,2,55.98,3,,27.99,p9,c8
05-03-2018,6,167.94,0,,27.99,p9,c8
19-03-2018,16,447.84,0,,27.99,p9,c8
26-03-2018,24,671.76,33,,27.99,p9,c8
02-04-2018,19,531.81,111,,27.99,p9,c8
09-04-2018,14,391.86,119,,27.99,p9,c8
16-04-2018,17,473.46,115,,27.85058824,p9,c8
23-04-2018,19,506.06,109,,26.63473684,p9,c8
30-04-2018,16,412.89,103,,25.805625,p9,c8
07-05-2018,14,361.18,101,,25.79857143,p9,c8
14-05-2018,18,463.86,91,,25.77,p9,c8
21-05-2018,24,618.48,78,,25.77,p9,c8
28-05-2018,28,721.56,75,,25.77,p9,c8
04-06-2018,20,515.4,64,,25.77,p9,c8
11-06-2018,14,360.78,89,,25.77,p9,c8
18-06-2018,25,644.25,100,,25.77,p9,c8
25-06-2018,23,592.71,118,,25.77,p9,c8
02-07-2018,32,824.64,107,,25.77,p9,c8
09-07-2018,22,566.94,93,,25.77,p9,c8
16-07-2018,38,979.26,97,,25.77,p9,c8
23-07-2018,30,773.1,93,,25.77,p9,c8
30-07-2018,34,876.18,81,,25.77,p9,c8
06-08-2018,40,1030.8,110,,25.77,p9,c8
13-08-2018,23,706.52,93,,30.71826087,p9,c8
20-08-2018,28,931.18,125,,33.25642857,p9,c8
27-08-2018,20,759.8,133,,37.99,p9,c8
03-09-2018,41,1483.59,110,,36.18512195,p9,c8
10-09-2018,31,1119.69,134,,36.11903226,p9,c8
17-09-2018,38,1366.18,168,,35.95210526,p9,c8
24-09-2018,46,1653.7,183,,35.95,p9,c8
01-10-2018,19,683.05,173,,35.95,p9,c8
08-10-2018,24,862.8,170,,35.95,p9,c8
15-10-2018,34,1222.3,154,,35.95,p9,c8
22-10-2018,28,1006.6,123,,35.95,p9,c8
29-10-2018,33,1186.35,99,,35.95,p9,c8
05-11-2018,27,970.65,124,,35.95,p9,c8
12-11-2018,33,1186.35,133,,35.95,p9,c8
19-11-2018,54,1941.3,242,,35.95,p9,c8
26-11-2018,179,5499.33,346,,30.72251397,p9,c8
03-12-2018,214,6418.16,259,,29.99140187,p9,c8
10-12-2018,165,4948.35,165,,29.99,p9,c8
17-12-2018,112,3358.88,9,,29.99,p9,c8
24-12-2018,11,329.89,6,,29.99,p9,c8
01-01-2018,485,2680.33,,,5.526453608,p10,c5
08-01-2018,517,2903.38,3214,,5.61582205,p10,c5
15-01-2018,527,2952.42,2715,,5.602314991,p10,c5
22-01-2018,683,3481.24,2194,,5.096983895,p10,c5
29-01-2018,611,3396.35,1523,,5.558674304,p10,c5
05-02-2018,583,3265.24,1927,,5.600754717,p10,c5
12-02-2018,418,2342.39,2393,,5.603803828,p10,c5
19-02-2018,545,2880.93,2328,,5.286110092,p10,c5
26-02-2018,651,3421.46,2298,,5.255698925,p10,c5
05-03-2018,503,2663.43,2026,,5.295089463,p10,c5
12-03-2018,440,2340.13,1913,,5.318477273,p10,c5
19-03-2018,678,3554.6,1662,,5.242772861,p10,c5
26-03-2018,437,2437.17,1628,,5.577048055,p10,c5
02-04-2018,419,2274.62,1581,,5.428687351,p10,c5
09-04-2018,518,2754.31,1487,,5.317200772,p10,c5
16-04-2018,565,2894.32,1373,,5.122690265,p10,c5
23-04-2018,415,2183.17,1258,,5.260650602,p10,c5
30-04-2018,457,2448.76,828,,5.35833698,p10,c5
07-05-2018,422,2256.52,1902,,5.347203791,p10,c5
14-05-2018,566,2985.17,1192,,5.274151943,p10,c5
21-05-2018,400,2159.7,1321,,5.39925,p10,c5
28-05-2018,363,2015.99,1139,,5.55369146,p10,c5
04-06-2018,478,2812.86,1470,,5.884644351,p10,c5
11-06-2018,423,2492.08,980,,5.89144208,p10,c5
18-06-2018,482,2839.52,552,,5.891120332,p10,c5
25-06-2018,44,259.33,123,,5.893863636,p10,c5
02-07-2018,130,766.14,20,,5.893384615,p10,c5
09-07-2018,4,23.6,10,,5.9,p10,c5
16-07-2018,614,3619.17,607,,5.894413681,p10,c5
23-07-2018,534,3144.62,513,,5.888801498,p10,c5
30-07-2018,168,990.42,97,,5.895357143,p10,c5
06-08-2018,787,4636.38,440,,5.891207116,p10,c5
13-08-2018,813,4789.66,1779,,5.891340713,p10,c5
20-08-2018,841,4954.13,3941,,5.890760999,p10,c5
27-08-2018,1356,7986.99,3422,,5.890110619,p10,c5
03-09-2018,1604,9448.1,3454,,5.890336658,p10,c5
10-09-2018,1889,11126.96,2268,,5.890397035,p10,c5
17-09-2018,1446,8517.59,1500,,5.890449516,p10,c5
24-09-2018,1013,5967.72,518,,5.891135242,p10,c5
01-10-2018,7,41.23,50,,5.89,p10,c5
08-10-2018,2,11.81,38,,5.905,p10,c5
15-10-2018,2,11.78,37,,5.89,p10,c5
22-10-2018,0,0,33,,,p10,c5
29-10-2018,422,2488.04,33,,5.895829384,p10,c5
05-11-2018,655,3858.71,832,,5.891160305,p10,c5
12-11-2018,648,3817.48,760,,5.89117284,p10,c5
19-11-2018,264,1556.36,392,,5.89530303,p10,c5
26-11-2018,616,3629.48,448,,5.892012987,p10,c5
03-12-2018,573,3379.41,3213,,5.897748691,p10,c5
10-12-2018,868,5118.51,2537,,5.896900922,p10,c5
17-12-2018,674,3980.92,1665,,5.906409496,p10,c5
24-12-2018,356,2100.85,1056,,5.901264045,p10,c5
01-01-2018,87,1565.29,,,17.99183908,p11,c12
08-01-2018,90,1619.1,497,,17.99,p11,c12
15-01-2018,58,1043.42,399,,17.99,p11,c12
22-01-2018,94,1691.24,351,,17.99191489,p11,c12
29-01-2018,101,1816.99,260,,17.99,p11,c12
05-02-2018,86,1547.14,340,,17.99,p11,c12
12-02-2018,58,1043.64,401,,17.9937931,p11,c12
19-02-2018,102,1834.98,402,,17.99,p11,c12
26-02-2018,126,2266.74,329,,17.99,p11,c12
05-03-2018,146,2627.5,232,,17.99657534,p11,c12
12-03-2018,113,2032.87,210,,17.99,p11,c12
19-03-2018,190,3418.1,200,,17.99,p11,c12
26-03-2018,92,1655.39,373,,17.99336957,p11,c12
02-04-2018,142,2554.58,415,,17.99,p11,c12
09-04-2018,98,1763.02,295,,17.99,p11,c12
16-04-2018,124,2230.76,309,,17.99,p11,c12
23-04-2018,124,2230.76,222,,17.99,p11,c12
30-04-2018,104,1870.96,300,,17.99,p11,c12
07-05-2018,105,1889.03,491,,17.9907619,p11,c12
14-05-2018,83,1536.37,404,,18.51048193,p11,c12
21-05-2018,45,1131.17,366,,25.13711111,p11,c12
28-05-2018,61,1694.33,400,,27.77590164,p11,c12
04-06-2018,34,951.14,451,,27.97470588,p11,c12
11-06-2018,41,1146.77,407,,27.97,p11,c12
18-06-2018,18,503.7,371,,27.98333333,p11,c12
25-06-2018,16,447.97,347,,27.998125,p11,c12
02-07-2018,37,1034.89,332,,27.97,p11,c12
09-07-2018,19,531.43,297,,27.97,p11,c12
16-07-2018,58,1622.67,283,,27.97706897,p11,c12
23-07-2018,26,727.54,295,,27.98230769,p11,c12
30-07-2018,62,1739.42,289,,28.05516129,p11,c12
06-08-2018,46,1286.77,323,,27.97326087,p11,c12
13-08-2018,74,2069.78,334,,27.97,p11,c12
20-08-2018,46,1286.62,367,,27.97,p11,c12
27-08-2018,100,2797,383,,27.97,p11,c12
03-09-2018,55,1538.35,310,,27.97,p11,c12
10-09-2018,90,2517.3,386,,27.97,p11,c12
17-09-2018,112,3132.64,455,,27.97,p11,c12
24-09-2018,84,2349.48,495,,27.97,p11,c12
01-10-2018,30,839.1,453,,27.97,p11,c12
08-10-2018,32,895.04,513,,27.97,p11,c12
15-10-2018,38,1063.22,508,,27.97947368,p11,c12
22-10-2018,29,811.53,463,,27.9837931,p11,c12
29-10-2018,27,755.27,446,,27.97296296,p11,c12
05-11-2018,30,839.1,417,,27.97,p11,c12
12-11-2018,34,950.98,391,,27.97,p11,c12
19-11-2018,11,307.67,358,,27.97,p11,c12
26-11-2018,32,895.04,342,,27.97,p11,c12
03-12-2018,42,1174.74,311,,27.97,p11,c12
10-12-2018,30,828.2,289,,27.60666667,p11,c12
17-12-2018,63,1726.36,267,,27.40253968,p11,c12
24-12-2018,7,181.3,207,,25.9,p11,c12
01-01-2018,21,351.92,,,16.75809524,p12,c5
08-01-2018,29,485.75,219,,16.75,p12,c5
15-01-2018,24,402,170,,16.75,p12,c5
22-01-2018,23,393.8,168,,17.12173913,p12,c5
29-01-2018,32,566.3,143,,17.696875,p12,c5
05-02-2018,22,368.5,117,,16.75,p12,c5
12-02-2018,11,184.25,85,,16.75,p12,c5
19-02-2018,24,402,74,,16.75,p12,c5
26-02-2018,23,387.61,37,,16.8526087,p12,c5
05-03-2018,22,368.5,30,,16.75,p12,c5
12-03-2018,4,67.17,4,,16.7925,p12,c5
26-03-2018,12,233.75,36,,19.47916667,p12,c5
02-04-2018,18,351.82,169,,19.54555556,p12,c5
09-04-2018,12,235,163,,19.58333333,p12,c5
16-04-2018,15,293.1,149,,19.54,p12,c5
23-04-2018,16,312.86,136,,19.55375,p12,c5
30-04-2018,12,234.48,120,,19.54,p12,c5
07-05-2018,12,234.48,110,,19.54,p12,c5
14-05-2018,23,450.06,100,,19.56782609,p12,c5
21-05-2018,9,176.18,74,,19.57555556,p12,c5
28-05-2018,15,292.57,74,,19.50466667,p12,c5
04-06-2018,14,275.5,79,,19.67857143,p12,c5
11-06-2018,75,1462.82,95,,19.50426667,p12,c5
18-06-2018,18,351,69,,19.5,p12,c5
25-06-2018,13,254.81,2,,19.60076923,p12,c5
02-07-2018,9,176.13,60,,19.57,p12,c5
09-07-2018,9,222.77,104,,24.75222222,p12,c5
16-07-2018,10,247.7,193,,24.77,p12,c5
23-07-2018,7,172.94,240,,24.70571429,p12,c5
30-07-2018,14,346.8,245,,24.77142857,p12,c5
06-08-2018,16,388.48,219,,24.28,p12,c5
13-08-2018,12,276.99,214,,23.0825,p12,c5
20-08-2018,14,321.97,196,,22.99785714,p12,c5
27-08-2018,15,344.42,182,,22.96133333,p12,c5
03-09-2018,31,711.88,196,,22.96387097,p12,c5
10-09-2018,30,688.8,246,,22.96,p12,c5
17-09-2018,31,712.22,232,,22.97483871,p12,c5
24-09-2018,54,1048.16,205,,19.41037037,p12,c5
01-10-2018,18,350.64,184,,19.48,p12,c5
08-10-2018,24,467.52,178,,19.48,p12,c5
15-10-2018,11,214.28,168,,19.48,p12,c5
22-10-2018,16,311.68,154,,19.48,p12,c5
29-10-2018,23,448.38,136,,19.49478261,p12,c5
05-11-2018,17,331.5,119,,19.5,p12,c5
12-11-2018,25,487.5,99,,19.5,p12,c5
19-11-2018,19,370.5,98,,19.5,p12,c5
26-11-2018,13,253.5,116,,19.5,p12,c5
03-12-2018,14,273,164,,19.5,p12,c5
10-12-2018,15,292.5,173,,19.5,p12,c5
17-12-2018,19,370.5,157,,19.5,p12,c5
24-12-2018,1,19.5,139,,19.5,p12,c5
01-01-2018,8,111.28,,,13.91,p13,c5
08-01-2018,20,331.96,120,,16.598,p13,c5
15-01-2018,11,204.63,120,,18.60272727,p13,c5
22-01-2018,14,255.4,122,,18.24285714,p13,c5
29-01-2018,11,195.32,108,,17.75636364,p13,c5
05-02-2018,12,213.98,97,,17.83166667,p13,c5
12-02-2018,14,251.3,87,,17.95,p13,c5
19-02-2018,15,269.25,70,,17.95,p13,c5
26-02-2018,13,233.35,58,,17.95,p13,c5
05-03-2018,3,53.85,42,,17.95,p13,c5
12-03-2018,13,233.35,37,,17.95,p13,c5
19-03-2018,18,323.24,27,,17.95777778,p13,c5
26-03-2018,17,305.41,36,,17.96529412,p13,c5
02-04-2018,16,303.84,72,,18.99,p13,c5
09-04-2018,4,75.96,55,,18.99,p13,c5
16-04-2018,14,251.86,49,,17.99,p13,c5
23-04-2018,13,233.1,37,,17.93076923,p13,c5
30-04-2018,5,86.75,55,,17.35,p13,c5
07-05-2018,10,174.9,65,,17.49,p13,c5
14-05-2018,11,189.09,52,,17.19,p13,c5
21-05-2018,3,51.57,47,,17.19,p13,c5
28-05-2018,8,137.52,61,,17.19,p13,c5
04-06-2018,11,189.09,60,,17.19,p13,c5
11-06-2018,9,154.71,74,,17.19,p13,c5
18-06-2018,4,68.76,65,,17.19,p13,c5
25-06-2018,13,223.47,62,,17.19,p13,c5
02-07-2018,13,223.47,49,,17.19,p13,c5
09-07-2018,8,137.52,61,,17.19,p13,c5
16-07-2018,17,292.23,60,,17.19,p13,c5
23-07-2018,14,240.56,85,,17.18285714,p13,c5
30-07-2018,9,154.62,72,,17.18,p13,c5
06-08-2018,14,240.52,61,,17.18,p13,c5
13-08-2018,20,343.6,84,,17.18,p13,c5
20-08-2018,14,240.52,76,,17.18,p13,c5
27-08-2018,29,498.22,89,,17.18,p13,c5
03-09-2018,38,652.84,98,,17.18,p13,c5
10-09-2018,44,755.92,105,,17.18,p13,c5
17-09-2018,46,790.28,91,,17.18,p13,c5
24-09-2018,46,790.28,71,,17.18,p13,c5
01-10-2018,23,395.14,115,,17.18,p13,c5
08-10-2018,13,223.34,98,,17.18,p13,c5
15-10-2018,12,206.16,139,,17.18,p13,c5
22-10-2018,21,360.78,157,,17.18,p13,c5
29-10-2018,24,412.32,185,,17.18,p13,c5
05-11-2018,12,206.16,171,,17.18,p13,c5
12-11-2018,20,343.6,137,,17.18,p13,c5
19-11-2018,9,154.62,185,,17.18,p13,c5
26-11-2018,24,412.32,225,,17.18,p13,c5
03-12-2018,18,309.24,212,,17.18,p13,c5
10-12-2018,21,343.36,207,,16.35047619,p13,c5
17-12-2018,17,275.23,256,,16.19,p13,c5
24-12-2018,2,30.38,263,,15.19,p13,c5
01-01-2018,8,52.96,,,6.62,p14,c15
08-01-2018,12,79.44,62,,6.62,p14,c15
15-01-2018,6,39.72,51,,6.62,p14,c15
22-01-2018,24,158.88,46,,6.62,p14,c15
29-01-2018,20,132.4,20,,6.62,p14,c15
12-02-2018,1,6.62,,,6.62,p14,c15
02-04-2018,6,46.46,0,,7.743333333,p14,c15
09-04-2018,9,89.91,163,,9.99,p14,c15
16-04-2018,2,19.98,177,,9.99,p14,c15
23-04-2018,3,29.97,177,,9.99,p14,c15
30-04-2018,9,89.91,176,,9.99,p14,c15
14-05-2018,2,19.98,145,,9.99,p14,c15
21-05-2018,3,28.6,161,,9.533333333,p14,c15
28-05-2018,6,51.72,162,,8.62,p14,c15
04-06-2018,3,25.86,156,,8.62,p14,c15
11-06-2018,11,108.52,153,,9.865454545,p14,c15
18-06-2018,9,81.69,143,,9.076666667,p14,c15
25-06-2018,7,69.93,133,,9.99,p14,c15
02-07-2018,4,39.96,129,,9.99,p14,c15
09-07-2018,18,156.53,128,,8.696111111,p14,c15
16-07-2018,34,293.08,116,,8.62,p14,c15
23-07-2018,36,315.86,88,,8.773888889,p14,c15
30-07-2018,24,234.28,69,,9.761666667,p14,c15
06-08-2018,21,193.35,1,,9.207142857,p14,c15
13-08-2018,29,258.2,31,,8.903448276,p14,c15
20-08-2018,16,137.92,36,,8.62,p14,c15
27-08-2018,23,198.26,94,,8.62,p14,c15
03-09-2018,26,224.12,168,,8.62,p14,c15
10-09-2018,36,310.32,237,,8.62,p14,c15
17-09-2018,13,112.06,285,,8.62,p14,c15
24-09-2018,17,146.54,281,,8.62,p14,c15
01-10-2018,8,68.96,263,,8.62,p14,c15
08-10-2018,11,105.78,259,,9.616363636,p14,c15
15-10-2018,19,188.44,245,,9.917894737,p14,c15
22-10-2018,17,154.76,230,,9.103529412,p14,c15
29-10-2018,7,61.02,213,,8.717142857,p14,c15
05-11-2018,6,57.88,206,,9.646666667,p14,c15
12-11-2018,18,156.53,196,,8.696111111,p14,c15
19-11-2018,10,86.28,179,,8.628,p14,c15
26-11-2018,18,155.16,168,,8.62,p14,c15
03-12-2018,30,258.6,151,,8.62,p14,c15
10-12-2018,17,146.54,122,,8.62,p14,c15
17-12-2018,7,60.42,106,,8.631428571,p14,c15
24-12-2018,7,60.34,96,,8.62,p14,c15
08-01-2018,19,416.95,0,,21.94473684,p15,c12
15-01-2018,21,463.68,19,,22.08,p15,c12
22-01-2018,1,21.76,0,,21.76,p15,c12
09-04-2018,14,339.1,16,,24.22142857,p15,c12
16-04-2018,13,323.05,56,,24.85,p15,c12
23-04-2018,14,312.77,82,,22.34071429,p15,c12
30-04-2018,24,517.22,76,,21.55083333,p15,c12
07-05-2018,21,456.29,85,,21.72809524,p15,c12
14-05-2018,22,474.56,70,,21.57090909,p15,c12
21-05-2018,22,461.8,93,,20.99090909,p15,c12
28-05-2018,23,486.28,103,,21.1426087,p15,c12
04-06-2018,25,532.07,110,,21.2828,p15,c12
11-06-2018,19,395.8,117,,20.83157895,p15,c12
18-06-2018,20,434.07,130,,21.7035,p15,c12
25-06-2018,16,341.65,220,,21.353125,p15,c12
02-07-2018,15,322.57,214,,21.50466667,p15,c12
09-07-2018,72,1509.24,270,,20.96166667,p15,c12
16-07-2018,23,543.08,227,,23.61217391,p15,c12
23-07-2018,36,851.13,298,,23.6425,p15,c12
30-07-2018,28,665.49,266,,23.7675,p15,c12
06-08-2018,38,904.6,243,,23.80526316,p15,c12
13-08-2018,46,1084.05,200,,23.56630435,p15,c12
20-08-2018,33,783.45,149,,23.74090909,p15,c12
27-08-2018,49,1167.95,111,,23.83571429,p15,c12
03-09-2018,67,1596.75,79,,23.83208955,p15,c12
10-09-2018,70,1668.64,39,,23.83771429,p15,c12
17-09-2018,0,0,1,,,p15,c12
24-09-2018,21,543.7,0,,25.89047619,p15,c12
01-10-2018,33,848.3,12,,25.70606061,p15,c12
08-10-2018,27,691.49,185,,25.61074074,p15,c12
15-10-2018,21,525.07,233,,25.00333333,p15,c12
22-10-2018,32,799.68,228,,24.99,p15,c12
29-10-2018,28,699.72,194,,24.99,p15,c12
05-11-2018,39,974.61,165,,24.99,p15,c12
12-11-2018,16,387.14,130,,24.19625,p15,c12
19-11-2018,32,720.94,140,,22.529375,p15,c12
26-11-2018,50,1122.5,132,,22.45,p15,c12
03-12-2018,50,1123.46,103,,22.4692,p15,c12
10-12-2018,39,875.55,66,,22.45,p15,c12
17-12-2018,20,449,23,,22.45,p15,c12
24-12-2018,0,0,1,,,p15,c12
01-01-2018,7,224.11,,,32.01571429,p16,c14
08-01-2018,3,96.75,31,,32.25,p16,c14
15-01-2018,1,32.25,29,,32.25,p16,c14
29-01-2018,1,32.49,27,,32.49,p16,c14
12-02-2018,1,32.25,26,,32.25,p16,c14
19-02-2018,4,129,26,,32.25,p16,c14
26-02-2018,3,96.75,21,,32.25,p16,c14
05-03-2018,1,32.25,18,,32.25,p16,c14
12-03-2018,6,193.5,17,,32.25,p16,c14
26-03-2018,6,193.5,19,,32.25,p16,c14
09-04-2018,4,129,29,,32.25,p16,c14
16-04-2018,8,258,23,,32.25,p16,c14
23-04-2018,2,64.5,13,,32.25,p16,c14
30-04-2018,1,32.25,11,,32.25,p16,c14
07-05-2018,3,96.75,21,,32.25,p16,c14
14-05-2018,2,65.36,31,,32.68,p16,c14
21-05-2018,1,32.68,28,,32.68,p16,c14
28-05-2018,5,163.35,28,,32.67,p16,c14
04-06-2018,2,65.34,22,,32.67,p16,c14
11-06-2018,3,98,21,,32.66666667,p16,c14
18-06-2018,10,332.3,18,,33.23,p16,c14
25-06-2018,2,65.98,8,,32.99,p16,c14
02-07-2018,3,98.97,16,,32.99,p16,c14
09-07-2018,2,65.98,26,,32.99,p16,c14
16-07-2018,4,131.96,26,,32.99,p16,c14
23-07-2018,4,131.96,21,,32.99,p16,c14
30-07-2018,3,98.97,18,,32.99,p16,c14
06-08-2018,3,98.97,13,,32.99,p16,c14
13-08-2018,3,98.97,23,,32.99,p16,c14
20-08-2018,4,131.96,19,,32.99,p16,c14
27-08-2018,3,98.97,14,,32.99,p16,c14
10-09-2018,2,65.98,11,,32.99,p16,c14
17-09-2018,9,296.91,17,,32.99,p16,c14
24-09-2018,7,230.93,22,,32.99,p16,c14
01-10-2018,2,65.98,26,,32.99,p16,c14
08-10-2018,13,428.87,38,,32.99,p16,c14
15-10-2018,2,61.98,29,,30.99,p16,c14
22-10-2018,2,61.98,37,,30.99,p16,c14
29-10-2018,2,61.98,45,,30.99,p16,c14
05-11-2018,11,340.89,43,,30.99,p16,c14
12-11-2018,5,154.95,32,,30.99,p16,c14
19-11-2018,4,122.12,38,,30.53,p16,c14
26-11-2018,10,301.5,34,,30.15,p16,c14
03-12-2018,1,30.17,69,,30.17,p16,c14
17-12-2018,2,59.86,74,,29.93,p16,c14
24-12-2018,0,0,56,,,p16,c14
