customer_1_sales_data.csv
Date,Units,Revenue,Inventory_Amount,Inventory_Units,Price,PID,CID
01-01-2018,11,215.16,,,19.56,p17,c9
08-01-2018,15,292.91,241,,19.52733333,p17,c9
15-01-2018,15,292.91,227,,19.52733333,p17,c9
22-01-2018,14,284.82,211,,20.34428571,p17,c9
29-01-2018,10,235.2,196,,23.52,p17,c9
05-02-2018,14,334.92,185,,23.92285714,p17,c9
12-02-2018,14,335.86,173,,23.99,p17,c9
19-02-2018,15,359.85,158,,23.99,p17,c9
26-02-2018,7,167.93,143,,23.99,p17,c9
05-03-2018,11,250.69,133,,22.79,p17,c9
12-03-2018,21,478.59,124,,22.79,p17,c9
19-03-2018,18,410.22,105,,22.79,p17,c9
26-03-2018,15,341.85,92,,22.79,p17,c9
02-04-2018,63,1435.77,78,,22.79,p17,c9
09-04-2018,20,458.86,39,,22.943,p17,c9
16-04-2018,12,277.41,50,,23.1175,p17,c9
23-04-2018,7,167.93,118,,23.99,p17,c9
30-04-2018,16,383.84,129,,23.99,p17,c9
07-05-2018,9,215.91,177,,23.99,p17,c9
14-05-2018,5,119.95,164,,23.99,p17,c9
21-05-2018,6,143.94,160,,23.99,p17,c9
28-05-2018,8,191.92,153,,23.99,p17,c9
04-06-2018,11,263.89,147,,23.99,p17,c9
11-06-2018,6,143.94,134,,23.99,p17,c9
18-06-2018,7,167.93,127,,23.99,p17,c9
25-06-2018,9,215.91,121,,23.99,p17,c9
02-07-2018,6,143.94,113,,23.99,p17,c9
09-07-2018,9,215.91,105,,23.99,p17,c9
16-07-2018,15,359.85,99,,23.99,p17,c9
23-07-2018,9,215.91,87,,23.99,p17,c9
30-07-2018,9,215.91,78,,23.99,p17,c9
06-08-2018,22,527.78,68,,23.99,p17,c9
13-08-2018,8,191.92,48,,23.99,p17,c9
20-08-2018,15,359.85,61,,23.99,p17,c9
27-08-2018,22,527.78,47,,23.99,p17,c9
03-09-2018,20,479.8,27,,23.99,p17,c9
10-09-2018,46,1103.54,39,,23.99,p17,c9
17-09-2018,29,695.71,29,,23.99,p17,c9
24-09-2018,34,815.66,20,,23.99,p17,c9
01-10-2018,23,551.77,44,,23.99,p17,c9
08-10-2018,19,455.81,69,,23.99,p17,c9
15-10-2018,11,263.89,64,,23.99,p17,c9
22-10-2018,12,287.88,52,,23.99,p17,c9
29-10-2018,17,412.63,56,,24.27235294,p17,c9
05-11-2018,19,474.05,81,,24.95,p17,c9
12-11-2018,23,573.85,78,,24.95,p17,c9
19-11-2018,24,598.8,79,,24.95,p17,c9
26-11-2018,57,1422.15,132,,24.95,p17,c9
03-12-2018,51,1272.67,108,,24.95431373,p17,c9
10-12-2018,84,2095.8,127,,24.95,p17,c9
17-12-2018,62,1546.9,59,,24.95,p17,c9
24-12-2018,6,149.7,57,,24.95,p17,c9
01-01-2018,289,6362.4,,,22.01522491,p18,c7
08-01-2018,221,4860.29,1341,,21.99226244,p18,c7
15-01-2018,196,4310.04,1217,,21.99,p18,c7
22-01-2018,320,7036.8,1090,,21.99,p18,c7
29-01-2018,378,8371.72,857,,22.14740741,p18,c7
05-02-2018,346,7626.39,600,,22.0415896,p18,c7
12-02-2018,197,4332.03,418,,21.99,p18,c7
19-02-2018,205,4507.95,281,,21.99,p18,c7
26-02-2018,205,4507.95,180,,21.99,p18,c7
05-03-2018,269,5915.31,69,,21.99,p18,c7
12-03-2018,45,995.55,7,,22.12333333,p18,c7
19-03-2018,12,284.88,2,,23.74,p18,c7
26-03-2018,10,246.9,0,,24.69,p18,c7
02-04-2018,5,124.95,0,,24.99,p18,c7
09-04-2018,2,49.98,0,,24.99,p18,c7
23-04-2018,1,21.99,1,,21.99,p18,c7
30-07-2018,2,52.57,1,,26.285,p18,c7
13-08-2018,10,249.9,0,,24.99,p18,c7
20-08-2018,23,574.77,32,,24.99,p18,c7
27-08-2018,0,0,133,,,p18,c7
03-09-2018,0,0,311,,,p18,c7
10-09-2018,40,999.6,505,,24.99,p18,c7
17-09-2018,56,1399.44,493,,24.99,p18,c7
24-09-2018,47,1195.08,554,,25.42723404,p18,c7
01-10-2018,126,2599.3,636,,20.62936508,p18,c7
08-10-2018,40,902.8,1034,,22.57,p18,c7
15-10-2018,44,1034.47,1462,,23.51068182,p18,c7
22-10-2018,37,929.25,1786,,25.11486486,p18,c7
29-10-2018,61,1518.14,1797,,24.88754098,p18,c7
05-11-2018,46,1197.65,1796,,26.03586957,p18,c7
12-11-2018,49,1320.42,1743,,26.94734694,p18,c7
19-11-2018,125,3373.75,1706,,26.99,p18,c7
26-11-2018,57,1538.43,1771,,26.99,p18,c7
03-12-2018,22,591.84,1915,,26.90181818,p18,c7
10-12-2018,59,1859.45,2089,,31.51610169,p18,c7
17-12-2018,279,8749.51,2308,,31.3602509,p18,c7
24-12-2018,37,1077.95,2277,,29.13378378,p18,c7
01-01-2018,10,278.33,,,27.833,p19,c9
08-01-2018,6,167.75,121,,27.95833333,p19,c9
15-01-2018,9,250.32,114,,27.81333333,p19,c9
22-01-2018,18,493.92,107,,27.44,p19,c9
29-01-2018,11,308.06,88,,28.00545455,p19,c9
05-02-2018,14,387.98,72,,27.71285714,p19,c9
12-02-2018,12,335.13,64,,27.9275,p19,c9
19-02-2018,9,250.56,49,,27.84,p19,c9
26-02-2018,8,226.91,44,,28.36375,p19,c9
05-03-2018,12,338.02,29,,28.16833333,p19,c9
12-03-2018,12,334.06,20,,27.83833333,p19,c9
19-03-2018,7,195.65,6,,27.95,p19,c9
26-03-2018,17,561.61,28,,33.03588235,p19,c9
02-04-2018,14,462,89,,33,p19,c9
09-04-2018,7,232.12,86,,33.16,p19,c9
16-04-2018,10,331.71,77,,33.171,p19,c9
23-04-2018,8,264.24,68,,33.03,p19,c9
30-04-2018,5,164.95,64,,32.99,p19,c9
07-05-2018,11,363.69,77,,33.06272727,p19,c9
14-05-2018,5,165.11,63,,33.022,p19,c9
21-05-2018,14,462.6,72,,33.04285714,p19,c9
28-05-2018,15,496.67,57,,33.11133333,p19,c9
04-06-2018,8,264.33,61,,33.04125,p19,c9
11-06-2018,16,528.03,58,,33.001875,p19,c9
18-06-2018,7,231.37,41,,33.05285714,p19,c9
25-06-2018,5,165.53,36,,33.106,p19,c9
02-07-2018,9,297.74,98,,33.08222222,p19,c9
09-07-2018,9,297.02,103,,33.00222222,p19,c9
16-07-2018,10,330.72,94,,33.072,p19,c9
23-07-2018,7,231.17,86,,33.02428571,p19,c9
30-07-2018,13,429.41,81,,33.03153846,p19,c9
06-08-2018,7,230.93,67,,32.99,p19,c9
13-08-2018,5,164.95,61,,32.99,p19,c9
20-08-2018,13,430.86,79,,33.14307692,p19,c9
27-08-2018,14,461.86,63,,32.99,p19,c9
03-09-2018,24,792.29,76,,33.01208333,p19,c9
10-09-2018,17,561.42,56,,33.02470588,p19,c9
17-09-2018,26,892.84,58,,34.34,p19,c9
24-09-2018,38,1309.33,71,,34.45605263,p19,c9
01-10-2018,15,517.51,72,,34.50066667,p19,c9
08-10-2018,12,413.62,59,,34.46833333,p19,c9
15-10-2018,11,379.61,57,,34.51,p19,c9
22-10-2018,14,483.23,69,,34.51642857,p19,c9
29-10-2018,17,587.16,91,,34.53882353,p19,c9
05-11-2018,8,275.84,118,,34.48,p19,c9
12-11-2018,15,517.2,122,,34.48,p19,c9
19-11-2018,22,691.92,133,,31.45090909,p19,c9
26-11-2018,16,480.13,146,,30.008125,p19,c9
03-12-2018,14,419.16,153,,29.94,p19,c9
10-12-2018,24,719.11,162,,29.96291667,p19,c9
17-12-2018,16,479.44,151,,29.965,p19,c9
24-12-2018,5,149.87,134,,29.974,p19,c9
01-01-2018,9,347,,,38.55555556,p20,c1
08-01-2018,15,585.51,186,,39.034,p20,c1
15-01-2018,13,525.75,214,,40.44230769,p20,c1
22-01-2018,15,621.99,199,,41.466,p20,c1
29-01-2018,11,456.44,188,,41.49454545,p20,c1
05-02-2018,3,125.63,174,,41.87666667,p20,c1
12-02-2018,5,204.03,170,,40.806,p20,c1
19-02-2018,7,289.69,165,,41.38428571,p20,c1
26-02-2018,10,414.74,160,,41.474,p20,c1
05-03-2018,9,367.79,150,,40.86555556,p20,c1
12-03-2018,4,165.82,141,,41.455,p20,c1
19-03-2018,9,374.86,136,,41.65111111,p20,c1
26-03-2018,3,131.89,131,,43.96333333,p20,c1
02-04-2018,4,176.01,128,,44.0025,p20,c1
09-04-2018,2,83.92,124,,41.96,p20,c1
16-04-2018,7,307.83,122,,43.97571429,p20,c1
23-04-2018,2,88.19,117,,44.095,p20,c1
30-04-2018,6,241.28,113,,40.21333333,p20,c1
07-05-2018,6,236.89,106,,39.48166667,p20,c1
14-05-2018,8,324.72,100,,40.59,p20,c1
21-05-2018,9,367.16,91,,40.79555556,p20,c1
28-05-2018,12,491.11,81,,40.92583333,p20,c1
04-06-2018,3,124.01,69,,41.33666667,p20,c1
11-06-2018,4,155.14,63,,38.785,p20,c1
18-06-2018,5,203.75,60,,40.75,p20,c1
25-06-2018,5,198.96,56,,39.792,p20,c1
02-07-2018,1,47.99,66,,47.99,p20,c1
09-07-2018,4,175.35,66,,43.8375,p20,c1
16-07-2018,7,285.03,64,,40.71857143,p20,c1
23-07-2018,5,194.23,57,,38.846,p20,c1
30-07-2018,3,122.68,53,,40.89333333,p20,c1
06-08-2018,5,199.07,49,,39.814,p20,c1
13-08-2018,6,237.52,50,,39.58666667,p20,c1
20-08-2018,1,42.44,45,,42.44,p20,c1
27-08-2018,7,279.93,50,,39.99,p20,c1
03-09-2018,19,734.45,53,,38.65526316,p20,c1
10-09-2018,8,316.74,40,,39.5925,p20,c1
17-09-2018,15,573.76,38,,38.25066667,p20,c1
24-09-2018,17,645.49,26,,37.97,p20,c1
01-10-2018,5,191.87,41,,38.374,p20,c1
08-10-2018,8,313.86,49,,39.2325,p20,c1
15-10-2018,5,189.85,54,,37.97,p20,c1
22-10-2018,1,37.97,69,,37.97,p20,c1
29-10-2018,12,457.78,84,,38.14833333,p20,c1
05-11-2018,17,650.45,79,,38.26176471,p20,c1
12-11-2018,8,303.99,72,,37.99875,p20,c1
19-11-2018,36,1301.32,91,,36.14777778,p20,c1
26-11-2018,82,2704.63,88,,32.98329268,p20,c1
03-12-2018,116,2782.79,64,,23.98956897,p20,c1
10-12-2018,109,2529.94,29,,23.21045872,p20,c1
17-12-2018,16,540.76,13,,33.7975,p20,c1
24-12-2018,5,208.69,0,,41.738,p20,c1
01-01-2018,9,161.91,,,17.99,p21,c5
08-01-2018,12,215.88,435,,17.99,p21,c5
15-01-2018,15,269.85,424,,17.99,p21,c5
22-01-2018,20,359.8,410,,17.99,p21,c5
29-01-2018,19,341.81,395,,17.99,p21,c5
05-02-2018,33,593.67,375,,17.99,p21,c5
12-02-2018,19,341.81,342,,17.99,p21,c5
19-02-2018,24,431.86,320,,17.99416667,p21,c5
26-02-2018,47,845.53,298,,17.99,p21,c5
05-03-2018,43,773.57,248,,17.99,p21,c5
12-03-2018,41,737.59,202,,17.99,p21,c5
19-03-2018,73,1313.27,170,,17.99,p21,c5
26-03-2018,73,1313.27,250,,17.99,p21,c5
02-04-2018,91,1637.09,270,,17.99,p21,c5
09-04-2018,82,1475.34,286,,17.99195122,p21,c5
16-04-2018,112,2024.17,161,,18.07294643,p21,c5
23-04-2018,86,1697.46,115,,19.73790698,p21,c5
30-04-2018,76,1500.27,239,,19.74039474,p21,c5
07-05-2018,77,1494.49,442,,19.40896104,p21,c5
14-05-2018,58,1055.42,514,,18.19689655,p21,c5
21-05-2018,34,611.66,457,,17.99,p21,c5
28-05-2018,54,971.66,417,,17.9937037,p21,c5
04-06-2018,58,1043.42,372,,17.99,p21,c5
11-06-2018,48,863.52,307,,17.99,p21,c5
18-06-2018,44,791.56,282,,17.99,p21,c5
25-06-2018,24,431.76,262,,17.99,p21,c5
02-07-2018,41,737.59,285,,17.99,p21,c5
09-07-2018,31,557.69,248,,17.99,p21,c5
16-07-2018,53,953.53,254,,17.99113208,p21,c5
23-07-2018,30,539.7,218,,17.99,p21,c5
30-07-2018,41,737.59,186,,17.99,p21,c5
06-08-2018,37,665.63,173,,17.99,p21,c5
13-08-2018,37,665.63,149,,17.99,p21,c5
20-08-2018,43,773.57,178,,17.99,p21,c5
27-08-2018,63,1133.37,190,,17.99,p21,c5
03-09-2018,40,763.66,166,,19.0915,p21,c5
10-09-2018,58,1159.38,209,,19.98931034,p21,c5
17-09-2018,69,1379.31,242,,19.99,p21,c5
24-09-2018,54,1079.46,218,,19.99,p21,c5
01-10-2018,22,439.78,211,,19.99,p21,c5
08-10-2018,26,519.86,185,,19.99461538,p21,c5
15-10-2018,17,339.83,158,,19.99,p21,c5
22-10-2018,14,279.86,162,,19.99,p21,c5
29-10-2018,14,279.86,155,,19.99,p21,c5
05-11-2018,17,339.85,230,,19.99117647,p21,c5
12-11-2018,12,239.88,215,,19.99,p21,c5
19-11-2018,10,199.9,263,,19.99,p21,c5
26-11-2018,24,479.76,314,,19.99,p21,c5
03-12-2018,28,559.72,383,,19.99,p21,c5
10-12-2018,21,419.79,357,,19.99,p21,c5
17-12-2018,18,356.2,381,,19.78888889,p21,c5
24-12-2018,6,118.14,388,,19.69,p21,c5
01-01-2018,3,59.97,,,19.99,p22,c5
08-01-2018,3,59.97,57,,19.99,p22,c5
15-01-2018,1,19.99,76,,19.99,p22,c5
22-01-2018,9,179.91,74,,19.99,p22,c5
29-01-2018,4,79.96,65,,19.99,p22,c5
05-02-2018,1,19.99,61,,19.99,p22,c5
12-02-2018,4,79.16,60,,19.79,p22,c5
19-02-2018,4,79.16,56,,19.79,p22,c5
26-02-2018,2,39.18,53,,19.59,p22,c5
05-03-2018,2,39.98,50,,19.99,p22,c5
12-03-2018,6,119.94,48,,19.99,p22,c5
19-03-2018,4,79.96,42,,19.99,p22,c5
26-03-2018,3,59.97,40,,19.99,p22,c5
02-04-2018,2,39.98,38,,19.99,p22,c5
09-04-2018,5,99.95,36,,19.99,p22,c5
16-04-2018,6,119.94,31,,19.99,p22,c5
23-04-2018,3,61.97,26,,20.65666667,p22,c5
30-04-2018,3,65.97,23,,21.99,p22,c5
07-05-2018,4,87.96,30,,21.99,p22,c5
14-05-2018,8,163.92,40,,20.49,p22,c5
21-05-2018,4,80.03,25,,20.0075,p22,c5
28-05-2018,3,59.97,28,,19.99,p22,c5
04-06-2018,4,80.04,15,,20.01,p22,c5
11-06-2018,2,39.98,36,,19.99,p22,c5
18-06-2018,8,159.92,43,,19.99,p22,c5
25-06-2018,7,139.93,36,,19.99,p22,c5
02-07-2018,6,120.79,29,,20.13166667,p22,c5
09-07-2018,2,39.98,22,,19.99,p22,c5
16-07-2018,9,179.91,20,,19.99,p22,c5
23-07-2018,2,39.98,37,,19.99,p22,c5
30-07-2018,1,19.99,37,,19.99,p22,c5
06-08-2018,1,19.99,34,,19.99,p22,c5
13-08-2018,3,59.97,33,,19.99,p22,c5
20-08-2018,8,159.92,31,,19.99,p22,c5
27-08-2018,12,239.88,22,,19.99,p22,c5
03-09-2018,3,59.97,15,,19.99,p22,c5
10-09-2018,14,307.86,21,,21.99,p22,c5
17-09-2018,4,87.96,52,,21.99,p22,c5
24-09-2018,5,109.95,48,,21.99,p22,c5
01-10-2018,0,0,42,,,p22,c5
08-10-2018,5,109.95,69,,21.99,p22,c5
15-10-2018,0,0,65,,,p22,c5
22-10-2018,1,21.99,64,,21.99,p22,c5
29-10-2018,1,21.99,63,,21.99,p22,c5
05-11-2018,1,21.99,62,,21.99,p22,c5
12-11-2018,5,105.58,61,,21.116,p22,c5
19-11-2018,1,21.99,56,,21.99,p22,c5
26-11-2018,5,101.57,55,,20.314,p22,c5
03-12-2018,0,0,51,,,p22,c5
10-12-2018,7,112.85,51,,16.12142857,p22,c5
17-12-2018,3,44.67,46,,14.89,p22,c5
24-12-2018,0,0,41,,,p22,c5
01-01-2018,47,730.85,,,15.55,p23,c5
08-01-2018,68,1066.28,279,,15.68058824,p23,c5
15-01-2018,40,777.4,220,,19.435,p23,c5
22-01-2018,39,751.05,183,,19.25769231,p23,c5
29-01-2018,51,917.49,143,,17.99,p23,c5
05-02-2018,35,628.25,171,,17.95,p23,c5
12-02-2018,44,705.95,240,,16.04431818,p23,c5
19-02-2018,123,1613.03,218,,13.11406504,p23,c5
26-02-2018,101,1321.04,111,,13.07960396,p23,c5
05-03-2018,63,818.37,32,,12.99,p23,c5
12-03-2018,92,1228.04,75,,13.34826087,p23,c5
19-03-2018,100,1663.72,208,,16.6372,p23,c5
26-03-2018,56,962.59,360,,17.18910714,p23,c5
02-04-2018,45,773.1,366,,17.18,p23,c5
09-04-2018,48,824.79,344,,17.183125,p23,c5
16-04-2018,45,773.55,289,,17.19,p23,c5
23-04-2018,44,755.92,242,,17.18,p23,c5
30-04-2018,31,532.77,210,,17.18612903,p23,c5
07-05-2018,32,566.73,277,,17.7103125,p23,c5
14-05-2018,56,1052.38,319,,18.7925,p23,c5
21-05-2018,44,843.27,294,,19.16522727,p23,c5
28-05-2018,34,660.06,248,,19.41352941,p23,c5
04-06-2018,41,752.59,219,,18.35585366,p23,c5
11-06-2018,36,619.16,229,,17.19888889,p23,c5
18-06-2018,28,481.45,231,,17.19464286,p23,c5
25-06-2018,40,687.75,232,,17.19375,p23,c5
02-07-2018,28,481.32,212,,17.19,p23,c5
09-07-2018,33,567.39,271,,17.19363636,p23,c5
16-07-2018,58,997.02,293,,17.19,p23,c5
23-07-2018,39,670.41,285,,17.19,p23,c5
30-07-2018,44,756.36,259,,17.19,p23,c5
06-08-2018,55,945.45,272,,17.19,p23,c5
13-08-2018,68,1169.04,293,,17.19176471,p23,c5
20-08-2018,59,1014.36,260,,17.19254237,p23,c5
27-08-2018,96,1650.37,260,,17.19135417,p23,c5
03-09-2018,113,1942.47,330,,17.19,p23,c5
10-09-2018,107,1839.33,299,,17.19,p23,c5
17-09-2018,106,1822.44,327,,17.19283019,p23,c5
24-09-2018,111,1908.09,282,,17.19,p23,c5
01-10-2018,70,1203.3,314,,17.19,p23,c5
08-10-2018,71,1220.81,308,,17.19450704,p23,c5
15-10-2018,55,945.45,289,,17.19,p23,c5
22-10-2018,64,1100.16,252,,17.19,p23,c5
29-10-2018,67,1151.73,223,,17.19,p23,c5
05-11-2018,67,1151.73,262,,17.19,p23,c5
12-11-2018,46,790.74,260,,17.19,p23,c5
19-11-2018,41,735.59,347,,17.94121951,p23,c5
26-11-2018,87,1501.13,361,,17.25436782,p23,c5
03-12-2018,69,1186.11,363,,17.19,p23,c5
10-12-2018,61,1048.59,398,,17.19,p23,c5
17-12-2018,88,1512.72,362,,17.19,p23,c5
24-12-2018,25,429.75,294,,17.19,p23,c5
01-01-2018,27,458.73,,,16.99,p24,c5
08-01-2018,39,662.61,188,,16.99,p24,c5
15-01-2018,28,545.14,162,,19.46928571,p24,c5
22-01-2018,18,409.32,143,,22.74,p24,c5
29-01-2018,12,272.88,126,,22.74,p24,c5
05-02-2018,31,596.65,128,,19.24677419,p24,c5
12-02-2018,27,507.51,134,,18.79666667,p24,c5
19-02-2018,38,691.22,109,,18.19,p24,c5
26-02-2018,26,486.71,89,,18.71961538,p24,c5
05-03-2018,22,472.74,87,,21.48818182,p24,c5
12-03-2018,15,329.55,77,,21.97,p24,c5
19-03-2018,35,789.53,105,,22.558,p24,c5
26-03-2018,17,380.21,104,,22.36529412,p24,c5
02-04-2018,12,257.44,111,,21.45333333,p24,c5
09-04-2018,25,454.75,100,,18.19,p24,c5
16-04-2018,30,545.7,111,,18.19,p24,c5
23-04-2018,26,472.94,67,,18.19,p24,c5
30-04-2018,34,618.46,58,,18.19,p24,c5
07-05-2018,31,564.03,106,,18.19451613,p24,c5
14-05-2018,46,836.78,105,,18.19086957,p24,c5
21-05-2018,32,582.08,84,,18.19,p24,c5
28-05-2018,37,673.03,99,,18.19,p24,c5
04-06-2018,17,309.23,64,,18.19,p24,c5
11-06-2018,23,418.51,106,,18.19608696,p24,c5
18-06-2018,21,381.99,132,,18.19,p24,c5
25-06-2018,34,618.46,133,,18.19,p24,c5
02-07-2018,36,655,131,,18.19444444,p24,c5
09-07-2018,38,691.22,95,,18.19,p24,c5
16-07-2018,41,745.79,52,,18.19,p24,c5
23-07-2018,43,782.17,61,,18.19,p24,c5
30-07-2018,28,509.32,48,,18.19,p24,c5
06-08-2018,37,673.03,154,,18.19,p24,c5
13-08-2018,27,515.14,162,,19.07925926,p24,c5
20-08-2018,44,816.84,219,,18.56454545,p24,c5
27-08-2018,96,1746.24,208,,18.19,p24,c5
03-09-2018,61,1109.59,190,,18.19,p24,c5
10-09-2018,67,1218.73,221,,18.19,p24,c5
17-09-2018,94,1709.86,225,,18.19,p24,c5
24-09-2018,66,1200.54,194,,18.19,p24,c5
01-10-2018,42,763.98,196,,18.19,p24,c5
08-10-2018,43,782.33,149,,18.19372093,p24,c5
15-10-2018,34,618.46,111,,18.19,p24,c5
22-10-2018,39,709.41,99,,18.19,p24,c5
29-10-2018,48,873.12,136,,18.19,p24,c5
05-11-2018,34,618.46,181,,18.19,p24,c5
12-11-2018,19,345.61,215,,18.19,p24,c5
19-11-2018,35,636.65,301,,18.19,p24,c5
26-11-2018,37,673.03,300,,18.19,p24,c5
03-12-2018,33,600.43,290,,18.19484848,p24,c5
10-12-2018,35,636.65,328,,18.19,p24,c5
17-12-2018,35,636.65,319,,18.19,p24,c5
24-12-2018,17,309.23,318,,18.19,p24,c5
