customer_1_sales_data.csv
Date,Units,Revenue,Inventory_Amount,Inventory_Units,Price,PID,CID
01-01-2018,62,848.79,,,13.69016129,p25,c5
08-01-2018,105,1437.3,306,,13.68857143,p25,c5
15-01-2018,93,1271.43,294,,13.67129032,p25,c5
22-01-2018,81,1107.27,199,,13.67,p25,c5
29-01-2018,99,1297.39,118,,13.10494949,p25,c5
05-02-2018,118,1480.97,274,,12.55059322,p25,c5
12-02-2018,72,899.34,429,,12.49083333,p25,c5
19-02-2018,84,1049.16,489,,12.49,p25,c5
26-02-2018,83,1036.78,481,,12.4913253,p25,c5
05-03-2018,77,961.73,404,,12.49,p25,c5
12-03-2018,68,855.57,376,,12.58191176,p25,c5
19-03-2018,128,1598.79,306,,12.49054688,p25,c5
26-03-2018,98,1224.02,281,,12.49,p25,c5
02-04-2018,110,1383.38,298,,12.57618182,p25,c5
09-04-2018,82,1024.18,202,,12.49,p25,c5
16-04-2018,141,1761.09,250,,12.49,p25,c5
23-04-2018,99,1236.51,227,,12.49,p25,c5
30-04-2018,100,1249,137,,12.49,p25,c5
07-05-2018,86,1074.14,406,,12.49,p25,c5
14-05-2018,108,1348.92,439,,12.49,p25,c5
21-05-2018,80,999.2,405,,12.49,p25,c5
28-05-2018,129,1611.44,425,,12.49178295,p25,c5
04-06-2018,140,1755.52,338,,12.53942857,p25,c5
11-06-2018,102,1274.19,293,,12.49205882,p25,c5
18-06-2018,90,1127.96,294,,12.53288889,p25,c5
25-06-2018,95,1290.57,520,,13.58494737,p25,c5
02-07-2018,54,812.71,456,,15.05018519,p25,c5
09-07-2018,137,1767.93,545,,12.90459854,p25,c5
16-07-2018,265,3542.8,480,,13.3690566,p25,c5
23-07-2018,142,1885.72,344,,13.27971831,p25,c5
30-07-2018,120,2121.59,365,,17.67991667,p25,c5
06-08-2018,132,2396.6,838,,18.15606061,p25,c5
13-08-2018,209,3760.03,1296,,17.99057416,p25,c5
20-08-2018,158,2842.63,1150,,17.99132911,p25,c5
27-08-2018,256,4605.47,999,,17.99011719,p25,c5
03-09-2018,271,4875.29,837,,17.99,p25,c5
10-09-2018,229,4119.89,883,,17.99078603,p25,c5
17-09-2018,162,2911.74,1229,,17.9737037,p25,c5
24-09-2018,133,2472.68,1342,,18.59157895,p25,c5
01-10-2018,64,1213.07,1417,,18.95421875,p25,c5
08-10-2018,72,1357.76,1348,,18.85777778,p25,c5
15-10-2018,58,1101.42,1286,,18.99,p25,c5
22-10-2018,29,550.71,1225,,18.99,p25,c5
29-10-2018,57,1082.43,1185,,18.99,p25,c5
05-11-2018,43,816.57,1146,,18.99,p25,c5
12-11-2018,40,759.6,1096,,18.99,p25,c5
19-11-2018,36,673.68,1051,,18.71333333,p25,c5
26-11-2018,46,845.77,1029,,18.38630435,p25,c5
03-12-2018,68,1116.21,976,,16.41485294,p25,c5
10-12-2018,71,1099.22,932,,15.48197183,p25,c5
17-12-2018,76,1176.48,878,,15.48,p25,c5
24-12-2018,27,418.09,833,,15.48481481,p25,c5
01-01-2018,15,269.85,,,17.99,p26,c6
08-01-2018,24,431.76,99,,17.99,p26,c6
15-01-2018,19,342.01,101,,18.00052632,p26,c6
22-01-2018,47,846.69,81,,18.01468085,p26,c6
29-01-2018,16,296.54,36,,18.53375,p26,c6
05-02-2018,16,297.33,119,,18.583125,p26,c6
12-02-2018,7,129.99,124,,18.57,p26,c6
19-02-2018,19,352.83,139,,18.57,p26,c6
26-02-2018,13,241.58,127,,18.58307692,p26,c6
05-03-2018,73,1355.17,108,,18.5639726,p26,c6
12-03-2018,13,241.41,64,,18.57,p26,c6
19-03-2018,21,392.81,65,,18.7052381,p26,c6
26-03-2018,40,793.98,124,,19.8495,p26,c6
02-04-2018,19,380.05,84,,20.00263158,p26,c6
09-04-2018,16,319.84,98,,19.99,p26,c6
16-04-2018,42,839.2,122,,19.98095238,p26,c6
23-04-2018,26,445.19,100,,17.12269231,p26,c6
30-04-2018,47,779.52,102,,16.58553191,p26,c6
07-05-2018,31,513.62,87,,16.5683871,p26,c6
14-05-2018,39,654.44,57,,16.78051282,p26,c6
21-05-2018,28,498.51,127,,17.80392857,p26,c6
28-05-2018,28,513.84,161,,18.35142857,p26,c6
04-06-2018,14,261.54,126,,18.68142857,p26,c6
11-06-2018,21,401.4,145,,19.11428571,p26,c6
18-06-2018,21,416.53,170,,19.8347619,p26,c6
25-06-2018,5,99.95,178,,19.99,p26,c6
02-07-2018,18,357.24,187,,19.84666667,p26,c6
09-07-2018,9,175.93,193,,19.54777778,p26,c6
16-07-2018,17,329.22,218,,19.36588235,p26,c6
23-07-2018,17,335.4,242,,19.72941176,p26,c6
30-07-2018,30,554.58,258,,18.486,p26,c6
06-08-2018,19,376.99,226,,19.84157895,p26,c6
13-08-2018,20,397.09,206,,19.8545,p26,c6
20-08-2018,22,439.78,190,,19.99,p26,c6
27-08-2018,31,619.69,237,,19.99,p26,c6
03-09-2018,28,559.72,222,,19.99,p26,c6
10-09-2018,21,419.79,203,,19.99,p26,c6
17-09-2018,17,339.83,246,,19.99,p26,c6
24-09-2018,16,319.27,254,,19.954375,p26,c6
01-10-2018,36,703.23,246,,19.53416667,p26,c6
08-10-2018,13,256.7,243,,19.74615385,p26,c6
15-10-2018,9,179.46,231,,19.94,p26,c6
22-10-2018,16,315.88,223,,19.7425,p26,c6
29-10-2018,7,138.51,205,,19.78714286,p26,c6
05-11-2018,13,259.87,198,,19.99,p26,c6
12-11-2018,10,199.9,221,,19.99,p26,c6
19-11-2018,11,211.81,249,,19.25545455,p26,c6
26-11-2018,47,841.01,274,,17.89382979,p26,c6
03-12-2018,14,277.09,263,,19.79214286,p26,c6
10-12-2018,14,236.42,249,,16.88714286,p26,c6
17-12-2018,12,191.4,235,,15.95,p26,c6
24-12-2018,3,47.85,225,,15.95,p26,c6
01-01-2018,105,4175.59,,,39.76752381,p27,c3
08-01-2018,76,3180.46,1009,,41.84815789,p27,c3
15-01-2018,76,3193.52,1132,,42.02,p27,c3
22-01-2018,128,5373.1,1075,,41.97734375,p27,c3
29-01-2018,122,5126.44,946,,42.02,p27,c3
05-02-2018,114,4790.28,824,,42.02,p27,c3
12-02-2018,81,3403.62,722,,42.02,p27,c3
19-02-2018,124,5210.48,618,,42.02,p27,c3
26-02-2018,126,5294.52,495,,42.02,p27,c3
05-03-2018,113,4748.26,378,,42.02,p27,c3
12-03-2018,118,5042.06,257,,42.72932203,p27,c3
19-03-2018,160,6803.94,143,,42.524625,p27,c3
26-03-2018,47,1997.03,31,,42.49,p27,c3
02-04-2018,65,2761.85,94,,42.49,p27,c3
09-04-2018,53,2286.92,775,,43.14943396,p27,c3
16-04-2018,61,2590.36,816,,42.46491803,p27,c3
23-04-2018,81,3119.58,756,,38.51333333,p27,c3
30-04-2018,110,4044.92,667,,36.772,p27,c3
07-05-2018,86,3165.7,559,,36.81046512,p27,c3
14-05-2018,50,2123.31,507,,42.4662,p27,c3
21-05-2018,59,2485.62,506,,42.12915254,p27,c3
28-05-2018,70,2915.75,532,,41.65357143,p27,c3
04-06-2018,75,2774.25,507,,36.99,p27,c3
11-06-2018,83,3070.17,430,,36.99,p27,c3
18-06-2018,83,3070.17,365,,36.99,p27,c3
25-06-2018,145,5363.55,347,,36.99,p27,c3
02-07-2018,145,5363.55,244,,36.99,p27,c3
09-07-2018,122,4512.91,238,,36.99106557,p27,c3
16-07-2018,158,5844.42,149,,36.99,p27,c3
23-07-2018,118,4364.82,267,,36.99,p27,c3
30-07-2018,136,5029.58,508,,36.98220588,p27,c3
06-08-2018,122,4512.78,557,,36.99,p27,c3
13-08-2018,140,5178.6,536,,36.99,p27,c3
20-08-2018,115,4253.85,427,,36.99,p27,c3
27-08-2018,214,7915.86,285,,36.99,p27,c3
03-09-2018,186,6880.14,155,,36.99,p27,c3
10-09-2018,72,2663.28,49,,36.99,p27,c3
17-09-2018,53,1960.47,3,,36.99,p27,c3
24-09-2018,28,1035.72,10,,36.99,p27,c3
01-10-2018,101,3735.99,178,,36.99,p27,c3
08-10-2018,59,2182.41,295,,36.99,p27,c3
15-10-2018,51,1886.49,404,,36.99,p27,c3
22-10-2018,81,2996.19,1089,,36.99,p27,c3
29-10-2018,70,2589.3,1368,,36.99,p27,c3
05-11-2018,106,3920.94,1559,,36.99,p27,c3
12-11-2018,151,5585.49,1949,,36.99,p27,c3
19-11-2018,641,23710.59,2285,,36.99,p27,c3
26-11-2018,1449,53598.51,3599,,36.99,p27,c3
03-12-2018,1450,53635.5,2621,,36.99,p27,c3
10-12-2018,1348,49862.52,1476,,36.99,p27,c3
17-12-2018,676,25005.24,166,,36.99,p27,c3
24-12-2018,41,1516.59,16,,36.99,p27,c3
01-01-2018,5,99.55,,,19.91,p28,c15
08-01-2018,17,338.47,137,,19.91,p28,c15
15-01-2018,8,159.28,120,,19.91,p28,c15
22-01-2018,17,338.47,112,,19.91,p28,c15
29-01-2018,8,159.28,98,,19.91,p28,c15
05-02-2018,10,199.1,87,,19.91,p28,c15
12-02-2018,13,258.83,83,,19.91,p28,c15
19-02-2018,11,219.01,87,,19.91,p28,c15
26-02-2018,9,179.19,75,,19.91,p28,c15
05-03-2018,16,318.56,71,,19.91,p28,c15
12-03-2018,11,219.01,70,,19.91,p28,c15
19-03-2018,12,238.92,60,,19.91,p28,c15
26-03-2018,4,79.64,92,,19.91,p28,c15
02-04-2018,1,19.91,85,,19.91,p28,c15
09-04-2018,10,199.38,87,,19.938,p28,c15
16-04-2018,10,199.32,77,,19.932,p28,c15
23-04-2018,9,179.19,67,,19.91,p28,c15
30-04-2018,17,338.83,63,,19.93117647,p28,c15
07-05-2018,9,179.19,77,,19.91,p28,c15
14-05-2018,8,159.28,73,,19.91,p28,c15
21-05-2018,13,258.83,76,,19.91,p28,c15
28-05-2018,14,279.08,72,,19.93428571,p28,c15
04-06-2018,15,324.29,58,,21.61933333,p28,c15
11-06-2018,4,98.9,43,,24.725,p28,c15
18-06-2018,7,171.04,58,,24.43428571,p28,c15
25-06-2018,6,146.94,70,,24.49,p28,c15
02-07-2018,8,179.92,65,,22.49,p28,c15
09-07-2018,9,202.41,66,,22.49,p28,c15
16-07-2018,8,181.06,88,,22.6325,p28,c15
23-07-2018,7,169.14,79,,24.16285714,p28,c15
30-07-2018,7,174.93,75,,24.99,p28,c15
06-08-2018,14,344.64,66,,24.61714286,p28,c15
13-08-2018,7,168.84,89,,24.12,p28,c15
20-08-2018,8,192.96,100,,24.12,p28,c15
27-08-2018,7,168.84,133,,24.12,p28,c15
03-09-2018,14,337.75,129,,24.125,p28,c15
10-09-2018,23,554.54,146,,24.11043478,p28,c15
17-09-2018,28,618.45,152,,22.0875,p28,c15
24-09-2018,12,261.88,128,,21.82333333,p28,c15
01-10-2018,13,283.13,154,,21.77923077,p28,c15
08-10-2018,5,108.85,138,,21.77,p28,c15
15-10-2018,11,239.63,136,,21.78454545,p28,c15
22-10-2018,12,261.24,126,,21.77,p28,c15
29-10-2018,8,174.16,118,,21.77,p28,c15
05-11-2018,10,217.92,107,,21.792,p28,c15
12-11-2018,10,217.7,119,,21.77,p28,c15
19-11-2018,9,195.93,149,,21.77,p28,c15
26-11-2018,10,217.77,141,,21.777,p28,c15
03-12-2018,10,217.83,147,,21.783,p28,c15
10-12-2018,6,130.62,153,,21.77,p28,c15
17-12-2018,11,233.28,153,,21.20727273,p28,c15
24-12-2018,4,80.76,140,,20.19,p28,c15
08-01-2018,2,57.18,26,,28.59,p29,c15
15-01-2018,1,28.59,24,,28.59,p29,c15
22-01-2018,2,57.18,23,,28.59,p29,c15
29-01-2018,6,171.54,22,,28.59,p29,c15
12-02-2018,1,28.59,26,,28.59,p29,c15
19-02-2018,2,57.18,22,,28.59,p29,c15
19-03-2018,1,28.59,20,,28.59,p29,c15
26-03-2018,1,28.59,19,,28.59,p29,c15
02-04-2018,3,106.74,18,,35.58,p29,c15
23-04-2018,1,36.11,15,,36.11,p29,c15
30-04-2018,1,35.18,14,,35.18,p29,c15
21-05-2018,1,35.18,12,,35.18,p29,c15
28-05-2018,1,33.33,12,,33.33,p29,c15
04-06-2018,1,33.33,11,,33.33,p29,c15
18-06-2018,4,110.4,9,,27.6,p29,c15
25-06-2018,1,27.6,6,,27.6,p29,c15
16-07-2018,3,82.8,15,,27.6,p29,c15
23-07-2018,5,138,12,,27.6,p29,c15
30-07-2018,6,165.6,8,,27.6,p29,c15
06-08-2018,3,82.8,3,,27.6,p29,c15
13-08-2018,2,55.2,11,,27.6,p29,c15
20-08-2018,3,82.8,19,,27.6,p29,c15
27-08-2018,8,220.8,15,,27.6,p29,c15
03-09-2018,12,331.2,10,,27.6,p29,c15
10-09-2018,6,165.6,4,,27.6,p29,c15
17-09-2018,2,55.2,7,,27.6,p29,c15
24-09-2018,1,27.6,9,,27.6,p29,c15
01-10-2018,2,55.2,8,,27.6,p29,c15
08-10-2018,1,27.6,16,,27.6,p29,c15
15-10-2018,6,165.6,15,,27.6,p29,c15
22-10-2018,3,82.8,11,,27.6,p29,c15
29-10-2018,4,110.61,8,,27.6525,p29,c15
05-11-2018,0,0,15,,,p29,c15
12-11-2018,4,110.4,14,,27.6,p29,c15
19-11-2018,2,55.2,10,,27.6,p29,c15
26-11-2018,6,165.6,9,,27.6,p29,c15
03-12-2018,4,110.4,13,,27.6,p29,c15
10-12-2018,2,52.1,8,,26.05,p29,c15
17-12-2018,4,98,6,,24.5,p29,c15
24-12-2018,0,0,7,,,p29,c15
01-01-2018,7,90.93,,,12.99,p30,c15
08-01-2018,5,64.95,117,,12.99,p30,c15
15-01-2018,18,233.82,109,,12.99,p30,c15
22-01-2018,29,378.56,93,,13.0537931,p30,c15
29-01-2018,6,77.94,73,,12.99,p30,c15
05-02-2018,6,77.94,86,,12.99,p30,c15
12-02-2018,5,62.75,129,,12.55,p30,c15
19-02-2018,3,36.77,121,,12.25666667,p30,c15
26-02-2018,10,125.5,116,,12.55,p30,c15
05-03-2018,12,151.48,105,,12.62333333,p30,c15
12-03-2018,5,53.95,93,,10.79,p30,c15
19-03-2018,27,295.01,87,,10.9262963,p30,c15
26-03-2018,22,237.48,72,,10.79454545,p30,c15
02-04-2018,19,205.01,65,,10.79,p30,c15
09-04-2018,13,140.27,66,,10.79,p30,c15
16-04-2018,5,53.95,46,,10.79,p30,c15
23-04-2018,4,43.16,41,,10.79,p30,c15
30-04-2018,12,129.48,79,,10.79,p30,c15
07-05-2018,21,226.59,103,,10.79,p30,c15
14-05-2018,7,75.53,81,,10.79,p30,c15
21-05-2018,3,32.37,74,,10.79,p30,c15
28-05-2018,7,75.58,113,,10.79714286,p30,c15
04-06-2018,37,399.23,130,,10.79,p30,c15
11-06-2018,14,151.06,109,,10.79,p30,c15
18-06-2018,15,161.85,91,,10.79,p30,c15
25-06-2018,8,86.26,76,,10.7825,p30,c15
02-07-2018,3,32.37,68,,10.79,p30,c15
09-07-2018,5,54.38,96,,10.876,p30,c15
16-07-2018,13,140.27,139,,10.79,p30,c15
23-07-2018,11,118.26,131,,10.75090909,p30,c15
30-07-2018,21,248.41,115,,11.82904762,p30,c15
06-08-2018,28,337.32,118,,12.04714286,p30,c15
13-08-2018,25,304.95,109,,12.198,p30,c15
20-08-2018,38,449.62,85,,11.83210526,p30,c15
19-11-2018,2,21.58,306,,10.79,p30,c15
26-11-2018,17,182.93,298,,10.76058824,p30,c15
03-12-2018,8,68.67,282,,8.58375,p30,c15
17-12-2018,2,16.06,256,,8.03,p30,c15
24-12-2018,6,50.84,235,,8.473333333,p30,c15
01-01-2018,11,96.58,,,8.78,p31,c15
08-01-2018,40,351.2,145,,8.78,p31,c15
15-01-2018,41,359.98,112,,8.78,p31,c15
22-01-2018,19,166.82,104,,8.78,p31,c15
29-01-2018,28,245.84,74,,8.78,p31,c15
05-02-2018,31,277.02,180,,8.936129032,p31,c15
12-02-2018,18,177.4,176,,9.855555556,p31,c15
19-02-2018,19,189.29,176,,9.962631579,p31,c15
26-02-2018,29,280.8,188,,9.682758621,p31,c15
05-03-2018,20,183.14,160,,9.157,p31,c15
12-03-2018,20,181.12,144,,9.056,p31,c15
19-03-2018,19,170.94,137,,8.996842105,p31,c15
26-03-2018,7,52.43,129,,7.49,p31,c15
02-04-2018,19,185.5,123,,9.763157895,p31,c15
09-04-2018,17,159.07,129,,9.357058824,p31,c15
16-04-2018,25,225.88,111,,9.0352,p31,c15
23-04-2018,16,140.2,109,,8.7625,p31,c15
30-04-2018,19,166.25,111,,8.75,p31,c15
07-05-2018,15,131.25,135,,8.75,p31,c15
14-05-2018,17,148.75,107,,8.75,p31,c15
21-05-2018,22,195.66,115,,8.893636364,p31,c15
28-05-2018,29,253.75,91,,8.75,p31,c15
04-06-2018,18,157.5,81,,8.75,p31,c15
11-06-2018,26,227.5,91,,8.75,p31,c15
18-06-2018,19,166.25,114,,8.75,p31,c15
25-06-2018,28,245,92,,8.75,p31,c15
02-07-2018,23,192.5,89,,8.369565217,p31,c15
09-07-2018,19,168,90,,8.842105263,p31,c15
16-07-2018,24,210,145,,8.75,p31,c15
23-07-2018,42,369.3,121,,8.792857143,p31,c15
30-07-2018,23,197.89,86,,8.603913043,p31,c15
06-08-2018,30,262.5,173,,8.75,p31,c15
13-08-2018,55,481.25,269,,8.75,p31,c15
20-08-2018,39,341.25,258,,8.75,p31,c15
27-08-2018,71,621.25,240,,8.75,p31,c15
03-09-2018,98,857.5,193,,8.75,p31,c15
10-09-2018,95,831.25,205,,8.75,p31,c15
17-09-2018,90,787.5,294,,8.75,p31,c15
24-09-2018,66,577.5,346,,8.75,p31,c15
01-10-2018,26,227.5,389,,8.75,p31,c15
08-10-2018,37,336.43,405,,9.092702703,p31,c15
15-10-2018,18,178.58,370,,9.921111111,p31,c15
22-10-2018,29,289.71,350,,9.99,p31,c15
29-10-2018,12,109.89,351,,9.1575,p31,c15
05-11-2018,13,129.87,335,,9.99,p31,c15
12-11-2018,16,159.84,323,,9.99,p31,c15
19-11-2018,17,169.83,302,,9.99,p31,c15
26-11-2018,31,299.7,285,,9.667741935,p31,c15
03-12-2018,20,199.8,249,,9.99,p31,c15
10-12-2018,19,173.81,230,,9.147894737,p31,c15
17-12-2018,13,105.24,199,,8.095384615,p31,c15
24-12-2018,13,103.87,161,,7.99,p31,c15
01-01-2018,8,351.92,,,43.99,p32,c15
08-01-2018,8,351.92,43,,43.99,p32,c15
15-01-2018,8,351.92,62,,43.99,p32,c15
22-01-2018,6,263.94,54,,43.99,p32,c15
29-01-2018,3,131.97,50,,43.99,p32,c15
05-02-2018,13,571.87,45,,43.99,p32,c15
12-02-2018,1,54.8,39,,54.8,p32,c15
19-02-2018,5,259.6,36,,51.92,p32,c15
26-02-2018,7,364.38,32,,52.05428571,p32,c15
05-03-2018,4,207.94,24,,51.985,p32,c15
12-03-2018,3,155.76,19,,51.92,p32,c15
19-03-2018,4,207.96,32,,51.99,p32,c15
26-03-2018,5,247.68,28,,49.536,p32,c15
02-04-2018,5,228.7,28,,45.74,p32,c15
09-04-2018,4,211.93,32,,52.9825,p32,c15
16-04-2018,3,167.03,31,,55.67666667,p32,c15
23-04-2018,3,137.97,34,,45.99,p32,c15
30-04-2018,3,132.54,31,,44.18,p32,c15
07-05-2018,3,141.66,31,,47.22,p32,c15
14-05-2018,1,44.49,25,,44.49,p32,c15
21-05-2018,6,272.3,25,,45.38333333,p32,c15
28-05-2018,4,177.96,20,,44.49,p32,c15
04-06-2018,8,355.92,15,,44.49,p32,c15
11-06-2018,9,411.36,7,,45.70666667,p32,c15
18-06-2018,3,133.47,9,,44.49,p32,c15
25-06-2018,4,177.96,12,,44.49,p32,c15
02-07-2018,4,188.86,20,,47.215,p32,c15
09-07-2018,1,53.04,43,,53.04,p32,c15
16-07-2018,8,424.88,49,,53.11,p32,c15
23-07-2018,7,370.93,52,,52.99,p32,c15
30-07-2018,4,211.96,46,,52.99,p32,c15
06-08-2018,6,317.94,41,,52.99,p32,c15
13-08-2018,10,530.26,36,,53.026,p32,c15
20-08-2018,12,670.88,35,,55.90666667,p32,c15
27-08-2018,10,599.9,21,,59.99,p32,c15
03-09-2018,14,839.86,30,,59.99,p32,c15
10-09-2018,11,659.89,25,,59.99,p32,c15
17-09-2018,16,959.84,17,,59.99,p32,c15
24-09-2018,3,179.97,21,,59.99,p32,c15
01-10-2018,8,479.92,18,,59.99,p32,c15
08-10-2018,4,239.96,9,,59.99,p32,c15
15-10-2018,3,179.97,13,,59.99,p32,c15
22-10-2018,3,179.97,10,,59.99,p32,c15
29-10-2018,2,119.98,43,,59.99,p32,c15
05-11-2018,7,419.93,59,,59.99,p32,c15
12-11-2018,2,119.98,54,,59.99,p32,c15
19-11-2018,2,119.98,48,,59.99,p32,c15
26-11-2018,6,360.48,46,,60.08,p32,c15
03-12-2018,9,539.91,39,,59.99,p32,c15
10-12-2018,9,539.91,30,,59.99,p32,c15
17-12-2018,4,239.96,24,,59.99,p32,c15
24-12-2018,3,179.97,25,,59.99,p32,c15
01-01-2018,1,34.41,,,34.41,p33,c15
22-01-2018,1,34.99,30,,34.99,p33,c15
19-02-2018,2,69.3,30,,34.65,p33,c15
19-03-2018,1,34.99,28,,34.99,p33,c15
14-05-2018,5,46.77,27,,9.354,p33,c15
21-05-2018,1,8.61,23,,8.61,p33,c15
16-07-2018,1,34.99,20,,34.99,p33,c15
06-08-2018,1,33.72,19,,33.72,p33,c15
27-08-2018,1,33.72,18,,33.72,p33,c15
03-09-2018,0,0,17,,,p33,c15
10-09-2018,0,0,17,,,p33,c15
17-09-2018,0,0,17,,,p33,c15
24-09-2018,0,0,17,,,p33,c15
01-10-2018,0,0,17,,,p33,c15
08-10-2018,0,0,17,,,p33,c15
15-10-2018,1,33.72,17,,33.72,p33,c15
22-10-2018,0,0,16,,,p33,c15
29-10-2018,1,34.99,16,,34.99,p33,c15
05-11-2018,0,0,15,,,p33,c15
12-11-2018,0,0,15,,,p33,c15
19-11-2018,0,0,15,,,p33,c15
26-11-2018,0,0,15,,,p33,c15
03-12-2018,0,0,15,,,p33,c15
10-12-2018,0,0,15,,,p33,c15
17-12-2018,1,35.19,15,,35.19,p33,c15
24-12-2018,1,33.24,15,,33.24,p33,c15
