customer_1_sales_data.csv
Date,Units,Revenue,Inventory_Amount,Inventory_Units,Price,PID,CID
01-01-2018,151,2263.55,,,14.99039735,p34,c5
08-01-2018,115,1723.85,532,,14.99,p34,c5
15-01-2018,109,1634.05,407,,14.9912844,p34,c5
22-01-2018,85,1274.23,310,,14.99094118,p34,c5
29-01-2018,100,1406.55,187,,14.0655,p34,c5
05-02-2018,113,1446.77,373,,12.80327434,p34,c5
12-02-2018,79,1010.46,386,,12.79063291,p34,c5
19-02-2018,130,1663.29,437,,12.79453846,p34,c5
26-02-2018,143,1828.97,365,,12.79,p34,c5
05-03-2018,139,1778.85,289,,12.79748201,p34,c5
12-03-2018,220,2965.67,323,,13.48031818,p34,c5
19-03-2018,177,2578.13,174,,14.56570621,p34,c5
26-03-2018,98,1460.93,499,,14.90744898,p34,c5
02-04-2018,66,989.34,601,,14.99,p34,c5
09-04-2018,64,959.45,557,,14.99140625,p34,c5
16-04-2018,99,1484.01,485,,14.99,p34,c5
23-04-2018,91,1364.09,384,,14.99,p34,c5
30-04-2018,84,1259.16,279,,14.99,p34,c5
07-05-2018,112,1678.88,341,,14.99,p34,c5
14-05-2018,105,1573.95,367,,14.99,p34,c5
21-05-2018,77,1154.23,364,,14.99,p34,c5
28-05-2018,105,1574.01,407,,14.99057143,p34,c5
04-06-2018,135,2024.04,353,,14.99288889,p34,c5
11-06-2018,94,1409.06,273,,14.99,p34,c5
18-06-2018,137,2053.63,313,,14.99,p34,c5
25-06-2018,105,1574.04,299,,14.99085714,p34,c5
02-07-2018,85,1274.22,234,,14.99082353,p34,c5
09-07-2018,134,2008.66,548,,14.99,p34,c5
16-07-2018,226,3387.83,458,,14.99039823,p34,c5
23-07-2018,133,1993.67,517,,14.99,p34,c5
30-07-2018,213,3192.87,497,,14.99,p34,c5
06-08-2018,267,4002.54,346,,14.99078652,p34,c5
13-08-2018,32,479.68,70,,14.99,p34,c5
20-08-2018,3,44.97,10,,14.99,p34,c5
27-08-2018,11,165.09,12,,15.00818182,p34,c5
03-09-2018,194,2908.06,0,,14.99,p34,c5
10-09-2018,263,3942.37,54,,14.99,p34,c5
17-09-2018,339,5081.77,606,,14.99047198,p34,c5
24-09-2018,347,5201.53,960,,14.99,p34,c5
01-10-2018,207,3103.01,866,,14.99038647,p34,c5
08-10-2018,218,3268.08,669,,14.99119266,p34,c5
15-10-2018,160,2398.4,483,,14.99,p34,c5
22-10-2018,185,2773.15,344,,14.99,p34,c5
29-10-2018,150,2248.5,202,,14.99,p34,c5
05-11-2018,224,3357.76,669,,14.99,p34,c5
12-11-2018,196,2938.04,734,,14.99,p34,c5
19-11-2018,110,1648.9,644,,14.99,p34,c5
26-11-2018,209,3132.91,792,,14.99,p34,c5
03-12-2018,160,2398.4,1037,,14.99,p34,c5
10-12-2018,211,3162.89,1072,,14.99,p34,c5
17-12-2018,146,2188.54,930,,14.99,p34,c5
24-12-2018,58,869.42,815,,14.99,p34,c5
01-01-2018,4,79.96,,,19.99,p35,c11
08-01-2018,5,99.95,14,,19.99,p35,c11
15-01-2018,7,139.93,10,,19.99,p35,c11
22-01-2018,8,159.92,6,,19.99,p35,c11
29-01-2018,5,97.79,0,,19.558,p35,c11
05-02-2018,9,194.76,6,,21.64,p35,c11
12-02-2018,7,154.56,0,,22.08,p35,c11
19-02-2018,6,131.5,11,,21.91666667,p35,c11
26-02-2018,4,79.96,5,,19.99,p35,c11
05-03-2018,4,79.96,2,,19.99,p35,c11
12-03-2018,7,138.53,21,,19.79,p35,c11
19-03-2018,19,379.81,21,,19.99,p35,c11
26-03-2018,14,279.86,2,,19.99,p35,c11
02-04-2018,5,103.85,24,,20.77,p35,c11
09-04-2018,11,222.19,19,,20.19909091,p35,c11
16-04-2018,12,239.88,49,,19.99,p35,c11
23-04-2018,10,199.9,50,,19.99,p35,c11
30-04-2018,14,279.86,46,,19.99,p35,c11
07-05-2018,5,99.95,49,,19.99,p35,c11
14-05-2018,6,119.94,49,,19.99,p35,c11
21-05-2018,7,139.93,73,,19.99,p35,c11
28-05-2018,13,259.87,82,,19.99,p35,c11
04-06-2018,17,339.83,71,,19.99,p35,c11
11-06-2018,13,259.87,56,,19.99,p35,c11
18-06-2018,11,219.89,42,,19.99,p35,c11
25-06-2018,15,299.85,57,,19.99,p35,c11
02-07-2018,10,199.9,53,,19.99,p35,c11
09-07-2018,19,379.81,86,,19.99,p35,c11
16-07-2018,20,399.8,82,,19.99,p35,c11
23-07-2018,20,399.8,65,,19.99,p35,c11
30-07-2018,19,379.81,69,,19.99,p35,c11
06-08-2018,20,399.8,85,,19.99,p35,c11
13-08-2018,24,479.76,67,,19.99,p35,c11
20-08-2018,34,679.66,97,,19.99,p35,c11
27-08-2018,79,1579.21,54,,19.99,p35,c11
03-09-2018,63,1259.37,84,,19.99,p35,c11
10-09-2018,51,1019.49,81,,19.99,p35,c11
17-09-2018,48,959.52,115,,19.99,p35,c11
24-09-2018,43,859.57,141,,19.99,p35,c11
01-10-2018,25,499.75,178,,19.99,p35,c11
08-10-2018,25,499.75,258,,19.99,p35,c11
15-10-2018,14,279.86,242,,19.99,p35,c11
22-10-2018,22,439.78,224,,19.99,p35,c11
29-10-2018,12,239.88,217,,19.99,p35,c11
05-11-2018,16,319.84,205,,19.99,p35,c11
12-11-2018,19,379.81,191,,19.99,p35,c11
19-11-2018,7,139.93,172,,19.99,p35,c11
26-11-2018,15,299.85,165,,19.99,p35,c11
03-12-2018,11,220.06,169,,20.00545455,p35,c11
10-12-2018,15,299.85,156,,19.99,p35,c11
17-12-2018,14,279.86,144,,19.99,p35,c11
24-12-2018,9,179.91,130,,19.99,p35,c11
01-01-2018,1,21.99,,,21.99,p36,c11
08-01-2018,5,109.95,50,,21.99,p36,c11
15-01-2018,7,153.93,46,,21.99,p36,c11
22-01-2018,7,153.93,41,,21.99,p36,c11
29-01-2018,3,65.97,32,,21.99,p36,c11
05-02-2018,4,87.96,31,,21.99,p36,c11
12-02-2018,8,175.92,36,,21.99,p36,c11
19-02-2018,2,43.98,33,,21.99,p36,c11
26-02-2018,10,219.9,52,,21.99,p36,c11
05-03-2018,7,153.93,41,,21.99,p36,c11
12-03-2018,2,43.98,34,,21.99,p36,c11
19-03-2018,7,153.93,38,,21.99,p36,c11
26-03-2018,3,65.97,35,,21.99,p36,c11
02-04-2018,5,109.95,31,,21.99,p36,c11
09-04-2018,1,21.99,26,,21.99,p36,c11
23-04-2018,1,21.99,24,,21.99,p36,c11
30-04-2018,1,21.99,24,,21.99,p36,c11
07-05-2018,10,219.9,22,,21.99,p36,c11
14-05-2018,4,87.96,12,,21.99,p36,c11
21-05-2018,4,87.96,11,,21.99,p36,c11
28-05-2018,6,131.94,6,,21.99,p36,c11
04-06-2018,1,21.99,10,,21.99,p36,c11
11-06-2018,3,65.97,10,,21.99,p36,c11
18-06-2018,5,109.95,6,,21.99,p36,c11
25-06-2018,1,21.99,13,,21.99,p36,c11
16-07-2018,3,65.71,36,,21.90333333,p36,c11
23-07-2018,3,65.67,35,,21.89,p36,c11
30-07-2018,6,131.34,33,,21.89,p36,c11
06-08-2018,10,218.9,25,,21.89,p36,c11
13-08-2018,19,415.91,20,,21.89,p36,c11
20-08-2018,15,328.35,0,,21.89,p36,c11
27-08-2018,14,306.46,7,,21.89,p36,c11
03-09-2018,15,328.35,14,,21.89,p36,c11
10-09-2018,18,394.02,19,,21.89,p36,c11
17-09-2018,46,1006.94,38,,21.89,p36,c11
24-09-2018,10,218.9,19,,21.89,p36,c11
01-10-2018,28,612.92,12,,21.89,p36,c11
08-10-2018,14,306.46,13,,21.89,p36,c11
15-10-2018,25,547.25,21,,21.89,p36,c11
22-10-2018,2,43.78,15,,21.89,p36,c11
29-10-2018,6,131.34,57,,21.89,p36,c11
05-11-2018,10,218.9,106,,21.89,p36,c11
12-11-2018,2,43.78,101,,21.89,p36,c11
19-11-2018,8,175.12,112,,21.89,p36,c11
26-11-2018,7,153.23,106,,21.89,p36,c11
03-12-2018,10,218.9,100,,21.89,p36,c11
10-12-2018,2,43.78,90,,21.89,p36,c11
01-01-2018,12,421.27,,,35.10583333,p37,c1
08-01-2018,14,487.98,114,,34.85571429,p37,c1
15-01-2018,14,490.68,94,,35.04857143,p37,c1
22-01-2018,14,520.48,91,,37.17714286,p37,c1
29-01-2018,3,134.19,81,,44.73,p37,c1
05-02-2018,5,212.61,59,,42.522,p37,c1
12-02-2018,9,360.12,53,,40.01333333,p37,c1
19-02-2018,4,160.36,65,,40.09,p37,c1
26-02-2018,8,320.07,61,,40.00875,p37,c1
05-03-2018,11,439.78,54,,39.98,p37,c1
12-03-2018,4,159.93,44,,39.9825,p37,c1
19-03-2018,8,319.92,37,,39.99,p37,c1
26-03-2018,2,80.18,52,,40.09,p37,c1
02-04-2018,4,159.94,53,,39.985,p37,c1
09-04-2018,3,120.09,73,,40.03,p37,c1
16-04-2018,6,239.7,63,,39.95,p37,c1
23-04-2018,4,159.98,63,,39.995,p37,c1
30-04-2018,6,239.7,60,,39.95,p37,c1
07-05-2018,4,159.8,52,,39.95,p37,c1
14-05-2018,10,399.72,49,,39.972,p37,c1
21-05-2018,4,159.8,40,,39.95,p37,c1
28-05-2018,6,239.7,37,,39.95,p37,c1
04-06-2018,12,479.4,30,,39.95,p37,c1
11-06-2018,13,519.37,30,,39.95153846,p37,c1
18-06-2018,4,160.05,18,,40.0125,p37,c1
25-06-2018,9,367.24,25,,40.80444444,p37,c1
02-07-2018,8,327.28,39,,40.91,p37,c1
09-07-2018,7,286.37,47,,40.91,p37,c1
16-07-2018,24,981.99,52,,40.91625,p37,c1
23-07-2018,12,491.39,40,,40.94916667,p37,c1
30-07-2018,10,409.1,29,,40.91,p37,c1
06-08-2018,20,818.2,42,,40.91,p37,c1
13-08-2018,18,737.5,46,,40.97222222,p37,c1
20-08-2018,18,736.61,48,,40.92277778,p37,c1
27-08-2018,8,327.28,39,,40.91,p37,c1
03-09-2018,46,1881.86,62,,40.91,p37,c1
10-09-2018,27,1105.07,70,,40.92851852,p37,c1
17-09-2018,30,1227.3,75,,40.91,p37,c1
24-09-2018,25,1025.74,77,,41.0296,p37,c1
01-10-2018,15,652.52,71,,43.50133333,p37,c1
08-10-2018,10,439,64,,43.9,p37,c1
15-10-2018,12,526.8,56,,43.9,p37,c1
22-10-2018,15,658.5,41,,43.9,p37,c1
29-10-2018,17,751.75,25,,44.22058824,p37,c1
05-11-2018,3,131.97,10,,43.99,p37,c1
12-11-2018,1,43.99,7,,43.99,p37,c1
19-11-2018,12,525.18,7,,43.765,p37,c1
26-11-2018,39,1704.51,65,,43.70538462,p37,c1
03-12-2018,50,2184.5,158,,43.69,p37,c1
10-12-2018,40,1747.6,141,,43.69,p37,c1
17-12-2018,45,1966.05,127,,43.69,p37,c1
24-12-2018,0,0,78,,,p37,c1
01-01-2018,2,23.7,,,11.85,p38,c9
05-02-2018,13,159.12,53,,12.24,p38,c9
12-02-2018,8,97.57,52,,12.19625,p38,c9
19-02-2018,12,128.55,49,,10.7125,p38,c9
26-02-2018,18,183.96,52,,10.22,p38,c9
05-03-2018,11,112.42,49,,10.22,p38,c9
12-03-2018,15,153.3,86,,10.22,p38,c9
19-03-2018,15,153.3,85,,10.22,p38,c9
26-03-2018,16,163.52,118,,10.22,p38,c9
02-04-2018,3,30.66,104,,10.22,p38,c9
09-04-2018,9,91.98,99,,10.22,p38,c9
16-04-2018,16,163.2,90,,10.2,p38,c9
23-04-2018,6,61.2,78,,10.2,p38,c9
30-04-2018,9,91.25,70,,10.13888889,p38,c9
07-05-2018,5,50.45,60,,10.09,p38,c9
14-05-2018,22,221.98,55,,10.09,p38,c9
21-05-2018,13,131.17,57,,10.09,p38,c9
28-05-2018,10,100.9,45,,10.09,p38,c9
04-06-2018,12,121.08,33,,10.09,p38,c9
11-06-2018,6,60.54,73,,10.09,p38,c9
18-06-2018,10,97.8,61,,9.78,p38,c9
25-06-2018,16,156.48,73,,9.78,p38,c9
02-07-2018,6,58.68,59,,9.78,p38,c9
09-07-2018,7,68.46,75,,9.78,p38,c9
16-07-2018,8,78.24,70,,9.78,p38,c9
23-07-2018,5,48.9,62,,9.78,p38,c9
30-07-2018,13,127.14,79,,9.78,p38,c9
06-08-2018,11,104.06,105,,9.46,p38,c9
13-08-2018,19,179.74,82,,9.46,p38,c9
20-08-2018,15,141.9,97,,9.46,p38,c9
01-01-2018,1,12.15,,,12.15,p39,c9
05-02-2018,33,342.75,77,,10.38636364,p39,c9
12-02-2018,17,174.26,74,,10.25058824,p39,c9
19-02-2018,43,439.03,172,,10.21,p39,c9
26-02-2018,37,377.77,182,,10.21,p39,c9
05-03-2018,23,234.83,188,,10.21,p39,c9
12-03-2018,43,439.03,218,,10.21,p39,c9
19-03-2018,27,284.79,215,,10.54777778,p39,c9
26-03-2018,26,374.74,242,,14.41307692,p39,c9
02-04-2018,34,438.16,222,,12.88705882,p39,c9
09-04-2018,33,403.92,189,,12.24,p39,c9
16-04-2018,39,477.61,149,,12.24641026,p39,c9
23-04-2018,25,306,110,,12.24,p39,c9
30-04-2018,28,342.77,142,,12.24178571,p39,c9
07-05-2018,15,183.6,177,,12.24,p39,c9
14-05-2018,33,403.92,180,,12.24,p39,c9
21-05-2018,22,268.63,189,,12.21045455,p39,c9
28-05-2018,11,161.12,163,,14.64727273,p39,c9
04-06-2018,15,252.15,152,,16.81,p39,c9
11-06-2018,11,188.92,160,,17.17454545,p39,c9
18-06-2018,18,293.94,163,,16.33,p39,c9
25-06-2018,17,246.68,171,,14.51058824,p39,c9
02-07-2018,11,156.09,155,,14.19,p39,c9
09-07-2018,20,283.8,141,,14.19,p39,c9
16-07-2018,14,198.66,145,,14.19,p39,c9
23-07-2018,24,340.56,130,,14.19,p39,c9
30-07-2018,21,297.99,104,,14.19,p39,c9
06-08-2018,32,454.08,89,,14.19,p39,c9
13-08-2018,25,354.75,161,,14.19,p39,c9
20-08-2018,24,340.56,177,,14.19,p39,c9
01-01-2018,69,1756.43,,,25.45550725,p40,c10
08-01-2018,87,2214.3,355,,25.45172414,p40,c10
15-01-2018,80,2082.29,388,,26.028625,p40,c10
22-01-2018,70,2025.76,308,,28.93942857,p40,c10
29-01-2018,61,1768.39,250,,28.99,p40,c10
05-02-2018,79,2290.21,199,,28.99,p40,c10
12-02-2018,45,1304.55,115,,28.99,p40,c10
19-02-2018,52,1507.16,65,,28.98384615,p40,c10
26-02-2018,3,86.91,12,,28.97,p40,c10
12-03-2018,1,28.97,3,,28.97,p40,c10
02-04-2018,4,115.92,2,,28.98,p40,c10
09-04-2018,1,28.99,3,,28.99,p40,c10
23-04-2018,7,207.79,2,,29.68428571,p40,c10
30-04-2018,59,1674.34,32,,28.37864407,p40,c10
07-05-2018,43,1287.57,50,,29.94348837,p40,c10
14-05-2018,51,1490.85,72,,29.23235294,p40,c10
21-05-2018,54,1565.46,176,,28.99,p40,c10
28-05-2018,66,1913.5,187,,28.99242424,p40,c10
04-06-2018,75,2174.25,195,,28.99,p40,c10
11-06-2018,60,1739.4,165,,28.99,p40,c10
18-06-2018,66,1913.34,104,,28.99,p40,c10
25-06-2018,74,2145.26,78,,28.99,p40,c10
02-07-2018,60,1739.4,172,,28.99,p40,c10
09-07-2018,79,2291.21,290,,29.00265823,p40,c10
16-07-2018,78,2261.47,277,,28.99320513,p40,c10
23-07-2018,84,2435.16,443,,28.99,p40,c10
30-07-2018,72,2087.28,444,,28.99,p40,c10
06-08-2018,82,2377.18,387,,28.99,p40,c10
13-08-2018,74,2145.26,339,,28.99,p40,c10
20-08-2018,73,2116.27,310,,28.99,p40,c10
27-08-2018,135,3913.65,459,,28.99,p40,c10
03-09-2018,208,5244.92,472,,25.21596154,p40,c10
10-09-2018,274,6583.8,391,,24.02846715,p40,c10
17-09-2018,264,6333.36,549,,23.99,p40,c10
24-09-2018,254,6093.46,940,,23.99,p40,c10
01-10-2018,136,3734.54,898,,27.45985294,p40,c10
08-10-2018,107,3101.93,1248,,28.99,p40,c10
15-10-2018,115,3333.85,1218,,28.99,p40,c10
22-10-2018,106,3072.94,1922,,28.99,p40,c10
29-10-2018,113,3275.87,2241,,28.99,p40,c10
05-11-2018,135,3885.21,2150,,28.77933333,p40,c10
12-11-2018,167,4678.11,2528,,28.01263473,p40,c10
19-11-2018,174,4866.78,2414,,27.97,p40,c10
26-11-2018,323,8424.05,2277,,26.08065015,p40,c10
03-12-2018,337,8629.29,1975,,25.60620178,p40,c10
10-12-2018,408,10452.96,1668,,25.62,p40,c10
17-12-2018,390,9991.8,1412,,25.62,p40,c10
24-12-2018,69,1767.78,1025,,25.62,p40,c10
01-01-2018,10,390,,,39,p41,c1
08-01-2018,11,429.13,205,,39.01181818,p41,c1
15-01-2018,7,273,219,,39,p41,c1
22-01-2018,7,273,216,,39,p41,c1
29-01-2018,5,195.82,197,,39.164,p41,c1
05-02-2018,9,351,199,,39,p41,c1
12-02-2018,6,234,194,,39,p41,c1
19-02-2018,4,156,194,,39,p41,c1
26-02-2018,11,429,187,,39,p41,c1
05-03-2018,11,429.8,179,,39.07272727,p41,c1
12-03-2018,6,234,165,,39,p41,c1
19-03-2018,14,546.66,157,,39.04714286,p41,c1
26-03-2018,5,195,152,,39,p41,c1
02-04-2018,7,274.9,143,,39.27142857,p41,c1
09-04-2018,3,117,137,,39,p41,c1
16-04-2018,3,117,133,,39,p41,c1
23-04-2018,5,193,130,,38.6,p41,c1
30-04-2018,4,148,126,,37,p41,c1
07-05-2018,6,225.56,122,,37.59333333,p41,c1
14-05-2018,8,296,117,,37,p41,c1
21-05-2018,3,111,108,,37,p41,c1
28-05-2018,10,370,106,,37,p41,c1
04-06-2018,5,185,95,,37,p41,c1
11-06-2018,10,370,93,,37,p41,c1
18-06-2018,11,407,80,,37,p41,c1
25-06-2018,7,258.98,69,,36.99714286,p41,c1
02-07-2018,7,258.93,63,,36.99,p41,c1
09-07-2018,10,369.9,56,,36.99,p41,c1
16-07-2018,6,226.29,48,,37.715,p41,c1
23-07-2018,7,258.93,40,,36.99,p41,c1
30-07-2018,12,443.88,34,,36.99,p41,c1
06-08-2018,6,222.27,27,,37.045,p41,c1
13-08-2018,14,517.86,31,,36.99,p41,c1
20-08-2018,6,221.94,24,,36.99,p41,c1
27-08-2018,10,369.9,28,,36.99,p41,c1
03-09-2018,10,369.9,40,,36.99,p41,c1
10-09-2018,20,739.8,47,,36.99,p41,c1
17-09-2018,20,739.8,49,,36.99,p41,c1
24-09-2018,29,1072.71,43,,36.99,p41,c1
01-10-2018,22,815.62,38,,37.07363636,p41,c1
08-10-2018,13,480.87,21,,36.99,p41,c1
15-10-2018,15,559.69,67,,37.31266667,p41,c1
22-10-2018,22,813.78,87,,36.99,p41,c1
29-10-2018,21,781.07,118,,37.19380952,p41,c1
05-11-2018,19,705.16,155,,37.11368421,p41,c1
12-11-2018,36,1331.64,176,,36.99,p41,c1
19-11-2018,57,2113.8,174,,37.08421053,p41,c1
26-11-2018,95,3514.05,129,,36.99,p41,c1
03-12-2018,56,2071.44,25,,36.99,p41,c1
10-12-2018,112,4150.92,20,,37.06178571,p41,c1
17-12-2018,71,2630.37,128,,37.04746479,p41,c1
24-12-2018,7,258.93,113,,36.99,p41,c1
01-01-2018,5,48,,,9.6,p42,c9
08-01-2018,3,28.8,,,9.6,p42,c9
15-01-2018,1,9.6,0,,9.6,p42,c9
22-01-2018,4,43.41,1,,10.8525,p42,c9
29-01-2018,5,73.28,0,,14.656,p42,c9
05-02-2018,4,59.96,,,14.99,p42,c9
19-02-2018,2,19.2,0,,9.6,p42,c9
26-02-2018,7,67.2,,,9.6,p42,c9
05-03-2018,7,67.2,0,,9.6,p42,c9
12-03-2018,4,38.4,0,,9.6,p42,c9
19-03-2018,9,88.74,,,9.86,p42,c9
26-03-2018,8,89.14,0,,11.1425,p42,c9
09-04-2018,17,169.83,0,,9.99,p42,c9
16-04-2018,12,119.88,0,,9.99,p42,c9
23-04-2018,7,69.93,0,,9.99,p42,c9
30-04-2018,15,149.85,0,,9.99,p42,c9
07-05-2018,1,9.99,0,,9.99,p42,c9
18-06-2018,3,29.61,,,9.87,p42,c9
02-07-2018,2,19.74,,,9.87,p42,c9
09-07-2018,6,59.22,0,,9.87,p42,c9
16-07-2018,2,19.74,0,,9.87,p42,c9
30-07-2018,3,29.29,0,,9.763333333,p42,c9
06-08-2018,2,18.6,0,,9.3,p42,c9
13-08-2018,4,37.89,0,,9.4725,p42,c9
20-08-2018,7,69.93,0,,9.99,p42,c9
01-01-2018,3,119.53,,,39.84333333,p43,c3
22-01-2018,1,42.02,1,,42.02,p43,c3
02-07-2018,1,36.99,1,,36.99,p43,c3
24-09-2018,0,0,1,,,p43,c3
01-10-2018,58,2145.42,1,,36.99,p43,c3
08-10-2018,85,3144.15,154,,36.99,p43,c3
15-10-2018,99,3662.01,966,,36.99,p43,c3
22-10-2018,111,4105.89,2064,,36.99,p43,c3
29-10-2018,134,4956.66,2114,,36.99,p43,c3
05-11-2018,175,6473.25,2087,,36.99,p43,c3
12-11-2018,299,11060.01,1948,,36.99,p43,c3
19-11-2018,417,15424.83,1877,,36.99,p43,c3
26-11-2018,431,15942.69,1812,,36.99,p43,c3
03-12-2018,260,9617.4,1324,,36.99,p43,c3
10-12-2018,249,9210.51,1059,,36.99,p43,c3
17-12-2018,731,27039.69,784,,36.99,p43,c3
24-12-2018,1,36.99,2,,36.99,p43,c3
01-01-2018,2,69.98,,,34.99,p44,c12
22-01-2018,2,63.31,2,,31.655,p44,c12
29-01-2018,7,186.61,0,,26.65857143,p44,c12
05-02-2018,2,48.1,4,,24.05,p44,c12
12-02-2018,4,96.2,9,,24.05,p44,c12
19-02-2018,4,96.2,4,,24.05,p44,c12
26-02-2018,10,240.5,13,,24.05,p44,c12
05-03-2018,3,72.15,2,,24.05,p44,c12
12-03-2018,4,106.24,21,,26.56,p44,c12
19-03-2018,6,170.73,29,,28.455,p44,c12
26-03-2018,1,32.86,28,,32.86,p44,c12
02-04-2018,4,131.44,34,,32.86,p44,c12
09-04-2018,1,32.86,34,,32.86,p44,c12
16-04-2018,1,32.86,33,,32.86,p44,c12
23-04-2018,5,164.3,32,,32.86,p44,c12
30-04-2018,1,32.86,27,,32.86,p44,c12
07-05-2018,2,65.72,27,,32.86,p44,c12
14-05-2018,4,131.44,24,,32.86,p44,c12
21-05-2018,2,65.72,20,,32.86,p44,c12
11-06-2018,1,32.86,18,,32.86,p44,c12
18-06-2018,2,65.72,18,,32.86,p44,c12
02-07-2018,7,230.02,16,,32.86,p44,c12
09-07-2018,3,98.58,9,,32.86,p44,c12
16-07-2018,4,131.44,7,,32.86,p44,c12
23-07-2018,4,131.44,7,,32.86,p44,c12
30-07-2018,4,151.96,21,,37.99,p44,c12
06-08-2018,4,151.96,46,,37.99,p44,c12
13-08-2018,2,75.98,43,,37.99,p44,c12
20-08-2018,6,227.94,37,,37.99,p44,c12
