customer_1_sales_data.csv
Date,Units,Revenue,Inventory_Amount,Inventory_Units,Price,PID,CID
01-01-2018,30,307.8,,,10.26,p45,c9
08-01-2018,50,562.53,462,,11.2506,p45,c9
15-01-2018,69,786.48,405,,11.39826087,p45,c9
22-01-2018,51,531.42,265,,10.42,p45,c9
29-01-2018,89,927.38,292,,10.42,p45,c9
05-02-2018,68,680.5,193,,10.00735294,p45,c9
12-02-2018,41,402.82,137,,9.824878049,p45,c9
19-02-2018,61,598.41,92,,9.81,p45,c9
26-02-2018,17,166.77,6,,9.81,p45,c9
05-03-2018,42,565.56,4,,13.46571429,p45,c9
12-03-2018,29,460.17,31,,15.86793103,p45,c9
19-03-2018,15,239.85,2,,15.99,p45,c9
26-03-2018,24,383.76,21,,15.99,p45,c9
02-04-2018,23,367.77,201,,15.99,p45,c9
09-04-2018,26,415.74,191,,15.99,p45,c9
16-04-2018,34,540.36,159,,15.89294118,p45,c9
23-04-2018,37,587.93,130,,15.89,p45,c9
30-04-2018,30,476.7,119,,15.89,p45,c9
07-05-2018,27,429.03,106,,15.89,p45,c9
14-05-2018,26,411.94,113,,15.84384615,p45,c9
21-05-2018,36,556.39,151,,15.45527778,p45,c9
28-05-2018,23,357.83,143,,15.55782609,p45,c9
04-06-2018,20,319.77,126,,15.9885,p45,c9
11-06-2018,33,527.66,113,,15.98969697,p45,c9
18-06-2018,23,367.77,94,,15.99,p45,c9
25-06-2018,21,335.79,58,,15.99,p45,c9
02-07-2018,13,207.87,108,,15.99,p45,c9
09-07-2018,25,399.75,149,,15.99,p45,c9
16-07-2018,23,367.77,176,,15.99,p45,c9
23-07-2018,21,335.79,185,,15.99,p45,c9
30-07-2018,17,271.83,199,,15.99,p45,c9
06-08-2018,17,271.83,191,,15.99,p45,c9
13-08-2018,22,351.78,176,,15.99,p45,c9
20-08-2018,28,447.72,154,,15.99,p45,c9
27-08-2018,49,783.51,156,,15.99,p45,c9
03-09-2018,56,895.44,206,,15.99,p45,c9
10-09-2018,56,895.44,194,,15.99,p45,c9
17-09-2018,54,863.46,247,,15.99,p45,c9
24-09-2018,28,447.72,385,,15.99,p45,c9
01-10-2018,32,511.68,336,,15.99,p45,c9
08-10-2018,45,719.55,329,,15.99,p45,c9
15-10-2018,29,463.71,470,,15.99,p45,c9
22-10-2018,48,767.52,650,,15.99,p45,c9
29-10-2018,26,415.74,649,,15.99,p45,c9
05-11-2018,8,129.91,632,,16.23875,p45,c9
12-11-2018,17,305.74,752,,17.98470588,p45,c9
19-11-2018,20,359.8,804,,17.99,p45,c9
26-11-2018,59,1061.41,922,,17.99,p45,c9
03-12-2018,60,1079.4,866,,17.99,p45,c9
10-12-2018,65,1169.35,804,,17.99,p45,c9
17-12-2018,56,1008.35,742,,18.00625,p45,c9
24-12-2018,3,53.94,685,,17.98,p45,c9
01-01-2018,3,70.86,,,23.62,p46,c9
15-01-2018,3,70,46,,23.33333333,p46,c9
22-01-2018,1,23.62,44,,23.62,p46,c9
29-01-2018,1,23.62,43,,23.62,p46,c9
05-02-2018,4,93.62,42,,23.405,p46,c9
19-02-2018,1,23.62,37,,23.62,p46,c9
26-02-2018,7,165.34,36,,23.62,p46,c9
05-03-2018,3,70.86,30,,23.62,p46,c9
12-03-2018,4,94.48,26,,23.62,p46,c9
19-03-2018,1,23.62,22,,23.62,p46,c9
26-03-2018,1,23.62,21,,23.62,p46,c9
02-04-2018,3,70.86,20,,23.62,p46,c9
09-04-2018,6,141.72,17,,23.62,p46,c9
16-04-2018,2,47.24,11,,23.62,p46,c9
23-04-2018,3,70.86,10,,23.62,p46,c9
30-04-2018,2,47.24,5,,23.62,p46,c9
07-05-2018,1,23.62,2,,23.62,p46,c9
14-05-2018,1,23.62,1,,23.62,p46,c9
01-01-2018,64,1742.7,,,27.2296875,p47,c10
08-01-2018,66,1805.1,1313,,27.35,p47,c10
15-01-2018,52,1421.1,1249,,27.32884615,p47,c10
22-01-2018,74,2017.3,1273,,27.26081081,p47,c10
29-01-2018,76,2073.1,1207,,27.27763158,p47,c10
05-02-2018,80,2183.6,1140,,27.295,p47,c10
12-02-2018,60,1641,1052,,27.35,p47,c10
19-02-2018,67,1832.45,985,,27.35,p47,c10
26-02-2018,55,1504.5,900,,27.35454545,p47,c10
05-03-2018,71,1941.85,860,,27.35,p47,c10
12-03-2018,63,1723.05,793,,27.35,p47,c10
19-03-2018,128,3500.8,717,,27.35,p47,c10
26-03-2018,56,1531.6,648,,27.35,p47,c10
02-04-2018,40,1094,578,,27.35,p47,c10
09-04-2018,45,1230.75,551,,27.35,p47,c10
16-04-2018,59,1613.65,507,,27.35,p47,c10
23-04-2018,50,1367.5,459,,27.35,p47,c10
30-04-2018,57,1558.95,374,,27.35,p47,c10
07-05-2018,61,1668.35,320,,27.35,p47,c10
14-05-2018,51,1394.85,273,,27.35,p47,c10
21-05-2018,59,1613.65,209,,27.35,p47,c10
28-05-2018,51,1396.53,160,,27.38294118,p47,c10
04-06-2018,62,1697.27,81,,27.37532258,p47,c10
11-06-2018,40,1094,41,,27.35,p47,c10
18-06-2018,11,300.85,13,,27.35,p47,c10
25-06-2018,1,27.35,2,,27.35,p47,c10
02-07-2018,2,59.98,1,,29.99,p47,c10
20-08-2018,5,149.95,1,,29.99,p47,c10
27-08-2018,74,2219.26,36,,29.99,p47,c10
03-09-2018,68,2039.32,69,,29.99,p47,c10
10-09-2018,89,2669.11,138,,29.99,p47,c10
17-09-2018,122,3658.78,203,,29.99,p47,c10
24-09-2018,80,2399.2,566,,29.99,p47,c10
01-10-2018,41,1229.59,385,,29.99,p47,c10
08-10-2018,50,1499.5,733,,29.99,p47,c10
15-10-2018,41,1229.59,925,,29.99,p47,c10
22-10-2018,56,1684.44,1244,,30.07928571,p47,c10
29-10-2018,59,1789.41,1511,,30.32898305,p47,c10
05-11-2018,71,2129.29,1518,,29.99,p47,c10
12-11-2018,74,2219.26,1754,,29.99,p47,c10
19-11-2018,112,3358.88,1774,,29.99,p47,c10
26-11-2018,209,5990.41,2013,,28.6622488,p47,c10
03-12-2018,206,6170.44,1862,,29.95359223,p47,c10
10-12-2018,231,6927.69,1676,,29.99,p47,c10
17-12-2018,190,5698.1,1457,,29.99,p47,c10
24-12-2018,30,899.7,1237,,29.99,p47,c10
15-01-2018,1,27.99,2,,27.99,p48,c9
29-01-2018,1,27.99,1,,27.99,p48,c9
26-02-2018,1,27.99,4,,27.99,p48,c9
12-03-2018,2,49.98,3,,24.99,p48,c9
26-03-2018,1,21.99,1,,21.99,p48,c9
16-04-2018,1,21.99,2,,21.99,p48,c9
07-05-2018,1,21.99,0,,21.99,p48,c9
11-06-2018,1,27.99,2,,27.99,p48,c9
25-06-2018,1,27.99,1,,27.99,p48,c9
01-01-2018,31,309.69,,,9.99,p49,c12
08-01-2018,49,489.51,379,,9.99,p49,c12
15-01-2018,19,189.81,336,,9.99,p49,c12
22-01-2018,66,659.34,301,,9.99,p49,c12
29-01-2018,100,999,242,,9.99,p49,c12
05-02-2018,53,529.47,287,,9.99,p49,c12
12-02-2018,26,259.74,302,,9.99,p49,c12
19-02-2018,39,389.61,319,,9.99,p49,c12
26-02-2018,27,269.73,290,,9.99,p49,c12
05-03-2018,44,439.56,283,,9.99,p49,c12
12-03-2018,24,239.76,270,,9.99,p49,c12
19-03-2018,30,299.7,245,,9.99,p49,c12
26-03-2018,28,279.72,222,,9.99,p49,c12
02-04-2018,35,349.65,196,,9.99,p49,c12
09-04-2018,83,829.17,215,,9.99,p49,c12
16-04-2018,65,649.35,164,,9.99,p49,c12
23-04-2018,45,449.55,91,,9.99,p49,c12
30-04-2018,43,429.57,56,,9.99,p49,c12
07-05-2018,19,189.81,174,,9.99,p49,c12
14-05-2018,35,350.3,255,,10.00857143,p49,c12
21-05-2018,19,189.81,281,,9.99,p49,c12
28-05-2018,26,259.74,257,,9.99,p49,c12
04-06-2018,33,329.67,234,,9.99,p49,c12
11-06-2018,33,329.67,206,,9.99,p49,c12
18-06-2018,27,269.73,163,,9.99,p49,c12
25-06-2018,16,159.84,134,,9.99,p49,c12
02-07-2018,40,399.6,200,,9.99,p49,c12
09-07-2018,30,299.7,191,,9.99,p49,c12
16-07-2018,65,649.35,207,,9.99,p49,c12
23-07-2018,64,639.36,259,,9.99,p49,c12
30-07-2018,75,749.25,207,,9.99,p49,c12
06-08-2018,77,769.23,333,,9.99,p49,c12
13-08-2018,92,919.08,371,,9.99,p49,c12
20-08-2018,140,1398.6,370,,9.99,p49,c12
27-08-2018,189,1888.11,279,,9.99,p49,c12
03-09-2018,190,1898.1,213,,9.99,p49,c12
10-09-2018,177,1768.23,202,,9.99,p49,c12
17-09-2018,164,1638.36,372,,9.99,p49,c12
24-09-2018,130,1298.7,604,,9.99,p49,c12
01-10-2018,76,759.24,613,,9.99,p49,c12
08-10-2018,59,589.41,534,,9.99,p49,c12
15-10-2018,56,559.44,477,,9.99,p49,c12
22-10-2018,82,819.18,426,,9.99,p49,c12
29-10-2018,85,849.15,354,,9.99,p49,c12
05-11-2018,46,459.54,310,,9.99,p49,c12
12-11-2018,39,389.61,265,,9.99,p49,c12
19-11-2018,35,349.65,328,,9.99,p49,c12
26-11-2018,54,539.46,326,,9.99,p49,c12
03-12-2018,52,519.48,297,,9.99,p49,c12
10-12-2018,41,409.77,347,,9.994390244,p49,c12
17-12-2018,28,279.62,307,,9.986428571,p49,c12
24-12-2018,11,109,282,,9.909090909,p49,c12
15-01-2018,3,55.71,,,18.57,p50,c12
22-01-2018,1,18.57,0,,18.57,p50,c12
05-02-2018,2,37.41,13,,18.705,p50,c12
12-02-2018,2,37.14,19,,18.57,p50,c12
26-02-2018,7,129.99,16,,18.57,p50,c12
05-03-2018,3,55.71,11,,18.57,p50,c12
12-03-2018,4,74.28,6,,18.57,p50,c12
19-03-2018,10,186.54,22,,18.654,p50,c12
26-03-2018,1,18.99,17,,18.99,p50,c12
02-04-2018,2,37.98,15,,18.99,p50,c12
09-04-2018,7,132.93,30,,18.99,p50,c12
16-04-2018,5,94.95,26,,18.99,p50,c12
23-04-2018,3,52.69,22,,17.56333333,p50,c12
30-04-2018,12,199.55,18,,16.62916667,p50,c12
07-05-2018,3,46.47,21,,15.49,p50,c12
14-05-2018,2,30.8,24,,15.4,p50,c12
21-05-2018,7,107.8,36,,15.4,p50,c12
28-05-2018,3,46.62,36,,15.54,p50,c12
04-06-2018,5,77.54,34,,15.508,p50,c12
11-06-2018,8,124.32,28,,15.54,p50,c12
18-06-2018,12,186.48,22,,15.54,p50,c12
25-06-2018,3,46.62,9,,15.54,p50,c12
02-07-2018,5,79.48,23,,15.896,p50,c12
09-07-2018,7,109.59,44,,15.65571429,p50,c12
16-07-2018,13,205.18,57,,15.78307692,p50,c12
23-07-2018,10,155.4,46,,15.54,p50,c12
30-07-2018,4,62.16,42,,15.54,p50,c12
06-08-2018,10,155.4,58,,15.54,p50,c12
13-08-2018,12,186.48,53,,15.54,p50,c12
20-08-2018,10,155.4,54,,15.54,p50,c12
27-08-2018,37,574.98,51,,15.54,p50,c12
03-09-2018,21,326.34,60,,15.54,p50,c12
10-09-2018,52,808.08,53,,15.54,p50,c12
17-09-2018,31,481.85,41,,15.54354839,p50,c12
24-09-2018,17,264.18,24,,15.54,p50,c12
01-10-2018,17,264.18,34,,15.54,p50,c12
08-10-2018,11,170.94,46,,15.54,p50,c12
15-10-2018,7,108.78,109,,15.54,p50,c12
22-10-2018,10,155.4,135,,15.54,p50,c12
29-10-2018,7,108.78,168,,15.54,p50,c12
05-11-2018,12,186.48,184,,15.54,p50,c12
12-11-2018,8,124.32,200,,15.54,p50,c12
19-11-2018,11,170.94,195,,15.54,p50,c12
26-11-2018,11,170.94,189,,15.54,p50,c12
03-12-2018,12,186.48,176,,15.54,p50,c12
10-12-2018,11,184.24,162,,16.74909091,p50,c12
17-12-2018,8,147.92,183,,18.49,p50,c12
24-12-2018,5,89.82,174,,17.964,p50,c12
01-01-2018,40,611.6,,,15.29,p51,c6
08-01-2018,54,825.66,355,,15.29,p51,c6
15-01-2018,37,565.73,312,,15.29,p51,c6
22-01-2018,54,825.74,268,,15.29148148,p51,c6
29-01-2018,65,993.85,221,,15.29,p51,c6
05-02-2018,72,1100.88,230,,15.29,p51,c6
12-02-2018,34,519.86,287,,15.29,p51,c6
19-02-2018,38,581.02,307,,15.29,p51,c6
26-02-2018,38,581.02,286,,15.29,p51,c6
05-03-2018,53,810.37,255,,15.29,p51,c6
12-03-2018,50,764.5,242,,15.29,p51,c6
19-03-2018,59,902.11,184,,15.29,p51,c6
26-03-2018,58,886.82,216,,15.29,p51,c6
02-04-2018,50,764.5,177,,15.29,p51,c6
09-04-2018,50,764.5,146,,15.29,p51,c6
16-04-2018,60,917.4,95,,15.29,p51,c6
23-04-2018,43,657.47,96,,15.29,p51,c6
30-04-2018,74,1131.46,143,,15.29,p51,c6
07-05-2018,35,535.15,258,,15.29,p51,c6
14-05-2018,76,1162.04,226,,15.29,p51,c6
21-05-2018,74,1131.46,221,,15.29,p51,c6
28-05-2018,59,902.11,192,,15.29,p51,c6
04-06-2018,50,764.5,163,,15.29,p51,c6
11-06-2018,75,1146.75,107,,15.29,p51,c6
18-06-2018,38,581.02,154,,15.29,p51,c6
25-06-2018,33,504.57,180,,15.29,p51,c6
02-07-2018,26,397.65,127,,15.29423077,p51,c6
09-07-2018,36,550.44,237,,15.29,p51,c6
16-07-2018,33,504.57,267,,15.29,p51,c6
23-07-2018,38,581.02,266,,15.29,p51,c6
30-07-2018,45,744.58,263,,16.54622222,p51,c6
06-08-2018,37,683.23,354,,18.46567568,p51,c6
13-08-2018,71,1132.59,363,,15.95197183,p51,c6
20-08-2018,40,733.8,324,,18.345,p51,c6
27-08-2018,103,1753.47,321,,17.02398058,p51,c6
03-09-2018,95,1626.45,279,,17.12052632,p51,c6
10-09-2018,154,2354.66,313,,15.29,p51,c6
17-09-2018,104,1590.16,437,,15.29,p51,c6
24-09-2018,138,2110.02,443,,15.29,p51,c6
01-10-2018,56,856.24,393,,15.29,p51,c6
08-10-2018,51,779.79,419,,15.29,p51,c6
15-10-2018,43,657.47,388,,15.29,p51,c6
22-10-2018,48,733.92,385,,15.29,p51,c6
29-10-2018,50,788,449,,15.76,p51,c6
05-11-2018,32,616.18,445,,19.255625,p51,c6
12-11-2018,48,733.92,447,,15.29,p51,c6
19-11-2018,40,611.51,408,,15.28775,p51,c6
26-11-2018,44,672.99,381,,15.29522727,p51,c6
03-12-2018,60,917.4,402,,15.29,p51,c6
10-12-2018,50,764.5,389,,15.29,p51,c6
17-12-2018,38,581.02,346,,15.29,p51,c6
24-12-2018,14,214.06,336,,15.29,p51,c6
01-01-2018,44,1049.4,,,23.85,p52,c6
08-01-2018,35,909.55,186,,25.98714286,p52,c6
15-01-2018,24,719.31,172,,29.97125,p52,c6
22-01-2018,17,509.83,148,,29.99,p52,c6
29-01-2018,22,659.78,135,,29.99,p52,c6
05-02-2018,14,420.19,148,,30.01357143,p52,c6
12-02-2018,17,510.2,175,,30.01176471,p52,c6
19-02-2018,17,488.85,174,,28.75588235,p52,c6
26-02-2018,23,662.97,157,,28.82478261,p52,c6
05-03-2018,15,396.25,135,,26.41666667,p52,c6
12-03-2018,18,513.02,122,,28.50111111,p52,c6
19-03-2018,17,496.43,103,,29.20176471,p52,c6
26-03-2018,18,439.32,104,,24.40666667,p52,c6
02-04-2018,20,465.8,91,,23.29,p52,c6
09-04-2018,18,420.3,54,,23.35,p52,c6
16-04-2018,40,931.81,42,,23.29525,p52,c6
23-04-2018,20,465.8,18,,23.29,p52,c6
30-04-2018,16,372.64,24,,23.29,p52,c6
07-05-2018,20,465.8,123,,23.29,p52,c6
14-05-2018,15,349.35,142,,23.29,p52,c6
21-05-2018,11,256.19,134,,23.29,p52,c6
28-05-2018,8,186.32,126,,23.29,p52,c6
04-06-2018,15,349.35,117,,23.29,p52,c6
11-06-2018,19,442.51,110,,23.29,p52,c6
18-06-2018,14,326.06,90,,23.29,p52,c6
25-06-2018,24,558.96,80,,23.29,p52,c6
02-07-2018,12,280.68,60,,23.39,p52,c6
09-07-2018,21,489.09,99,,23.29,p52,c6
16-07-2018,15,349.35,95,,23.29,p52,c6
23-07-2018,10,232.9,84,,23.29,p52,c6
30-07-2018,17,395.93,97,,23.29,p52,c6
06-08-2018,19,442.51,151,,23.29,p52,c6
13-08-2018,38,885.31,157,,23.29763158,p52,c6
20-08-2018,23,535.67,120,,23.29,p52,c6
03-09-2018,10,232.9,104,,23.29,p52,c6
10-09-2018,44,1024.76,209,,23.29,p52,c6
17-09-2018,31,721.99,244,,23.29,p52,c6
24-09-2018,32,745.28,260,,23.29,p52,c6
01-10-2018,23,535.67,286,,23.29,p52,c6
08-10-2018,35,815.15,265,,23.29,p52,c6
15-10-2018,19,442.51,244,,23.29,p52,c6
22-10-2018,22,512.38,206,,23.29,p52,c6
29-10-2018,19,442.51,222,,23.29,p52,c6
05-11-2018,17,395.93,232,,23.29,p52,c6
12-11-2018,14,326.06,243,,23.29,p52,c6
19-11-2018,19,442.51,231,,23.29,p52,c6
26-11-2018,17,395.93,215,,23.29,p52,c6
03-12-2018,34,791.86,197,,23.29,p52,c6
10-12-2018,16,372.64,164,,23.29,p52,c6
17-12-2018,23,535.67,173,,23.29,p52,c6
24-12-2018,4,93.16,165,,23.29,p52,c6
01-01-2018,41,734.98,,,17.92634146,p53,c5
08-01-2018,42,753.38,425,,17.93761905,p53,c5
15-01-2018,42,752.38,347,,17.91380952,p53,c5
22-01-2018,57,1027.92,341,,18.03368421,p53,c5
29-01-2018,36,653.64,282,,18.15666667,p53,c5
05-02-2018,25,446.5,285,,17.86,p53,c5
12-02-2018,22,394.84,308,,17.94727273,p53,c5
19-02-2018,31,562.34,293,,18.14,p53,c5
26-02-2018,21,377.1,226,,17.95714286,p53,c5
05-03-2018,25,449.14,225,,17.9656,p53,c5
12-03-2018,30,555.9,212,,18.53,p53,c5
19-03-2018,26,462.92,181,,17.80461538,p53,c5
26-03-2018,27,509.06,163,,18.85407407,p53,c5
02-04-2018,20,355.65,168,,17.7825,p53,c5
09-04-2018,16,286.64,151,,17.915,p53,c5
16-04-2018,18,313.02,126,,17.39,p53,c5
23-04-2018,24,441.7,105,,18.40416667,p53,c5
30-04-2018,39,707.05,79,,18.12948718,p53,c5
07-05-2018,38,685.53,53,,18.04026316,p53,c5
14-05-2018,95,1846.61,46,,19.438,p53,c5
21-05-2018,104,2020.25,59,,19.42548077,p53,c5
28-05-2018,117,2372.86,105,,20.2808547,p53,c5
04-06-2018,37,725.6,39,,19.61081081,p53,c5
11-06-2018,91,1634.06,44,,17.9567033,p53,c5
18-06-2018,66,1191.91,293,,18.05924242,p53,c5
25-06-2018,120,2306.1,432,,19.2175,p53,c5
02-07-2018,86,1653.51,340,,19.22686047,p53,c5
09-07-2018,83,1552.96,354,,18.71036145,p53,c5
16-07-2018,258,4889.74,310,,18.95248062,p53,c5
23-07-2018,122,2240.47,162,,18.3645082,p53,c5
30-07-2018,102,1809.72,88,,17.74235294,p53,c5
06-08-2018,112,2023.26,616,,18.06482143,p53,c5
13-08-2018,161,2861.05,968,,17.77049689,p53,c5
20-08-2018,161,2815.72,1030,,17.4889441,p53,c5
27-08-2018,344,5997.54,1161,,17.4347093,p53,c5
03-09-2018,336,5897.48,1059,,17.55202381,p53,c5
10-09-2018,239,4161.25,1141,,17.41108787,p53,c5
17-09-2018,212,3695.8,1220,,17.43301887,p53,c5
24-09-2018,247,4226.09,1315,,17.10967611,p53,c5
01-10-2018,108,1888.2,1276,,17.48333333,p53,c5
08-10-2018,101,1786.29,1196,,17.6860396,p53,c5
15-10-2018,82,1438.49,1110,,17.54256098,p53,c5
22-10-2018,158,2809.07,1103,,17.77892405,p53,c5
29-10-2018,101,1782.88,963,,17.65227723,p53,c5
05-11-2018,122,2125.22,904,,17.41983607,p53,c5
12-11-2018,85,1491.34,760,,17.54517647,p53,c5
19-11-2018,89,1568.04,720,,17.61842697,p53,c5
26-11-2018,112,1956.75,662,,17.47098214,p53,c5
03-12-2018,89,1559.86,633,,17.52651685,p53,c5
10-12-2018,92,1612.58,634,,17.52804348,p53,c5
17-12-2018,80,1393.94,553,,17.42425,p53,c5
24-12-2018,30,528.22,623,,17.60733333,p53,c5
01-01-2018,5,98.85,,,19.77,p54,c12
08-01-2018,11,217.47,83,,19.77,p54,c12
15-01-2018,10,198.2,76,,19.82,p54,c12
22-01-2018,13,257.01,63,,19.77,p54,c12
29-01-2018,5,98.85,48,,19.77,p54,c12
05-02-2018,7,138.39,76,,19.77,p54,c12
12-02-2018,15,296.55,75,,19.77,p54,c12
19-02-2018,16,316.87,56,,19.804375,p54,c12
26-02-2018,11,217.47,52,,19.77,p54,c12
05-03-2018,17,336.09,58,,19.77,p54,c12
12-03-2018,5,98.85,60,,19.77,p54,c12
19-03-2018,18,355.86,54,,19.77,p54,c12
26-03-2018,3,59.31,44,,19.77,p54,c12
02-04-2018,22,434.94,53,,19.77,p54,c12
09-04-2018,6,118.62,49,,19.77,p54,c12
16-04-2018,21,415.17,47,,19.77,p54,c12
23-04-2018,3,59.31,40,,19.77,p54,c12
30-04-2018,2,39.54,44,,19.77,p54,c12
07-05-2018,8,158.16,65,,19.77,p54,c12
14-05-2018,5,98.85,61,,19.77,p54,c12
21-05-2018,18,355.86,64,,19.77,p54,c12
28-05-2018,11,217.47,57,,19.77,p54,c12
04-06-2018,23,454.71,49,,19.77,p54,c12
11-06-2018,8,158.16,25,,19.77,p54,c12
18-06-2018,6,118.62,30,,19.77,p54,c12
25-06-2018,12,237.24,35,,19.77,p54,c12
02-07-2018,4,79.06,32,,19.765,p54,c12
09-07-2018,15,296.55,66,,19.77,p54,c12
16-07-2018,22,436.06,64,,19.82090909,p54,c12
23-07-2018,5,98.85,57,,19.77,p54,c12
30-07-2018,13,257.01,52,,19.77,p54,c12
06-08-2018,19,376.35,74,,19.80789474,p54,c12
13-08-2018,40,790.8,121,,19.77,p54,c12
20-08-2018,45,889.65,93,,19.77,p54,c12
27-08-2018,41,810.91,125,,19.77829268,p54,c12
03-09-2018,17,336.09,124,,19.77,p54,c12
10-09-2018,16,316.32,100,,19.77,p54,c12
17-09-2018,23,454.71,145,,19.77,p54,c12
24-09-2018,24,474.48,219,,19.77,p54,c12
01-10-2018,7,138.39,200,,19.77,p54,c12
08-10-2018,8,158.16,203,,19.77,p54,c12
15-10-2018,6,118.62,341,,19.77,p54,c12
22-10-2018,9,177.93,315,,19.77,p54,c12
29-10-2018,7,138.39,369,,19.77,p54,c12
05-11-2018,5,98.85,365,,19.77,p54,c12
12-11-2018,15,296.55,360,,19.77,p54,c12
19-11-2018,2,44.18,345,,22.09,p54,c12
26-11-2018,7,174.93,346,,24.99,p54,c12
03-12-2018,8,189.02,338,,23.6275,p54,c12
10-12-2018,5,104.78,332,,20.956,p54,c12
17-12-2018,8,168.25,326,,21.03125,p54,c12
24-12-2018,4,84.24,318,,21.06,p54,c12
