customer_1_sales_data.csv
Date,Units,Revenue,Inventory_Amount,Inventory_Units,Price,PID,CID
01-01-2018,17,186.83,,,10.99,p55,c12
08-01-2018,40,439.6,216,,10.99,p55,c12
15-01-2018,10,109.9,175,,10.99,p55,c12
22-01-2018,35,384.65,168,,10.99,p55,c12
29-01-2018,40,439.6,131,,10.99,p55,c12
05-02-2018,30,329.7,68,,10.99,p55,c12
12-02-2018,18,197.82,202,,10.99,p55,c12
19-02-2018,21,230.79,220,,10.99,p55,c12
26-02-2018,49,538.51,184,,10.99,p55,c12
05-03-2018,46,505.54,154,,10.99,p55,c12
12-03-2018,45,494.55,135,,10.99,p55,c12
19-03-2018,50,549.5,125,,10.99,p55,c12
26-03-2018,31,340.69,182,,10.99,p55,c12
02-04-2018,19,208.81,191,,10.99,p55,c12
09-04-2018,31,340.69,217,,10.99,p55,c12
16-04-2018,52,571.48,176,,10.99,p55,c12
23-04-2018,27,393.33,122,,14.56777778,p55,c12
30-04-2018,21,317.19,108,,15.10428571,p55,c12
07-05-2018,14,212.78,187,,15.19857143,p55,c12
14-05-2018,12,182.28,216,,15.19,p55,c12
21-05-2018,9,136.71,213,,15.19,p55,c12
28-05-2018,11,167.09,211,,15.19,p55,c12
04-06-2018,7,106.33,200,,15.19,p55,c12
11-06-2018,7,106.33,193,,15.19,p55,c12
18-06-2018,5,74.75,186,,14.95,p55,c12
25-06-2018,3,45.57,183,,15.19,p55,c12
02-07-2018,6,84.07,178,,14.01166667,p55,c12
09-07-2018,14,187.84,172,,13.41714286,p55,c12
16-07-2018,9,120.78,160,,13.42,p55,c12
23-07-2018,19,246.89,153,,12.99421053,p55,c12
30-07-2018,8,103.92,131,,12.99,p55,c12
06-08-2018,40,519.6,121,,12.99,p55,c12
13-08-2018,20,259.8,83,,12.99,p55,c12
20-08-2018,11,142.89,89,,12.99,p55,c12
27-08-2018,19,246.81,115,,12.99,p55,c12
03-09-2018,40,524,152,,13.1,p55,c12
10-09-2018,14,217.46,133,,15.53285714,p55,c12
17-09-2018,11,175.09,188,,15.91727273,p55,c12
24-09-2018,83,1320.77,205,,15.91289157,p55,c12
01-10-2018,33,484.27,173,,14.67484848,p55,c12
08-10-2018,8,116.56,146,,14.57,p55,c12
15-10-2018,19,276.83,132,,14.57,p55,c12
22-10-2018,22,320.54,119,,14.57,p55,c12
29-10-2018,12,174.84,179,,14.57,p55,c12
05-11-2018,9,131.13,223,,14.57,p55,c12
12-11-2018,10,145.7,233,,14.57,p55,c12
19-11-2018,4,58.9,245,,14.725,p55,c12
26-11-2018,8,116.56,241,,14.57,p55,c12
03-12-2018,4,58.28,233,,14.57,p55,c12
10-12-2018,4,58.28,230,,14.57,p55,c12
17-12-2018,5,72.85,225,,14.57,p55,c12
24-12-2018,23,335.11,222,,14.57,p55,c12
01-01-2018,1,97.6,,,97.6,p56,c6
08-01-2018,1,97.6,13,,97.6,p56,c6
22-01-2018,1,109.99,12,,109.99,p56,c6
05-02-2018,1,109.99,11,,109.99,p56,c6
19-02-2018,1,99.38,10,,99.38,p56,c6
05-03-2018,1,96.61,9,,96.61,p56,c6
26-03-2018,1,94.74,8,,94.74,p56,c6
09-04-2018,1,97.24,7,,97.24,p56,c6
14-05-2018,1,97.24,6,,97.24,p56,c6
21-05-2018,4,388.96,5,,97.24,p56,c6
04-06-2018,3,291.72,1,,97.24,p56,c6
11-06-2018,1,97.24,2,,97.24,p56,c6
18-06-2018,1,97.8,9,,97.8,p56,c6
02-07-2018,3,291.72,8,,97.24,p56,c6
09-07-2018,1,97.24,9,,97.24,p56,c6
23-07-2018,1,97.8,8,,97.8,p56,c6
06-08-2018,1,97.24,15,,97.24,p56,c6
20-08-2018,1,89.29,14,,89.29,p56,c6
01-01-2018,87,934.3,,,10.73908046,p57,c6
08-01-2018,134,1437.97,469,,10.7311194,p57,c6
15-01-2018,126,1352.5,434,,10.73412698,p57,c6
22-01-2018,101,1181.58,286,,11.69881188,p57,c6
29-01-2018,67,845.71,229,,12.62253731,p57,c6
05-02-2018,66,857.43,427,,12.99136364,p57,c6
12-02-2018,46,597.54,559,,12.99,p57,c6
19-02-2018,147,1909.58,563,,12.99034014,p57,c6
26-02-2018,47,588.48,471,,12.52085106,p57,c6
05-03-2018,116,1279.98,370,,11.03431034,p57,c6
12-03-2018,106,1167.51,294,,11.01424528,p57,c6
19-03-2018,191,2057.29,234,,10.77115183,p57,c6
26-03-2018,92,1013.46,378,,11.01586957,p57,c6
02-04-2018,135,1485.23,345,,11.0017037,p57,c6
09-04-2018,57,627.25,200,,11.00438596,p57,c6
16-04-2018,110,1215.79,335,,11.05263636,p57,c6
23-04-2018,141,1553.56,387,,11.01815603,p57,c6
30-04-2018,58,639.16,307,,11.02,p57,c6
07-05-2018,77,856.57,441,,11.12428571,p57,c6
14-05-2018,49,629.45,533,,12.84591837,p57,c6
21-05-2018,40,520.16,586,,13.004,p57,c6
28-05-2018,49,636.51,644,,12.99,p57,c6
04-06-2018,37,481.46,605,,13.01243243,p57,c6
11-06-2018,28,363.72,563,,12.99,p57,c6
18-06-2018,36,469.32,548,,13.03666667,p57,c6
25-06-2018,38,493.62,511,,12.99,p57,c6
02-07-2018,53,688.47,487,,12.99,p57,c6
09-07-2018,53,688.47,455,,12.99,p57,c6
16-07-2018,51,662.61,436,,12.99235294,p57,c6
23-07-2018,43,558.57,448,,12.99,p57,c6
30-07-2018,70,910.16,411,,13.00228571,p57,c6
06-08-2018,96,1243.8,395,,12.95625,p57,c6
13-08-2018,114,1376.43,303,,12.07394737,p57,c6
20-08-2018,119,1426.99,262,,11.99151261,p57,c6
03-09-2018,38,455.62,567,,11.99,p57,c6
10-09-2018,277,3321.23,551,,11.99,p57,c6
17-09-2018,157,1882.43,476,,11.99,p57,c6
24-09-2018,145,1738.55,829,,11.99,p57,c6
01-10-2018,89,1067.11,620,,11.99,p57,c6
08-10-2018,71,848.89,799,,11.95619718,p57,c6
15-10-2018,89,1026.61,896,,11.53494382,p57,c6
22-10-2018,96,1104.96,1147,,11.51,p57,c6
29-10-2018,94,1081.94,1297,,11.51,p57,c6
05-11-2018,78,897.78,1224,,11.51,p57,c6
12-11-2018,84,966.84,1433,,11.51,p57,c6
19-11-2018,78,897.78,1419,,11.51,p57,c6
26-11-2018,188,2165.2,1407,,11.51702128,p57,c6
03-12-2018,157,1807.21,1357,,11.51089172,p57,c6
10-12-2018,189,2175.39,1305,,11.51,p57,c6
17-12-2018,180,2071.8,1174,,11.51,p57,c6
24-12-2018,47,540.97,1031,,11.51,p57,c6
01-01-2018,5,259.9,,,51.98,p58,c6
08-01-2018,1,51.98,115,,51.98,p58,c6
15-01-2018,11,569.58,124,,51.78,p58,c6
22-01-2018,6,298.68,114,,49.78,p58,c6
29-01-2018,10,503.38,107,,50.338,p58,c6
05-02-2018,4,210.28,95,,52.57,p58,c6
12-02-2018,2,105.44,92,,52.72,p58,c6
19-02-2018,2,105.14,92,,52.57,p58,c6
26-02-2018,6,315.42,86,,52.57,p58,c6
05-03-2018,5,262.85,83,,52.57,p58,c6
19-03-2018,6,315.42,79,,52.57,p58,c6
26-03-2018,3,157.71,75,,52.57,p58,c6
02-04-2018,4,210.28,73,,52.57,p58,c6
09-04-2018,5,262.85,69,,52.57,p58,c6
16-04-2018,11,578.27,62,,52.57,p58,c6
23-04-2018,10,525.7,52,,52.57,p58,c6
30-04-2018,5,238.69,53,,47.738,p58,c6
07-05-2018,13,571.96,91,,43.99692308,p58,c6
14-05-2018,5,215.36,114,,43.072,p58,c6
21-05-2018,13,554.58,107,,42.66,p58,c6
28-05-2018,11,469.26,97,,42.66,p58,c6
04-06-2018,15,639.9,87,,42.66,p58,c6
11-06-2018,23,981.18,70,,42.66,p58,c6
18-06-2018,13,554.69,70,,42.66846154,p58,c6
25-06-2018,15,639.9,74,,42.66,p58,c6
02-07-2018,19,810.86,84,,42.67684211,p58,c6
09-07-2018,42,1861.2,99,,44.31428571,p58,c6
16-07-2018,46,1971.45,116,,42.8576087,p58,c6
23-07-2018,30,1280.22,77,,42.674,p58,c6
30-07-2018,32,1365.12,47,,42.66,p58,c6
06-08-2018,44,1877.04,133,,42.66,p58,c6
13-08-2018,52,2218.24,117,,42.65846154,p58,c6
20-08-2018,49,2090.34,112,,42.66,p58,c6
27-08-2018,82,3498.12,134,,42.66,p58,c6
03-09-2018,77,3284.82,215,,42.66,p58,c6
10-09-2018,83,3540.78,206,,42.66,p58,c6
17-09-2018,80,3412.8,226,,42.66,p58,c6
24-09-2018,48,2235.09,194,,46.564375,p58,c6
01-10-2018,21,982.02,166,,46.76285714,p58,c6
08-10-2018,34,1615.98,149,,47.52882353,p58,c6
15-10-2018,22,1201.93,106,,54.63318182,p58,c6
22-10-2018,33,1828.54,88,,55.41030303,p58,c6
29-10-2018,64,2806.22,120,,43.8471875,p58,c6
05-11-2018,20,879.69,80,,43.9845,p58,c6
12-11-2018,26,1261.92,105,,48.53538462,p58,c6
19-11-2018,10,499.52,119,,49.952,p58,c6
26-11-2018,29,1510.48,181,,52.08551724,p58,c6
03-12-2018,36,1896.12,214,,52.67,p58,c6
10-12-2018,21,1099.51,220,,52.35761905,p58,c6
17-12-2018,49,2463.16,203,,50.26857143,p58,c6
24-12-2018,3,140.76,152,,46.92,p58,c6
08-01-2018,2,108,8,,54,p59,c11
15-01-2018,1,54.1,6,,54.1,p59,c11
22-01-2018,3,163.07,5,,54.35666667,p59,c11
29-01-2018,3,165.52,2,,55.17333333,p59,c11
26-02-2018,1,55.78,7,,55.78,p59,c11
05-03-2018,2,111.56,7,,55.78,p59,c11
12-03-2018,1,56.27,4,,56.27,p59,c11
19-03-2018,5,281.87,3,,56.374,p59,c11
01-01-2018,51,779.69,,,15.28803922,p60,c11
08-01-2018,60,919.4,379,,15.32333333,p60,c11
15-01-2018,43,816.16,307,,18.98046512,p60,c11
22-01-2018,59,1132.51,288,,19.19508475,p60,c11
29-01-2018,45,863.55,247,,19.19,p60,c11
05-02-2018,37,710.13,285,,19.1927027,p60,c11
12-02-2018,31,595.03,293,,19.19451613,p60,c11
19-02-2018,47,902.54,310,,19.20297872,p60,c11
26-02-2018,33,633.6,282,,19.2,p60,c11
05-03-2018,49,942.33,256,,19.23122449,p60,c11
12-03-2018,23,441.85,262,,19.21086957,p60,c11
19-03-2018,91,1746.49,245,,19.1921978,p60,c11
26-03-2018,66,1266.64,219,,19.19151515,p60,c11
02-04-2018,33,633.27,157,,19.19,p60,c11
09-04-2018,31,595.01,175,,19.19387097,p60,c11
16-04-2018,65,1247.77,190,,19.19646154,p60,c11
23-04-2018,33,633.48,162,,19.19636364,p60,c11
30-04-2018,54,1038.87,178,,19.23833333,p60,c11
07-05-2018,47,902.13,214,,19.19425532,p60,c11
14-05-2018,36,691.47,205,,19.2075,p60,c11
21-05-2018,32,614.62,236,,19.206875,p60,c11
28-05-2018,48,921.31,240,,19.19395833,p60,c11
04-06-2018,45,863.75,228,,19.19444444,p60,c11
11-06-2018,53,1017.29,194,,19.19415094,p60,c11
18-06-2018,30,575.7,186,,19.19,p60,c11
25-06-2018,30,575.81,172,,19.19366667,p60,c11
02-07-2018,38,729.22,163,,19.19,p60,c11
09-07-2018,37,710.03,227,,19.19,p60,c11
16-07-2018,70,1343.58,230,,19.194,p60,c11
23-07-2018,68,1193.46,269,,17.55088235,p60,c11
30-07-2018,90,1544.86,206,,17.16511111,p60,c11
06-08-2018,79,1345.7,296,,17.03417722,p60,c11
13-08-2018,108,1842.56,314,,17.06074074,p60,c11
20-08-2018,94,1723.66,421,,18.33680851,p60,c11
27-08-2018,200,3761.52,565,,18.8076,p60,c11
03-09-2018,104,2543.05,669,,24.45240385,p60,c11
10-09-2018,91,2275.09,700,,25.00098901,p60,c11
17-09-2018,119,2974.77,820,,24.99806723,p60,c11
24-09-2018,133,3149.67,850,,23.68172932,p60,c11
01-10-2018,82,1591.32,795,,19.40634146,p60,c11
08-10-2018,81,1554.39,719,,19.19,p60,c11
15-10-2018,66,1266.54,638,,19.19,p60,c11
22-10-2018,62,1190.14,573,,19.19580645,p60,c11
29-10-2018,63,1209.27,513,,19.1947619,p60,c11
05-11-2018,59,1132.38,498,,19.19288136,p60,c11
12-11-2018,75,1439.35,482,,19.19133333,p60,c11
19-11-2018,61,1170.59,407,,19.19,p60,c11
26-11-2018,57,1093.83,395,,19.19,p60,c11
03-12-2018,51,978.86,429,,19.19333333,p60,c11
10-12-2018,44,844.53,502,,19.19386364,p60,c11
17-12-2018,39,748.41,537,,19.19,p60,c11
24-12-2018,15,287.85,547,,19.19,p60,c11
01-01-2018,55,991.49,,,18.02709091,p61,c10
08-01-2018,30,610.24,713,,20.34133333,p61,c10
15-01-2018,31,811.92,803,,26.19096774,p61,c10
22-01-2018,43,1129.37,774,,26.2644186,p61,c10
29-01-2018,33,799.77,741,,24.23545455,p61,c10
05-02-2018,65,1364.35,706,,20.99,p61,c10
12-02-2018,33,692.67,642,,20.99,p61,c10
19-02-2018,40,839.6,603,,20.99,p61,c10
26-02-2018,58,1217.42,557,,20.99,p61,c10
05-03-2018,45,944.55,485,,20.99,p61,c10
12-03-2018,40,931.1,459,,23.2775,p61,c10
19-03-2018,72,1965.33,422,,27.29625,p61,c10
26-03-2018,35,955.15,379,,27.29,p61,c10
02-04-2018,24,654.96,346,,27.29,p61,c10
09-04-2018,19,518.51,320,,27.29,p61,c10
16-04-2018,27,729.67,300,,27.02481481,p61,c10
23-04-2018,19,488.04,274,,25.68631579,p61,c10
30-04-2018,38,914.92,246,,24.07684211,p61,c10
07-05-2018,24,575.76,183,,23.99,p61,c10
14-05-2018,28,672.02,184,,24.00071429,p61,c10
21-05-2018,35,839.65,159,,23.99,p61,c10
28-05-2018,33,791.67,130,,23.99,p61,c10
04-06-2018,47,1127.53,115,,23.99,p61,c10
11-06-2018,32,767.68,95,,23.99,p61,c10
18-06-2018,35,839.65,64,,23.99,p61,c10
25-06-2018,45,1079.55,52,,23.99,p61,c10
02-07-2018,27,647.73,58,,23.99,p61,c10
09-07-2018,50,1199.5,106,,23.99,p61,c10
16-07-2018,50,1199.5,123,,23.99,p61,c10
23-07-2018,39,935.61,175,,23.99,p61,c10
30-07-2018,49,1175.51,185,,23.99,p61,c10
06-08-2018,38,911.62,235,,23.99,p61,c10
13-08-2018,41,983.8,220,,23.99512195,p61,c10
20-08-2018,48,1151.52,200,,23.99,p61,c10
27-08-2018,67,1607.33,191,,23.99,p61,c10
03-09-2018,67,1607.33,265,,23.99,p61,c10
10-09-2018,69,1655.31,308,,23.99,p61,c10
17-09-2018,97,2327.03,410,,23.99,p61,c10
24-09-2018,98,2351.02,554,,23.99,p61,c10
01-10-2018,36,1049.64,487,,29.15666667,p61,c10
08-10-2018,32,959.68,696,,29.99,p61,c10
15-10-2018,23,689.77,776,,29.99,p61,c10
22-10-2018,29,869.71,1091,,29.99,p61,c10
29-10-2018,26,779.74,1185,,29.99,p61,c10
05-11-2018,28,839.72,1179,,29.99,p61,c10
12-11-2018,49,1469.51,1368,,29.99,p61,c10
19-11-2018,66,1703.34,1343,,25.80818182,p61,c10
26-11-2018,111,2885.64,1483,,25.99675676,p61,c10
03-12-2018,77,2020.48,1406,,26.24,p61,c10
10-12-2018,103,2706.47,1338,,26.27640777,p61,c10
17-12-2018,73,1915.52,1240,,26.24,p61,c10
24-12-2018,26,682.24,1156,,26.24,p61,c10
01-01-2018,13,274.89,,,21.14538462,p62,c10
08-01-2018,14,297.78,365,,21.27,p62,c10
15-01-2018,21,445.79,379,,21.22809524,p62,c10
22-01-2018,22,466.18,354,,21.19,p62,c10
29-01-2018,19,402.37,336,,21.17736842,p62,c10
05-02-2018,23,506,291,,22,p62,c10
12-02-2018,9,219.21,257,,24.35666667,p62,c10
19-02-2018,14,300.86,281,,21.49,p62,c10
26-02-2018,23,494.27,269,,21.49,p62,c10
05-03-2018,28,601.72,246,,21.49,p62,c10
12-03-2018,23,494.27,217,,21.49,p62,c10
19-03-2018,42,902.58,193,,21.49,p62,c10
26-03-2018,37,795.13,166,,21.49,p62,c10
02-04-2018,32,687.68,132,,21.49,p62,c10
09-04-2018,23,494.27,122,,21.49,p62,c10
16-04-2018,28,601.72,116,,21.49,p62,c10
23-04-2018,34,730.66,102,,21.49,p62,c10
30-04-2018,37,795.13,154,,21.49,p62,c10
07-05-2018,29,622.69,144,,21.47206897,p62,c10
14-05-2018,27,580.5,131,,21.5,p62,c10
21-05-2018,35,755.55,173,,21.58714286,p62,c10
28-05-2018,34,735.25,176,,21.625,p62,c10
04-06-2018,42,902.58,174,,21.49,p62,c10
11-06-2018,26,558.74,156,,21.49,p62,c10
18-06-2018,26,609.74,185,,23.45153846,p62,c10
25-06-2018,16,479.84,180,,29.99,p62,c10
02-07-2018,6,179.94,180,,29.99,p62,c10
09-07-2018,16,479.84,210,,29.99,p62,c10
16-07-2018,24,719.76,206,,29.99,p62,c10
23-07-2018,17,509.83,207,,29.99,p62,c10
30-07-2018,13,389.87,178,,29.99,p62,c10
06-08-2018,11,329.89,175,,29.99,p62,c10
13-08-2018,9,269.91,168,,29.99,p62,c10
20-08-2018,10,299.9,171,,29.99,p62,c10
27-08-2018,21,629.79,163,,29.99,p62,c10
03-09-2018,27,809.73,190,,29.99,p62,c10
10-09-2018,46,1379.54,208,,29.99,p62,c10
17-09-2018,36,1079.64,198,,29.99,p62,c10
24-09-2018,32,959.68,166,,29.99,p62,c10
01-10-2018,8,239.92,159,,29.99,p62,c10
08-10-2018,13,389.87,152,,29.99,p62,c10
15-10-2018,7,209.93,146,,29.99,p62,c10
22-10-2018,10,299.9,137,,29.99,p62,c10
29-10-2018,7,209.93,165,,29.99,p62,c10
05-11-2018,16,479.84,201,,29.99,p62,c10
12-11-2018,20,599.8,182,,29.99,p62,c10
19-11-2018,22,659.78,163,,29.99,p62,c10
26-11-2018,47,1409.53,213,,29.99,p62,c10
03-12-2018,31,929.69,240,,29.99,p62,c10
10-12-2018,48,1439.52,217,,29.99,p62,c10
17-12-2018,39,1169.61,296,,29.99,p62,c10
24-12-2018,6,179.94,259,,29.99,p62,c10
01-01-2018,19,935.54,,,49.23894737,p63,c1
08-01-2018,22,1001.66,48,,45.53,p63,c1
15-01-2018,16,755.48,28,,47.2175,p63,c1
22-01-2018,1,49.36,16,,49.36,p63,c1
29-01-2018,1,55.31,12,,55.31,p63,c1
05-02-2018,1,58.02,12,,58.02,p63,c1
12-02-2018,2,110.27,12,,55.135,p63,c1
19-02-2018,11,473.66,12,,43.06,p63,c1
05-03-2018,1,55.08,1,,55.08,p63,c1
12-03-2018,2,114.02,3,,57.01,p63,c1
26-03-2018,5,245.74,2,,49.148,p63,c1
02-04-2018,5,246.8,75,,49.36,p63,c1
09-04-2018,8,392.69,93,,49.08625,p63,c1
16-04-2018,9,433.93,91,,48.21444444,p63,c1
23-04-2018,3,143.64,92,,47.88,p63,c1
30-04-2018,5,246.92,112,,49.384,p63,c1
07-05-2018,8,394.88,138,,49.36,p63,c1
14-05-2018,10,493.6,130,,49.36,p63,c1
21-05-2018,10,493.6,120,,49.36,p63,c1
28-05-2018,12,592.32,112,,49.36,p63,c1
04-06-2018,5,246.8,99,,49.36,p63,c1
11-06-2018,6,280.37,93,,46.72833333,p63,c1
18-06-2018,17,771.97,89,,45.41,p63,c1
25-06-2018,13,594.28,71,,45.71384615,p63,c1
02-07-2018,5,227.05,59,,45.41,p63,c1
09-07-2018,9,408.69,60,,45.41,p63,c1
16-07-2018,26,1180.66,64,,45.41,p63,c1
23-07-2018,15,681.15,50,,45.41,p63,c1
30-07-2018,25,1135.25,40,,45.41,p63,c1
06-08-2018,16,726.56,25,,45.41,p63,c1
13-08-2018,17,771.97,39,,45.41,p63,c1
20-08-2018,10,454.1,60,,45.41,p63,c1
27-08-2018,29,1316.89,75,,45.41,p63,c1
03-09-2018,34,1543.94,68,,45.41,p63,c1
10-09-2018,52,2361.32,69,,45.41,p63,c1
17-09-2018,71,3224.11,57,,45.41,p63,c1
24-09-2018,54,2452.14,43,,45.41,p63,c1
01-10-2018,30,1362.3,44,,45.41,p63,c1
08-10-2018,38,1725.58,40,,45.41,p63,c1
15-10-2018,24,1089.84,54,,45.41,p63,c1
22-10-2018,37,1680.17,53,,45.41,p63,c1
29-10-2018,22,999.02,75,,45.41,p63,c1
05-11-2018,50,2270.5,89,,45.41,p63,c1
12-11-2018,52,2361.32,109,,45.41,p63,c1
19-11-2018,94,4268.54,85,,45.41,p63,c1
26-11-2018,114,5154.9,97,,45.21842105,p63,c1
03-12-2018,118,5357.54,13,,45.40288136,p63,c1
10-12-2018,125,5676.25,126,,45.41,p63,c1
17-12-2018,127,5767.07,135,,45.41,p63,c1
24-12-2018,9,408.69,103,,45.41,p63,c1
01-01-2018,2,103.73,,,51.865,p64,c11
22-01-2018,1,48.9,17,,48.9,p64,c11
29-01-2018,3,156.47,16,,52.15666667,p64,c11
26-02-2018,1,53.19,13,,53.19,p64,c11
12-03-2018,2,109.3,12,,54.65,p64,c11
19-03-2018,2,109.3,10,,54.65,p64,c11
26-03-2018,2,109.3,8,,54.65,p64,c11
02-04-2018,1,54.65,6,,54.65,p64,c11
16-04-2018,4,215.84,5,,53.96,p64,c11
