customer_1_sales_data.csv
Date,Units,Revenue,Inventory_Amount,Inventory_Units,Price,PID,CID
01-01-2018,22,527.48,,,23.97636364,p66,c6
08-01-2018,18,428.89,191,,23.82722222,p66,c6
15-01-2018,30,714.28,172,,23.80933333,p66,c6
22-01-2018,24,571.54,140,,23.81416667,p66,c6
29-01-2018,17,404.83,104,,23.81352941,p66,c6
05-02-2018,18,428.22,119,,23.79,p66,c6
12-02-2018,21,499.82,156,,23.80095238,p66,c6
19-02-2018,21,499.94,136,,23.80666667,p66,c6
26-02-2018,17,404.83,114,,23.81352941,p66,c6
05-03-2018,33,785.33,123,,23.79787879,p66,c6
12-03-2018,37,881.18,103,,23.81567568,p66,c6
19-03-2018,37,880.63,64,,23.80081081,p66,c6
26-03-2018,33,785.57,99,,23.80515152,p66,c6
02-04-2018,25,595.03,121,,23.8012,p66,c6
09-04-2018,20,476.49,111,,23.8245,p66,c6
16-04-2018,32,761.58,110,,23.799375,p66,c6
23-04-2018,21,499.97,83,,23.80809524,p66,c6
30-04-2018,27,642.91,70,,23.81148148,p66,c6
07-05-2018,18,429.02,127,,23.83444444,p66,c6
14-05-2018,23,547.91,131,,23.82217391,p66,c6
21-05-2018,21,500.94,151,,23.85428571,p66,c6
28-05-2018,22,523.85,147,,23.81136364,p66,c6
04-06-2018,22,523.65,141,,23.80227273,p66,c6
11-06-2018,18,428.51,117,,23.80611111,p66,c6
18-06-2018,28,666.48,114,,23.80285714,p66,c6
25-06-2018,23,547.47,109,,23.80304348,p66,c6
02-07-2018,26,619.24,77,,23.81692308,p66,c6
09-07-2018,38,904.26,76,,23.79631579,p66,c6
16-07-2018,37,881.04,104,,23.81189189,p66,c6
23-07-2018,20,476.54,80,,23.827,p66,c6
30-07-2018,36,857.03,82,,23.80638889,p66,c6
06-08-2018,41,975.39,147,,23.79,p66,c6
13-08-2018,39,928.25,139,,23.80128205,p66,c6
20-08-2018,38,904.11,189,,23.79236842,p66,c6
27-08-2018,48,1142.16,251,,23.795,p66,c6
03-09-2018,62,1475.05,254,,23.79112903,p66,c6
10-09-2018,77,1833.19,280,,23.80766234,p66,c6
17-09-2018,81,1930.63,257,,23.83493827,p66,c6
24-09-2018,43,1024.37,319,,23.82255814,p66,c6
01-10-2018,37,880.63,302,,23.80081081,p66,c6
08-10-2018,20,476.15,280,,23.8075,p66,c6
15-10-2018,38,904.42,292,,23.80052632,p66,c6
22-10-2018,17,404.57,269,,23.79823529,p66,c6
29-10-2018,19,452.22,261,,23.80105263,p66,c6
05-11-2018,28,666.26,268,,23.795,p66,c6
12-11-2018,29,690.92,288,,23.82482759,p66,c6
19-11-2018,28,667.33,271,,23.83321429,p66,c6
26-11-2018,59,1404.6,258,,23.80677966,p66,c6
03-12-2018,32,762.76,223,,23.83625,p66,c6
10-12-2018,41,976.36,212,,23.81365854,p66,c6
17-12-2018,37,880.54,158,,23.79837838,p66,c6
24-12-2018,10,238.37,196,,23.837,p66,c6
12-03-2018,1,9.87,1,,9.87,p67,c12
16-04-2018,6,63.68,50,,10.61333333,p67,c12
23-04-2018,7,75.76,79,,10.82285714,p67,c12
30-04-2018,11,114.22,74,,10.38363636,p67,c12
07-05-2018,6,55.86,73,,9.31,p67,c12
14-05-2018,13,127.99,67,,9.845384615,p67,c12
21-05-2018,13,124.81,53,,9.600769231,p67,c12
28-05-2018,8,74.8,41,,9.35,p67,c12
04-06-2018,6,56.1,34,,9.35,p67,c12
11-06-2018,9,84.15,28,,9.35,p67,c12
18-06-2018,11,102.85,19,,9.35,p67,c12
25-06-2018,5,42.89,9,,8.578,p67,c12
02-07-2018,1,9.35,4,,9.35,p67,c12
09-07-2018,1,11.71,2,,11.71,p67,c12
16-07-2018,4,52.12,54,,13.03,p67,c12
23-07-2018,5,61.42,85,,12.284,p67,c12
30-07-2018,2,24.26,94,,12.13,p67,c12
06-08-2018,4,41.52,91,,10.38,p67,c12
13-08-2018,11,84.84,87,,7.712727273,p67,c12
20-08-2018,4,41.52,77,,10.38,p67,c12
01-01-2018,52,872.56,,,16.78,p68,c6
08-01-2018,42,707.34,659,,16.84142857,p68,c6
15-01-2018,43,729.79,620,,16.97186047,p68,c6
22-01-2018,64,1078,577,,16.84375,p68,c6
29-01-2018,79,1330.51,513,,16.84189873,p68,c6
05-02-2018,139,2285.95,437,,16.44568345,p68,c6
12-02-2018,34,577.66,295,,16.99,p68,c6
19-02-2018,50,849.6,257,,16.992,p68,c6
26-02-2018,48,815.52,185,,16.99,p68,c6
05-03-2018,43,730.57,160,,16.99,p68,c6
12-03-2018,51,866.49,115,,16.99,p68,c6
19-03-2018,74,1257.26,55,,16.99,p68,c6
26-03-2018,25,424.75,37,,16.99,p68,c6
02-04-2018,2,33.98,2,,16.99,p68,c6
09-04-2018,7,124.93,5,,17.84714286,p68,c6
16-04-2018,16,291.04,231,,18.19,p68,c6
23-04-2018,50,823.06,190,,16.4612,p68,c6
30-04-2018,63,1033.62,202,,16.40666667,p68,c6
07-05-2018,31,505.11,203,,16.29387097,p68,c6
14-05-2018,44,714.7,290,,16.24318182,p68,c6
21-05-2018,28,445.27,301,,15.9025,p68,c6
28-05-2018,21,338.83,283,,16.1347619,p68,c6
04-06-2018,65,1077.76,277,,16.58092308,p68,c6
11-06-2018,28,469.22,212,,16.75785714,p68,c6
18-06-2018,33,560.67,227,,16.99,p68,c6
25-06-2018,26,441.74,211,,16.99,p68,c6
02-07-2018,20,339.8,233,,16.99,p68,c6
09-07-2018,45,764.55,284,,16.99,p68,c6
16-07-2018,33,560.77,310,,16.9930303,p68,c6
23-07-2018,28,475.72,275,,16.99,p68,c6
30-07-2018,38,645.62,293,,16.99,p68,c6
06-08-2018,43,730.72,280,,16.99348837,p68,c6
13-08-2018,37,628.63,262,,16.99,p68,c6
20-08-2018,37,628.63,224,,16.99,p68,c6
27-08-2018,74,1257.26,263,,16.99,p68,c6
03-09-2018,75,1274.25,370,,16.99,p68,c6
10-09-2018,104,1766.96,401,,16.99,p68,c6
17-09-2018,78,1325.22,373,,16.99,p68,c6
24-09-2018,100,1699,609,,16.99,p68,c6
01-10-2018,53,900.47,462,,16.99,p68,c6
08-10-2018,44,747.56,504,,16.99,p68,c6
15-10-2018,51,866.49,492,,16.99,p68,c6
22-10-2018,31,526.69,815,,16.99,p68,c6
29-10-2018,36,611.64,1102,,16.99,p68,c6
05-11-2018,41,696.59,1073,,16.99,p68,c6
12-11-2018,31,526.69,1198,,16.99,p68,c6
19-11-2018,34,485.86,1234,,14.29,p68,c6
26-11-2018,48,754.32,1314,,15.715,p68,c6
03-12-2018,43,703.16,1341,,16.35255814,p68,c6
10-12-2018,61,886.54,1302,,14.53344262,p68,c6
17-12-2018,63,873.72,1242,,13.86857143,p68,c6
24-12-2018,30,417,1181,,13.9,p68,c6
05-02-2018,2,45.9,4,,22.95,p69,c12
12-02-2018,3,68.85,2,,22.95,p69,c12
19-02-2018,5,114.75,7,,22.95,p69,c12
26-02-2018,2,45.9,6,,22.95,p69,c12
05-03-2018,9,206.55,8,,22.95,p69,c12
12-03-2018,7,154.23,3,,22.03285714,p69,c12
19-03-2018,25,575.39,19,,23.0156,p69,c12
26-03-2018,11,259.83,24,,23.62090909,p69,c12
02-04-2018,16,380.32,52,,23.77,p69,c12
09-04-2018,10,237.7,54,,23.77,p69,c12
16-04-2018,12,285.24,73,,23.77,p69,c12
23-04-2018,7,166.39,76,,23.77,p69,c12
30-04-2018,17,404.15,91,,23.77352941,p69,c12
07-05-2018,6,142.62,75,,23.77,p69,c12
14-05-2018,14,332.78,70,,23.77,p69,c12
21-05-2018,11,261.47,56,,23.77,p69,c12
28-05-2018,13,309.08,47,,23.77538462,p69,c12
04-06-2018,7,166.32,41,,23.76,p69,c12
11-06-2018,6,142.56,38,,23.76,p69,c12
18-06-2018,2,47.52,38,,23.76,p69,c12
25-06-2018,9,213.84,50,,23.76,p69,c12
02-07-2018,4,94.92,47,,23.73,p69,c12
09-07-2018,5,118.52,41,,23.704,p69,c12
16-07-2018,6,142.14,44,,23.69,p69,c12
23-07-2018,5,118.41,55,,23.682,p69,c12
30-07-2018,4,94.97,56,,23.7425,p69,c12
06-08-2018,8,188.78,51,,23.5975,p69,c12
13-08-2018,4,94.1,52,,23.525,p69,c12
20-08-2018,7,164.34,47,,23.47714286,p69,c12
27-08-2018,17,398.66,43,,23.45058824,p69,c12
03-09-2018,20,467.76,34,,23.388,p69,c12
10-09-2018,14,327.06,37,,23.36142857,p69,c12
17-09-2018,24,559.92,35,,23.33,p69,c12
24-09-2018,11,247.48,31,,22.49818182,p69,c12
01-10-2018,17,345.14,54,,20.30235294,p69,c12
08-10-2018,12,243.38,50,,20.28166667,p69,c12
15-10-2018,10,202.71,41,,20.271,p69,c12
22-10-2018,9,182.43,49,,20.27,p69,c12
29-10-2018,16,324.32,126,,20.27,p69,c12
05-11-2018,14,283.78,139,,20.27,p69,c12
12-11-2018,17,344.59,129,,20.27,p69,c12
19-11-2018,17,344.59,154,,20.27,p69,c12
26-11-2018,45,912.15,190,,20.27,p69,c12
03-12-2018,35,709.45,201,,20.27,p69,c12
10-12-2018,52,1054.04,186,,20.27,p69,c12
17-12-2018,49,993.23,148,,20.27,p69,c12
24-12-2018,8,162.16,90,,20.27,p69,c12
01-01-2018,17,339.83,,,19.99,p71,c12
08-01-2018,31,619.69,241,,19.99,p71,c12
15-01-2018,25,499.75,236,,19.99,p71,c12
22-01-2018,22,439.78,229,,19.99,p71,c12
29-01-2018,29,579.71,210,,19.99,p71,c12
05-02-2018,17,339.83,184,,19.99,p71,c12
12-02-2018,10,199.9,190,,19.99,p71,c12
19-02-2018,9,179.91,176,,19.99,p71,c12
26-02-2018,21,419.79,178,,19.99,p71,c12
05-03-2018,17,339.83,159,,19.99,p71,c12
12-03-2018,18,359.82,142,,19.99,p71,c12
19-03-2018,14,279.86,111,,19.99,p71,c12
26-03-2018,14,279.86,111,,19.99,p71,c12
02-04-2018,18,359.82,96,,19.99,p71,c12
09-04-2018,4,80.11,94,,20.0275,p71,c12
16-04-2018,21,406.1,91,,19.33809524,p71,c12
23-04-2018,18,352.47,76,,19.58166667,p71,c12
30-04-2018,14,280.49,72,,20.035,p71,c12
07-05-2018,23,459.77,129,,19.99,p71,c12
14-05-2018,19,379.81,128,,19.99,p71,c12
21-05-2018,16,319.84,112,,19.99,p71,c12
28-05-2018,9,179.91,118,,19.99,p71,c12
04-06-2018,19,379.81,125,,19.99,p71,c12
11-06-2018,20,399.8,100,,19.99,p71,c12
18-06-2018,12,239.88,94,,19.99,p71,c12
25-06-2018,11,219.89,109,,19.99,p71,c12
02-07-2018,15,299.85,99,,19.99,p71,c12
09-07-2018,17,339.83,117,,19.99,p71,c12
16-07-2018,32,639.68,141,,19.99,p71,c12
23-07-2018,49,979.51,138,,19.99,p71,c12
30-07-2018,63,1259.37,122,,19.99,p71,c12
06-08-2018,74,1479.44,175,,19.99243243,p71,c12
13-08-2018,81,1619.19,198,,19.99,p71,c12
20-08-2018,56,1119.61,426,,19.99303571,p71,c12
27-08-2018,105,2098.95,543,,19.99,p71,c12
03-09-2018,111,2218.9,497,,19.99009009,p71,c12
10-09-2018,55,1094.61,444,,19.902,p71,c12
17-09-2018,88,1739.99,488,,19.77261364,p71,c12
24-09-2018,48,953.71,450,,19.86895833,p71,c12
01-10-2018,41,804.33,428,,19.61780488,p71,c12
08-10-2018,30,574.22,385,,19.14066667,p71,c12
15-10-2018,26,493.22,369,,18.97,p71,c12
22-10-2018,31,602.65,343,,19.44032258,p71,c12
29-10-2018,24,479.76,316,,19.99,p71,c12
05-11-2018,20,399.8,291,,19.99,p71,c12
12-11-2018,31,619.69,269,,19.99,p71,c12
19-11-2018,11,219.89,248,,19.99,p71,c12
26-11-2018,40,799.82,251,,19.9955,p71,c12
03-12-2018,18,359.99,239,,19.99944444,p71,c12
10-12-2018,17,339.83,215,,19.99,p71,c12
17-12-2018,27,539.73,201,,19.99,p71,c12
24-12-2018,9,180.16,221,,20.01777778,p71,c12
01-01-2018,21,345.32,,,16.44380952,p72,c5
08-01-2018,30,491.7,127,,16.39,p72,c5
15-01-2018,19,316.41,95,,16.65315789,p72,c5
22-01-2018,20,370.3,77,,18.515,p72,c5
29-01-2018,19,363.31,33,,19.12157895,p72,c5
05-02-2018,15,286.35,103,,19.09,p72,c5
12-02-2018,18,324.72,132,,18.04,p72,c5
19-02-2018,41,737.59,118,,17.99,p72,c5
26-02-2018,40,719.6,84,,17.99,p72,c5
05-03-2018,51,917.49,39,,17.99,p72,c5
12-03-2018,30,539.7,41,,17.99,p72,c5
19-03-2018,43,773.68,51,,17.99255814,p72,c5
26-03-2018,30,539.7,169,,17.99,p72,c5
02-04-2018,27,485.73,162,,17.99,p72,c5
09-04-2018,14,253.86,136,,18.13285714,p72,c5
16-04-2018,23,437.77,117,,19.03347826,p72,c5
23-04-2018,40,725.6,92,,18.14,p72,c5
30-04-2018,21,377.79,59,,17.99,p72,c5
07-05-2018,18,324.01,119,,18.00055556,p72,c5
14-05-2018,30,539.7,145,,17.99,p72,c5
21-05-2018,13,233.87,154,,17.99,p72,c5
28-05-2018,25,449.75,159,,17.99,p72,c5
04-06-2018,17,305.83,138,,17.99,p72,c5
11-06-2018,16,287.84,121,,17.99,p72,c5
18-06-2018,13,233.87,127,,17.99,p72,c5
25-06-2018,26,467.74,161,,17.99,p72,c5
02-07-2018,9,161.91,130,,17.99,p72,c5
09-07-2018,32,575.68,126,,17.99,p72,c5
16-07-2018,26,467.74,126,,17.99,p72,c5
23-07-2018,17,305.96,128,,17.99764706,p72,c5
30-07-2018,34,611.66,128,,17.99,p72,c5
06-08-2018,25,449.75,167,,17.99,p72,c5
13-08-2018,17,305.83,190,,17.99,p72,c5
20-08-2018,20,359.8,193,,17.99,p72,c5
27-08-2018,62,1115.38,194,,17.99,p72,c5
03-09-2018,55,989.45,153,,17.99,p72,c5
10-09-2018,60,1079.4,156,,17.99,p72,c5
17-09-2018,57,1025.43,213,,17.99,p72,c5
24-09-2018,49,881.51,189,,17.99,p72,c5
01-10-2018,19,341.81,224,,17.99,p72,c5
08-10-2018,32,575.68,201,,17.99,p72,c5
15-10-2018,17,305.83,169,,17.99,p72,c5
22-10-2018,23,413.77,174,,17.99,p72,c5
29-10-2018,22,395.78,205,,17.99,p72,c5
05-11-2018,25,449.75,205,,17.99,p72,c5
12-11-2018,28,489.32,181,,17.47571429,p72,c5
19-11-2018,19,331.01,206,,17.42157895,p72,c5
26-11-2018,43,673.67,185,,15.66674419,p72,c5
03-12-2018,41,626.89,191,,15.29,p72,c5
10-12-2018,21,321.09,220,,15.29,p72,c5
17-12-2018,18,275.22,228,,15.29,p72,c5
24-12-2018,12,183.48,204,,15.29,p72,c5
01-01-2018,603,5143.05,,,8.529104478,p73,c6
08-01-2018,733,6330.75,8695,,8.636766712,p73,c6
15-01-2018,743,6455.3,8313,,8.688156124,p73,c6
22-01-2018,1029,8871.97,8099,,8.621933916,p73,c6
29-01-2018,1294,11171.59,7150,,8.633377125,p73,c6
05-02-2018,1316,11318.97,6396,,8.601041033,p73,c6
12-02-2018,1016,8675.2,6822,,8.538582677,p73,c6
19-02-2018,1176,10031.22,5564,,8.52994898,p73,c6
26-02-2018,1461,12538.5,5334,,8.582135524,p73,c6
05-03-2018,1282,10978.01,4037,,8.563190328,p73,c6
12-03-2018,1368,11985.27,3752,,8.761162281,p73,c6
19-03-2018,1341,16252.84,3423,,12.11994034,p73,c6
26-03-2018,743,9274.81,4653,,12.48292059,p73,c6
02-04-2018,734,8580.79,4980,,11.69044959,p73,c6
09-04-2018,2605,22307.32,4631,,8.563270633,p73,c6
16-04-2018,1619,13353.63,2159,,8.248072884,p73,c6
23-04-2018,836,6986.11,195,,8.356590909,p73,c6
30-04-2018,1241,10669.84,1222,,8.597775987,p73,c6
07-05-2018,881,8699.34,4601,,9.874392736,p73,c6
14-05-2018,926,8054.66,5183,,8.698336933,p73,c6
21-05-2018,1082,9337.94,5152,,8.63025878,p73,c6
28-05-2018,1024,8949.9,5050,,8.740136719,p73,c6
04-06-2018,1090,9374.77,4934,,8.600706422,p73,c6
11-06-2018,1062,9441.36,5169,,8.890169492,p73,c6
18-06-2018,1334,11809.13,4807,,8.852421289,p73,c6
25-06-2018,1260,11814.66,4115,,9.376714286,p73,c6
02-07-2018,1051,12116.01,2985,,11.52807802,p73,c6
09-07-2018,985,12773.16,5985,,12.96767513,p73,c6
16-07-2018,1417,18428.29,9186,,13.00514467,p73,c6
23-07-2018,1541,17131.22,8234,,11.11695003,p73,c6
30-07-2018,1276,13736.28,7216,,10.76510972,p73,c6
06-08-2018,1298,13159.84,5740,,10.13855162,p73,c6
13-08-2018,1927,19647.81,4571,,10.19606124,p73,c6
20-08-2018,2485,21521.44,2717,,8.660539235,p73,c6
27-08-2018,2350,20370.83,881,,8.668438298,p73,c6
03-09-2018,1720,15454.42,674,,8.985127907,p73,c6
10-09-2018,4019,45292.89,1382,,11.26969147,p73,c6
17-09-2018,5152,45025.56,2845,,8.73943323,p73,c6
24-09-2018,4537,38527.89,9296,,8.491930791,p73,c6
01-10-2018,2008,19727.71,7577,,9.824556773,p73,c6
08-10-2018,1531,19761.69,10813,,12.90770085,p73,c6
15-10-2018,1450,18826.7,13152,,12.98393103,p73,c6
22-10-2018,1260,16367.94,19799,,12.99042857,p73,c6
29-10-2018,1203,15627.41,26020,,12.99036575,p73,c6
05-11-2018,1363,17705.86,25406,,12.9903595,p73,c6
12-11-2018,1291,16773.39,24748,,12.99255616,p73,c6
19-11-2018,1626,19112.24,23451,,11.75414514,p73,c6
26-11-2018,2119,26058.94,24955,,12.29775366,p73,c6
03-12-2018,1519,19681.87,24439,,12.95712311,p73,c6
10-12-2018,1705,22149.81,23016,,12.99109091,p73,c6
17-12-2018,1442,18733.96,21676,,12.99165049,p73,c6
24-12-2018,343,4457.6,20497,,12.99591837,p73,c6
01-01-2018,25,1628.4,,,65.136,p74,c6
08-01-2018,28,1911.85,91,,68.28035714,p74,c6
15-01-2018,16,1109.15,60,,69.321875,p74,c6
22-01-2018,26,1814.02,45,,69.77,p74,c6
29-01-2018,13,904.52,8,,69.57846154,p74,c6
05-02-2018,2,143.86,1,,71.93,p74,c6
12-02-2018,14,1079.45,99,,77.10357143,p74,c6
19-02-2018,5,485.02,109,,97.004,p74,c6
26-02-2018,2,201.74,120,,100.87,p74,c6
05-03-2018,5,504.8,114,,100.96,p74,c6
12-03-2018,7,723.69,111,,103.3842857,p74,c6
19-03-2018,2,207.26,103,,103.63,p74,c6
26-03-2018,8,827.42,102,,103.4275,p74,c6
02-04-2018,12,1235.24,98,,102.9366667,p74,c6
09-04-2018,1,104.45,82,,104.45,p74,c6
16-04-2018,3,311.39,81,,103.7966667,p74,c6
23-04-2018,28,2897.78,78,,103.4921429,p74,c6
30-04-2018,2,206.34,53,,103.17,p74,c6
07-05-2018,9,920.79,48,,102.31,p74,c6
14-05-2018,9,923.91,38,,102.6566667,p74,c6
21-05-2018,2,206.13,38,,103.065,p74,c6
28-05-2018,15,1539.58,36,,102.6386667,p74,c6
11-06-2018,6,612.36,21,,102.06,p74,c6
18-06-2018,8,816.48,16,,102.06,p74,c6
25-06-2018,1,102.06,6,,102.06,p74,c6
30-07-2018,3,309.57,3,,103.19,p74,c6
06-08-2018,19,1872.26,0,,98.54,p74,c6
13-08-2018,4,410.24,0,,102.56,p74,c6
20-08-2018,21,2157.48,0,,102.7371429,p74,c6
27-08-2018,7,821.14,25,,117.3057143,p74,c6
03-09-2018,7,839.93,25,,119.99,p74,c6
10-09-2018,4,468.28,39,,117.07,p74,c6
17-09-2018,4,468.28,59,,117.07,p74,c6
24-09-2018,6,702.42,55,,117.07,p74,c6
01-10-2018,8,936.56,56,,117.07,p74,c6
08-10-2018,4,469.6,43,,117.4,p74,c6
15-10-2018,4,468.28,39,,117.07,p74,c6
22-10-2018,1,117.07,41,,117.07,p74,c6
29-10-2018,3,285.05,56,,95.01666667,p74,c6
05-11-2018,9,788.99,75,,87.66555556,p74,c6
12-11-2018,11,923.89,87,,83.99,p74,c6
19-11-2018,9,755.91,81,,83.99,p74,c6
26-11-2018,18,1511.82,99,,83.99,p74,c6
03-12-2018,8,674.44,119,,84.305,p74,c6
10-12-2018,4,373.12,125,,93.28,p74,c6
17-12-2018,7,591.4,119,,84.48571429,p74,c6
24-12-2018,1,92.7,128,,92.7,p74,c6
01-01-2018,4,124.08,,,31.02,p75,c12
08-01-2018,1,39.74,59,,39.74,p75,c12
15-01-2018,6,231.34,58,,38.55666667,p75,c12
22-01-2018,3,119.22,52,,39.74,p75,c12
29-01-2018,2,79.48,48,,39.74,p75,c12
05-02-2018,8,289.52,46,,36.19,p75,c12
12-02-2018,5,180.95,38,,36.19,p75,c12
19-02-2018,2,72.38,34,,36.19,p75,c12
26-02-2018,3,108.57,37,,36.19,p75,c12
05-03-2018,3,108.57,35,,36.19,p75,c12
12-03-2018,2,72.38,33,,36.19,p75,c12
19-03-2018,1,36.19,29,,36.19,p75,c12
26-03-2018,9,325.71,34,,36.19,p75,c12
02-04-2018,11,398.09,25,,36.19,p75,c12
09-04-2018,6,217.14,14,,36.19,p75,c12
16-04-2018,5,180.95,29,,36.19,p75,c12
23-04-2018,1,36.19,33,,36.19,p75,c12
30-04-2018,6,217.14,32,,36.19,p75,c12
07-05-2018,1,36.19,41,,36.19,p75,c12
14-05-2018,5,180.95,37,,36.19,p75,c12
21-05-2018,5,180.95,32,,36.19,p75,c12
28-05-2018,3,108.57,27,,36.19,p75,c12
04-06-2018,4,144.76,24,,36.19,p75,c12
11-06-2018,6,217.14,20,,36.19,p75,c12
18-06-2018,11,398.09,14,,36.19,p75,c12
25-06-2018,3,108.57,9,,36.19,p75,c12
02-07-2018,5,180.95,0,,36.19,p75,c12
09-07-2018,5,180.95,13,,36.19,p75,c12
16-07-2018,7,253.33,27,,36.19,p75,c12
23-07-2018,9,325.71,37,,36.19,p75,c12
30-07-2018,9,325.71,29,,36.19,p75,c12
06-08-2018,8,289.52,49,,36.19,p75,c12
13-08-2018,13,470.47,44,,36.19,p75,c12
20-08-2018,21,759.99,54,,36.19,p75,c12
27-08-2018,6,217.14,53,,36.19,p75,c12
03-09-2018,23,832.37,55,,36.19,p75,c12
10-09-2018,11,398.09,66,,36.19,p75,c12
17-09-2018,7,253.33,62,,36.19,p75,c12
24-09-2018,13,470.47,70,,36.19,p75,c12
01-10-2018,7,253.33,69,,36.19,p75,c12
08-10-2018,10,361.9,64,,36.19,p75,c12
15-10-2018,2,72.38,57,,36.19,p75,c12
22-10-2018,5,191.99,55,,38.398,p75,c12
29-10-2018,5,178.2,76,,35.64,p75,c12
05-11-2018,10,361.9,71,,36.19,p75,c12
12-11-2018,1,36.19,62,,36.19,p75,c12
19-11-2018,3,108.57,59,,36.19,p75,c12
26-11-2018,4,144.76,62,,36.19,p75,c12
03-12-2018,0,0,59,,,p75,c12
10-12-2018,5,153.8,59,,30.76,p75,c12
17-12-2018,2,61.52,57,,30.76,p75,c12
24-12-2018,1,30.76,52,,30.76,p75,c12
