customer_1_sales_data.csv
Date,Units,Revenue,Inventory_Amount,Inventory_Units,Price,PID,CID
01-01-2018,78,467.22,,,5.99,p76,c12
08-01-2018,60,359.4,396,,5.99,p76,c12
15-01-2018,92,551.08,337,,5.99,p76,c12
22-01-2018,87,521.13,246,,5.99,p76,c12
29-01-2018,69,413.31,161,,5.99,p76,c12
05-02-2018,74,443.26,85,,5.99,p76,c12
12-02-2018,3,19.13,14,,6.376666667,p76,c12
26-02-2018,1,5.99,7,,5.99,p76,c12
12-03-2018,34,203.66,7,,5.99,p76,c12
19-03-2018,96,575.04,81,,5.99,p76,c12
26-03-2018,68,407.32,294,,5.99,p76,c12
02-04-2018,49,293.51,302,,5.99,p76,c12
09-04-2018,46,275.56,237,,5.990434783,p76,c12
16-04-2018,64,383.36,314,,5.99,p76,c12
23-04-2018,111,664.89,225,,5.99,p76,c12
30-04-2018,50,299.5,132,,5.99,p76,c12
07-05-2018,44,263.56,226,,5.99,p76,c12
14-05-2018,45,269.55,319,,5.99,p76,c12
21-05-2018,52,311.48,348,,5.99,p76,c12
28-05-2018,56,335.44,295,,5.99,p76,c12
04-06-2018,52,311.48,238,,5.99,p76,c12
11-06-2018,44,263.56,249,,5.99,p76,c12
18-06-2018,39,233.61,217,,5.99,p76,c12
25-06-2018,48,287.52,224,,5.99,p76,c12
02-07-2018,36,215.64,210,,5.99,p76,c12
09-07-2018,48,291.81,221,,6.079375,p76,c12
16-07-2018,54,323.46,215,,5.99,p76,c12
23-07-2018,58,347.42,216,,5.99,p76,c12
30-07-2018,71,425.29,230,,5.99,p76,c12
06-08-2018,63,377.37,271,,5.99,p76,c12
13-08-2018,47,281.53,471,,5.99,p76,c12
20-08-2018,68,407.32,477,,5.99,p76,c12
27-08-2018,119,712.81,422,,5.99,p76,c12
03-09-2018,85,509.15,410,,5.99,p76,c12
10-09-2018,152,914.86,429,,6.018815789,p76,c12
17-09-2018,82,491.18,496,,5.99,p76,c12
24-09-2018,59,353.41,533,,5.99,p76,c12
01-10-2018,49,293.51,474,,5.99,p76,c12
08-10-2018,38,227.62,449,,5.99,p76,c12
15-10-2018,49,293.51,411,,5.99,p76,c12
22-10-2018,55,329.45,353,,5.99,p76,c12
29-10-2018,30,179.7,330,,5.99,p76,c12
05-11-2018,42,251.58,352,,5.99,p76,c12
12-11-2018,46,275.54,469,,5.99,p76,c12
19-11-2018,33,197.67,491,,5.99,p76,c12
26-11-2018,58,348.23,464,,6.003965517,p76,c12
03-12-2018,59,353.41,459,,5.99,p76,c12
10-12-2018,79,436.35,570,,5.523417722,p76,c12
17-12-2018,48,281.32,506,,5.860833333,p76,c12
24-12-2018,20,119.8,503,,5.99,p76,c12
01-01-2018,1,7.89,,,7.89,p77,c8
08-01-2018,13,102.97,73,,7.920769231,p77,c8
15-01-2018,6,47.34,63,,7.89,p77,c8
22-01-2018,4,31.56,59,,7.89,p77,c8
29-01-2018,24,189.79,50,,7.907916667,p77,c8
05-02-2018,24,189.36,29,,7.89,p77,c8
19-02-2018,2,15.78,0,,7.89,p77,c8
26-02-2018,2,15.78,2,,7.89,p77,c8
16-04-2018,15,137.25,240,,9.15,p77,c8
30-04-2018,2,19.98,225,,9.99,p77,c8
07-05-2018,5,41.9,223,,8.38,p77,c8
14-05-2018,1,6.48,219,,6.48,p77,c8
21-05-2018,7,45.36,217,,6.48,p77,c8
04-06-2018,1,6.48,210,,6.48,p77,c8
11-06-2018,1,6.48,210,,6.48,p77,c8
18-06-2018,1,6.48,208,,6.48,p77,c8
25-06-2018,4,25.92,206,,6.48,p77,c8
02-07-2018,3,19.44,204,,6.48,p77,c8
09-07-2018,1,6.48,199,,6.48,p77,c8
16-07-2018,15,97.2,198,,6.48,p77,c8
23-07-2018,3,19.44,183,,6.48,p77,c8
30-07-2018,7,45.36,180,,6.48,p77,c8
06-08-2018,4,25.92,174,,6.48,p77,c8
13-08-2018,4,25.92,170,,6.48,p77,c8
20-08-2018,3,19.44,165,,6.48,p77,c8
27-08-2018,30,194.4,162,,6.48,p77,c8
03-09-2018,8,51.84,143,,6.48,p77,c8
10-09-2018,13,84.24,144,,6.48,p77,c8
17-09-2018,10,64.8,133,,6.48,p77,c8
24-09-2018,7,45.36,129,,6.48,p77,c8
01-10-2018,2,12.96,122,,6.48,p77,c8
08-10-2018,6,38.88,120,,6.48,p77,c8
15-10-2018,1,6.48,114,,6.48,p77,c8
22-10-2018,0,0,113,,,p77,c8
29-10-2018,3,29.97,113,,9.99,p77,c8
05-11-2018,19,189.88,110,,9.993684211,p77,c8
12-11-2018,3,30.03,102,,10.01,p77,c8
19-11-2018,3,30.11,89,,10.03666667,p77,c8
26-11-2018,6,59.94,86,,9.99,p77,c8
03-12-2018,10,99.9,79,,9.99,p77,c8
10-12-2018,10,99.9,69,,9.99,p77,c8
17-12-2018,2,19.98,59,,9.99,p77,c8
24-12-2018,1,9.99,57,,9.99,p77,c8
01-01-2018,14,206.5,,,14.75,p78,c9
08-01-2018,8,118.23,67,,14.77875,p78,c9
15-01-2018,8,124.85,60,,15.60625,p78,c9
22-01-2018,9,174.67,51,,19.40777778,p78,c9
29-01-2018,4,79.96,43,,19.99,p78,c9
05-02-2018,12,219.88,38,,18.32333333,p78,c9
12-02-2018,5,74.95,27,,14.99,p78,c9
19-02-2018,1,14.99,20,,14.99,p78,c9
26-02-2018,10,149.9,20,,14.99,p78,c9
05-03-2018,2,29.98,12,,14.99,p78,c9
12-03-2018,4,59.96,9,,14.99,p78,c9
19-03-2018,5,74.95,5,,14.99,p78,c9
26-03-2018,11,164.89,12,,14.99,p78,c9
02-04-2018,1,14.99,38,,14.99,p78,c9
09-04-2018,6,89.94,37,,14.99,p78,c9
16-04-2018,7,104.93,44,,14.99,p78,c9
23-04-2018,5,92.63,39,,18.526,p78,c9
30-04-2018,6,137.74,42,,22.95666667,p78,c9
07-05-2018,6,143.78,34,,23.96333333,p78,c9
14-05-2018,3,71.97,29,,23.99,p78,c9
21-05-2018,4,95.96,25,,23.99,p78,c9
28-05-2018,5,119.95,21,,23.99,p78,c9
04-06-2018,1,23.83,16,,23.83,p78,c9
11-06-2018,5,119.15,15,,23.83,p78,c9
25-06-2018,3,71.49,34,,23.83,p78,c9
02-07-2018,9,179.91,31,,19.99,p78,c9
09-07-2018,2,39.98,28,,19.99,p78,c9
16-07-2018,3,59.97,20,,19.99,p78,c9
23-07-2018,5,99.95,30,,19.99,p78,c9
30-07-2018,2,39.98,24,,19.99,p78,c9
06-08-2018,4,79.96,22,,19.99,p78,c9
13-08-2018,6,119.94,30,,19.99,p78,c9
20-08-2018,4,79.96,25,,19.99,p78,c9
01-01-2018,17,304.27,,,17.89823529,p79,c10
08-01-2018,23,429.65,334,,18.68043478,p79,c10
15-01-2018,10,217.55,331,,21.755,p79,c10
22-01-2018,13,285.35,320,,21.95,p79,c10
29-01-2018,17,373.15,308,,21.95,p79,c10
05-02-2018,25,548.75,293,,21.95,p79,c10
12-02-2018,7,153.65,269,,21.95,p79,c10
19-02-2018,9,197.55,257,,21.95,p79,c10
26-02-2018,21,460.95,246,,21.95,p79,c10
05-03-2018,27,592.65,225,,21.95,p79,c10
12-03-2018,32,702.4,203,,21.95,p79,c10
19-03-2018,40,878,171,,21.95,p79,c10
26-03-2018,29,636.55,171,,21.95,p79,c10
02-04-2018,54,1185.3,206,,21.95,p79,c10
09-04-2018,60,1317,189,,21.95,p79,c10
16-04-2018,47,1031.65,141,,21.95,p79,c10
23-04-2018,55,1207.25,114,,21.95,p79,c10
30-04-2018,57,1251.15,152,,21.95,p79,c10
07-05-2018,39,856.05,111,,21.95,p79,c10
14-05-2018,35,768.52,124,,21.95771429,p79,c10
21-05-2018,30,664.35,221,,22.145,p79,c10
28-05-2018,29,636.55,307,,21.95,p79,c10
04-06-2018,34,892.48,280,,26.24941176,p79,c10
11-06-2018,14,387.06,249,,27.64714286,p79,c10
18-06-2018,27,705.93,233,,26.14555556,p79,c10
25-06-2018,44,967.68,205,,21.99272727,p79,c10
02-07-2018,42,923.58,167,,21.99,p79,c10
09-07-2018,28,695.72,125,,24.84714286,p79,c10
16-07-2018,23,689.77,125,,29.99,p79,c10
23-07-2018,10,299.9,139,,29.99,p79,c10
30-07-2018,35,1049.65,126,,29.99,p79,c10
06-08-2018,28,839.72,106,,29.99,p79,c10
13-08-2018,17,509.83,77,,29.99,p79,c10
20-08-2018,19,569.81,61,,29.99,p79,c10
27-08-2018,14,419.86,38,,29.99,p79,c10
03-09-2018,20,599.8,81,,29.99,p79,c10
10-09-2018,41,1229.59,176,,29.99,p79,c10
17-09-2018,26,779.74,163,,29.99,p79,c10
24-09-2018,35,1049.65,175,,29.99,p79,c10
01-10-2018,16,479.84,165,,29.99,p79,c10
08-10-2018,12,359.88,158,,29.99,p79,c10
15-10-2018,18,471.06,148,,26.17,p79,c10
22-10-2018,6,158.64,151,,26.44,p79,c10
29-10-2018,19,451.57,140,,23.76684211,p79,c10
05-11-2018,11,266.42,155,,24.22,p79,c10
12-11-2018,26,629.72,141,,24.22,p79,c10
19-11-2018,32,775.04,239,,24.22,p79,c10
26-11-2018,45,1089.9,228,,24.22,p79,c10
03-12-2018,67,1600.39,318,,23.88641791,p79,c10
10-12-2018,105,2083.12,391,,19.8392381,p79,c10
17-12-2018,108,2034.18,304,,18.835,p79,c10
24-12-2018,14,263.06,194,,18.79,p79,c10
01-01-2018,3,116.97,,,38.99,p80,c9
08-01-2018,3,117.03,42,,39.01,p80,c9
15-01-2018,4,185.96,61,,46.49,p80,c9
22-01-2018,5,229.4,56,,45.88,p80,c9
29-01-2018,3,137.64,51,,45.88,p80,c9
05-02-2018,2,91.76,49,,45.88,p80,c9
12-02-2018,1,45.88,47,,45.88,p80,c9
19-02-2018,4,183.52,48,,45.88,p80,c9
26-02-2018,4,183.52,44,,45.88,p80,c9
05-03-2018,8,367.42,39,,45.9275,p80,c9
12-03-2018,4,183.56,31,,45.89,p80,c9
19-03-2018,11,596.95,27,,54.26818182,p80,c9
26-03-2018,5,270.27,27,,54.054,p80,c9
02-04-2018,2,91.78,21,,45.89,p80,c9
09-04-2018,1,45.89,25,,45.89,p80,c9
16-04-2018,5,229.45,36,,45.89,p80,c9
23-04-2018,1,45.89,37,,45.89,p80,c9
07-05-2018,2,91.78,48,,45.89,p80,c9
14-05-2018,4,183.56,46,,45.89,p80,c9
21-05-2018,2,101.38,55,,50.69,p80,c9
28-05-2018,1,56.73,52,,56.73,p80,c9
04-06-2018,3,137.67,51,,45.89,p80,c9
11-06-2018,2,91.78,48,,45.89,p80,c9
18-06-2018,1,45.89,47,,45.89,p80,c9
25-06-2018,4,183.56,45,,45.89,p80,c9
02-07-2018,3,137.67,42,,45.89,p80,c9
09-07-2018,3,137.67,39,,45.89,p80,c9
16-07-2018,4,183.56,35,,45.89,p80,c9
23-07-2018,3,137.67,31,,45.89,p80,c9
30-07-2018,1,45.89,28,,45.89,p80,c9
06-08-2018,6,275.34,27,,45.89,p80,c9
13-08-2018,3,137.67,22,,45.89,p80,c9
20-08-2018,4,183.56,30,,45.89,p80,c9
27-08-2018,2,91.78,26,,45.89,p80,c9
03-09-2018,2,91.78,37,,45.89,p80,c9
10-09-2018,1,45.89,42,,45.89,p80,c9
17-09-2018,4,183.56,41,,45.89,p80,c9
24-09-2018,4,183.56,38,,45.89,p80,c9
01-10-2018,3,137.67,36,,45.89,p80,c9
08-10-2018,2,91.78,33,,45.89,p80,c9
15-10-2018,4,183.56,31,,45.89,p80,c9
22-10-2018,3,137.67,29,,45.89,p80,c9
29-10-2018,3,137.67,31,,45.89,p80,c9
05-11-2018,2,91.78,33,,45.89,p80,c9
12-11-2018,12,551.08,43,,45.92333333,p80,c9
19-11-2018,9,413.01,44,,45.89,p80,c9
26-11-2018,15,676.65,47,,45.11,p80,c9
03-12-2018,19,854.81,44,,44.99,p80,c9
10-12-2018,27,1214.73,51,,44.99,p80,c9
17-12-2018,19,854.81,26,,44.99,p80,c9
24-12-2018,4,179.96,6,,44.99,p80,c9
01-01-2018,44,1304.58,,,29.64954545,p81,c10
08-01-2018,92,1956.04,194,,21.26130435,p81,c10
15-01-2018,178,2694.92,230,,15.14,p81,c10
22-01-2018,35,532.97,27,,15.22771429,p81,c10
29-01-2018,4,60.04,3,,15.01,p81,c10
05-02-2018,2,42,1,,21,p81,c10
12-02-2018,1,28.57,0,,28.57,p81,c10
19-02-2018,1,29.99,1,,29.99,p81,c10
19-03-2018,26,757.74,0,,29.14384615,p81,c10
26-03-2018,57,1705.03,41,,29.91280702,p81,c10
02-04-2018,29,869.71,217,,29.99,p81,c10
09-04-2018,34,1019.66,275,,29.99,p81,c10
16-04-2018,65,1804.35,264,,27.75923077,p81,c10
23-04-2018,39,1169.61,252,,29.99,p81,c10
30-04-2018,48,1439.52,326,,29.99,p81,c10
07-05-2018,51,1509.49,342,,29.59784314,p81,c10
14-05-2018,58,1504.42,327,,25.93827586,p81,c10
21-05-2018,53,1324.47,350,,24.99,p81,c10
28-05-2018,55,1379.03,342,,25.07327273,p81,c10
04-06-2018,65,1624.35,317,,24.99,p81,c10
11-06-2018,54,1349.46,269,,24.99,p81,c10
18-06-2018,77,1924.23,212,,24.99,p81,c10
25-06-2018,86,2149.14,138,,24.99,p81,c10
02-07-2018,67,1674.33,143,,24.99,p81,c10
09-07-2018,70,1749.3,225,,24.99,p81,c10
16-07-2018,99,2474.01,440,,24.99,p81,c10
23-07-2018,73,1824.27,433,,24.99,p81,c10
30-07-2018,67,1674.33,380,,24.99,p81,c10
06-08-2018,59,1474.41,351,,24.99,p81,c10
13-08-2018,75,1874.25,325,,24.99,p81,c10
20-08-2018,72,1799.28,317,,24.99,p81,c10
27-08-2018,107,2683.93,311,,25.08345794,p81,c10
03-09-2018,88,2604.38,433,,29.59522727,p81,c10
10-09-2018,65,1949.35,572,,29.99,p81,c10
17-09-2018,86,2579.14,893,,29.99,p81,c10
24-09-2018,38,1139.62,1709,,29.99,p81,c10
01-10-2018,44,1319.56,1448,,29.99,p81,c10
08-10-2018,79,2054.21,1972,,26.00265823,p81,c10
15-10-2018,81,2024.19,2001,,24.99,p81,c10
22-10-2018,90,2249.1,3177,,24.99,p81,c10
29-10-2018,108,2698.92,3608,,24.99,p81,c10
05-11-2018,161,4023.39,3530,,24.99,p81,c10
12-11-2018,205,5122.95,3982,,24.99,p81,c10
19-11-2018,358,8962.56,3921,,25.0350838,p81,c10
26-11-2018,610,15248.62,3823,,24.9977377,p81,c10
03-12-2018,441,11035.59,3016,,25.02401361,p81,c10
10-12-2018,354,10406.46,2739,,29.39677966,p81,c10
17-12-2018,301,9011.99,2383,,29.94016611,p81,c10
24-12-2018,44,1319.56,2046,,29.99,p81,c10
01-01-2018,28,690.2,,,24.65,p82,c11
08-01-2018,35,867.64,255,,24.78971429,p82,c11
15-01-2018,24,591.6,227,,24.65,p82,c11
22-01-2018,35,862.75,193,,24.65,p82,c11
29-01-2018,20,493,165,,24.65,p82,c11
05-02-2018,36,887.4,124,,24.65,p82,c11
12-02-2018,42,1041.12,103,,24.78857143,p82,c11
19-02-2018,35,862.75,57,,24.65,p82,c11
26-02-2018,20,493,27,,24.65,p82,c11
05-03-2018,1,24.65,1,,24.65,p82,c11
12-03-2018,6,185.54,1,,30.92333333,p82,c11
19-03-2018,22,645.82,11,,29.35545455,p82,c11
26-03-2018,3,80.96,7,,26.98666667,p82,c11
02-04-2018,13,324.87,25,,24.99,p82,c11
09-04-2018,11,274.89,16,,24.99,p82,c11
16-04-2018,5,124.95,3,,24.99,p82,c11
23-04-2018,10,249.9,73,,24.99,p82,c11
30-04-2018,28,699.72,195,,24.99,p82,c11
07-05-2018,17,424.83,213,,24.99,p82,c11
14-05-2018,25,624.75,238,,24.99,p82,c11
21-05-2018,18,449.82,211,,24.99,p82,c11
28-05-2018,16,399.84,186,,24.99,p82,c11
04-06-2018,18,449.82,169,,24.99,p82,c11
11-06-2018,43,1074.57,149,,24.99,p82,c11
18-06-2018,27,674.73,102,,24.99,p82,c11
25-06-2018,21,524.79,84,,24.99,p82,c11
02-07-2018,23,574.77,96,,24.99,p82,c11
09-07-2018,16,399.84,127,,24.99,p82,c11
16-07-2018,21,529.6,197,,25.21904762,p82,c11
23-07-2018,19,474.81,252,,24.99,p82,c11
30-07-2018,40,999.6,243,,24.99,p82,c11
06-08-2018,18,449.82,210,,24.99,p82,c11
13-08-2018,31,774.69,185,,24.99,p82,c11
20-08-2018,23,574.77,158,,24.99,p82,c11
27-08-2018,31,774.69,128,,24.99,p82,c11
03-09-2018,45,1132.93,119,,25.17622222,p82,c11
10-09-2018,52,1299.48,168,,24.99,p82,c11
17-09-2018,60,1499.4,185,,24.99,p82,c11
24-09-2018,54,1349.46,155,,24.99,p82,c11
01-10-2018,31,974.54,157,,31.43677419,p82,c11
08-10-2018,43,1490.82,196,,34.67023256,p82,c11
15-10-2018,23,789.33,179,,34.31869565,p82,c11
22-10-2018,22,748.66,170,,34.03,p82,c11
29-10-2018,25,910.35,165,,36.414,p82,c11
05-11-2018,21,839.79,166,,39.99,p82,c11
12-11-2018,20,799.8,145,,39.99,p82,c11
19-11-2018,19,759.81,126,,39.99,p82,c11
26-11-2018,28,1119.72,205,,39.99,p82,c11
03-12-2018,43,1719.57,226,,39.99,p82,c11
10-12-2018,25,999.75,380,,39.99,p82,c11
17-12-2018,28,1063.89,448,,37.99607143,p82,c11
24-12-2018,4,137.97,418,,34.4925,p82,c11
01-01-2018,4,62.56,,,15.64,p83,c12
15-01-2018,3,46.92,17,,15.64,p83,c12
22-01-2018,2,31.28,26,,15.64,p83,c12
29-01-2018,3,46.92,24,,15.64,p83,c12
05-02-2018,1,15.64,21,,15.64,p83,c12
12-02-2018,2,39.83,20,,19.915,p83,c12
19-02-2018,4,76.96,18,,19.24,p83,c12
26-02-2018,4,76.96,14,,19.24,p83,c12
05-03-2018,4,76.96,9,,19.24,p83,c12
12-03-2018,3,57.72,17,,19.24,p83,c12
19-03-2018,7,134.68,26,,19.24,p83,c12
26-03-2018,11,210.46,23,,19.13272727,p83,c12
02-04-2018,2,37.38,11,,18.69,p83,c12
09-04-2018,1,18.69,20,,18.69,p83,c12
16-04-2018,7,130.83,31,,18.69,p83,c12
23-04-2018,7,130.83,35,,18.69,p83,c12
07-05-2018,1,20.59,28,,20.59,p83,c12
14-05-2018,3,57.97,28,,19.32333333,p83,c12
21-05-2018,1,18.69,24,,18.69,p83,c12
28-05-2018,4,74.76,23,,18.69,p83,c12
18-06-2018,3,54.57,19,,18.19,p83,c12
25-06-2018,3,56.07,16,,18.69,p83,c12
02-07-2018,1,18.69,13,,18.69,p83,c12
09-07-2018,1,18.69,12,,18.69,p83,c12
16-07-2018,3,56.07,11,,18.69,p83,c12
23-07-2018,3,56.07,8,,18.69,p83,c12
30-07-2018,1,18.69,16,,18.69,p83,c12
06-08-2018,4,74.76,15,,18.69,p83,c12
13-08-2018,7,130.83,11,,18.69,p83,c12
01-01-2018,144,1272.96,,,8.84,p84,c5
08-01-2018,212,1874.08,1865,,8.84,p84,c5
15-01-2018,150,1326,1663,,8.84,p84,c5
22-01-2018,209,1821.39,1501,,8.714784689,p84,c5
29-01-2018,271,2024.02,1306,,7.468708487,p84,c5
05-02-2018,177,1346.16,1047,,7.605423729,p84,c5
12-02-2018,136,1261.89,1275,,9.278602941,p84,c5
19-02-2018,145,1407.25,1251,,9.705172414,p84,c5
26-02-2018,171,1649.67,1159,,9.647192982,p84,c5
05-03-2018,152,1441.82,993,,9.485657895,p84,c5
12-03-2018,203,1923.64,823,,9.476059113,p84,c5
19-03-2018,259,2283.14,631,,8.815212355,p84,c5
26-03-2018,124,1168.27,593,,9.421532258,p84,c5
02-04-2018,120,1157.27,670,,9.643916667,p84,c5
09-04-2018,100,973.84,622,,9.7384,p84,c5
16-04-2018,102,983.84,552,,9.645490196,p84,c5
23-04-2018,169,1681.63,583,,9.950473373,p84,c5
30-04-2018,147,1468.53,383,,9.99,p84,c5
07-05-2018,86,859.14,351,,9.99,p84,c5
14-05-2018,102,1018.98,316,,9.99,p84,c5
21-05-2018,84,839.16,452,,9.99,p84,c5
28-05-2018,151,1450.86,544,,9.608344371,p84,c5
04-06-2018,97,920.07,456,,9.485257732,p84,c5
11-06-2018,211,2000.28,438,,9.48,p84,c5
18-06-2018,272,2578.56,328,,9.48,p84,c5
25-06-2018,121,1194.51,184,,9.871983471,p84,c5
02-07-2018,120,1198.8,122,,9.99,p84,c5
09-07-2018,216,2143.69,252,,9.924490741,p84,c5
16-07-2018,312,3116.88,436,,9.99,p84,c5
23-07-2018,237,2367.69,334,,9.990253165,p84,c5
30-07-2018,476,4755.24,221,,9.99,p84,c5
06-08-2018,372,3716.46,404,,9.990483871,p84,c5
13-08-2018,386,3856.14,1816,,9.99,p84,c5
20-08-2018,340,3396.6,1321,,9.99,p84,c5
27-08-2018,628,6273.72,1933,,9.99,p84,c5
03-09-2018,600,5994,1781,,9.99,p84,c5
10-09-2018,589,5884.11,1783,,9.99,p84,c5
17-09-2018,529,5284.83,2500,,9.990226843,p84,c5
24-09-2018,697,6963.21,3165,,9.99025825,p84,c5
01-10-2018,299,2987.01,3027,,9.99,p84,c5
08-10-2018,282,2817.26,2761,,9.990283688,p84,c5
15-10-2018,309,3086.91,2520,,9.99,p84,c5
22-10-2018,257,2567.43,2125,,9.99,p84,c5
29-10-2018,271,2660.01,1893,,9.815535055,p84,c5
05-11-2018,199,1940.49,1605,,9.75120603,p84,c5
12-11-2018,151,1485.26,1423,,9.83615894,p84,c5
19-11-2018,117,1167.87,1287,,9.981794872,p84,c5
26-11-2018,186,1858.14,1262,,9.99,p84,c5
03-12-2018,195,1947.97,1517,,9.989589744,p84,c5
10-12-2018,178,1737.9,1650,,9.763483146,p84,c5
17-12-2018,111,1082.97,1504,,9.756486486,p84,c5
24-12-2018,61,594.75,1490,,9.75,p84,c5
