customer_1_sales_data.csv
Date,Units,Revenue,Inventory_Amount,Inventory_Units,Price,PID,CID
01-01-2018,18,146.7,,,8.15,p85,c5
08-01-2018,22,179.3,214,,8.15,p85,c5
15-01-2018,12,97.8,190,,8.15,p85,c5
22-01-2018,28,228.2,178,,8.15,p85,c5
29-01-2018,24,195.6,149,,8.15,p85,c5
05-02-2018,13,105.95,127,,8.15,p85,c5
12-02-2018,13,105.95,143,,8.15,p85,c5
19-02-2018,22,179.3,142,,8.15,p85,c5
26-02-2018,20,163,129,,8.15,p85,c5
05-03-2018,18,146.7,111,,8.15,p85,c5
12-03-2018,14,114.1,93,,8.15,p85,c5
19-03-2018,35,285.25,76,,8.15,p85,c5
26-03-2018,20,164.89,97,,8.2445,p85,c5
02-04-2018,22,179.3,100,,8.15,p85,c5
09-04-2018,16,130.4,116,,8.15,p85,c5
16-04-2018,23,187.45,95,,8.15,p85,c5
23-04-2018,14,114.1,135,,8.15,p85,c5
30-04-2018,7,57.05,78,,8.15,p85,c5
07-05-2018,9,73.35,99,,8.15,p85,c5
14-05-2018,7,57.05,109,,8.15,p85,c5
21-05-2018,10,81.5,129,,8.15,p85,c5
28-05-2018,24,195.6,136,,8.15,p85,c5
04-06-2018,9,73.35,162,,8.15,p85,c5
11-06-2018,7,57.05,164,,8.15,p85,c5
18-06-2018,9,73.35,154,,8.15,p85,c5
25-06-2018,2,16.3,143,,8.15,p85,c5
02-07-2018,11,89.65,144,,8.15,p85,c5
09-07-2018,15,122.25,139,,8.15,p85,c5
16-07-2018,46,374.9,177,,8.15,p85,c5
23-07-2018,102,831.3,72,,8.15,p85,c5
30-07-2018,41,334.15,64,,8.15,p85,c5
06-08-2018,18,146.7,138,,8.15,p85,c5
13-08-2018,37,301.55,261,,8.15,p85,c5
20-08-2018,35,285.25,270,,8.15,p85,c5
27-08-2018,49,399.35,245,,8.15,p85,c5
03-09-2018,47,383.05,255,,8.15,p85,c5
10-09-2018,67,546.05,218,,8.15,p85,c5
17-09-2018,66,537.9,209,,8.15,p85,c5
24-09-2018,104,847.6,200,,8.15,p85,c5
01-10-2018,20,163,141,,8.15,p85,c5
08-10-2018,20,164.84,172,,8.242,p85,c5
15-10-2018,11,109.89,152,,9.99,p85,c5
22-10-2018,17,169.83,270,,9.99,p85,c5
29-10-2018,24,231.41,335,,9.642083333,p85,c5
05-11-2018,29,288.82,323,,9.959310345,p85,c5
12-11-2018,29,289.76,329,,9.991724138,p85,c5
19-11-2018,4,39.96,289,,9.99,p85,c5
26-11-2018,21,209.79,291,,9.99,p85,c5
03-12-2018,12,119.88,274,,9.99,p85,c5
10-12-2018,15,129.85,261,,8.656666667,p85,c5
17-12-2018,6,44.94,254,,7.49,p85,c5
24-12-2018,4,29.07,248,,7.2675,p85,c5
15-01-2018,1,21.47,10,,21.47,p86,c12
29-01-2018,3,62.61,9,,20.87,p86,c12
05-02-2018,1,20.87,6,,20.87,p86,c12
05-03-2018,1,20.87,5,,20.87,p86,c12
12-03-2018,1,20.87,4,,20.87,p86,c12
19-03-2018,5,104.35,3,,20.87,p86,c12
07-05-2018,5,137.1,6,,27.42,p86,c12
28-05-2018,1,27.42,1,,27.42,p86,c12
16-07-2018,1,27.42,12,,27.42,p86,c12
23-07-2018,1,27.42,11,,27.42,p86,c12
06-08-2018,2,50.78,10,,25.39,p86,c12
13-08-2018,1,27.42,8,,27.42,p86,c12
22-01-2018,3,94.89,6,,31.63,p87,c12
12-02-2018,1,31.45,3,,31.45,p87,c12
26-02-2018,1,31.45,2,,31.45,p87,c12
09-04-2018,1,31.45,1,,31.45,p87,c12
30-04-2018,1,22.94,4,,22.94,p87,c12
21-05-2018,1,22.75,5,,22.75,p87,c12
02-07-2018,1,20.25,4,,20.25,p87,c12
09-07-2018,2,40.5,3,,20.25,p87,c12
06-08-2018,1,20.25,1,,20.25,p87,c12
01-01-2018,3,88.17,,,29.39,p88,c9
08-01-2018,6,176.34,52,,29.39,p88,c9
15-01-2018,6,176.34,44,,29.39,p88,c9
22-01-2018,5,146.95,38,,29.39,p88,c9
29-01-2018,7,205.73,34,,29.39,p88,c9
05-02-2018,6,176.34,36,,29.39,p88,c9
12-02-2018,4,117.56,48,,29.39,p88,c9
19-02-2018,4,117.56,41,,29.39,p88,c9
26-02-2018,5,146.95,38,,29.39,p88,c9
05-03-2018,3,88.17,34,,29.39,p88,c9
12-03-2018,6,176.34,31,,29.39,p88,c9
19-03-2018,9,264.51,34,,29.39,p88,c9
26-03-2018,10,293.9,33,,29.39,p88,c9
02-04-2018,10,293.9,29,,29.39,p88,c9
09-04-2018,9,264.51,23,,29.39,p88,c9
16-04-2018,6,176.34,24,,29.39,p88,c9
23-04-2018,1,29.39,39,,29.39,p88,c9
30-04-2018,6,176.34,40,,29.39,p88,c9
07-05-2018,6,176.34,44,,29.39,p88,c9
14-05-2018,12,366.52,35,,30.54333333,p88,c9
21-05-2018,10,325.04,26,,32.504,p88,c9
28-05-2018,4,131.4,19,,32.85,p88,c9
04-06-2018,11,361.35,30,,32.85,p88,c9
11-06-2018,4,131.4,24,,32.85,p88,c9
18-06-2018,6,197.1,19,,32.85,p88,c9
25-06-2018,3,98.55,14,,32.85,p88,c9
02-07-2018,5,164.25,10,,32.85,p88,c9
09-07-2018,6,197.1,6,,32.85,p88,c9
23-07-2018,1,32.85,0,,32.85,p88,c9
30-07-2018,11,361.35,14,,32.85,p88,c9
06-08-2018,6,197.1,24,,32.85,p88,c9
13-08-2018,9,295.65,32,,32.85,p88,c9
20-08-2018,8,262.8,32,,32.85,p88,c9
27-08-2018,11,361.35,36,,32.85,p88,c9
03-09-2018,25,821.25,39,,32.85,p88,c9
10-09-2018,8,262.8,25,,32.85,p88,c9
17-09-2018,18,591.3,34,,32.85,p88,c9
24-09-2018,20,657,41,,32.85,p88,c9
01-10-2018,23,755.55,32,,32.85,p88,c9
08-10-2018,11,361.35,31,,32.85,p88,c9
15-10-2018,6,197.1,20,,32.85,p88,c9
22-10-2018,9,295.65,15,,32.85,p88,c9
29-10-2018,16,525.6,81,,32.85,p88,c9
05-11-2018,8,262.8,63,,32.85,p88,c9
12-11-2018,10,328.5,76,,32.85,p88,c9
19-11-2018,5,164.25,80,,32.85,p88,c9
26-11-2018,7,229.95,159,,32.85,p88,c9
03-12-2018,6,197.1,180,,32.85,p88,c9
10-12-2018,6,197.1,184,,32.85,p88,c9
17-12-2018,20,657,177,,32.85,p88,c9
24-12-2018,2,65.7,155,,32.85,p88,c9
01-01-2018,10,240.88,,,24.088,p89,c10
08-01-2018,8,193.6,183,,24.2,p89,c10
15-01-2018,6,145.2,207,,24.2,p89,c10
22-01-2018,19,457.56,203,,24.08210526,p89,c10
29-01-2018,7,169.4,186,,24.2,p89,c10
05-02-2018,11,270.1,176,,24.55454545,p89,c10
12-02-2018,6,188.76,166,,31.46,p89,c10
19-02-2018,6,175.04,159,,29.17333333,p89,c10
26-02-2018,2,57.62,154,,28.81,p89,c10
05-03-2018,8,200.61,151,,25.07625,p89,c10
12-03-2018,11,272.91,145,,24.81,p89,c10
19-03-2018,18,396.45,133,,22.025,p89,c10
26-03-2018,13,258.83,123,,19.91,p89,c10
02-04-2018,15,298.65,107,,19.91,p89,c10
09-04-2018,11,219.01,96,,19.91,p89,c10
16-04-2018,16,318.56,80,,19.91,p89,c10
23-04-2018,6,119.46,61,,19.91,p89,c10
30-04-2018,18,358.38,54,,19.91,p89,c10
07-05-2018,19,378.29,44,,19.91,p89,c10
14-05-2018,12,238.92,40,,19.91,p89,c10
21-05-2018,13,258.83,35,,19.91,p89,c10
28-05-2018,18,358.38,42,,19.91,p89,c10
04-06-2018,15,298.65,25,,19.91,p89,c10
11-06-2018,13,258.83,30,,19.91,p89,c10
18-06-2018,11,219.01,41,,19.91,p89,c10
25-06-2018,16,318.56,35,,19.91,p89,c10
02-07-2018,11,219.01,32,,19.91,p89,c10
09-07-2018,23,457.93,22,,19.91,p89,c10
16-07-2018,15,298.65,23,,19.91,p89,c10
23-07-2018,14,278.74,50,,19.91,p89,c10
30-07-2018,20,398.2,49,,19.91,p89,c10
06-08-2018,24,477.84,47,,19.91,p89,c10
13-08-2018,26,517.66,39,,19.91,p89,c10
20-08-2018,30,597.45,21,,19.915,p89,c10
27-08-2018,31,617.21,19,,19.91,p89,c10
03-09-2018,17,338.47,43,,19.91,p89,c10
10-09-2018,27,537.57,97,,19.91,p89,c10
17-09-2018,25,497.75,140,,19.91,p89,c10
24-09-2018,30,597.3,141,,19.91,p89,c10
01-10-2018,8,159.28,127,,19.91,p89,c10
08-10-2018,12,238.92,119,,19.91,p89,c10
15-10-2018,22,438.02,113,,19.91,p89,c10
22-10-2018,20,398.2,96,,19.91,p89,c10
29-10-2018,11,264.25,104,,24.02272727,p89,c10
05-11-2018,8,249.76,114,,31.22,p89,c10
12-11-2018,10,349.9,244,,34.99,p89,c10
19-11-2018,8,279.92,302,,34.99,p89,c10
26-11-2018,14,489.86,335,,34.99,p89,c10
03-12-2018,16,546.25,359,,34.140625,p89,c10
10-12-2018,21,641.14,343,,30.53047619,p89,c10
17-12-2018,17,508.98,321,,29.94,p89,c10
24-12-2018,4,119.76,305,,29.94,p89,c10
01-01-2018,116,2082.76,,,17.95482759,p92,c10
08-01-2018,80,1520.02,814,,19.00025,p92,c10
15-01-2018,71,1418.88,740,,19.98422535,p92,c10
22-01-2018,69,1413.73,668,,20.48884058,p92,c10
29-01-2018,35,725.46,595,,20.72742857,p92,c10
05-02-2018,37,752.39,559,,20.33486486,p92,c10
12-02-2018,32,567.9,522,,17.746875,p92,c10
19-02-2018,53,960.96,477,,18.13132075,p92,c10
26-02-2018,58,1125.76,424,,19.40965517,p92,c10
05-03-2018,46,949.16,350,,20.63391304,p92,c10
12-03-2018,76,1617.44,308,,21.28210526,p92,c10
19-03-2018,92,1977.12,244,,21.49043478,p92,c10
26-03-2018,37,795.13,297,,21.49,p92,c10
02-04-2018,47,1010.07,355,,21.49085106,p92,c10
09-04-2018,50,1080.66,346,,21.6132,p92,c10
16-04-2018,43,924.83,280,,21.50767442,p92,c10
23-04-2018,34,735.14,253,,21.62176471,p92,c10
30-04-2018,64,1384.98,264,,21.6403125,p92,c10
07-05-2018,39,838.11,256,,21.49,p92,c10
14-05-2018,55,1181.95,221,,21.49,p92,c10
21-05-2018,32,687.68,202,,21.49,p92,c10
28-05-2018,40,859.6,221,,21.49,p92,c10
04-06-2018,42,902.58,213,,21.49,p92,c10
11-06-2018,34,730.66,185,,21.49,p92,c10
18-06-2018,37,795.13,176,,21.49,p92,c10
25-06-2018,33,709.17,194,,21.49,p92,c10
02-07-2018,39,838.11,202,,21.49,p92,c10
09-07-2018,46,988.54,194,,21.49,p92,c10
16-07-2018,65,1396.85,196,,21.49,p92,c10
23-07-2018,42,902.58,158,,21.49,p92,c10
30-07-2018,45,967.05,186,,21.49,p92,c10
06-08-2018,55,1181.95,234,,21.49,p92,c10
13-08-2018,42,902.58,240,,21.49,p92,c10
20-08-2018,55,1181.95,209,,21.49,p92,c10
27-08-2018,76,1633.24,210,,21.49,p92,c10
03-09-2018,95,2041.55,206,,21.49,p92,c10
10-09-2018,82,1762.18,314,,21.49,p92,c10
17-09-2018,77,1654.73,336,,21.49,p92,c10
24-09-2018,119,2557.31,377,,21.49,p92,c10
01-10-2018,57,1224.93,401,,21.49,p92,c10
08-10-2018,72,1547.28,370,,21.49,p92,c10
15-10-2018,60,1289.4,441,,21.49,p92,c10
22-10-2018,54,1313.46,433,,24.32333333,p92,c10
29-10-2018,48,1431.26,608,,29.81791667,p92,c10
05-11-2018,54,1619.46,836,,29.99,p92,c10
12-11-2018,62,1859.38,1011,,29.99,p92,c10
19-11-2018,75,2249.25,1125,,29.99,p92,c10
26-11-2018,121,3362.54,1280,,27.78958678,p92,c10
03-12-2018,155,4070.95,1916,,26.26419355,p92,c10
10-12-2018,156,4097.19,2051,,26.26403846,p92,c10
17-12-2018,134,3516.16,1934,,26.24,p92,c10
24-12-2018,19,498.56,1782,,26.24,p92,c10
01-01-2018,5,84.95,,,16.99,p93,c9
08-01-2018,4,67.96,16,,16.99,p93,c9
15-01-2018,1,16.99,13,,16.99,p93,c9
29-01-2018,5,84.95,19,,16.99,p93,c9
05-02-2018,2,33.98,15,,16.99,p93,c9
12-02-2018,3,50.97,13,,16.99,p93,c9
19-02-2018,1,16.99,11,,16.99,p93,c9
26-02-2018,7,118.93,16,,16.99,p93,c9
05-03-2018,3,50.97,17,,16.99,p93,c9
12-03-2018,5,84.95,14,,16.99,p93,c9
19-03-2018,1,16.99,19,,16.99,p93,c9
26-03-2018,2,33.94,16,,16.97,p93,c9
09-04-2018,2,33.94,30,,16.97,p93,c9
16-04-2018,4,67.88,28,,16.97,p93,c9
23-04-2018,2,33.94,24,,16.97,p93,c9
30-04-2018,1,16.97,22,,16.97,p93,c9
07-05-2018,5,84.85,20,,16.97,p93,c9
21-05-2018,5,84.85,16,,16.97,p93,c9
28-05-2018,1,16.97,11,,16.97,p93,c9
04-06-2018,1,16.97,10,,16.97,p93,c9
11-06-2018,8,135.76,9,,16.97,p93,c9
18-06-2018,1,16.97,4,,16.97,p93,c9
25-06-2018,2,33.94,3,,16.97,p93,c9
02-07-2018,1,16.97,15,,16.97,p93,c9
09-07-2018,2,33.94,13,,16.97,p93,c9
16-07-2018,3,50.91,11,,16.97,p93,c9
30-07-2018,1,16.97,23,,16.97,p93,c9
06-08-2018,3,50.91,23,,16.97,p93,c9
13-08-2018,4,67.88,21,,16.97,p93,c9
20-08-2018,4,67.88,17,,16.97,p93,c9
27-08-2018,0,0,12,,,p93,c9
03-09-2018,2,33.94,20,,16.97,p93,c9
10-09-2018,11,186.67,19,,16.97,p93,c9
17-09-2018,12,203.64,20,,16.97,p93,c9
24-09-2018,2,33.94,7,,16.97,p93,c9
01-10-2018,2,33.94,6,,16.97,p93,c9
08-10-2018,4,67.88,20,,16.97,p93,c9
15-10-2018,2,33.94,33,,16.97,p93,c9
22-10-2018,3,50.91,35,,16.97,p93,c9
29-10-2018,1,16.97,34,,16.97,p93,c9
05-11-2018,3,50.91,34,,16.97,p93,c9
12-11-2018,5,84.85,31,,16.97,p93,c9
19-11-2018,0,0,34,,,p93,c9
26-11-2018,2,33.94,34,,16.97,p93,c9
03-12-2018,8,135.76,32,,16.97,p93,c9
10-12-2018,3,50.91,26,,16.97,p93,c9
17-12-2018,6,101.82,22,,16.97,p93,c9
24-12-2018,2,33.94,16,,16.97,p93,c9
01-01-2018,15,677.7,,,45.18,p94,c15
08-01-2018,21,948.78,435,,45.18,p94,c15
15-01-2018,9,406.87,418,,45.20777778,p94,c15
22-01-2018,11,496.98,410,,45.18,p94,c15
29-01-2018,14,632.52,397,,45.18,p94,c15
05-02-2018,15,677.7,386,,45.18,p94,c15
12-02-2018,11,496.98,373,,45.18,p94,c15
19-02-2018,14,632.52,356,,45.18,p94,c15
26-02-2018,16,722.88,330,,45.18,p94,c15
05-03-2018,16,722.88,302,,45.18,p94,c15
12-03-2018,14,634.78,271,,45.34142857,p94,c15
19-03-2018,19,871.96,291,,45.89263158,p94,c15
26-03-2018,12,536.57,286,,44.71416667,p94,c15
02-04-2018,9,406.62,273,,45.18,p94,c15
09-04-2018,11,485.8,263,,44.16363636,p94,c15
16-04-2018,14,582.21,250,,41.58642857,p94,c15
23-04-2018,8,361.44,235,,45.18,p94,c15
30-04-2018,17,756.94,226,,44.52588235,p94,c15
07-05-2018,6,259.9,210,,43.31666667,p94,c15
14-05-2018,9,395.44,204,,43.93777778,p94,c15
21-05-2018,18,750.46,194,,41.69222222,p94,c15
28-05-2018,18,785.66,176,,43.64777778,p94,c15
04-06-2018,12,536.57,158,,44.71416667,p94,c15
11-06-2018,15,615.35,144,,41.02333333,p94,c15
18-06-2018,18,720.36,126,,40.02,p94,c15
25-06-2018,23,919.17,112,,39.96391304,p94,c15
02-07-2018,18,719.07,97,,39.94833333,p94,c15
09-07-2018,25,998.78,76,,39.9512,p94,c15
16-07-2018,36,1437.71,100,,39.93638889,p94,c15
23-07-2018,29,1159.72,96,,39.99034483,p94,c15
30-07-2018,35,1398.04,74,,39.944,p94,c15
06-08-2018,21,838.7,106,,39.93809524,p94,c15
13-08-2018,19,759.09,131,,39.95210526,p94,c15
20-08-2018,22,877.86,134,,39.90272727,p94,c15
27-08-2018,57,2277.27,127,,39.95210526,p94,c15
03-09-2018,51,2031.99,157,,39.84294118,p94,c15
10-09-2018,37,1479.88,137,,39.99675676,p94,c15
17-09-2018,48,1918.38,117,,39.96625,p94,c15
24-09-2018,42,1671.97,124,,39.80880952,p94,c15
01-10-2018,17,708.45,148,,41.67352941,p94,c15
08-10-2018,19,860.28,151,,45.27789474,p94,c15
15-10-2018,8,354.94,139,,44.3675,p94,c15
22-10-2018,29,1230.55,138,,42.43275862,p94,c15
29-10-2018,52,2193.29,199,,42.17865385,p94,c15
05-11-2018,23,1089.3,189,,47.36086957,p94,c15
12-11-2018,21,965.16,174,,45.96,p94,c15
19-11-2018,32,1470.72,161,,45.96,p94,c15
26-11-2018,53,2435.88,136,,45.96,p94,c15
03-12-2018,63,2938.02,229,,46.6352381,p94,c15
10-12-2018,56,2706.22,346,,48.32535714,p94,c15
17-12-2018,46,1993.33,333,,43.33326087,p94,c15
24-12-2018,11,442.36,295,,40.21454545,p94,c15
01-01-2018,7,359.48,,,51.35428571,p95,c15
08-01-2018,8,430.17,63,,53.77125,p95,c15
15-01-2018,5,275.05,56,,55.01,p95,c15
22-01-2018,5,283.29,52,,56.658,p95,c15
29-01-2018,4,197.96,47,,49.49,p95,c15
05-02-2018,10,496.85,43,,49.685,p95,c15
12-02-2018,6,296.94,35,,49.49,p95,c15
19-02-2018,6,296.94,27,,49.49,p95,c15
26-02-2018,8,398.9,28,,49.8625,p95,c15
05-03-2018,7,349.16,26,,49.88,p95,c15
12-03-2018,10,497.08,25,,49.708,p95,c15
19-03-2018,13,643.37,24,,49.49,p95,c15
26-03-2018,8,400.88,32,,50.11,p95,c15
02-04-2018,8,397.37,34,,49.67125,p95,c15
09-04-2018,6,296.94,39,,49.49,p95,c15
16-04-2018,8,397.06,39,,49.6325,p95,c15
23-04-2018,5,247.45,29,,49.49,p95,c15
30-04-2018,10,496.73,30,,49.673,p95,c15
07-05-2018,2,98.98,26,,49.49,p95,c15
14-05-2018,5,247.45,31,,49.49,p95,c15
21-05-2018,6,299.43,29,,49.905,p95,c15
28-05-2018,12,596.15,27,,49.67916667,p95,c15
04-06-2018,6,297.99,9,,49.665,p95,c15
11-06-2018,8,397.47,10,,49.68375,p95,c15
18-06-2018,8,400.31,9,,50.03875,p95,c15
25-06-2018,10,498.46,26,,49.846,p95,c15
02-07-2018,17,843.23,21,,49.60176471,p95,c15
09-07-2018,11,546.03,15,,49.63909091,p95,c15
16-07-2018,29,1447.57,19,,49.9162069,p95,c15
23-07-2018,12,621.1,30,,51.75833333,p95,c15
30-07-2018,7,348.63,42,,49.80428571,p95,c15
06-08-2018,22,1093.26,60,,49.69363636,p95,c15
13-08-2018,11,546.36,73,,49.66909091,p95,c15
20-08-2018,18,890.82,90,,49.49,p95,c15
27-08-2018,34,1687.46,92,,49.63117647,p95,c15
03-09-2018,25,1272.87,85,,50.9148,p95,c15
10-09-2018,17,1065.83,105,,62.69588235,p95,c15
17-09-2018,9,642.25,115,,71.36111111,p95,c15
24-09-2018,5,356.05,124,,71.21,p95,c15
01-10-2018,3,213.63,132,,71.21,p95,c15
08-10-2018,3,213.63,129,,71.21,p95,c15
15-10-2018,5,356.05,127,,71.21,p95,c15
22-10-2018,5,353.16,122,,70.632,p95,c15
29-10-2018,4,274.04,119,,68.51,p95,c15
05-11-2018,4,274.04,116,,68.51,p95,c15
12-11-2018,6,405.04,111,,67.50666667,p95,c15
19-11-2018,2,135.36,104,,67.68,p95,c15
26-11-2018,7,471.52,103,,67.36,p95,c15
03-12-2018,6,404.16,95,,67.36,p95,c15
10-12-2018,6,402.15,91,,67.025,p95,c15
17-12-2018,7,454.8,84,,64.97142857,p95,c15
24-12-2018,1,64.24,79,,64.24,p95,c15
01-01-2018,67,681.12,,,10.16597015,p97,c9
08-01-2018,73,723.27,3772,,9.907808219,p97,c9
15-01-2018,94,952.79,3704,,10.13606383,p97,c9
22-01-2018,78,822.42,3611,,10.54384615,p97,c9
29-01-2018,87,912.93,3534,,10.49344828,p97,c9
05-02-2018,95,945.65,3450,,9.954210526,p97,c9
12-02-2018,62,610.48,3352,,9.846451613,p97,c9
19-02-2018,67,669.33,3262,,9.99,p97,c9
26-02-2018,86,843.64,3187,,9.809767442,p97,c9
05-03-2018,85,838.35,3075,,9.862941176,p97,c9
12-03-2018,99,979.41,3019,,9.893030303,p97,c9
19-03-2018,180,1782.6,2927,,9.903333333,p97,c9
26-03-2018,84,824.76,2800,,9.818571429,p97,c9
02-04-2018,83,815.97,2676,,9.830963855,p97,c9
09-04-2018,74,734.46,2644,,9.925135135,p97,c9
16-04-2018,109,1064.94,2555,,9.770091743,p97,c9
23-04-2018,81,805.59,2423,,9.945555556,p97,c9
30-04-2018,85,833.61,2320,,9.807176471,p97,c9
07-05-2018,85,833.55,2193,,9.806470588,p97,c9
14-05-2018,79,774.95,2180,,9.809493671,p97,c9
21-05-2018,85,844.35,2134,,9.933529412,p97,c9
28-05-2018,78,749.16,2049,,9.604615385,p97,c9
04-06-2018,85,735.08,1971,,8.648,p97,c9
11-06-2018,92,809.56,1884,,8.799565217,p97,c9
18-06-2018,90,841.32,1787,,9.348,p97,c9
25-06-2018,71,635.45,1700,,8.95,p97,c9
02-07-2018,82,722.28,1632,,8.808292683,p97,c9
09-07-2018,108,973.72,1540,,9.015925926,p97,c9
16-07-2018,81,799.61,1431,,9.871728395,p97,c9
23-07-2018,93,856.47,1342,,9.209354839,p97,c9
30-07-2018,79,702.08,1261,,8.887088608,p97,c9
06-08-2018,62,566.19,1183,,9.132096774,p97,c9
13-08-2018,87,797.91,1122,,9.17137931,p97,c9
20-08-2018,86,808.45,1036,,9.400581395,p97,c9
27-08-2018,163,1608.03,936,,9.865214724,p97,c9
03-09-2018,260,2544.6,808,,9.786923077,p97,c9
10-09-2018,203,2005.17,665,,9.877684729,p97,c9
17-09-2018,246,2431.14,522,,9.882682927,p97,c9
24-09-2018,213,2094.27,399,,9.832253521,p97,c9
01-10-2018,141,1394.19,374,,9.88787234,p97,c9
08-10-2018,133,1310.67,356,,9.854661654,p97,c9
15-10-2018,126,1245.54,458,,9.885238095,p97,c9
22-10-2018,136,1346.64,471,,9.901764706,p97,c9
29-10-2018,96,929.04,549,,9.6775,p97,c9
12-11-2018,63,623.37,800,,9.894761905,p97,c9
19-11-2018,113,1115.67,1214,,9.873185841,p97,c9
26-11-2018,217,2152.23,1326,,9.918110599,p97,c9
03-12-2018,209,2072.26,1731,,9.915119617,p97,c9
10-12-2018,223,2217.28,1538,,9.942959641,p97,c9
17-12-2018,180,1789.26,1313,,9.940333333,p97,c9
24-12-2018,45,446.72,1118,,9.927111111,p97,c9
