customer_1_sales_data.csv
Date,Units,Revenue,Inventory_Amount,Inventory_Units,Price,PID,CID
01-01-2018,70,1329.3,,,18.99,p98,c9
08-01-2018,87,1652.21,968,,18.99091954,p98,c9
15-01-2018,131,2487.69,892,,18.99,p98,c9
22-01-2018,118,2241.02,751,,18.99169492,p98,c9
29-01-2018,89,1690.27,597,,18.99179775,p98,c9
05-02-2018,77,1428.63,524,,18.55363636,p98,c9
12-02-2018,61,1152.2,442,,18.88852459,p98,c9
19-02-2018,90,1708.05,355,,18.97833333,p98,c9
26-02-2018,81,1538.19,291,,18.99,p98,c9
05-03-2018,75,1424.25,217,,18.99,p98,c9
12-03-2018,70,1329.88,121,,18.99828571,p98,c9
19-03-2018,110,2097.74,45,,19.07036364,p98,c9
26-03-2018,80,1519.44,189,,18.993,p98,c9
02-04-2018,51,968.49,523,,18.99,p98,c9
09-04-2018,44,835.56,466,,18.99,p98,c9
16-04-2018,71,1348.29,443,,18.99,p98,c9
23-04-2018,90,1436.86,385,,15.96511111,p98,c9
30-04-2018,89,1299.02,378,,14.59573034,p98,c9
07-05-2018,73,1071.35,284,,14.6760274,p98,c9
14-05-2018,65,1224.2,332,,18.83384615,p98,c9
21-05-2018,68,1257.93,328,,18.49897059,p98,c9
28-05-2018,48,881.28,337,,18.36,p98,c9
04-06-2018,62,1138.32,322,,18.36,p98,c9
11-06-2018,66,1211.76,362,,18.36,p98,c9
18-06-2018,55,1009.8,333,,18.36,p98,c9
25-06-2018,79,1450.44,270,,18.36,p98,c9
02-07-2018,56,1028.16,242,,18.36,p98,c9
09-07-2018,69,1266.84,221,,18.36,p98,c9
16-07-2018,89,1634.04,332,,18.36,p98,c9
23-07-2018,64,1175.04,406,,18.36,p98,c9
30-07-2018,96,1762.56,387,,18.36,p98,c9
06-08-2018,86,1579.07,363,,18.36127907,p98,c9
13-08-2018,116,2129.97,307,,18.36181034,p98,c9
20-08-2018,89,1634.04,200,,18.36,p98,c9
27-08-2018,118,2166.48,94,,18.36,p98,c9
03-09-2018,99,1817.64,11,,18.36,p98,c9
10-09-2018,164,3013.09,36,,18.3725,p98,c9
17-09-2018,207,3803.78,342,,18.37574879,p98,c9
24-09-2018,263,4832.32,596,,18.3738403,p98,c9
01-10-2018,107,1964.52,520,,18.36,p98,c9
08-10-2018,101,1854.36,475,,18.36,p98,c9
15-10-2018,98,1799.28,540,,18.36,p98,c9
22-10-2018,118,2166.48,1081,,18.36,p98,c9
29-10-2018,114,2093.04,1692,,18.36,p98,c9
05-11-2018,117,2148.12,1659,,18.36,p98,c9
12-11-2018,150,2754,2081,,18.36,p98,c9
19-11-2018,170,3121.2,1930,,18.36,p98,c9
26-11-2018,290,5324.4,2322,,18.36,p98,c9
03-12-2018,272,4993.92,2452,,18.36,p98,c9
10-12-2018,362,6646.32,2235,,18.36,p98,c9
17-12-2018,265,4865.4,1775,,18.36,p98,c9
24-12-2018,38,697.68,1552,,18.36,p98,c9
01-01-2018,57,784.32,,,13.76,p100,c9
08-01-2018,74,1018.24,810,,13.76,p100,c9
15-01-2018,74,1018.24,701,,13.76,p100,c9
22-01-2018,85,1169.6,681,,13.76,p100,c9
29-01-2018,84,1155.84,595,,13.76,p100,c9
05-02-2018,85,1169.6,510,,13.76,p100,c9
12-02-2018,82,1128.32,377,,13.76,p100,c9
19-02-2018,85,1169.6,334,,13.76,p100,c9
26-02-2018,95,1308.96,248,,13.77852632,p100,c9
05-03-2018,88,1212.58,152,,13.77931818,p100,c9
12-03-2018,54,749.27,68,,13.87537037,p100,c9
19-03-2018,10,152.62,10,,15.262,p100,c9
26-03-2018,38,699.02,180,,18.39526316,p100,c9
02-04-2018,49,865.71,353,,17.66755102,p100,c9
09-04-2018,70,1008.87,351,,14.41242857,p100,c9
16-04-2018,82,1155.58,330,,14.09243902,p100,c9
23-04-2018,82,1135.25,235,,13.8445122,p100,c9
30-04-2018,95,1310.05,184,,13.79,p100,c9
07-05-2018,75,1034.25,252,,13.79,p100,c9
14-05-2018,97,1337.63,236,,13.79,p100,c9
21-05-2018,96,1323.84,288,,13.79,p100,c9
28-05-2018,89,1234.8,277,,13.8741573,p100,c9
04-06-2018,76,1048.04,252,,13.79,p100,c9
11-06-2018,82,1134.57,282,,13.83621951,p100,c9
18-06-2018,51,771.49,211,,15.1272549,p100,c9
25-06-2018,45,874.75,237,,19.43888889,p100,c9
02-07-2018,34,679.66,380,,19.99,p100,c9
09-07-2018,58,1159.42,482,,19.99,p100,c9
16-07-2018,45,899.55,419,,19.99,p100,c9
23-07-2018,40,799.6,392,,19.99,p100,c9
30-07-2018,37,739.63,350,,19.99,p100,c9
06-08-2018,51,1019.49,379,,19.99,p100,c9
13-08-2018,44,879.56,351,,19.99,p100,c9
20-08-2018,47,939.53,338,,19.99,p100,c9
27-08-2018,101,2018.99,347,,19.99,p100,c9
03-09-2018,77,1539.23,344,,19.99,p100,c9
10-09-2018,156,3118.44,367,,19.99,p100,c9
17-09-2018,125,2498.75,420,,19.99,p100,c9
24-09-2018,90,1799.1,554,,19.99,p100,c9
01-10-2018,67,1339.33,419,,19.99,p100,c9
08-10-2018,52,1039.48,524,,19.99,p100,c9
15-10-2018,51,1019.49,601,,19.99,p100,c9
22-10-2018,43,859.57,888,,19.99,p100,c9
29-10-2018,59,1179.41,951,,19.99,p100,c9
05-11-2018,74,1479.26,924,,19.99,p100,c9
12-11-2018,74,1479.26,985,,19.99,p100,c9
19-11-2018,70,1363.6,994,,19.48,p100,c9
26-11-2018,116,2127.67,1046,,18.34198276,p100,c9
03-12-2018,94,1710.8,1108,,18.2,p100,c9
10-12-2018,141,2566.2,1015,,18.2,p100,c9
17-12-2018,89,1619.8,882,,18.2,p100,c9
24-12-2018,26,473.2,782,,18.2,p100,c9
01-01-2018,228,4161.05,,,18.2502193,p101,c14
08-01-2018,170,4021.41,8441,,23.65535294,p101,c14
15-01-2018,154,3747.79,8455,,24.3362987,p101,c14
22-01-2018,131,3228.5,8317,,24.64503817,p101,c14
29-01-2018,220,4291.48,8181,,19.50672727,p101,c14
05-02-2018,206,3932.54,7960,,19.09,p101,c14
12-02-2018,144,2748.96,7729,,19.09,p101,c14
19-02-2018,199,3798.91,7524,,19.09,p101,c14
26-02-2018,224,4276.16,7281,,19.09,p101,c14
05-03-2018,211,4456.18,6986,,21.11933649,p101,c14
12-03-2018,172,4300.39,6763,,25.00226744,p101,c14
19-03-2018,292,7183.15,6681,,24.59982877,p101,c14
26-03-2018,199,4572.74,6466,,22.97859296,p101,c14
02-04-2018,245,4677.88,6323,,19.09338776,p101,c14
09-04-2018,211,4072.13,6084,,19.29919431,p101,c14
16-04-2018,301,5746.09,5885,,19.09,p101,c14
23-04-2018,242,4646.78,5538,,19.20157025,p101,c14
30-04-2018,219,4684.95,5326,,21.39246575,p101,c14
07-05-2018,165,4072.38,5105,,24.68109091,p101,c14
14-05-2018,172,4234.66,4933,,24.62011628,p101,c14
21-05-2018,167,3583.4,4743,,21.45748503,p101,c14
28-05-2018,227,4333.43,4602,,19.09,p101,c14
04-06-2018,249,4753.41,4350,,19.09,p101,c14
11-06-2018,187,4131.93,4117,,22.09588235,p101,c14
18-06-2018,174,4000.84,3851,,22.99333333,p101,c14
25-06-2018,162,4020.92,3665,,24.82049383,p101,c14
02-07-2018,142,3894.79,3495,,27.42809859,p101,c14
09-07-2018,159,3718.82,3384,,23.38880503,p101,c14
16-07-2018,220,5056.95,3255,,22.98613636,p101,c14
23-07-2018,171,3929.44,3091,,22.97918129,p101,c14
30-07-2018,192,4411.48,2915,,22.97645833,p101,c14
06-08-2018,214,4917.11,2716,,22.97714953,p101,c14
13-08-2018,220,5057.65,2511,,22.98931818,p101,c14
20-08-2018,203,4665.02,2287,,22.98039409,p101,c14
27-08-2018,270,6197.2,2054,,22.95259259,p101,c14
03-09-2018,443,10318.51,1832,,23.29234763,p101,c14
10-09-2018,502,9896.74,1638,,19.71462151,p101,c14
17-09-2018,595,11281.2,1634,,18.96,p101,c14
24-09-2018,533,10105.68,1594,,18.96,p101,c14
01-10-2018,376,7131,2215,,18.96542553,p101,c14
08-10-2018,338,7470.26,2779,,22.10136095,p101,c14
15-10-2018,273,6265.38,4011,,22.95010989,p101,c14
22-10-2018,325,7439.46,8082,,22.89064615,p101,c14
29-10-2018,282,6482.3,9646,,22.98687943,p101,c14
05-11-2018,387,8889.88,10615,,22.97126615,p101,c14
12-11-2018,470,10762.49,11395,,22.89891489,p101,c14
19-11-2018,2115,38432.58,10718,,18.17143262,p101,c14
26-11-2018,1732,36581.58,10148,,21.12100462,p101,c14
03-12-2018,1226,28075.51,7829,,22.90008972,p101,c14
10-12-2018,1586,36462.28,7340,,22.99008827,p101,c14
17-12-2018,1684,38715.42,6554,,22.99015439,p101,c14
24-12-2018,187,4299.34,4914,,22.99112299,p101,c14
01-01-2018,49,1891.59,,,38.60387755,p102,c15
08-01-2018,58,2290.48,299,,39.49103448,p102,c15
15-01-2018,52,2059.35,521,,39.60288462,p102,c15
22-01-2018,68,2688.25,466,,39.53308824,p102,c15
29-01-2018,63,2490.39,397,,39.53,p102,c15
05-02-2018,54,2134.62,328,,39.53,p102,c15
12-02-2018,50,1976.5,275,,39.53,p102,c15
19-02-2018,38,1502.65,229,,39.54342105,p102,c15
26-02-2018,59,2332.72,199,,39.53762712,p102,c15
05-03-2018,52,2055.56,207,,39.53,p102,c15
12-03-2018,39,1541.67,172,,39.53,p102,c15
19-03-2018,81,3009.65,141,,37.15617284,p102,c15
26-03-2018,59,2183,107,,37,p102,c15
02-04-2018,38,1406,94,,37,p102,c15
09-04-2018,41,1517,114,,37,p102,c15
16-04-2018,50,1850.38,63,,37.0076,p102,c15
23-04-2018,7,259,12,,37,p102,c15
30-04-2018,10,370,0,,37,p102,c15
07-05-2018,46,1702,79,,37,p102,c15
14-05-2018,52,1924,220,,37,p102,c15
21-05-2018,58,2146.35,191,,37.00603448,p102,c15
28-05-2018,46,1702,161,,37,p102,c15
04-06-2018,47,1746.34,168,,37.15617021,p102,c15
11-06-2018,42,1560.49,217,,37.15452381,p102,c15
18-06-2018,54,1998,223,,37,p102,c15
25-06-2018,57,2109,206,,37,p102,c15
02-07-2018,62,2304.99,177,,37.17725806,p102,c15
09-07-2018,54,2009.3,96,,37.20925926,p102,c15
16-07-2018,114,4229.48,67,,37.10070175,p102,c15
23-07-2018,85,3156.96,142,,37.14070588,p102,c15
30-07-2018,92,3404,169,,37,p102,c15
06-08-2018,107,3970.69,114,,37.10925234,p102,c15
13-08-2018,129,4773,270,,37,p102,c15
20-08-2018,139,5143,238,,37,p102,c15
27-08-2018,206,7622,141,,37,p102,c15
03-09-2018,187,6953.71,109,,37.18561497,p102,c15
10-09-2018,291,10810.38,41,,37.14907216,p102,c15
17-09-2018,279,10329.63,371,,37.02376344,p102,c15
24-09-2018,201,7437,559,,37,p102,c15
01-10-2018,148,5476,575,,37,p102,c15
08-10-2018,140,5191.62,467,,37.083,p102,c15
15-10-2018,121,4477,643,,37,p102,c15
22-10-2018,124,4588,692,,37,p102,c15
29-10-2018,121,4488.57,760,,37.09561983,p102,c15
05-11-2018,135,4995,831,,37,p102,c15
12-11-2018,121,4480.61,892,,37.02983471,p102,c15
19-11-2018,123,4555.19,987,,37.03406504,p102,c15
26-11-2018,210,7774.3,1099,,37.02047619,p102,c15
03-12-2018,182,6741.32,1266,,37.04021978,p102,c15
10-12-2018,215,7961.98,1131,,37.03246512,p102,c15
17-12-2018,191,7074.11,920,,37.03722513,p102,c15
24-12-2018,30,1110,729,,37,p102,c15
01-01-2018,5,176.55,,,35.31,p103,c12
08-01-2018,16,576.64,148,,36.04,p103,c12
15-01-2018,11,396.44,132,,36.04,p103,c12
22-01-2018,12,432.48,123,,36.04,p103,c12
29-01-2018,17,612.68,110,,36.04,p103,c12
05-02-2018,2,72.08,97,,36.04,p103,c12
12-02-2018,7,252.28,90,,36.04,p103,c12
19-02-2018,10,360.4,92,,36.04,p103,c12
26-02-2018,12,421.53,82,,35.1275,p103,c12
05-03-2018,14,493.61,59,,35.25785714,p103,c12
12-03-2018,19,673.81,78,,35.46368421,p103,c12
19-03-2018,11,383.97,66,,34.90636364,p103,c12
26-03-2018,9,291.51,97,,32.39,p103,c12
02-04-2018,30,971.7,101,,32.39,p103,c12
09-04-2018,2,64.78,77,,32.39,p103,c12
16-04-2018,13,421.07,76,,32.39,p103,c12
23-04-2018,7,226.73,52,,32.39,p103,c12
30-04-2018,7,226.73,56,,32.39,p103,c12
07-05-2018,19,615.41,82,,32.39,p103,c12
14-05-2018,7,226.73,72,,32.39,p103,c12
21-05-2018,4,140.76,72,,35.19,p103,c12
28-05-2018,14,487.06,68,,34.79,p103,c12
04-06-2018,14,531.86,70,,37.99,p103,c12
11-06-2018,7,265.93,61,,37.99,p103,c12
18-06-2018,6,227.94,64,,37.99,p103,c12
25-06-2018,3,113.97,59,,37.99,p103,c12
02-07-2018,9,341.91,66,,37.99,p103,c12
09-07-2018,4,151.96,76,,37.99,p103,c12
16-07-2018,8,303.92,73,,37.99,p103,c12
23-07-2018,8,303.92,64,,37.99,p103,c12
30-07-2018,8,303.92,56,,37.99,p103,c12
06-08-2018,9,341.91,82,,37.99,p103,c12
13-08-2018,7,265.93,98,,37.99,p103,c12
20-08-2018,15,569.85,87,,37.99,p103,c12
27-08-2018,19,721.81,76,,37.99,p103,c12
03-09-2018,10,379.9,107,,37.99,p103,c12
10-09-2018,22,835.78,109,,37.99,p103,c12
17-09-2018,22,835.78,98,,37.99,p103,c12
24-09-2018,24,911.76,106,,37.99,p103,c12
01-10-2018,17,645.83,99,,37.99,p103,c12
08-10-2018,16,607.84,100,,37.99,p103,c12
15-10-2018,10,379.9,86,,37.99,p103,c12
22-10-2018,10,379.9,88,,37.99,p103,c12
29-10-2018,8,303.92,112,,37.99,p103,c12
05-11-2018,16,607.84,138,,37.99,p103,c12
12-11-2018,6,227.94,118,,37.99,p103,c12
19-11-2018,3,113.97,115,,37.99,p103,c12
26-11-2018,14,531.86,130,,37.99,p103,c12
03-12-2018,13,493.87,136,,37.99,p103,c12
10-12-2018,10,360.11,133,,36.011,p103,c12
17-12-2018,11,356.49,124,,32.40818182,p103,c12
24-12-2018,2,62.56,112,,31.28,p103,c12
01-01-2018,79,921.14,,,11.66,p104,c12
08-01-2018,100,1166,1111,,11.66,p104,c12
15-01-2018,122,1422.58,1022,,11.6604918,p104,c12
22-01-2018,116,1352.56,924,,11.66,p104,c12
29-01-2018,144,1679.34,803,,11.66208333,p104,c12
05-02-2018,91,1061.06,651,,11.66,p104,c12
12-02-2018,92,1072.83,802,,11.66119565,p104,c12
19-02-2018,108,1282.11,746,,11.87138889,p104,c12
26-02-2018,91,1287.5,657,,14.14835165,p104,c12
05-03-2018,57,811.14,594,,14.23052632,p104,c12
12-03-2018,78,1092.63,519,,14.00807692,p104,c12
19-03-2018,134,1569.42,485,,11.71208955,p104,c12
26-03-2018,79,921.14,496,,11.66,p104,c12
02-04-2018,64,746.24,488,,11.66,p104,c12
09-04-2018,86,998.93,497,,11.61546512,p104,c12
16-04-2018,108,1219.7,410,,11.29351852,p104,c12
23-04-2018,97,1322.98,358,,13.63896907,p104,c12
30-04-2018,126,1795.5,282,,14.25,p104,c12
07-05-2018,86,1159.27,472,,13.47988372,p104,c12
14-05-2018,105,1241.95,652,,11.82809524,p104,c12
21-05-2018,104,1212.64,561,,11.66,p104,c12
28-05-2018,62,722.92,589,,11.66,p104,c12
04-06-2018,67,781.32,596,,11.66149254,p104,c12
11-06-2018,102,1188.73,661,,11.65421569,p104,c12
18-06-2018,60,699.6,628,,11.66,p104,c12
25-06-2018,61,711.26,559,,11.66,p104,c12
02-07-2018,55,641.3,624,,11.66,p104,c12
09-07-2018,68,792.88,604,,11.66,p104,c12
16-07-2018,129,1504.14,623,,11.66,p104,c12
23-07-2018,108,1259.28,600,,11.66,p104,c12
30-07-2018,123,1434.18,516,,11.66,p104,c12
06-08-2018,136,1586.29,626,,11.66389706,p104,c12
13-08-2018,168,1958.88,642,,11.66,p104,c12
20-08-2018,140,1632.4,514,,11.66,p104,c12
27-08-2018,355,4139.3,369,,11.66,p104,c12
03-09-2018,256,2984.96,601,,11.66,p104,c12
10-09-2018,348,4057.68,825,,11.66,p104,c12
17-09-2018,286,3334.96,867,,11.6606993,p104,c12
24-09-2018,296,3451.36,772,,11.66,p104,c12
01-10-2018,223,2600.18,656,,11.66,p104,c12
08-10-2018,200,2332,586,,11.66,p104,c12
15-10-2018,208,2425.28,570,,11.66,p104,c12
22-10-2018,202,2468.63,522,,12.22094059,p104,c12
29-10-2018,145,2153.57,495,,14.8522069,p104,c12
05-11-2018,134,2008.66,461,,14.99,p104,c12
12-11-2018,112,1678.97,335,,14.99080357,p104,c12
19-11-2018,84,1259.16,239,,14.99,p104,c12
26-11-2018,153,2293.47,321,,14.99,p104,c12
03-12-2018,140,2098.89,430,,14.99207143,p104,c12
10-12-2018,148,2218.6,788,,14.99054054,p104,c12
17-12-2018,119,1759.8,1446,,14.78823529,p104,c12
24-12-2018,36,445.66,1323,,12.37944444,p104,c12
01-01-2018,13,139.88,,,10.76,p105,c12
08-01-2018,33,355.08,143,,10.76,p105,c12
15-01-2018,36,387.36,116,,10.76,p105,c12
22-01-2018,24,258.24,82,,10.76,p105,c12
29-01-2018,13,139.88,57,,10.76,p105,c12
05-02-2018,37,476.56,139,,12.88,p105,c12
12-02-2018,13,165.32,98,,12.71692308,p105,c12
19-02-2018,14,178.85,93,,12.775,p105,c12
26-02-2018,14,173.88,76,,12.42,p105,c12
05-03-2018,17,211.14,87,,12.42,p105,c12
12-03-2018,3,37.26,100,,12.42,p105,c12
19-03-2018,68,824.04,93,,12.11823529,p105,c12
26-03-2018,19,228.76,79,,12.04,p105,c12
02-04-2018,17,204.68,75,,12.04,p105,c12
09-04-2018,10,120.4,80,,12.04,p105,c12
16-04-2018,12,144.48,94,,12.04,p105,c12
23-04-2018,24,288.96,88,,12.04,p105,c12
30-04-2018,23,276.92,79,,12.04,p105,c12
07-05-2018,14,168.56,103,,12.04,p105,c12
14-05-2018,73,879.34,136,,12.04575342,p105,c12
21-05-2018,22,264.88,87,,12.04,p105,c12
28-05-2018,11,132.44,88,,12.04,p105,c12
04-06-2018,25,317.15,153,,12.686,p105,c12
11-06-2018,16,206.89,161,,12.930625,p105,c12
18-06-2018,21,272.79,130,,12.99,p105,c12
25-06-2018,14,181.66,112,,12.97571429,p105,c12
02-07-2018,8,103.76,102,,12.97,p105,c12
09-07-2018,13,168.61,141,,12.97,p105,c12
16-07-2018,35,453.95,149,,12.97,p105,c12
23-07-2018,33,428.01,132,,12.97,p105,c12
30-07-2018,34,409.69,104,,12.04970588,p105,c12
06-08-2018,35,408.1,123,,11.66,p105,c12
13-08-2018,43,501.38,305,,11.66,p105,c12
20-08-2018,31,361.46,241,,11.66,p105,c12
27-08-2018,67,781.22,351,,11.66,p105,c12
03-09-2018,56,652.96,318,,11.66,p105,c12
10-09-2018,56,652.96,303,,11.66,p105,c12
17-09-2018,84,993.1,275,,11.82261905,p105,c12
24-09-2018,69,883.01,266,,12.79724638,p105,c12
01-10-2018,30,389.7,285,,12.99,p105,c12
08-10-2018,39,505.83,251,,12.97,p105,c12
15-10-2018,23,298.31,226,,12.97,p105,c12
22-10-2018,45,583.65,211,,12.97,p105,c12
29-10-2018,14,181.58,215,,12.97,p105,c12
05-11-2018,24,311.28,199,,12.97,p105,c12
12-11-2018,14,181.58,185,,12.97,p105,c12
19-11-2018,2,25.92,171,,12.96,p105,c12
26-11-2018,16,192.6,160,,12.0375,p105,c12
03-12-2018,33,372.24,186,,11.28,p105,c12
10-12-2018,15,169.01,182,,11.26733333,p105,c12
17-12-2018,7,78.54,191,,11.22,p105,c12
24-12-2018,3,33.48,179,,11.16,p105,c12
01-01-2018,2,61.64,,,30.82,p106,c9
08-01-2018,3,95.56,24,,31.85333333,p106,c9
15-01-2018,4,123.04,22,,30.76,p106,c9
22-01-2018,5,153.65,18,,30.73,p106,c9
29-01-2018,3,92.19,14,,30.73,p106,c9
05-02-2018,2,61.46,28,,30.73,p106,c9
12-02-2018,2,61.46,24,,30.73,p106,c9
19-02-2018,1,30.73,25,,30.73,p106,c9
05-03-2018,1,30.19,23,,30.19,p106,c9
12-03-2018,2,60.38,23,,30.19,p106,c9
19-03-2018,6,181.14,21,,30.19,p106,c9
26-03-2018,10,301.9,16,,30.19,p106,c9
02-04-2018,3,90.57,12,,30.19,p106,c9
09-04-2018,3,90.57,8,,30.19,p106,c9
16-04-2018,2,60.38,23,,30.19,p106,c9
23-04-2018,4,120.76,19,,30.19,p106,c9
30-04-2018,3,90.57,18,,30.19,p106,c9
07-05-2018,1,30.19,16,,30.19,p106,c9
14-05-2018,1,30.19,15,,30.19,p106,c9
04-06-2018,1,30.19,19,,30.19,p106,c9
11-06-2018,3,90.57,18,,30.19,p106,c9
18-06-2018,2,60.38,14,,30.19,p106,c9
25-06-2018,1,30.19,13,,30.19,p106,c9
02-07-2018,2,60.38,12,,30.19,p106,c9
09-07-2018,1,30.19,10,,30.19,p106,c9
23-07-2018,18,543.42,21,,30.19,p106,c9
06-08-2018,6,181.14,21,,30.19,p106,c9
13-08-2018,19,580.24,7,,30.53894737,p106,c9
20-08-2018,2,73.64,2,,36.82,p106,c9
27-08-2018,2,73.64,6,,36.82,p106,c9
03-09-2018,0,0,15,,,p106,c9
10-09-2018,12,441.84,21,,36.82,p106,c9
17-09-2018,10,368.2,21,,36.82,p106,c9
24-09-2018,0,0,16,,,p106,c9
01-10-2018,1,36.82,22,,36.82,p106,c9
08-10-2018,0,0,21,,,p106,c9
15-10-2018,3,110.46,23,,36.82,p106,c9
22-10-2018,0,0,20,,,p106,c9
29-10-2018,1,35.95,26,,35.95,p106,c9
05-11-2018,2,71.87,25,,35.935,p106,c9
12-11-2018,2,71.9,23,,35.95,p106,c9
19-11-2018,2,71.9,21,,35.95,p106,c9
26-11-2018,9,323.55,20,,35.95,p106,c9
03-12-2018,4,143.8,10,,35.95,p106,c9
10-12-2018,3,107.85,11,,35.95,p106,c9
17-12-2018,4,143.8,9,,35.95,p106,c9
24-12-2018,1,35.95,15,,35.95,p106,c9
