customer_1_sales_data.csv
Date,Units,Revenue,Inventory_Amount,Inventory_Units,Price,PID,CID
01-01-2018,2,39.89,,,19.945,p108,c9
08-01-2018,1,18.76,82,,18.76,p108,c9
15-01-2018,5,97.06,70,,19.412,p108,c9
22-01-2018,1,19.73,75,,19.73,p108,c9
29-01-2018,4,79.13,74,,19.7825,p108,c9
05-02-2018,3,59.31,70,,19.77,p108,c9
12-02-2018,4,79.13,68,,19.7825,p108,c9
19-02-2018,1,19.76,63,,19.76,p108,c9
26-02-2018,3,59.97,63,,19.99,p108,c9
05-03-2018,2,39.98,61,,19.99,p108,c9
12-03-2018,1,19.99,59,,19.99,p108,c9
19-03-2018,2,39.98,59,,19.99,p108,c9
26-03-2018,5,99.95,59,,19.99,p108,c9
02-04-2018,1,19.99,53,,19.99,p108,c9
09-04-2018,3,59.97,52,,19.99,p108,c9
16-04-2018,2,39.98,50,,19.99,p108,c9
23-04-2018,3,59.97,47,,19.99,p108,c9
30-04-2018,2,39.98,45,,19.99,p108,c9
07-05-2018,3,59.97,42,,19.99,p108,c9
14-05-2018,4,79.96,38,,19.99,p108,c9
21-05-2018,1,19.99,34,,19.99,p108,c9
28-05-2018,3,59.97,33,,19.99,p108,c9
04-06-2018,4,79.96,30,,19.99,p108,c9
11-06-2018,2,39.98,28,,19.99,p108,c9
18-06-2018,3,59.96,22,,19.98666667,p108,c9
25-06-2018,2,39.98,20,,19.99,p108,c9
02-07-2018,2,39.98,17,,19.99,p108,c9
09-07-2018,3,59.97,16,,19.99,p108,c9
16-07-2018,1,19.99,13,,19.99,p108,c9
23-07-2018,3,59.97,12,,19.99,p108,c9
30-07-2018,2,37.24,10,,18.62,p108,c9
06-08-2018,4,62.84,7,,15.71,p108,c9
13-08-2018,2,31.44,3,,15.72,p108,c9
20-08-2018,2,30.46,1,,15.23,p108,c9
27-08-2018,0,0,0,,,p108,c9
03-09-2018,0,0,0,,,p108,c9
10-09-2018,2,39.98,0,,19.99,p108,c9
17-09-2018,0,0,0,,,p108,c9
24-09-2018,4,79.96,0,,19.99,p108,c9
01-01-2018,6,97.99,,,16.33166667,p109,c9
08-01-2018,7,130.93,195,,18.70428571,p109,c9
15-01-2018,8,155.22,190,,19.4025,p109,c9
22-01-2018,8,150.52,179,,18.815,p109,c9
29-01-2018,5,99.95,171,,19.99,p109,c9
05-02-2018,6,119.94,163,,19.99,p109,c9
12-02-2018,2,39.98,159,,19.99,p109,c9
19-02-2018,6,117.42,155,,19.57,p109,c9
26-02-2018,5,88.76,151,,17.752,p109,c9
05-03-2018,9,162.09,145,,18.01,p109,c9
12-03-2018,7,119.27,139,,17.03857143,p109,c9
19-03-2018,6,110.1,131,,18.35,p109,c9
26-03-2018,13,238.55,128,,18.35,p109,c9
02-04-2018,5,82.57,114,,16.514,p109,c9
09-04-2018,6,107.04,109,,17.84,p109,c9
16-04-2018,6,107.04,102,,17.84,p109,c9
23-04-2018,4,73.4,96,,18.35,p109,c9
30-04-2018,9,159.03,91,,17.67,p109,c9
07-05-2018,6,107.04,82,,17.84,p109,c9
14-05-2018,6,107.04,78,,17.84,p109,c9
21-05-2018,9,165.15,67,,18.35,p109,c9
28-05-2018,14,250.78,58,,17.91285714,p109,c9
04-06-2018,7,128.45,45,,18.35,p109,c9
11-06-2018,7,119.27,49,,17.03857143,p109,c9
18-06-2018,4,73.4,54,,18.35,p109,c9
25-06-2018,10,180.44,61,,18.044,p109,c9
02-07-2018,4,73.4,52,,18.35,p109,c9
09-07-2018,2,36.7,74,,18.35,p109,c9
16-07-2018,8,146.8,73,,18.35,p109,c9
23-07-2018,6,107.04,67,,17.84,p109,c9
06-08-2018,6,110.1,70,,18.35,p109,c9
13-08-2018,5,91.75,70,,18.35,p109,c9
20-08-2018,13,229.37,85,,17.64384615,p109,c9
27-08-2018,7,122.33,90,,17.47571429,p109,c9
03-09-2018,4,73.4,88,,18.35,p109,c9
10-09-2018,23,400.63,86,,17.41869565,p109,c9
17-09-2018,16,284.42,76,,17.77625,p109,c9
24-09-2018,12,211.02,63,,17.585,p109,c9
01-10-2018,8,140.68,55,,17.585,p109,c9
08-10-2018,5,91.75,47,,18.35,p109,c9
15-10-2018,6,107.04,66,,17.84,p109,c9
22-10-2018,4,70.34,59,,17.585,p109,c9
29-10-2018,20,317.2,95,,15.86,p109,c9
05-11-2018,82,1229.18,106,,14.99,p109,c9
12-11-2018,27,404.73,37,,14.99,p109,c9
19-11-2018,24,444.76,2,,18.53166667,p109,c9
26-11-2018,26,519.74,117,,19.99,p109,c9
03-12-2018,29,579.71,211,,19.99,p109,c9
10-12-2018,27,539.73,198,,19.99,p109,c9
17-12-2018,15,299.85,168,,19.99,p109,c9
24-12-2018,5,99.95,154,,19.99,p109,c9
01-01-2018,35,616.38,,,17.61085714,p110,c8
08-01-2018,49,893.94,663,,18.24367347,p110,c8
15-01-2018,36,817.15,616,,22.69861111,p110,c8
22-01-2018,38,842.07,587,,22.15973684,p110,c8
29-01-2018,35,772.29,545,,22.06542857,p110,c8
05-02-2018,36,656.46,506,,18.235,p110,c8
12-02-2018,45,804.67,470,,17.88155556,p110,c8
19-02-2018,51,940.61,424,,18.44333333,p110,c8
26-02-2018,57,1033.74,374,,18.13578947,p110,c8
05-03-2018,68,1249.62,322,,18.37676471,p110,c8
12-03-2018,70,1256.46,232,,17.94942857,p110,c8
19-03-2018,83,1497.87,182,,18.04662651,p110,c8
26-03-2018,59,1098.95,318,,18.62627119,p110,c8
02-04-2018,42,752.57,380,,17.91833333,p110,c8
09-04-2018,37,668.43,401,,18.06567568,p110,c8
16-04-2018,53,948.04,408,,17.88754717,p110,c8
23-04-2018,52,925.08,372,,17.79,p110,c8
30-04-2018,54,960.66,327,,17.79,p110,c8
07-05-2018,66,1179.12,283,,17.86545455,p110,c8
14-05-2018,51,992.52,208,,19.46117647,p110,c8
21-05-2018,25,535.53,166,,21.4212,p110,c8
28-05-2018,41,873.89,210,,21.31439024,p110,c8
04-06-2018,35,783.12,216,,22.37485714,p110,c8
11-06-2018,71,1292.46,187,,18.20366197,p110,c8
18-06-2018,58,1031.82,124,,17.79,p110,c8
25-06-2018,47,840.54,68,,17.88382979,p110,c8
02-07-2018,46,854.57,90,,18.5776087,p110,c8
09-07-2018,44,914.49,238,,20.78386364,p110,c8
16-07-2018,52,1064.49,255,,20.47096154,p110,c8
23-07-2018,49,1109.75,250,,22.64795918,p110,c8
30-07-2018,42,860.31,244,,20.48357143,p110,c8
06-08-2018,44,901.56,237,,20.49,p110,c8
13-08-2018,59,1212.41,221,,20.54932203,p110,c8
20-08-2018,42,863,168,,20.54761905,p110,c8
27-08-2018,84,1721.16,121,,20.49,p110,c8
03-09-2018,65,1339.18,55,,20.60276923,p110,c8
24-09-2018,7,143.43,2,,20.49,p110,c8
01-10-2018,45,922.05,85,,20.49,p110,c8
08-10-2018,37,758.13,251,,20.49,p110,c8
15-10-2018,31,635.5,410,,20.5,p110,c8
22-10-2018,47,963.03,766,,20.49,p110,c8
29-10-2018,45,931.89,919,,20.70866667,p110,c8
05-11-2018,55,1149.9,927,,20.90727273,p110,c8
12-11-2018,74,1546.6,903,,20.9,p110,c8
19-11-2018,78,1632.56,936,,20.93025641,p110,c8
26-11-2018,146,3056.18,954,,20.93273973,p110,c8
03-12-2018,102,2131.8,841,,20.9,p110,c8
10-12-2018,146,3056.86,748,,20.93739726,p110,c8
17-12-2018,143,2991.49,602,,20.91951049,p110,c8
24-12-2018,30,627,464,,20.9,p110,c8
01-01-2018,1,24.99,,,24.99,p111,c9
29-01-2018,1,25.44,8,,25.44,p111,c9
05-02-2018,1,24.99,7,,24.99,p111,c9
12-02-2018,1,24.99,6,,24.99,p111,c9
19-02-2018,2,50.12,5,,25.06,p111,c9
26-02-2018,3,75.26,8,,25.08666667,p111,c9
05-03-2018,4,99.96,7,,24.99,p111,c9
12-03-2018,1,25.23,0,,25.23,p111,c9
09-04-2018,1,24.99,1,,24.99,p111,c9
11-06-2018,1,24.99,0,,24.99,p111,c9
01-01-2018,61,1099.14,,,18.01868852,p113,c10
08-01-2018,55,1086.28,631,,19.75054545,p113,c10
15-01-2018,19,486.6,535,,25.61052632,p113,c10
22-01-2018,26,709.54,485,,27.29,p113,c10
29-01-2018,24,585.66,509,,24.4025,p113,c10
05-02-2018,54,1133.46,511,,20.99,p113,c10
12-02-2018,27,566.73,460,,20.99,p113,c10
19-02-2018,39,818.61,424,,20.99,p113,c10
26-02-2018,41,860.59,380,,20.99,p113,c10
05-03-2018,38,797.62,344,,20.99,p113,c10
12-03-2018,47,986.53,309,,20.99,p113,c10
19-03-2018,72,1511.28,259,,20.99,p113,c10
26-03-2018,39,818.61,207,,20.99,p113,c10
02-04-2018,27,566.73,196,,20.99,p113,c10
09-04-2018,26,545.94,254,,20.99769231,p113,c10
16-04-2018,35,734.65,293,,20.99,p113,c10
23-04-2018,23,489.81,248,,21.29608696,p113,c10
30-04-2018,43,906.71,243,,21.08627907,p113,c10
07-05-2018,31,650.69,237,,20.99,p113,c10
14-05-2018,41,860.85,240,,20.99634146,p113,c10
21-05-2018,24,503.76,206,,20.99,p113,c10
28-05-2018,26,550.18,179,,21.16076923,p113,c10
04-06-2018,35,734.65,153,,20.99,p113,c10
11-06-2018,25,524.75,150,,20.99,p113,c10
18-06-2018,29,608.71,184,,20.99,p113,c10
25-06-2018,38,797.62,174,,20.99,p113,c10
02-07-2018,21,440.79,159,,20.99,p113,c10
09-07-2018,37,776.63,146,,20.99,p113,c10
16-07-2018,39,818.61,131,,20.99,p113,c10
23-07-2018,28,587.72,126,,20.99,p113,c10
30-07-2018,35,734.65,112,,20.99,p113,c10
06-08-2018,42,881.58,107,,20.99,p113,c10
13-08-2018,40,839.6,149,,20.99,p113,c10
20-08-2018,31,650.69,189,,20.99,p113,c10
27-08-2018,47,986.53,179,,20.99,p113,c10
03-09-2018,44,923.56,222,,20.99,p113,c10
10-09-2018,58,1217.42,219,,20.99,p113,c10
17-09-2018,55,1154.45,278,,20.99,p113,c10
24-09-2018,52,1091.48,308,,20.99,p113,c10
01-10-2018,29,608.9,294,,20.99655172,p113,c10
08-10-2018,36,755.64,278,,20.99,p113,c10
15-10-2018,36,755.64,275,,20.99,p113,c10
22-10-2018,34,758.24,274,,22.30117647,p113,c10
29-10-2018,32,763.44,367,,23.8575,p113,c10
05-11-2018,44,1053.8,465,,23.95,p113,c10
12-11-2018,47,1125.65,642,,23.95,p113,c10
19-11-2018,38,910.1,648,,23.95,p113,c10
01-01-2018,27,864,,,32,p114,c12
08-01-2018,30,960,188,,32,p114,c12
15-01-2018,60,1920.16,151,,32.00266667,p114,c12
22-01-2018,19,608,106,,32,p114,c12
29-01-2018,16,512,85,,32,p114,c12
05-02-2018,16,512,147,,32,p114,c12
12-02-2018,6,192,169,,32,p114,c12
19-02-2018,19,608,183,,32,p114,c12
26-02-2018,21,574.84,164,,27.37333333,p114,c12
05-03-2018,9,276.92,143,,30.76888889,p114,c12
12-03-2018,7,224.49,133,,32.07,p114,c12
19-03-2018,7,224,127,,32,p114,c12
26-03-2018,18,557.96,121,,30.99777778,p114,c12
02-04-2018,11,347.49,104,,31.59,p114,c12
09-04-2018,1,32,92,,32,p114,c12
16-04-2018,8,257.17,90,,32.14625,p114,c12
23-04-2018,4,125.91,81,,31.4775,p114,c12
30-04-2018,8,254.24,77,,31.78,p114,c12
07-05-2018,6,191.02,69,,31.83666667,p114,c12
14-05-2018,8,253.48,63,,31.685,p114,c12
21-05-2018,10,318.74,54,,31.874,p114,c12
28-05-2018,10,317.48,45,,31.748,p114,c12
04-06-2018,6,186.96,39,,31.16,p114,c12
11-06-2018,1,32,46,,32,p114,c12
18-06-2018,10,312.44,50,,31.244,p114,c12
25-06-2018,13,416,50,,32,p114,c12
02-07-2018,6,190.74,37,,31.79,p114,c12
09-07-2018,8,256,26,,32,p114,c12
16-07-2018,14,444.43,31,,31.745,p114,c12
23-07-2018,7,224,42,,32,p114,c12
30-07-2018,6,189.48,35,,31.58,p114,c12
06-08-2018,10,318.74,48,,31.874,p114,c12
13-08-2018,17,535.4,55,,31.49411765,p114,c12
20-08-2018,6,193.58,38,,32.26333333,p114,c12
27-08-2018,14,463.57,37,,33.11214286,p114,c12
03-09-2018,9,295.87,38,,32.87444444,p114,c12
10-09-2018,26,866.38,60,,33.32230769,p114,c12
17-09-2018,15,499.95,80,,33.33,p114,c12
24-09-2018,17,566.61,91,,33.33,p114,c12
01-10-2018,9,299.97,86,,33.33,p114,c12
08-10-2018,10,333.3,86,,33.33,p114,c12
15-10-2018,13,433.29,82,,33.33,p114,c12
22-10-2018,11,379.95,115,,34.54090909,p114,c12
29-10-2018,6,242.5,110,,40.41666667,p114,c12
05-11-2018,7,297.85,114,,42.55,p114,c12
12-11-2018,7,297.85,117,,42.55,p114,c12
19-11-2018,12,510.6,136,,42.55,p114,c12
26-11-2018,12,510.6,145,,42.55,p114,c12
03-12-2018,12,510.6,145,,42.55,p114,c12
10-12-2018,15,638.25,158,,42.55,p114,c12
17-12-2018,7,270.36,168,,38.62285714,p114,c12
24-12-2018,12,364.24,161,,30.35333333,p114,c12
01-01-2018,492,7403.41,,,15.0475813,p115,c2
08-01-2018,653,9976.31,3964,,15.27765697,p115,c2
15-01-2018,627,9760.51,3520,,15.56700159,p115,c2
22-01-2018,554,10321.64,2908,,18.63111913,p115,c2
29-01-2018,596,11128.7,2402,,18.67231544,p115,c2
05-02-2018,504,9422.76,1791,,18.69595238,p115,c2
12-02-2018,380,7128.49,2539,,18.75918421,p115,c2
19-02-2018,446,8375.52,2789,,18.77919283,p115,c2
26-02-2018,519,8815.09,2369,,16.98475915,p115,c2
05-03-2018,641,10377.47,1955,,16.18950078,p115,c2
12-03-2018,605,9805.27,1754,,16.20705785,p115,c2
19-03-2018,1021,16844.25,1480,,16.49779628,p115,c2
26-03-2018,555,10767.6,2099,,19.40108108,p115,c2
02-04-2018,525,10197.39,2277,,19.4236,p115,c2
09-04-2018,673,10417.49,1839,,15.47918276,p115,c2
16-04-2018,1014,13428.74,1765,,13.24333333,p115,c2
23-04-2018,803,10068.42,959,,12.5385056,p115,c2
30-04-2018,936,11928.9,902,,12.74455128,p115,c2
07-05-2018,837,10674.3,2284,,12.75304659,p115,c2
14-05-2018,836,10654.44,4615,,12.74454545,p115,c2
21-05-2018,717,9145.93,4212,,12.75582985,p115,c2
28-05-2018,783,10018.66,4637,,12.7952235,p115,c2
04-06-2018,755,9664.61,4821,,12.80080795,p115,c2
11-06-2018,534,8908.98,4809,,16.68348315,p115,c2
18-06-2018,476,8472.54,4217,,17.79945378,p115,c2
25-06-2018,490,8618.9,3743,,17.58959184,p115,c2
02-07-2018,707,9237.64,3313,,13.06596888,p115,c2
09-07-2018,931,11907.49,2599,,12.79,p115,c2
16-07-2018,2067,26417.8,2031,,12.78074504,p115,c2
23-07-2018,1368,17499.57,1163,,12.79208333,p115,c2
30-07-2018,1680,21489.11,1282,,12.7911369,p115,c2
06-08-2018,1790,22903.39,517,,12.79518994,p115,c2
13-08-2018,1856,23742.75,1271,,12.79242996,p115,c2
20-08-2018,1605,20532.79,1936,,12.79301558,p115,c2
27-08-2018,2112,27026.32,2627,,12.79655303,p115,c2
03-09-2018,2073,26517.93,3288,,12.79205499,p115,c2
10-09-2018,2264,28969.54,3446,,12.79573322,p115,c2
17-09-2018,2763,35339.87,4060,,12.79039812,p115,c2
24-09-2018,2031,25976.49,5573,,12.79,p115,c2
01-10-2018,1543,19735.04,3773,,12.79004537,p115,c2
08-10-2018,1289,16501.47,4127,,12.80176106,p115,c2
15-10-2018,1257,16429.43,5104,,13.07035004,p115,c2
22-10-2018,1091,16778.68,7628,,15.37917507,p115,c2
29-10-2018,1172,15064.91,8240,,12.85401877,p115,c2
05-11-2018,1381,17668.22,7400,,12.79378711,p115,c2
12-11-2018,1614,20646.36,8546,,12.79204461,p115,c2
19-11-2018,1361,17430.42,6974,,12.80706833,p115,c2
26-11-2018,2209,28261.85,6291,,12.79395654,p115,c2
03-12-2018,2577,32964.41,6032,,12.79177726,p115,c2
10-12-2018,2863,36621.85,6816,,12.79142508,p115,c2
17-12-2018,2414,30883.86,5387,,12.7936454,p115,c2
24-12-2018,796,10185.22,3338,,12.79550251,p115,c2
01-01-2018,100,1812.67,,,18.1267,p116,c15
08-01-2018,122,2275.62,1297,,18.65262295,p116,c15
15-01-2018,65,1680.89,1173,,25.85984615,p116,c15
22-01-2018,42,1151.42,1108,,27.4147619,p116,c15
29-01-2018,68,1836.9,1064,,27.01323529,p116,c15
05-02-2018,45,1239.7,1004,,27.54888889,p116,c15
12-02-2018,45,1229.69,951,,27.32644444,p116,c15
19-02-2018,53,1462.58,889,,27.59584906,p116,c15
26-02-2018,63,1717.75,821,,27.26587302,p116,c15
05-03-2018,66,1641.49,752,,24.87106061,p116,c15
12-03-2018,72,1780.23,689,,24.72541667,p116,c15
19-03-2018,108,2727.01,638,,25.25009259,p116,c15
26-03-2018,75,2071.3,588,,27.61733333,p116,c15
02-04-2018,61,1702.61,510,,27.91163934,p116,c15
09-04-2018,51,1421,456,,27.8627451,p116,c15
16-04-2018,75,2096.01,491,,27.9468,p116,c15
23-04-2018,46,1336.2,411,,29.04782609,p116,c15
30-04-2018,54,1535.67,382,,28.43833333,p116,c15
07-05-2018,58,1619.28,338,,27.91862069,p116,c15
14-05-2018,44,1227.82,314,,27.905,p116,c15
21-05-2018,57,1592.19,286,,27.93315789,p116,c15
28-05-2018,46,1282.55,283,,27.88152174,p116,c15
04-06-2018,69,1926.17,245,,27.91550725,p116,c15
11-06-2018,54,1506.31,220,,27.89462963,p116,c15
18-06-2018,41,1141.79,220,,27.84853659,p116,c15
25-06-2018,57,1591.35,247,,27.91842105,p116,c15
02-07-2018,64,1788.36,283,,27.943125,p116,c15
09-07-2018,57,1598.73,259,,28.04789474,p116,c15
16-07-2018,79,2162.08,357,,27.36810127,p116,c15
23-07-2018,72,1941.76,443,,26.96888889,p116,c15
30-07-2018,60,1617.47,381,,26.95783333,p116,c15
06-08-2018,96,2588.41,422,,26.96260417,p116,c15
13-08-2018,97,2613.63,340,,26.94463918,p116,c15
20-08-2018,73,1965.17,242,,26.92013699,p116,c15
27-08-2018,112,3014.5,162,,26.91517857,p116,c15
03-09-2018,104,2807.82,68,,26.99826923,p116,c15
10-09-2018,128,3586.17,25,,28.01695313,p116,c15
17-09-2018,121,3380.6,163,,27.93884298,p116,c15
24-09-2018,141,4183.97,301,,29.6735461,p116,c15
01-10-2018,97,2788.74,213,,28.74989691,p116,c15
08-10-2018,96,2545.97,166,,26.52052083,p116,c15
15-10-2018,105,2654.76,451,,25.28342857,p116,c15
22-10-2018,103,2607.7,1127,,25.31747573,p116,c15
29-10-2018,139,3530.13,1157,,25.39661871,p116,c15
05-11-2018,165,4158.39,1060,,25.20236364,p116,c15
12-11-2018,175,4410.89,1113,,25.20508571,p116,c15
19-11-2018,211,5326.11,1282,,25.24222749,p116,c15
26-11-2018,378,9496.11,1133,,25.12198413,p116,c15
03-12-2018,388,9548.22,1337,,24.60881443,p116,c15
10-12-2018,496,12145.22,1225,,24.48633065,p116,c15
17-12-2018,410,9999.27,1160,,24.38846341,p116,c15
24-12-2018,73,1770.99,710,,24.26013699,p116,c15
01-01-2018,3,45.87,,,15.29,p117,c9
08-01-2018,2,30.58,37,,15.29,p117,c9
15-01-2018,4,61.16,49,,15.29,p117,c9
22-01-2018,3,45.87,55,,15.29,p117,c9
29-01-2018,4,61.42,53,,15.355,p117,c9
05-02-2018,1,15.42,46,,15.42,p117,c9
12-02-2018,2,30.84,46,,15.42,p117,c9
19-02-2018,5,76.97,42,,15.394,p117,c9
26-02-2018,2,30.58,38,,15.29,p117,c9
05-03-2018,6,91.74,30,,15.29,p117,c9
26-03-2018,5,76.45,31,,15.29,p117,c9
02-04-2018,2,30.58,35,,15.29,p117,c9
09-04-2018,4,61.16,33,,15.29,p117,c9
16-04-2018,1,15.29,30,,15.29,p117,c9
23-04-2018,3,45.87,29,,15.29,p117,c9
30-04-2018,7,107.03,25,,15.29,p117,c9
07-05-2018,2,30.58,17,,15.29,p117,c9
14-05-2018,4,61.16,14,,15.29,p117,c9
21-05-2018,1,15.29,12,,15.29,p117,c9
28-05-2018,3,45.87,10,,15.29,p117,c9
04-06-2018,1,15.29,7,,15.29,p117,c9
11-06-2018,3,45.87,6,,15.29,p117,c9
18-06-2018,3,45.87,3,,15.29,p117,c9
25-06-2018,1,19.99,12,,19.99,p117,c9
02-07-2018,4,79.96,17,,19.99,p117,c9
16-07-2018,4,79.96,19,,19.99,p117,c9
23-07-2018,1,19.99,16,,19.99,p117,c9
06-08-2018,4,79.96,27,,19.99,p117,c9
13-08-2018,4,79.96,24,,19.99,p117,c9
20-08-2018,1,19.99,19,,19.99,p117,c9
27-08-2018,4,79.96,18,,19.99,p117,c9
03-09-2018,2,39.98,28,,19.99,p117,c9
10-09-2018,7,139.93,27,,19.99,p117,c9
17-09-2018,2,39.98,22,,19.99,p117,c9
24-09-2018,8,159.92,21,,19.99,p117,c9
01-10-2018,3,59.97,12,,19.99,p117,c9
08-10-2018,5,99.95,14,,19.99,p117,c9
15-10-2018,2,39.98,13,,19.99,p117,c9
22-10-2018,1,19.99,12,,19.99,p117,c9
29-10-2018,0,0,18,,,p117,c9
05-11-2018,5,99.95,18,,19.99,p117,c9
12-11-2018,5,99.95,13,,19.99,p117,c9
19-11-2018,5,99.95,33,,19.99,p117,c9
26-11-2018,5,99.95,27,,19.99,p117,c9
03-12-2018,13,259.87,22,,19.99,p117,c9
10-12-2018,11,219.89,32,,19.99,p117,c9
17-12-2018,8,159.92,24,,19.99,p117,c9
24-12-2018,1,19.99,14,,19.99,p117,c9
