customer_1_sales_data.csv
Date,Units,Revenue,Inventory_Amount,Inventory_Units,Price,PID,CID
01-01-2018,44,402.71,,,9.1525,p118,c11
08-01-2018,64,580.05,1029,,9.06328125,p118,c11
15-01-2018,30,278.71,1047,,9.290333333,p118,c11
22-01-2018,56,450.58,1009,,8.046071429,p118,c11
29-01-2018,62,495.38,956,,7.99,p118,c11
05-02-2018,59,466.58,892,,7.908135593,p118,c11
12-02-2018,36,285.84,833,,7.94,p118,c11
19-02-2018,55,436.7,789,,7.94,p118,c11
26-02-2018,71,533.62,703,,7.515774648,p118,c11
05-03-2018,86,601.02,648,,6.988604651,p118,c11
12-03-2018,87,667.29,575,,7.67,p118,c11
19-03-2018,117,900.9,487,,7.7,p118,c11
26-03-2018,21,155.83,465,,7.42047619,p118,c11
02-04-2018,48,290.44,560,,6.050833333,p118,c11
09-04-2018,47,279.65,613,,5.95,p118,c11
16-04-2018,71,421.45,552,,5.935915493,p118,c11
23-04-2018,61,362.2,483,,5.937704918,p118,c11
30-04-2018,56,363.16,419,,6.485,p118,c11
07-05-2018,39,368.71,363,,9.454102564,p118,c11
14-05-2018,33,285.59,324,,8.654242424,p118,c11
21-05-2018,46,367.54,322,,7.99,p118,c11
28-05-2018,42,335.58,269,,7.99,p118,c11
04-06-2018,40,319.6,232,,7.99,p118,c11
11-06-2018,50,399.5,214,,7.99,p118,c11
18-06-2018,38,303.62,185,,7.99,p118,c11
25-06-2018,44,351.56,194,,7.99,p118,c11
02-07-2018,32,255.68,231,,7.99,p118,c11
09-07-2018,70,559.3,235,,7.99,p118,c11
16-07-2018,80,639.2,254,,7.99,p118,c11
23-07-2018,50,399.5,201,,7.99,p118,c11
30-07-2018,61,487.39,167,,7.99,p118,c11
06-08-2018,66,527.34,272,,7.99,p118,c11
13-08-2018,77,615.23,274,,7.99,p118,c11
20-08-2018,68,543.32,272,,7.99,p118,c11
27-08-2018,162,1294.38,234,,7.99,p118,c11
03-09-2018,209,1677.91,274,,8.028277512,p118,c11
10-09-2018,195,1770.05,367,,9.077179487,p118,c11
17-09-2018,158,1578.42,346,,9.99,p118,c11
24-09-2018,126,1258.92,286,,9.991428571,p118,c11
01-10-2018,59,589.41,281,,9.99,p118,c11
08-10-2018,16,159.84,265,,9.99,p118,c11
12-11-2018,25,249.75,529,,9.99,p118,c11
19-11-2018,44,439.56,938,,9.99,p118,c11
26-11-2018,68,679.32,1303,,9.99,p118,c11
03-12-2018,55,549.45,1341,,9.99,p118,c11
10-12-2018,77,769.23,1299,,9.99,p118,c11
17-12-2018,44,439.56,1227,,9.99,p118,c11
24-12-2018,9,89.91,1177,,9.99,p118,c11
01-01-2018,31,721.99,,,23.29,p119,c9
08-01-2018,38,885.02,547,,23.29,p119,c9
15-01-2018,26,605.44,556,,23.28615385,p119,c9
22-01-2018,29,688.81,529,,23.75206897,p119,c9
29-01-2018,22,645.75,498,,29.35227273,p119,c9
05-02-2018,24,721.91,457,,30.07958333,p119,c9
12-02-2018,15,451.28,405,,30.08533333,p119,c9
19-02-2018,22,659.78,428,,29.99,p119,c9
26-02-2018,21,629.79,405,,29.99,p119,c9
05-03-2018,33,989.67,378,,29.99,p119,c9
12-03-2018,18,539.82,346,,29.99,p119,c9
19-03-2018,42,1259.58,336,,29.99,p119,c9
26-03-2018,17,509.83,320,,29.99,p119,c9
02-04-2018,14,419.86,297,,29.99,p119,c9
09-04-2018,13,389.87,281,,29.99,p119,c9
16-04-2018,27,767.16,269,,28.41333333,p119,c9
23-04-2018,20,530.58,242,,26.529,p119,c9
30-04-2018,24,608.28,219,,25.345,p119,c9
07-05-2018,19,479.37,194,,25.23,p119,c9
14-05-2018,28,706.44,177,,25.23,p119,c9
21-05-2018,24,605.52,153,,25.23,p119,c9
28-05-2018,16,403.68,129,,25.23,p119,c9
04-06-2018,15,378.45,110,,25.23,p119,c9
11-06-2018,24,607.41,115,,25.30875,p119,c9
18-06-2018,17,428.91,105,,25.23,p119,c9
25-06-2018,29,734.91,87,,25.34172414,p119,c9
02-07-2018,18,454.14,81,,25.23,p119,c9
09-07-2018,16,403.68,84,,25.23,p119,c9
16-07-2018,26,657.55,88,,25.29038462,p119,c9
23-07-2018,28,708.37,132,,25.29892857,p119,c9
30-07-2018,21,529.83,117,,25.23,p119,c9
06-08-2018,24,605.52,118,,25.23,p119,c9
13-08-2018,32,807.36,129,,25.23,p119,c9
20-08-2018,28,706.44,141,,25.23,p119,c9
27-08-2018,67,1690.41,154,,25.23,p119,c9
03-09-2018,54,1362.42,166,,25.23,p119,c9
10-09-2018,49,1236.27,145,,25.23,p119,c9
17-09-2018,57,1438.11,210,,25.23,p119,c9
24-09-2018,75,1892.25,465,,25.23,p119,c9
01-10-2018,35,883.05,387,,25.23,p119,c9
08-10-2018,21,529.83,622,,25.23,p119,c9
15-10-2018,29,731.67,646,,25.23,p119,c9
22-10-2018,35,883.05,918,,25.23,p119,c9
29-10-2018,35,903.17,947,,25.80485714,p119,c9
05-11-2018,60,1533.72,938,,25.562,p119,c9
12-11-2018,87,2217.63,1070,,25.49,p119,c9
19-11-2018,137,3492.13,1019,,25.49,p119,c9
26-11-2018,207,5276.43,924,,25.49,p119,c9
03-12-2018,215,5480.35,758,,25.49,p119,c9
10-12-2018,154,3925.46,502,,25.49,p119,c9
17-12-2018,136,3466.64,262,,25.49,p119,c9
24-12-2018,7,202.91,45,,28.98714286,p119,c9
01-01-2018,55,755.58,,,13.73781818,p120,c12
08-01-2018,81,1058.77,993,,13.07123457,p120,c12
15-01-2018,65,884.14,928,,13.60215385,p120,c12
22-01-2018,80,1051.35,850,,13.141875,p120,c12
29-01-2018,88,1197.03,770,,13.60261364,p120,c12
05-02-2018,70,951.48,696,,13.59257143,p120,c12
12-02-2018,51,693.39,609,,13.59588235,p120,c12
19-02-2018,84,1141.93,529,,13.59440476,p120,c12
26-02-2018,94,1193.82,434,,12.70021277,p120,c12
05-03-2018,102,1195.61,313,,11.72166667,p120,c12
12-03-2018,74,860.1,259,,11.62297297,p120,c12
19-03-2018,136,1580.38,192,,11.62044118,p120,c12
26-03-2018,73,848.35,284,,11.62123288,p120,c12
02-04-2018,71,824.65,315,,11.61478873,p120,c12
09-04-2018,40,464.4,469,,11.61,p120,c12
16-04-2018,79,917.19,477,,11.61,p120,c12
23-04-2018,74,858.9,407,,11.60675676,p120,c12
30-04-2018,66,742.28,331,,11.24666667,p120,c12
07-05-2018,89,894.74,263,,10.05325843,p120,c12
14-05-2018,106,1059.09,276,,9.991415094,p120,c12
21-05-2018,103,976.83,248,,9.483786408,p120,c12
28-05-2018,95,874.31,196,,9.203263158,p120,c12
04-06-2018,101,914.65,179,,9.055940594,p120,c12
11-06-2018,87,797.55,124,,9.167241379,p120,c12
18-06-2018,60,565.51,44,,9.425166667,p120,c12
25-06-2018,64,633.42,9,,9.8971875,p120,c12
02-07-2018,84,839.6,69,,9.995238095,p120,c12
09-07-2018,85,849.39,130,,9.992823529,p120,c12
16-07-2018,139,1389.05,146,,9.993165468,p120,c12
23-07-2018,103,1029.12,190,,9.991456311,p120,c12
30-07-2018,112,1118.9,193,,9.990178571,p120,c12
06-08-2018,157,1568.71,376,,9.991783439,p120,c12
13-08-2018,120,1198.87,376,,9.990583333,p120,c12
20-08-2018,131,1309.04,355,,9.992671756,p120,c12
27-08-2018,224,2238.04,311,,9.99125,p120,c12
03-09-2018,254,2537.58,453,,9.990472441,p120,c12
10-09-2018,265,2648.61,677,,9.994754717,p120,c12
17-09-2018,276,2757.24,642,,9.99,p120,c12
24-09-2018,247,2467.71,842,,9.990728745,p120,c12
01-10-2018,127,1267.33,667,,9.978976378,p120,c12
08-10-2018,126,1255.66,634,,9.965555556,p120,c12
15-10-2018,85,958.5,528,,11.27647059,p120,c12
22-10-2018,89,1254.84,1020,,14.09932584,p120,c12
29-10-2018,94,1280.94,1234,,13.62702128,p120,c12
05-11-2018,89,1214.45,1144,,13.64550562,p120,c12
12-11-2018,86,1292.32,1252,,15.02697674,p120,c12
19-11-2018,135,1648.72,1221,,12.21274074,p120,c12
26-11-2018,279,2961.79,1290,,10.61573477,p120,c12
03-12-2018,204,2139.96,964,,10.49,p120,c12
10-12-2018,168,2324,770,,13.83333333,p120,c12
17-12-2018,149,2027.85,583,,13.60973154,p120,c12
24-12-2018,67,616.28,438,,9.198208955,p120,c12
01-01-2018,10,158.03,,,15.803,p121,c5
08-01-2018,3,47.37,74,,15.79,p121,c5
15-01-2018,7,127.21,79,,18.17285714,p121,c5
22-01-2018,7,124.43,85,,17.77571429,p121,c5
29-01-2018,10,180.14,78,,18.014,p121,c5
05-02-2018,14,234.96,68,,16.78285714,p121,c5
12-02-2018,6,94.74,54,,15.79,p121,c5
19-02-2018,7,110.53,47,,15.79,p121,c5
26-02-2018,10,157.9,40,,15.79,p121,c5
05-03-2018,11,173.69,29,,15.79,p121,c5
12-03-2018,11,173.69,20,,15.79,p121,c5
19-03-2018,7,110.53,7,,15.79,p121,c5
26-03-2018,9,126.32,19,,14.03555556,p121,c5
02-04-2018,16,236.85,54,,14.803125,p121,c5
09-04-2018,5,78.95,62,,15.79,p121,c5
16-04-2018,9,142.11,67,,15.79,p121,c5
23-04-2018,7,116.03,59,,16.57571429,p121,c5
30-04-2018,6,103.32,49,,17.22,p121,c5
07-05-2018,7,123.85,46,,17.69285714,p121,c5
14-05-2018,8,126.32,38,,15.79,p121,c5
21-05-2018,9,142.11,30,,15.79,p121,c5
28-05-2018,13,205.27,27,,15.79,p121,c5
04-06-2018,11,173.69,26,,15.79,p121,c5
11-06-2018,7,110.53,34,,15.79,p121,c5
18-06-2018,8,126.32,48,,15.79,p121,c5
25-06-2018,15,221.06,54,,14.73733333,p121,c5
02-07-2018,12,189.48,50,,15.79,p121,c5
09-07-2018,4,63.16,49,,15.79,p121,c5
16-07-2018,10,157.9,63,,15.79,p121,c5
23-07-2018,5,78.95,72,,15.79,p121,c5
30-07-2018,5,78.95,70,,15.79,p121,c5
06-08-2018,6,78.95,63,,13.15833333,p121,c5
13-08-2018,16,252.64,58,,15.79,p121,c5
20-08-2018,21,331.59,42,,15.79,p121,c5
27-08-2018,16,252.64,43,,15.79,p121,c5
03-09-2018,15,236.85,57,,15.79,p121,c5
10-09-2018,14,279.86,89,,19.99,p121,c5
17-09-2018,7,132.53,88,,18.93285714,p121,c5
24-09-2018,19,345.29,122,,18.17315789,p121,c5
01-10-2018,5,90.95,126,,18.19,p121,c5
08-10-2018,14,254.66,128,,18.19,p121,c5
15-10-2018,8,145.52,117,,18.19,p121,c5
22-10-2018,2,36.38,105,,18.19,p121,c5
29-10-2018,8,145.52,99,,18.19,p121,c5
05-11-2018,7,127.33,96,,18.19,p121,c5
12-11-2018,9,163.71,86,,18.19,p121,c5
19-11-2018,8,145.52,78,,18.19,p121,c5
26-11-2018,8,145.52,93,,18.19,p121,c5
03-12-2018,19,345.61,120,,18.19,p121,c5
10-12-2018,20,363.8,102,,18.19,p121,c5
17-12-2018,14,278.86,81,,19.91857143,p121,c5
24-12-2018,1,19.99,56,,19.99,p121,c5
01-01-2018,1,28.25,,,28.25,p122,c10
08-01-2018,9,254.25,142,,28.25,p122,c10
15-01-2018,7,204.75,161,,29.25,p122,c10
22-01-2018,5,158.75,154,,31.75,p122,c10
29-01-2018,5,158.75,154,,31.75,p122,c10
05-02-2018,8,237.7,148,,29.7125,p122,c10
12-02-2018,2,56.98,143,,28.49,p122,c10
19-02-2018,5,142.45,139,,28.49,p122,c10
26-02-2018,7,199.43,134,,28.49,p122,c10
05-03-2018,5,142.45,120,,28.49,p122,c10
12-03-2018,4,113.96,122,,28.49,p122,c10
19-03-2018,18,525.38,119,,29.18777778,p122,c10
26-03-2018,10,310.02,109,,31.002,p122,c10
02-04-2018,6,189.78,101,,31.63,p122,c10
09-04-2018,3,91.23,94,,30.41,p122,c10
16-04-2018,8,227.92,92,,28.49,p122,c10
23-04-2018,1,28.49,86,,28.49,p122,c10
30-04-2018,3,85.47,85,,28.49,p122,c10
07-05-2018,6,170.94,81,,28.49,p122,c10
14-05-2018,5,142.45,76,,28.49,p122,c10
21-05-2018,9,256.41,72,,28.49,p122,c10
28-05-2018,6,170.94,63,,28.49,p122,c10
04-06-2018,11,313.39,56,,28.49,p122,c10
11-06-2018,3,85.47,44,,28.49,p122,c10
18-06-2018,7,199.43,42,,28.49,p122,c10
25-06-2018,11,313.39,48,,28.49,p122,c10
09-07-2018,4,113.96,34,,28.49,p122,c10
16-07-2018,5,142.45,42,,28.49,p122,c10
23-07-2018,4,113.96,44,,28.49,p122,c10
30-07-2018,5,142.45,45,,28.49,p122,c10
06-08-2018,5,142.45,52,,28.49,p122,c10
13-08-2018,6,170.94,46,,28.49,p122,c10
20-08-2018,6,170.94,41,,28.49,p122,c10
27-08-2018,8,227.92,34,,28.49,p122,c10
03-09-2018,3,85.47,28,,28.49,p122,c10
10-09-2018,10,284.9,43,,28.49,p122,c10
17-09-2018,12,341.88,54,,28.49,p122,c10
24-09-2018,11,313.39,49,,28.49,p122,c10
01-10-2018,2,56.98,46,,28.49,p122,c10
08-10-2018,8,227.92,45,,28.49,p122,c10
15-10-2018,5,142.45,35,,28.49,p122,c10
22-10-2018,10,284.9,30,,28.49,p122,c10
29-10-2018,10,284.9,65,,28.49,p122,c10
05-11-2018,10,284.9,72,,28.49,p122,c10
12-11-2018,13,370.37,57,,28.49,p122,c10
19-11-2018,17,484.33,140,,28.49,p122,c10
26-11-2018,25,712.25,169,,28.49,p122,c10
03-12-2018,24,683.76,154,,28.49,p122,c10
10-12-2018,21,598.29,125,,28.49,p122,c10
17-12-2018,16,455.84,109,,28.49,p122,c10
24-12-2018,4,113.96,84,,28.49,p122,c10
01-01-2018,25,537.72,,,21.5088,p123,c14
08-01-2018,50,1054.73,490,,21.0946,p123,c14
15-01-2018,26,553.18,459,,21.27615385,p123,c14
22-01-2018,39,815.88,432,,20.92,p123,c14
29-01-2018,45,941.4,402,,20.92,p123,c14
05-02-2018,46,970.87,360,,21.10586957,p123,c14
12-02-2018,26,543.92,315,,20.92,p123,c14
19-02-2018,40,836.8,286,,20.92,p123,c14
26-02-2018,41,865.98,232,,21.12146341,p123,c14
05-03-2018,37,782.36,197,,21.14486486,p123,c14
12-03-2018,36,765.07,171,,21.25194444,p123,c14
19-03-2018,50,1207.9,118,,24.158,p123,c14
26-03-2018,41,983.48,132,,23.98731707,p123,c14
02-04-2018,40,959.05,146,,23.97625,p123,c14
09-04-2018,29,697.73,141,,24.05965517,p123,c14
16-04-2018,38,913.14,102,,24.03,p123,c14
23-04-2018,23,550.16,83,,23.92,p123,c14
30-04-2018,38,908.96,98,,23.92,p123,c14
07-05-2018,31,741.52,129,,23.92,p123,c14
14-05-2018,21,502.32,128,,23.92,p123,c14
21-05-2018,28,675.92,133,,24.14,p123,c14
28-05-2018,24,579.86,141,,24.16083333,p123,c14
04-06-2018,30,722.14,120,,24.07133333,p123,c14
11-06-2018,21,543.13,89,,25.86333333,p123,c14
18-06-2018,21,604.23,67,,28.77285714,p123,c14
25-06-2018,26,729.57,60,,28.06038462,p123,c14
02-07-2018,20,554.42,65,,27.721,p123,c14
09-07-2018,40,1009.87,152,,25.24675,p123,c14
16-07-2018,53,1328.6,139,,25.06792453,p123,c14
23-07-2018,24,602.76,121,,25.115,p123,c14
30-07-2018,20,500,144,,25,p123,c14
06-08-2018,28,700,165,,25,p123,c14
13-08-2018,29,726.73,173,,25.05965517,p123,c14
20-08-2018,19,475,155,,25,p123,c14
27-08-2018,57,1427.14,169,,25.03754386,p123,c14
03-09-2018,61,1525,170,,25,p123,c14
10-09-2018,59,1475,195,,25,p123,c14
17-09-2018,60,1500,221,,25,p123,c14
24-09-2018,48,1200,415,,25,p123,c14
01-10-2018,25,625,358,,25,p123,c14
08-10-2018,17,440.56,482,,25.91529412,p123,c14
15-10-2018,35,916.69,654,,26.19114286,p123,c14
22-10-2018,32,782.4,894,,24.45,p123,c14
29-10-2018,31,758.17,972,,24.45709677,p123,c14
05-11-2018,39,953.55,959,,24.45,p123,c14
12-11-2018,57,1393.65,1115,,24.45,p123,c14
19-11-2018,94,2298.3,1091,,24.45,p123,c14
26-11-2018,153,3740.85,1090,,24.45,p123,c14
03-12-2018,137,3349.65,1122,,24.45,p123,c14
10-12-2018,160,3912,983,,24.45,p123,c14
17-12-2018,178,4352.1,827,,24.45,p123,c14
24-12-2018,15,365.31,631,,24.354,p123,c14
01-01-2018,31,371.95,,,11.9983871,p124,c8
08-01-2018,28,338.09,391,,12.07464286,p124,c8
15-01-2018,20,328.8,364,,16.44,p124,c8
22-01-2018,18,299.42,345,,16.63444444,p124,c8
29-01-2018,23,355.37,324,,15.45086957,p124,c8
05-02-2018,48,595.12,304,,12.39833333,p124,c8
12-02-2018,30,365.7,258,,12.19,p124,c8
19-02-2018,36,438.84,224,,12.19,p124,c8
26-02-2018,40,487.6,189,,12.19,p124,c8
05-03-2018,25,304.75,151,,12.19,p124,c8
12-03-2018,22,268.18,118,,12.19,p124,c8
19-03-2018,46,560.74,99,,12.19,p124,c8
26-03-2018,22,268.18,79,,12.19,p124,c8
02-04-2018,23,280.37,130,,12.19,p124,c8
09-04-2018,23,280.37,133,,12.19,p124,c8
16-04-2018,39,475.41,134,,12.19,p124,c8
23-04-2018,38,463.22,122,,12.19,p124,c8
30-04-2018,35,426.65,90,,12.19,p124,c8
07-05-2018,29,353.51,52,,12.19,p124,c8
14-05-2018,22,268.18,23,,12.19,p124,c8
17-12-2018,8,97.52,0,,12.19,p124,c8
01-01-2018,63,1135.16,,,18.0184127,p125,c13
08-01-2018,53,953.47,488,,17.99,p125,c13
15-01-2018,49,881.51,475,,17.99,p125,c13
22-01-2018,63,1133.37,425,,17.99,p125,c13
29-01-2018,58,1043.42,363,,17.99,p125,c13
05-02-2018,30,539.7,312,,17.99,p125,c13
12-02-2018,32,575.68,276,,17.99,p125,c13
19-02-2018,44,791.56,240,,17.99,p125,c13
26-02-2018,22,395.78,201,,17.99,p125,c13
05-03-2018,32,575.68,174,,17.99,p125,c13
12-03-2018,28,503.72,107,,17.99,p125,c13
19-03-2018,70,1259.3,118,,17.99,p125,c13
26-03-2018,41,737.59,122,,17.99,p125,c13
02-04-2018,39,701.61,212,,17.99,p125,c13
09-04-2018,30,546.7,213,,18.22333333,p125,c13
16-04-2018,40,764.46,235,,19.1115,p125,c13
23-04-2018,14,276.87,194,,19.77642857,p125,c13
30-04-2018,24,457.1,177,,19.04583333,p125,c13
07-05-2018,16,302.36,185,,18.8975,p125,c13
14-05-2018,39,703.22,201,,18.03128205,p125,c13
21-05-2018,35,629.65,179,,17.99,p125,c13
28-05-2018,35,629.65,159,,17.99,p125,c13
04-06-2018,39,701.61,123,,17.99,p125,c13
11-06-2018,29,521.71,112,,17.99,p125,c13
18-06-2018,46,827.54,102,,17.99,p125,c13
25-06-2018,52,935.48,134,,17.99,p125,c13
02-07-2018,43,773.57,100,,17.99,p125,c13
09-07-2018,51,917.49,106,,17.99,p125,c13
16-07-2018,68,1223.44,170,,17.99176471,p125,c13
23-07-2018,51,917.49,162,,17.99,p125,c13
30-07-2018,68,1223.32,137,,17.99,p125,c13
06-08-2018,69,1241.31,220,,17.99,p125,c13
13-08-2018,78,1403.22,187,,17.99,p125,c13
20-08-2018,67,1205.33,255,,17.99,p125,c13
27-08-2018,93,1673.07,241,,17.99,p125,c13
03-09-2018,107,1924.93,242,,17.99,p125,c13
10-09-2018,86,1547.14,311,,17.99,p125,c13
17-09-2018,103,1852.97,365,,17.99,p125,c13
24-09-2018,86,1547.14,560,,17.99,p125,c13
01-10-2018,65,1169.35,508,,17.99,p125,c13
08-10-2018,51,917.49,700,,17.99,p125,c13
15-10-2018,38,683.62,726,,17.99,p125,c13
22-10-2018,53,953.47,1213,,17.99,p125,c13
29-10-2018,68,1223.32,1291,,17.99,p125,c13
05-11-2018,106,1906.94,1266,,17.99,p125,c13
12-11-2018,118,2122.82,1394,,17.99,p125,c13
19-11-2018,158,2842.42,1427,,17.99,p125,c13
26-11-2018,257,4623.43,1624,,17.99,p125,c13
03-12-2018,225,4047.75,1484,,17.99,p125,c13
10-12-2018,297,5343.03,1267,,17.99,p125,c13
17-12-2018,305,5486.95,981,,17.99,p125,c13
24-12-2018,86,1547.14,659,,17.99,p125,c13
01-01-2018,1,20.25,,,20.25,p126,c15
08-01-2018,7,148.73,17,,21.24714286,p126,c15
15-01-2018,5,124.33,11,,24.866,p126,c15
22-01-2018,4,103.75,5,,25.9375,p126,c15
29-01-2018,1,26.24,2,,26.24,p126,c15
05-02-2018,1,26.24,0,,26.24,p126,c15
26-03-2018,1,26.49,16,,26.49,p126,c15
02-04-2018,1,26.49,16,,26.49,p126,c15
09-04-2018,1,26.49,16,,26.49,p126,c15
16-04-2018,2,51.88,15,,25.94,p126,c15
30-04-2018,1,26.49,13,,26.49,p126,c15
04-06-2018,1,26.49,12,,26.49,p126,c15
11-06-2018,6,158.94,12,,26.49,p126,c15
18-06-2018,2,52.98,7,,26.49,p126,c15
25-06-2018,1,26.49,3,,26.49,p126,c15
09-07-2018,5,132.45,14,,26.49,p126,c15
16-07-2018,12,317.88,12,,26.49,p126,c15
23-07-2018,2,52.98,3,,26.49,p126,c15
30-07-2018,2,52.98,13,,26.49,p126,c15
06-08-2018,3,79.47,31,,26.49,p126,c15
13-08-2018,5,132.45,41,,26.49,p126,c15
20-08-2018,4,105.96,40,,26.49,p126,c15
27-08-2018,14,370.86,35,,26.49,p126,c15
03-09-2018,11,291.39,31,,26.49,p126,c15
10-09-2018,7,185.43,25,,26.49,p126,c15
17-09-2018,18,476.82,26,,26.49,p126,c15
24-09-2018,12,317.88,28,,26.49,p126,c15
01-10-2018,5,132.45,29,,26.49,p126,c15
08-10-2018,5,132.45,39,,26.49,p126,c15
15-10-2018,10,264.9,55,,26.49,p126,c15
22-10-2018,4,105.96,42,,26.49,p126,c15
29-10-2018,14,370.86,50,,26.49,p126,c15
05-11-2018,6,158.94,50,,26.49,p126,c15
12-11-2018,6,159.17,55,,26.52833333,p126,c15
19-11-2018,8,211.92,61,,26.49,p126,c15
26-11-2018,12,317.88,84,,26.49,p126,c15
03-12-2018,10,258.48,73,,25.848,p126,c15
10-12-2018,12,272.81,63,,22.73416667,p126,c15
17-12-2018,4,89,49,,22.25,p126,c15
