customer_1_sales_data.csv
Date,Units,Revenue,Inventory_Amount,Inventory_Units,Price,PID,CID
01-01-2018,184,4796.88,,,26.07,p127,c15
08-01-2018,172,5025.77,1817,,29.21959302,p127,c15
15-01-2018,122,3767.94,1654,,30.8847541,p127,c15
22-01-2018,131,4055.44,1541,,30.95755725,p127,c15
29-01-2018,142,4389.17,1412,,30.90964789,p127,c15
05-02-2018,139,4301.29,1254,,30.94453237,p127,c15
12-02-2018,134,3980.07,1120,,29.70201493,p127,c15
19-02-2018,214,5545.92,973,,25.91551402,p127,c15
26-02-2018,198,5101.15,736,,25.76338384,p127,c15
05-03-2018,152,3893.81,540,,25.61717105,p127,c15
12-03-2018,8,203.92,366,,25.49,p127,c15
19-03-2018,10,270.36,401,,27.036,p127,c15
26-03-2018,45,1430.24,384,,31.78311111,p127,c15
02-04-2018,38,1215.62,356,,31.99,p127,c15
09-04-2018,73,2276.09,353,,31.17931507,p127,c15
16-04-2018,156,4584.76,265,,29.38948718,p127,c15
23-04-2018,120,3521.19,217,,29.34325,p127,c15
30-04-2018,162,4761.02,515,,29.38901235,p127,c15
07-05-2018,144,4207.65,944,,29.21979167,p127,c15
14-05-2018,133,4084.41,906,,30.70984962,p127,c15
21-05-2018,126,4009.98,1076,,31.8252381,p127,c15
28-05-2018,113,3588.55,1212,,31.75707965,p127,c15
04-06-2018,136,4129.12,1116,,30.36117647,p127,c15
11-06-2018,151,4464.8,996,,29.56821192,p127,c15
18-06-2018,151,4459.33,929,,29.53198675,p127,c15
25-06-2018,188,5555.17,965,,29.5487766,p127,c15
02-07-2018,172,5079.14,907,,29.52988372,p127,c15
09-07-2018,210,6217.19,877,,29.60566667,p127,c15
16-07-2018,278,8236.01,985,,29.62593525,p127,c15
23-07-2018,224,6607.82,998,,29.49919643,p127,c15
30-07-2018,220,6487.8,874,,29.49,p127,c15
06-08-2018,235,6930.15,923,,29.49,p127,c15
13-08-2018,236,6959.64,728,,29.49,p127,c15
20-08-2018,248,7320.67,493,,29.51883065,p127,c15
27-08-2018,293,8642.76,205,,29.4974744,p127,c15
03-09-2018,52,1533.78,56,,29.49576923,p127,c15
10-09-2018,97,2861.13,47,,29.49618557,p127,c15
17-09-2018,474,13978.26,87,,29.49,p127,c15
24-09-2018,431,12710.19,377,,29.49,p127,c15
01-10-2018,267,7873.83,230,,29.49,p127,c15
08-10-2018,269,7851.39,369,,29.18732342,p127,c15
15-10-2018,325,9261.89,2101,,28.49812308,p127,c15
22-10-2018,308,8752.13,2856,,28.41600649,p127,c15
29-10-2018,314,8952.55,4179,,28.51130573,p127,c15
05-11-2018,407,11602.39,4111,,28.50710074,p127,c15
12-11-2018,435,12401.45,4682,,28.50908046,p127,c15
19-11-2018,1289,36738.14,5103,,28.5012723,p127,c15
26-11-2018,1228,32802.93,4384,,26.71248371,p127,c15
03-12-2018,963,27371.4,3533,,28.42305296,p127,c15
10-12-2018,1205,34339.07,2438,,28.49715353,p127,c15
17-12-2018,1052,29971.48,1629,,28.49,p127,c15
24-12-2018,185,5276.62,536,,28.52227027,p127,c15
01-01-2018,1,70.15,,,70.15,p128,c9
08-01-2018,1,70.15,0,,70.15,p128,c9
22-01-2018,1,70.15,1,,70.15,p128,c9
19-02-2018,3,210.45,3,,70.15,p128,c9
09-04-2018,1,100.43,4,,100.43,p128,c9
16-04-2018,1,100.6,3,,100.6,p128,c9
23-04-2018,2,202.6,2,,101.3,p128,c9
07-05-2018,1,97.06,1,,97.06,p128,c9
06-08-2018,1,89.71,4,,89.71,p128,c9
01-01-2018,173,2946.26,,,17.03040462,p129,c13
08-01-2018,100,1744.74,443,,17.4474,p129,c13
15-01-2018,99,1976.53,461,,19.96494949,p129,c13
22-01-2018,85,1686.5,369,,19.84117647,p129,c13
29-01-2018,92,1838.25,287,,19.98097826,p129,c13
05-02-2018,80,1597.54,193,,19.96925,p129,c13
12-02-2018,72,1439.28,100,,19.99,p129,c13
19-02-2018,40,806.41,45,,20.16025,p129,c13
26-02-2018,2,39.98,5,,19.99,p129,c13
05-03-2018,1,19.99,3,,19.99,p129,c13
19-03-2018,14,279.86,3,,19.99,p129,c13
26-03-2018,64,1279.36,159,,19.99,p129,c13
02-04-2018,49,979.51,230,,19.99,p129,c13
09-04-2018,43,859.57,211,,19.99,p129,c13
16-04-2018,78,1375.12,252,,17.62974359,p129,c13
23-04-2018,46,804.54,212,,17.49,p129,c13
30-04-2018,53,960.42,187,,18.12113208,p129,c13
07-05-2018,45,892.05,270,,19.82333333,p129,c13
14-05-2018,46,1030.29,314,,22.3976087,p129,c13
21-05-2018,35,785.4,362,,22.44,p129,c13
28-05-2018,69,1259.31,439,,18.25086957,p129,c13
04-06-2018,72,1259.28,407,,17.49,p129,c13
11-06-2018,72,1259.28,335,,17.49,p129,c13
18-06-2018,73,1276.77,259,,17.49,p129,c13
25-06-2018,86,1504.14,208,,17.49,p129,c13
02-07-2018,86,1504.14,246,,17.49,p129,c13
09-07-2018,79,1381.71,415,,17.49,p129,c13
16-07-2018,129,2256.21,511,,17.49,p129,c13
23-07-2018,106,1853.94,567,,17.49,p129,c13
30-07-2018,119,2081.31,732,,17.49,p129,c13
06-08-2018,128,2238.72,796,,17.49,p129,c13
13-08-2018,125,2186.25,735,,17.49,p129,c13
20-08-2018,102,1783.98,633,,17.49,p129,c13
27-08-2018,194,3393.06,509,,17.49,p129,c13
03-09-2018,195,3410.55,389,,17.49,p129,c13
10-09-2018,369,6120.09,281,,16.58560976,p129,c13
17-09-2018,321,5283.66,548,,16.46,p129,c13
24-09-2018,255,4197.3,580,,16.46,p129,c13
01-10-2018,162,2669.61,566,,16.47907407,p129,c13
08-10-2018,164,2812.74,444,,17.15085366,p129,c13
15-10-2018,167,2752.94,646,,16.48467066,p129,c13
22-10-2018,188,3094.48,1468,,16.46,p129,c13
29-10-2018,212,3489.52,2234,,16.46,p129,c13
05-11-2018,262,4313.51,2077,,16.46377863,p129,c13
12-11-2018,334,5507.21,2104,,16.48865269,p129,c13
19-11-2018,548,9036.52,2623,,16.49,p129,c13
26-11-2018,1048,17268.32,2550,,16.47740458,p129,c13
03-12-2018,1098,18100.8,1746,,16.4852459,p129,c13
10-12-2018,1296,21371.01,1429,,16.48997685,p129,c13
17-12-2018,1069,17627.81,1263,,16.49,p129,c13
24-12-2018,134,2209.66,186,,16.49,p129,c13
01-01-2018,51,1270.09,,,24.90372549,p130,c13
08-01-2018,56,1395.04,1036,,24.91142857,p130,c13
15-01-2018,38,927.62,985,,24.41105263,p130,c13
22-01-2018,36,890.84,940,,24.74555556,p130,c13
29-01-2018,49,1209.11,908,,24.67571429,p130,c13
05-02-2018,49,1216.91,862,,24.83489796,p130,c13
12-02-2018,38,943.62,822,,24.83210526,p130,c13
19-02-2018,40,998.6,774,,24.965,p130,c13
26-02-2018,54,1349.46,735,,24.99,p130,c13
05-03-2018,58,1447.42,668,,24.95551724,p130,c13
12-03-2018,69,1717.31,602,,24.88855072,p130,c13
19-03-2018,136,3395.78,525,,24.96897059,p130,c13
26-03-2018,70,1741.3,463,,24.87571429,p130,c13
02-04-2018,56,1394.57,379,,24.90303571,p130,c13
09-04-2018,39,972.61,327,,24.93871795,p130,c13
16-04-2018,80,1671.43,295,,20.892875,p130,c13
23-04-2018,77,1650.04,229,,21.42909091,p130,c13
30-04-2018,65,1612.35,199,,24.80538462,p130,c13
07-05-2018,58,1437.42,251,,24.78310345,p130,c13
14-05-2018,52,1291.48,243,,24.83615385,p130,c13
21-05-2018,50,1249.5,222,,24.99,p130,c13
28-05-2018,60,1495.4,198,,24.92333333,p130,c13
04-06-2018,56,1388.38,160,,24.7925,p130,c13
11-06-2018,77,1858.53,140,,24.13675325,p130,c13
18-06-2018,78,1853.94,147,,23.76846154,p130,c13
25-06-2018,57,1371.77,98,,24.06614035,p130,c13
02-07-2018,86,2055.05,48,,23.89593023,p130,c13
09-07-2018,82,2013.3,96,,24.55243902,p130,c13
16-07-2018,98,2421.17,189,,24.70581633,p130,c13
23-07-2018,84,2030.44,294,,24.17190476,p130,c13
30-07-2018,84,2000.95,263,,23.82083333,p130,c13
06-08-2018,102,2441.98,281,,23.94098039,p130,c13
13-08-2018,86,2048.95,271,,23.825,p130,c13
20-08-2018,76,1817.84,229,,23.91894737,p130,c13
27-08-2018,159,3765.98,360,,23.68540881,p130,c13
03-09-2018,169,4017,402,,23.76923077,p130,c13
10-09-2018,212,5037.4,412,,23.76132075,p130,c13
17-09-2018,217,5159.45,628,,23.77626728,p130,c13
24-09-2018,196,4652.69,1067,,23.73821429,p130,c13
01-10-2018,128,2835.7,871,,22.15390625,p130,c13
08-10-2018,156,3266.32,1151,,20.93794872,p130,c13
15-10-2018,153,3196.22,1354,,20.8903268,p130,c13
22-10-2018,151,3154.39,1760,,20.89,p130,c13
29-10-2018,165,3433.5,1990,,20.80909091,p130,c13
05-11-2018,185,3828.3,1900,,20.69351351,p130,c13
12-11-2018,305,6310.46,2147,,20.69003279,p130,c13
19-11-2018,421,8710.49,1922,,20.69,p130,c13
26-11-2018,675,13965.75,1930,,20.69,p130,c13
03-12-2018,802,16551.56,1693,,20.63785536,p130,c13
10-12-2018,926,19076.26,1044,,20.60071274,p130,c13
17-12-2018,607,12504.2,378,,20.6,p130,c13
24-12-2018,4,82.4,7,,20.6,p130,c13
01-01-2018,6,120.6,,,20.1,p131,c12
08-01-2018,8,160.56,56,,20.07,p131,c12
15-01-2018,11,220.77,50,,20.07,p131,c12
22-01-2018,18,361.26,38,,20.07,p131,c12
29-01-2018,8,160.56,21,,20.07,p131,c12
05-02-2018,8,160.56,58,,20.07,p131,c12
12-02-2018,12,257.14,86,,21.42833333,p131,c12
19-02-2018,12,245.29,74,,20.44083333,p131,c12
26-02-2018,17,327.28,75,,19.25176471,p131,c12
05-03-2018,19,364.45,58,,19.18157895,p131,c12
12-03-2018,15,278.48,74,,18.56533333,p131,c12
19-03-2018,32,592.48,83,,18.515,p131,c12
26-03-2018,16,295.84,79,,18.49,p131,c12
02-04-2018,19,352.31,73,,18.54263158,p131,c12
09-04-2018,12,222.98,62,,18.58166667,p131,c12
16-04-2018,30,557.7,93,,18.59,p131,c12
23-04-2018,26,483.34,62,,18.59,p131,c12
30-04-2018,37,687.83,46,,18.59,p131,c12
07-05-2018,32,594.88,64,,18.59,p131,c12
14-05-2018,18,334.62,60,,18.59,p131,c12
21-05-2018,16,297.44,94,,18.59,p131,c12
28-05-2018,16,298.38,119,,18.64875,p131,c12
04-06-2018,18,334.62,125,,18.59,p131,c12
11-06-2018,18,334.62,108,,18.59,p131,c12
18-06-2018,3,55.77,128,,18.59,p131,c12
25-06-2018,22,408.98,132,,18.59,p131,c12
02-07-2018,15,278.85,113,,18.59,p131,c12
09-07-2018,19,353.21,133,,18.59,p131,c12
16-07-2018,36,669.24,129,,18.59,p131,c12
23-07-2018,29,539.11,99,,18.59,p131,c12
30-07-2018,14,260.26,86,,18.59,p131,c12
06-08-2018,38,706.42,117,,18.59,p131,c12
13-08-2018,21,390.39,134,,18.59,p131,c12
20-08-2018,27,501.93,136,,18.59,p131,c12
27-08-2018,17,316.03,145,,18.59,p131,c12
03-09-2018,24,446.16,188,,18.59,p131,c12
10-09-2018,14,260.26,220,,18.59,p131,c12
17-09-2018,20,371.8,295,,18.59,p131,c12
24-09-2018,40,743.6,302,,18.59,p131,c12
01-10-2018,12,223.08,319,,18.59,p131,c12
08-10-2018,17,316.03,307,,18.59,p131,c12
15-10-2018,15,278.85,291,,18.59,p131,c12
22-10-2018,18,334.62,279,,18.59,p131,c12
29-10-2018,7,130.13,263,,18.59,p131,c12
05-11-2018,4,74.18,242,,18.545,p131,c12
12-11-2018,13,240.68,237,,18.51384615,p131,c12
19-11-2018,12,222,227,,18.5,p131,c12
26-11-2018,26,481,210,,18.5,p131,c12
03-12-2018,7,129.5,200,,18.5,p131,c12
10-12-2018,13,240.5,179,,18.5,p131,c12
17-12-2018,14,259,164,,18.5,p131,c12
24-12-2018,4,74,150,,18.5,p131,c12
01-01-2018,12,171.48,,,14.29,p132,c9
08-01-2018,29,414.41,91,,14.29,p132,c9
15-01-2018,19,271.51,79,,14.29,p132,c9
22-01-2018,17,242.93,74,,14.29,p132,c9
29-01-2018,27,385.83,52,,14.29,p132,c9
05-02-2018,20,285.8,28,,14.29,p132,c9
12-02-2018,15,214.35,74,,14.29,p132,c9
19-02-2018,21,300.09,77,,14.29,p132,c9
26-02-2018,36,514.44,91,,14.29,p132,c9
05-03-2018,60,857.4,64,,14.29,p132,c9
12-03-2018,15,214.35,30,,14.29,p132,c9
19-03-2018,27,385.55,63,,14.27962963,p132,c9
26-03-2018,18,252.92,92,,14.05111111,p132,c9
02-04-2018,27,372.55,127,,13.79814815,p132,c9
09-04-2018,22,303.16,127,,13.78,p132,c9
16-04-2018,16,225.65,94,,14.103125,p132,c9
23-04-2018,21,289.66,95,,13.79333333,p132,c9
30-04-2018,23,317.17,88,,13.79,p132,c9
07-05-2018,24,330.96,105,,13.79,p132,c9
14-05-2018,36,496.44,122,,13.79,p132,c9
21-05-2018,55,758.45,104,,13.79,p132,c9
28-05-2018,31,427.49,54,,13.79,p132,c9
04-06-2018,22,303.38,86,,13.79,p132,c9
11-06-2018,15,206.85,85,,13.79,p132,c9
18-06-2018,6,82.74,140,,13.79,p132,c9
25-06-2018,25,344.75,193,,13.79,p132,c9
02-07-2018,10,137.9,195,,13.79,p132,c9
09-07-2018,21,289.59,245,,13.79,p132,c9
16-07-2018,24,330.96,235,,13.79,p132,c9
23-07-2018,35,482.91,225,,13.79742857,p132,c9
30-07-2018,26,358.54,200,,13.79,p132,c9
06-08-2018,31,427.19,176,,13.78032258,p132,c9
13-08-2018,16,220.6,158,,13.7875,p132,c9
20-08-2018,12,165.48,165,,13.79,p132,c9
27-08-2018,22,303.38,211,,13.79,p132,c9
03-09-2018,23,321.51,193,,13.97869565,p132,c9
10-09-2018,63,869.35,223,,13.79920635,p132,c9
17-09-2018,37,510.23,204,,13.79,p132,c9
24-09-2018,52,717.08,186,,13.79,p132,c9
01-10-2018,45,620.55,157,,13.79,p132,c9
08-10-2018,46,634.34,109,,13.79,p132,c9
15-10-2018,20,275.8,65,,13.79,p132,c9
22-10-2018,35,482.65,44,,13.79,p132,c9
29-10-2018,10,137.9,12,,13.79,p132,c9
05-11-2018,1,13.79,1,,13.79,p132,c9
12-11-2018,0,0,1,,,p132,c9
19-11-2018,28,360.52,1,,12.87571429,p132,c9
26-11-2018,8,97.52,32,,12.19,p132,c9
03-12-2018,17,207.23,57,,12.19,p132,c9
17-12-2018,6,73.14,138,,12.19,p132,c9
24-12-2018,8,97.52,103,,12.19,p132,c9
01-01-2018,16,99.04,,,6.19,p133,c14
08-01-2018,21,129.99,216,,6.19,p133,c14
15-01-2018,26,160.94,221,,6.19,p133,c14
22-01-2018,42,262.73,227,,6.25547619,p133,c14
29-01-2018,35,216.65,185,,6.19,p133,c14
05-02-2018,19,117.61,148,,6.19,p133,c14
12-02-2018,32,198.08,125,,6.19,p133,c14
19-02-2018,28,173.32,94,,6.19,p133,c14
26-02-2018,11,68.13,69,,6.193636364,p133,c14
05-03-2018,13,80.47,54,,6.19,p133,c14
12-03-2018,7,43.33,38,,6.19,p133,c14
19-03-2018,20,123.8,73,,6.19,p133,c14
26-03-2018,13,80.47,111,,6.19,p133,c14
02-04-2018,10,60.09,99,,6.009,p133,c14
09-04-2018,5,30.95,91,,6.19,p133,c14
16-04-2018,16,98.96,83,,6.185,p133,c14
23-04-2018,16,98.48,69,,6.155,p133,c14
30-04-2018,10,59.48,52,,5.948,p133,c14
07-05-2018,7,43.36,66,,6.194285714,p133,c14
14-05-2018,14,86.66,65,,6.19,p133,c14
21-05-2018,13,80.47,69,,6.19,p133,c14
28-05-2018,4,24.76,56,,6.19,p133,c14
04-06-2018,4,24.76,51,,6.19,p133,c14
11-06-2018,6,37.14,47,,6.19,p133,c14
18-06-2018,13,80.47,67,,6.19,p133,c14
25-06-2018,6,37.14,52,,6.19,p133,c14
02-07-2018,12,74.28,46,,6.19,p133,c14
09-07-2018,3,18.71,35,,6.236666667,p133,c14
16-07-2018,8,49.52,54,,6.19,p133,c14
23-07-2018,7,43.33,46,,6.19,p133,c14
30-07-2018,15,92.85,39,,6.19,p133,c14
06-08-2018,30,185.7,33,,6.19,p133,c14
13-08-2018,8,49.52,48,,6.19,p133,c14
20-08-2018,19,117.67,37,,6.193157895,p133,c14
27-08-2018,20,123.8,83,,6.19,p133,c14
03-09-2018,55,340.45,71,,6.19,p133,c14
10-09-2018,23,142.37,92,,6.19,p133,c14
17-09-2018,42,260.02,114,,6.190952381,p133,c14
24-09-2018,34,210.46,95,,6.19,p133,c14
01-10-2018,29,179.51,101,,6.19,p133,c14
08-10-2018,33,204.27,107,,6.19,p133,c14
15-10-2018,38,238.63,76,,6.279736842,p133,c14
22-10-2018,48,309.52,45,,6.448333333,p133,c14
29-10-2018,21,130.3,57,,6.204761905,p133,c14
05-11-2018,20,123.8,75,,6.19,p133,c14
12-11-2018,18,112.04,188,,6.224444444,p133,c14
19-11-2018,34,220.69,224,,6.490882353,p133,c14
26-11-2018,64,403.29,206,,6.30140625,p133,c14
03-12-2018,96,621.52,148,,6.474166667,p133,c14
10-12-2018,81,526.5,112,,6.5,p133,c14
17-12-2018,0,0,2,,,p133,c14
01-01-2018,12,192,,,16,p134,c5
08-01-2018,3,48,24,,16,p134,c5
15-01-2018,3,50.99,40,,16.99666667,p134,c5
22-01-2018,8,156.92,53,,19.615,p134,c5
29-01-2018,7,139.93,48,,19.99,p134,c5
05-02-2018,2,39.98,37,,19.99,p134,c5
12-02-2018,5,99.95,34,,19.99,p134,c5
19-02-2018,6,119.59,30,,19.93166667,p134,c5
26-02-2018,4,77.86,24,,19.465,p134,c5
05-03-2018,4,75.33,21,,18.8325,p134,c5
12-03-2018,2,35.68,17,,17.84,p134,c5
19-03-2018,9,148.84,15,,16.53777778,p134,c5
26-03-2018,5,86.1,9,,17.22,p134,c5
02-04-2018,4,80.13,4,,20.0325,p134,c5
01-01-2018,151,1187.84,,,7.866490066,p135,c9
08-01-2018,107,961.88,1320,,8.98953271,p135,c9
15-01-2018,115,1130.85,1659,,9.833478261,p135,c9
22-01-2018,131,1313.37,1543,,10.02572519,p135,c9
29-01-2018,156,1562.33,1422,,10.0149359,p135,c9
05-02-2018,122,1204.48,1266,,9.872786885,p135,c9
12-02-2018,88,864.62,1133,,9.825227273,p135,c9
19-02-2018,165,1619.45,1036,,9.814848485,p135,c9
26-02-2018,148,1443.92,824,,9.756216216,p135,c9
05-03-2018,167,1665.97,647,,9.975868263,p135,c9
12-03-2018,131,1308.73,491,,9.990305344,p135,c9
19-03-2018,183,1828.53,435,,9.991967213,p135,c9
26-03-2018,145,1448.64,645,,9.99062069,p135,c9
02-04-2018,103,1029.11,580,,9.991359223,p135,c9
09-04-2018,118,1178.82,548,,9.99,p135,c9
16-04-2018,122,1218.95,477,,9.991393443,p135,c9
23-04-2018,94,939.06,404,,9.99,p135,c9
30-04-2018,127,1268.81,551,,9.990629921,p135,c9
07-05-2018,81,809.33,674,,9.991728395,p135,c9
14-05-2018,132,1318.68,657,,9.99,p135,c9
21-05-2018,131,1308.69,554,,9.99,p135,c9
28-05-2018,90,899.14,543,,9.990444444,p135,c9
04-06-2018,96,959.25,542,,9.9921875,p135,c9
11-06-2018,93,929.07,476,,9.99,p135,c9
18-06-2018,66,659.34,415,,9.99,p135,c9
25-06-2018,85,853.29,354,,10.03870588,p135,c9
02-07-2018,63,630.29,449,,10.00460317,p135,c9
09-07-2018,94,940.9,408,,10.00957447,p135,c9
16-07-2018,96,959.16,384,,9.99125,p135,c9
23-07-2018,105,1049.19,495,,9.992285714,p135,c9
30-07-2018,97,969.44,453,,9.994226804,p135,c9
06-08-2018,103,1029.03,445,,9.990582524,p135,c9
13-08-2018,106,1059.01,445,,9.990660377,p135,c9
20-08-2018,113,1128.87,441,,9.99,p135,c9
27-08-2018,199,1988.18,428,,9.990854271,p135,c9
03-09-2018,237,2367.66,586,,9.990126582,p135,c9
10-09-2018,365,3646.35,621,,9.99,p135,c9
17-09-2018,262,2617.64,713,,9.990992366,p135,c9
24-09-2018,274,2737.26,1169,,9.99,p135,c9
01-10-2018,160,1598.4,854,,9.99,p135,c9
08-10-2018,141,1408.59,1000,,9.99,p135,c9
15-10-2018,157,1568.62,1302,,9.991210191,p135,c9
22-10-2018,187,1868.13,1675,,9.99,p135,c9
29-10-2018,129,1288.71,1806,,9.99,p135,c9
05-11-2018,154,1538.46,1752,,9.99,p135,c9
12-11-2018,133,1328.79,2187,,9.990902256,p135,c9
19-11-2018,121,1208.79,2599,,9.99,p135,c9
26-11-2018,240,2397.6,3585,,9.99,p135,c9
03-12-2018,207,2067.93,3817,,9.99,p135,c9
10-12-2018,254,2537.46,3705,,9.99,p135,c9
17-12-2018,230,2297.7,3590,,9.99,p135,c9
24-12-2018,38,379.62,3368,,9.99,p135,c9
