customer_1_sales_data.csv
Date,Units,Revenue,Inventory_Amount,Inventory_Units,Price,PID,CID
01-01-2018,3,73.91,,,24.63666667,p136,c7
08-01-2018,7,174.93,71,,24.99,p136,c7
15-01-2018,9,224.91,63,,24.99,p136,c7
22-01-2018,8,199.92,57,,24.99,p136,c7
29-01-2018,10,249.9,49,,24.99,p136,c7
05-02-2018,8,199.92,38,,24.99,p136,c7
12-02-2018,1,24.99,30,,24.99,p136,c7
19-02-2018,3,69.97,29,,23.32333333,p136,c7
26-02-2018,5,100.2,27,,20.04,p136,c7
05-03-2018,5,108.45,23,,21.69,p136,c7
12-03-2018,3,62.97,17,,20.99,p136,c7
19-03-2018,13,227.37,15,,17.49,p136,c7
26-03-2018,20,349.8,13,,17.49,p136,c7
02-04-2018,16,279.84,27,,17.49,p136,c7
09-04-2018,19,332.31,27,,17.49,p136,c7
16-04-2018,32,559.68,7,,17.49,p136,c7
23-04-2018,25,437.25,19,,17.49,p136,c7
30-04-2018,22,384.78,14,,17.49,p136,c7
07-05-2018,23,402.27,39,,17.49,p136,c7
14-05-2018,21,367.29,98,,17.49,p136,c7
21-05-2018,5,87.45,94,,17.49,p136,c7
28-05-2018,15,262.35,88,,17.49,p136,c7
04-06-2018,15,262.35,86,,17.49,p136,c7
11-06-2018,24,419.76,87,,17.49,p136,c7
18-06-2018,14,244.86,97,,17.49,p136,c7
25-06-2018,9,157.41,83,,17.49,p136,c7
02-07-2018,10,174.9,96,,17.49,p136,c7
09-07-2018,8,139.92,83,,17.49,p136,c7
16-07-2018,7,122.43,100,,17.49,p136,c7
23-07-2018,9,157.41,105,,17.49,p136,c7
30-07-2018,10,174.9,101,,17.49,p136,c7
06-08-2018,8,139.92,108,,17.49,p136,c7
13-08-2018,6,104.94,101,,17.49,p136,c7
20-08-2018,8,139.92,96,,17.49,p136,c7
27-08-2018,10,174.9,86,,17.49,p136,c7
03-09-2018,15,262.35,77,,17.49,p136,c7
10-09-2018,24,419.76,69,,17.49,p136,c7
17-09-2018,26,454.74,59,,17.49,p136,c7
24-09-2018,37,647.13,78,,17.49,p136,c7
01-10-2018,17,297.33,63,,17.49,p136,c7
08-10-2018,26,454.74,70,,17.49,p136,c7
15-10-2018,41,717.09,46,,17.49,p136,c7
22-10-2018,28,489.72,12,,17.49,p136,c7
29-10-2018,31,542.19,68,,17.49,p136,c7
05-11-2018,17,297.33,86,,17.49,p136,c7
12-11-2018,32,559.68,221,,17.49,p136,c7
19-11-2018,43,752.07,309,,17.49,p136,c7
26-11-2018,96,1679.04,376,,17.49,p136,c7
03-12-2018,126,2203.74,400,,17.49,p136,c7
10-12-2018,206,3602.94,330,,17.49,p136,c7
17-12-2018,183,3200.67,163,,17.49,p136,c7
24-12-2018,1,17.49,0,,17.49,p136,c7
01-01-2018,3,45.87,,,15.29,p137,c2
08-01-2018,2,30.58,266,,15.29,p137,c2
15-01-2018,1,15.29,263,,15.29,p137,c2
22-01-2018,1,15.29,262,,15.29,p137,c2
29-01-2018,1,19.99,261,,19.99,p137,c2
12-02-2018,1,19.99,259,,19.99,p137,c2
26-02-2018,3,59.97,259,,19.99,p137,c2
05-03-2018,5,84.95,256,,16.99,p137,c2
12-03-2018,8,135.92,251,,16.99,p137,c2
19-03-2018,7,118.93,244,,16.99,p137,c2
26-03-2018,2,39.98,237,,19.99,p137,c2
02-04-2018,1,19.99,236,,19.99,p137,c2
09-04-2018,4,70.36,234,,17.59,p137,c2
16-04-2018,1,15.29,230,,15.29,p137,c2
23-04-2018,5,76.45,229,,15.29,p137,c2
30-04-2018,7,107.03,226,,15.29,p137,c2
07-05-2018,3,45.87,221,,15.29,p137,c2
14-05-2018,2,30.58,216,,15.29,p137,c2
21-05-2018,2,30.58,214,,15.29,p137,c2
28-05-2018,1,15.29,213,,15.29,p137,c2
04-06-2018,1,15.29,211,,15.29,p137,c2
11-06-2018,5,76.45,210,,15.29,p137,c2
18-06-2018,1,15.29,207,,15.29,p137,c2
25-06-2018,2,37.38,204,,18.69,p137,c2
09-07-2018,1,15.29,197,,15.29,p137,c2
16-07-2018,1,15.29,200,,15.29,p137,c2
23-07-2018,3,45.87,200,,15.29,p137,c2
30-07-2018,3,45.87,196,,15.29,p137,c2
06-08-2018,1,19.99,190,,19.99,p137,c2
20-08-2018,3,59.97,191,,19.99,p137,c2
01-01-2018,29,286.31,,,9.872758621,p138,c9
08-01-2018,28,278.83,1231,,9.958214286,p138,c9
15-01-2018,36,352.9,1177,,9.802777778,p138,c9
22-01-2018,39,387.76,1187,,9.942564103,p138,c9
29-01-2018,42,418.1,1145,,9.954761905,p138,c9
05-02-2018,33,324.6,1063,,9.836363636,p138,c9
12-02-2018,25,245.3,1073,,9.812,p138,c9
19-02-2018,36,332.78,1046,,9.243888889,p138,c9
26-02-2018,41,365.94,988,,8.925365854,p138,c9
05-03-2018,38,341.51,965,,8.987105263,p138,c9
12-03-2018,31,283.5,922,,9.14516129,p138,c9
19-03-2018,71,625.9,890,,8.815492958,p138,c9
26-03-2018,57,468.2,843,,8.214035088,p138,c9
02-04-2018,22,158.72,783,,7.214545455,p138,c9
09-04-2018,27,163.16,757,,6.042962963,p138,c9
16-04-2018,76,390.94,727,,5.143947368,p138,c9
23-04-2018,66,339.9,647,,5.15,p138,c9
30-04-2018,72,370.8,576,,5.15,p138,c9
07-05-2018,55,283.25,511,,5.15,p138,c9
14-05-2018,54,278.1,455,,5.15,p138,c9
21-05-2018,46,236.9,401,,5.15,p138,c9
28-05-2018,28,144.2,358,,5.15,p138,c9
04-06-2018,55,283.25,317,,5.15,p138,c9
11-06-2018,44,226.6,268,,5.15,p138,c9
18-06-2018,30,154.5,219,,5.15,p138,c9
25-06-2018,45,231.75,207,,5.15,p138,c9
02-07-2018,40,230.2,194,,5.755,p138,c9
09-07-2018,22,200.42,242,,9.11,p138,c9
16-07-2018,24,239.76,238,,9.99,p138,c9
23-07-2018,29,289.71,309,,9.99,p138,c9
30-07-2018,21,209.79,336,,9.99,p138,c9
06-08-2018,32,319.68,337,,9.99,p138,c9
13-08-2018,27,269.73,308,,9.99,p138,c9
20-08-2018,40,399.6,274,,9.99,p138,c9
27-08-2018,69,689.31,235,,9.99,p138,c9
03-09-2018,81,809.19,187,,9.99,p138,c9
10-09-2018,88,879.12,216,,9.99,p138,c9
17-09-2018,90,899.1,210,,9.99,p138,c9
24-09-2018,70,699.3,198,,9.99,p138,c9
01-10-2018,55,549.51,265,,9.991090909,p138,c9
08-10-2018,55,549.45,286,,9.99,p138,c9
15-10-2018,44,439.56,254,,9.99,p138,c9
22-10-2018,58,579.42,211,,9.99,p138,c9
29-10-2018,46,459.54,294,,9.99,p138,c9
05-11-2018,45,449.68,247,,9.992888889,p138,c9
12-11-2018,43,429.57,400,,9.99,p138,c9
19-11-2018,25,249.75,349,,9.99,p138,c9
26-11-2018,56,559.53,348,,9.991607143,p138,c9
03-12-2018,57,569.11,392,,9.984385965,p138,c9
10-12-2018,53,528.94,359,,9.98,p138,c9
17-12-2018,55,548.9,302,,9.98,p138,c9
24-12-2018,14,139.72,253,,9.98,p138,c9
01-01-2018,45,326.95,,,7.265555556,p139,c9
08-01-2018,82,593.85,897,,7.242073171,p139,c9
15-01-2018,59,553.27,806,,9.377457627,p139,c9
22-01-2018,52,516.7,758,,9.936538462,p139,c9
29-01-2018,56,559.44,698,,9.99,p139,c9
05-02-2018,46,454.15,643,,9.872826087,p139,c9
12-02-2018,31,309.69,597,,9.99,p139,c9
19-02-2018,43,421.62,564,,9.805116279,p139,c9
26-02-2018,51,493.99,523,,9.686078431,p139,c9
05-03-2018,49,489.51,470,,9.99,p139,c9
12-03-2018,35,349.72,417,,9.992,p139,c9
19-03-2018,75,749.25,387,,9.99,p139,c9
26-03-2018,50,499.5,335,,9.99,p139,c9
02-04-2018,40,399.6,289,,9.99,p139,c9
09-04-2018,31,309.69,177,,9.99,p139,c9
16-04-2018,51,509.49,192,,9.99,p139,c9
23-04-2018,31,309.69,145,,9.99,p139,c9
30-04-2018,45,450.16,166,,10.00355556,p139,c9
07-05-2018,42,419.58,186,,9.99,p139,c9
14-05-2018,37,369.63,165,,9.99,p139,c9
21-05-2018,29,289.71,172,,9.99,p139,c9
28-05-2018,23,229.77,179,,9.99,p139,c9
04-06-2018,22,219.78,205,,9.99,p139,c9
11-06-2018,32,319.68,188,,9.99,p139,c9
18-06-2018,27,269.73,156,,9.99,p139,c9
25-06-2018,35,349.65,127,,9.99,p139,c9
02-07-2018,32,319.68,158,,9.99,p139,c9
09-07-2018,22,219.78,156,,9.99,p139,c9
16-07-2018,29,289.71,141,,9.99,p139,c9
23-07-2018,37,369.63,181,,9.99,p139,c9
30-07-2018,31,309.69,156,,9.99,p139,c9
06-08-2018,38,379.62,132,,9.99,p139,c9
13-08-2018,32,319.68,99,,9.99,p139,c9
20-08-2018,34,339.66,64,,9.99,p139,c9
12-11-2018,28,279.72,161,,9.99,p139,c9
19-11-2018,29,289.71,255,,9.99,p139,c9
26-11-2018,74,739.35,297,,9.991216216,p139,c9
03-12-2018,78,778.71,357,,9.983461538,p139,c9
10-12-2018,71,708.58,319,,9.98,p139,c9
17-12-2018,42,419.16,241,,9.98,p139,c9
24-12-2018,8,79.9,267,,9.9875,p139,c9
01-01-2018,16,279.84,,,17.49,p140,c15
08-01-2018,18,314.82,215,,17.49,p140,c15
15-01-2018,25,437.25,254,,17.49,p140,c15
22-01-2018,159,2780.91,247,,17.49,p140,c15
29-01-2018,62,1084.38,95,,17.49,p140,c15
05-02-2018,72,1259.28,245,,17.49,p140,c15
12-02-2018,30,524.7,464,,17.49,p140,c15
19-02-2018,49,857.01,491,,17.49,p140,c15
26-02-2018,46,804.54,442,,17.49,p140,c15
05-03-2018,36,629.64,404,,17.49,p140,c15
12-03-2018,13,227.37,368,,17.49,p140,c15
19-03-2018,35,612.15,351,,17.49,p140,c15
26-03-2018,38,664.62,325,,17.49,p140,c15
02-04-2018,19,334.51,323,,17.60578947,p140,c15
09-04-2018,19,448.07,315,,23.58263158,p140,c15
16-04-2018,15,351.58,296,,23.43866667,p140,c15
23-04-2018,12,278.88,281,,23.24,p140,c15
30-04-2018,21,407.13,279,,19.38714286,p140,c15
07-05-2018,16,354.44,257,,22.1525,p140,c15
14-05-2018,11,269.69,240,,24.51727273,p140,c15
21-05-2018,21,522.19,229,,24.86619048,p140,c15
28-05-2018,12,299.88,209,,24.99,p140,c15
04-06-2018,16,386.84,195,,24.1775,p140,c15
11-06-2018,18,442.02,180,,24.55666667,p140,c15
18-06-2018,9,224.91,162,,24.99,p140,c15
25-06-2018,12,273.88,153,,22.82333333,p140,c15
02-07-2018,19,425.41,143,,22.39,p140,c15
09-07-2018,19,425.41,118,,22.39,p140,c15
16-07-2018,19,425.41,103,,22.39,p140,c15
23-07-2018,16,358.24,110,,22.39,p140,c15
30-07-2018,23,514.97,107,,22.39,p140,c15
06-08-2018,29,649.31,117,,22.39,p140,c15
13-08-2018,28,626.92,132,,22.39,p140,c15
20-08-2018,17,380.63,110,,22.39,p140,c15
27-08-2018,40,895.6,139,,22.39,p140,c15
03-09-2018,40,895.6,183,,22.39,p140,c15
10-09-2018,85,1903.15,171,,22.39,p140,c15
17-09-2018,89,1992.71,181,,22.39,p140,c15
24-09-2018,88,1970.32,172,,22.39,p140,c15
01-10-2018,32,716.48,135,,22.39,p140,c15
08-10-2018,22,492.58,96,,22.39,p140,c15
15-10-2018,20,447.8,99,,22.39,p140,c15
22-10-2018,33,767.47,119,,23.25666667,p140,c15
29-10-2018,20,447.8,192,,22.39,p140,c15
05-11-2018,27,604.53,250,,22.39,p140,c15
12-11-2018,22,492.58,266,,22.39,p140,c15
19-11-2018,24,537.36,242,,22.39,p140,c15
26-11-2018,34,761.26,218,,22.39,p140,c15
03-12-2018,39,873.21,199,,22.39,p140,c15
10-12-2018,24,537.36,177,,22.39,p140,c15
17-12-2018,17,380.63,145,,22.39,p140,c15
24-12-2018,7,156.73,199,,22.39,p140,c15
01-01-2018,2,101.1,,,50.55,p141,c3
29-01-2018,1,59.3,13,,59.3,p141,c3
26-02-2018,1,58.15,12,,58.15,p141,c3
09-04-2018,1,39.7,11,,39.7,p141,c3
30-04-2018,1,39.7,10,,39.7,p141,c3
28-05-2018,1,39.7,9,,39.7,p141,c3
04-06-2018,1,39.7,8,,39.7,p141,c3
16-07-2018,1,39.7,7,,39.7,p141,c3
06-08-2018,1,39.7,6,,39.7,p141,c3
13-08-2018,1,39.7,5,,39.7,p141,c3
01-01-2018,454,5446.9,,,11.99757709,p142,c15
08-01-2018,354,4791.19,2559,,13.53443503,p142,c15
15-01-2018,192,3363.57,2775,,17.51859375,p142,c15
22-01-2018,265,4697.37,2573,,17.72592453,p142,c15
29-01-2018,296,4356.28,2339,,14.71716216,p142,c15
05-02-2018,577,7676.59,2039,,13.30431542,p142,c15
12-02-2018,410,5448.96,1471,,13.29014634,p142,c15
19-02-2018,315,4186.35,972,,13.29,p142,c15
26-02-2018,354,4704.66,627,,13.29,p142,c15
05-03-2018,345,4585.05,388,,13.29,p142,c15
12-03-2018,62,823.98,85,,13.29,p142,c15
19-03-2018,158,2602.86,2,,16.47379747,p142,c15
26-03-2018,215,3804.21,666,,17.694,p142,c15
02-04-2018,164,2875.16,1552,,17.53146341,p142,c15
09-04-2018,223,3001.27,1558,,13.45860987,p142,c15
16-04-2018,300,3987,1313,,13.29,p142,c15
23-04-2018,261,3468.69,1023,,13.29,p142,c15
30-04-2018,282,3747.78,931,,13.29,p142,c15
07-05-2018,233,3096.57,902,,13.29,p142,c15
14-05-2018,279,3707.91,1128,,13.29,p142,c15
21-05-2018,214,3036.76,1224,,14.19046729,p142,c15
28-05-2018,166,2868.84,1268,,17.28216867,p142,c15
04-06-2018,166,2915.84,1242,,17.5653012,p142,c15
11-06-2018,168,2824.92,1260,,16.815,p142,c15
18-06-2018,375,5008.27,1348,,13.35538667,p142,c15
25-06-2018,505,6711.45,1074,,13.29,p142,c15
02-07-2018,280,3721.2,655,,13.29,p142,c15
09-07-2018,312,4146.48,712,,13.29,p142,c15
16-07-2018,440,6247.1,1441,,14.19795455,p142,c15
23-07-2018,214,3835.76,1959,,17.92411215,p142,c15
30-07-2018,208,3741.92,2018,,17.99,p142,c15
06-08-2018,219,3935.91,2029,,17.97219178,p142,c15
13-08-2018,271,4540.33,1971,,16.75398524,p142,c15
20-08-2018,217,3694.45,1724,,17.02511521,p142,c15
27-08-2018,431,7744.17,1489,,17.96791183,p142,c15
03-09-2018,345,6206.55,1256,,17.99,p142,c15
10-09-2018,418,7519.82,1013,,17.99,p142,c15
17-09-2018,476,8840.44,725,,18.57235294,p142,c15
24-09-2018,409,7836.71,485,,19.16066015,p142,c15
01-10-2018,232,4180.88,1030,,18.02103448,p142,c15
08-10-2018,222,3987.78,3849,,17.96297297,p142,c15
15-10-2018,208,3536.92,10531,,17.00442308,p142,c15
22-10-2018,261,4434.39,11484,,16.99,p142,c15
29-10-2018,298,5063.02,12441,,16.99,p142,c15
05-11-2018,415,7050.85,12203,,16.99,p142,c15
12-11-2018,540,9174.6,11782,,16.99,p142,c15
19-11-2018,853,14492.62,11599,,16.99017585,p142,c15
26-11-2018,1285,21832.39,11457,,16.99018677,p142,c15
03-12-2018,1285,21832.15,10963,,16.99,p142,c15
10-12-2018,1647,27982.76,9692,,16.99013965,p142,c15
17-12-2018,1415,24042.79,8077,,16.99137102,p142,c15
24-12-2018,217,3686.83,6527,,16.99,p142,c15
22-01-2018,1,24.72,19,,24.72,p143,c8
29-01-2018,1,24.72,18,,24.72,p143,c8
05-02-2018,1,24.72,17,,24.72,p143,c8
19-02-2018,3,74.16,14,,24.72,p143,c8
26-02-2018,2,49.44,16,,24.72,p143,c8
05-03-2018,1,24.72,12,,24.72,p143,c8
26-03-2018,2,49.44,17,,24.72,p143,c8
09-04-2018,1,24.72,21,,24.72,p143,c8
23-04-2018,1,24.72,21,,24.72,p143,c8
30-04-2018,1,23.83,20,,23.83,p143,c8
07-05-2018,2,49.44,19,,24.72,p143,c8
14-05-2018,1,24.72,16,,24.72,p143,c8
28-05-2018,1,24.72,15,,24.72,p143,c8
11-06-2018,2,49.44,14,,24.72,p143,c8
25-06-2018,2,49.44,12,,24.72,p143,c8
16-07-2018,2,49.44,10,,24.72,p143,c8
30-07-2018,1,24.72,8,,24.72,p143,c8
06-08-2018,2,49.44,7,,24.72,p143,c8
13-08-2018,5,123.6,17,,24.72,p143,c8
20-08-2018,1,24.72,12,,24.72,p143,c8
27-08-2018,11,271.92,11,,24.72,p143,c8
03-09-2018,4,98.88,4,,24.72,p143,c8
10-09-2018,10,247.2,10,,24.72,p143,c8
17-09-2018,3,74.16,11,,24.72,p143,c8
24-09-2018,3,74.16,6,,24.72,p143,c8
01-10-2018,1,24.72,5,,24.72,p143,c8
08-10-2018,1,24.72,12,,24.72,p143,c8
15-10-2018,2,49.44,13,,24.72,p143,c8
22-10-2018,1,24.72,11,,24.72,p143,c8
29-10-2018,0,0,10,,,p143,c8
05-11-2018,6,148.32,22,,24.72,p143,c8
12-11-2018,4,98.88,16,,24.72,p143,c8
19-11-2018,0,0,12,,,p143,c8
26-11-2018,1,24.72,12,,24.72,p143,c8
03-12-2018,3,74.16,12,,24.72,p143,c8
10-12-2018,2,49.44,8,,24.72,p143,c8
17-12-2018,0,0,6,,,p143,c8
01-01-2018,21,269.79,,,12.84714286,p144,c8
08-01-2018,38,486.62,261,,12.80578947,p144,c8
15-01-2018,27,350.73,220,,12.99,p144,c8
22-01-2018,41,521.59,194,,12.72170732,p144,c8
29-01-2018,41,500.59,159,,12.2095122,p144,c8
05-02-2018,44,527.56,137,,11.99,p144,c8
12-02-2018,54,647.46,187,,11.99,p144,c8
19-02-2018,39,467.61,179,,11.99,p144,c8
26-02-2018,48,575.52,153,,11.99,p144,c8
05-03-2018,43,515.57,125,,11.99,p144,c8
12-03-2018,37,443.63,153,,11.99,p144,c8
19-03-2018,48,589.92,140,,12.29,p144,c8
26-03-2018,44,550.75,180,,12.51704545,p144,c8
02-04-2018,20,299.92,200,,14.996,p144,c8
09-04-2018,25,375.03,178,,15.0012,p144,c8
16-04-2018,38,500.62,162,,13.17421053,p144,c8
23-04-2018,58,672.04,128,,11.58689655,p144,c8
30-04-2018,43,456.66,41,,10.62,p144,c8
07-05-2018,55,598.61,120,,10.88381818,p144,c8
14-05-2018,54,597.04,173,,11.0562963,p144,c8
21-05-2018,36,429.32,209,,11.92555556,p144,c8
28-05-2018,25,299.85,237,,11.994,p144,c8
04-06-2018,66,791.44,247,,11.99151515,p144,c8
11-06-2018,41,468.49,185,,11.42658537,p144,c8
18-06-2018,40,451.6,211,,11.29,p144,c8
25-06-2018,49,553.21,180,,11.29,p144,c8
02-07-2018,43,485.47,132,,11.29,p144,c8
09-07-2018,51,575.79,188,,11.29,p144,c8
16-07-2018,47,531.28,194,,11.30382979,p144,c8
23-07-2018,45,508.17,193,,11.29266667,p144,c8
30-07-2018,38,429.13,160,,11.29289474,p144,c8
06-08-2018,37,417.96,316,,11.29621622,p144,c8
13-08-2018,54,609.66,358,,11.29,p144,c8
20-08-2018,35,395.33,364,,11.29514286,p144,c8
27-08-2018,61,688.87,352,,11.29295082,p144,c8
03-09-2018,70,790.38,309,,11.29114286,p144,c8
10-09-2018,98,1107.94,285,,11.3055102,p144,c8
17-09-2018,73,824.17,306,,11.29,p144,c8
24-09-2018,67,756.43,282,,11.29,p144,c8
01-10-2018,32,361.28,265,,11.29,p144,c8
08-10-2018,35,395.31,267,,11.29457143,p144,c8
15-10-2018,35,395.35,233,,11.29571429,p144,c8
22-10-2018,23,259.77,209,,11.29434783,p144,c8
29-10-2018,32,365.15,234,,11.4109375,p144,c8
05-11-2018,36,414.72,236,,11.52,p144,c8
12-11-2018,34,391.68,233,,11.52,p144,c8
19-11-2018,35,403.3,206,,11.52285714,p144,c8
26-11-2018,39,449.38,193,,11.5225641,p144,c8
03-12-2018,38,437.96,197,,11.52526316,p144,c8
10-12-2018,41,472.32,185,,11.52,p144,c8
17-12-2018,47,541.44,154,,11.52,p144,c8
24-12-2018,13,149.76,185,,11.52,p144,c8
01-01-2018,1,26.62,,,26.62,p145,c15
08-01-2018,5,133.1,30,,26.62,p145,c15
15-01-2018,5,133.1,27,,26.62,p145,c15
22-01-2018,1,26.62,21,,26.62,p145,c15
29-01-2018,5,139.17,20,,27.834,p145,c15
05-02-2018,5,139.17,17,,27.834,p145,c15
12-02-2018,2,59.31,22,,29.655,p145,c15
19-02-2018,2,63.98,13,,31.99,p145,c15
26-02-2018,3,95.97,25,,31.99,p145,c15
05-03-2018,3,95.97,20,,31.99,p145,c15
12-03-2018,2,63.98,24,,31.99,p145,c15
19-03-2018,1,31.99,21,,31.99,p145,c15
09-04-2018,3,95.97,20,,31.99,p145,c15
16-04-2018,2,63.98,18,,31.99,p145,c15
23-04-2018,2,63.98,14,,31.99,p145,c15
30-04-2018,3,90.88,12,,30.29333333,p145,c15
07-05-2018,4,127.96,9,,31.99,p145,c15
14-05-2018,1,31.99,5,,31.99,p145,c15
21-05-2018,2,60.54,4,,30.27,p145,c15
28-05-2018,3,95.97,1,,31.99,p145,c15
04-06-2018,7,228.13,1,,32.59,p145,c15
11-06-2018,3,97.37,8,,32.45666667,p145,c15
18-06-2018,1,25.9,14,,25.9,p145,c15
25-06-2018,3,95.97,15,,31.99,p145,c15
02-07-2018,4,127.96,11,,31.99,p145,c15
09-07-2018,1,31.99,16,,31.99,p145,c15
16-07-2018,3,92.97,18,,30.99,p145,c15
23-07-2018,5,154.95,16,,30.99,p145,c15
30-07-2018,3,92.97,18,,30.99,p145,c15
06-08-2018,3,92.97,14,,30.99,p145,c15
13-08-2018,3,92.97,19,,30.99,p145,c15
20-08-2018,7,216.93,27,,30.99,p145,c15
27-08-2018,4,123.96,19,,30.99,p145,c15
03-09-2018,8,247.92,17,,30.99,p145,c15
10-09-2018,4,123.96,34,,30.99,p145,c15
17-09-2018,5,154.95,34,,30.99,p145,c15
24-09-2018,4,123.96,31,,30.99,p145,c15
01-10-2018,4,123.96,29,,30.99,p145,c15
08-10-2018,3,92.97,25,,30.99,p145,c15
15-10-2018,4,123.96,21,,30.99,p145,c15
22-10-2018,8,247.92,18,,30.99,p145,c15
29-10-2018,2,61.98,19,,30.99,p145,c15
05-11-2018,7,216.93,19,,30.99,p145,c15
12-11-2018,5,154.95,30,,30.99,p145,c15
19-11-2018,6,185.94,51,,30.99,p145,c15
26-11-2018,2,61.98,51,,30.99,p145,c15
03-12-2018,5,134.35,69,,26.87,p145,c15
10-12-2018,5,127.95,64,,25.59,p145,c15
17-12-2018,2,51.18,62,,25.59,p145,c15
24-12-2018,2,51.18,59,,25.59,p145,c15
