customer_1_sales_data.csv
Date,Units,Revenue,Inventory_Amount,Inventory_Units,Price,PID,CID
01-01-2018,4,24.8,,,6.2,p146,c14
08-01-2018,3,21.23,48,,7.076666667,p146,c14
15-01-2018,5,41,40,,8.2,p146,c14
22-01-2018,4,39.59,38,,9.8975,p146,c14
05-02-2018,5,48.31,118,,9.662,p146,c14
12-02-2018,4,38.36,71,,9.59,p146,c14
19-02-2018,4,38.36,70,,9.59,p146,c14
26-02-2018,9,86.31,65,,9.59,p146,c14
05-03-2018,6,57.64,56,,9.606666667,p146,c14
12-03-2018,4,38.43,49,,9.6075,p146,c14
19-03-2018,3,28.77,45,,9.59,p146,c14
26-03-2018,3,28.77,41,,9.59,p146,c14
02-04-2018,1,9.59,37,,9.59,p146,c14
09-04-2018,5,48.01,36,,9.602,p146,c14
16-04-2018,8,74.15,26,,9.26875,p146,c14
23-04-2018,5,42.58,20,,8.516,p146,c14
30-04-2018,6,49.07,24,,8.178333333,p146,c14
07-05-2018,14,107.89,55,,7.706428571,p146,c14
14-05-2018,17,149.63,42,,8.801764706,p146,c14
21-05-2018,2,19.24,25,,9.62,p146,c14
28-05-2018,3,28.32,37,,9.44,p146,c14
04-06-2018,5,46.72,53,,9.344,p146,c14
11-06-2018,4,36.47,57,,9.1175,p146,c14
18-06-2018,1,7.66,94,,7.66,p146,c14
25-06-2018,9,80.66,100,,8.962222222,p146,c14
02-07-2018,2,15.16,92,,7.58,p146,c14
09-07-2018,4,38.4,87,,9.6,p146,c14
16-07-2018,8,76.94,83,,9.6175,p146,c14
23-07-2018,12,115.08,76,,9.59,p146,c14
30-07-2018,12,115.14,66,,9.595,p146,c14
06-08-2018,2,19.2,51,,9.6,p146,c14
13-08-2018,7,67.13,59,,9.59,p146,c14
20-08-2018,13,124.89,91,,9.606923077,p146,c14
27-08-2018,9,86.31,77,,9.59,p146,c14
03-09-2018,21,201.39,71,,9.59,p146,c14
10-09-2018,14,134.26,65,,9.59,p146,c14
17-09-2018,2,19.18,51,,9.59,p146,c14
24-09-2018,16,153.64,50,,9.6025,p146,c14
01-10-2018,3,28.77,40,,9.59,p146,c14
08-10-2018,5,47.06,38,,9.412,p146,c14
15-10-2018,5,47.91,31,,9.582,p146,c14
22-10-2018,5,47.95,26,,9.59,p146,c14
29-10-2018,6,57.6,21,,9.6,p146,c14
05-11-2018,8,76.72,18,,9.59,p146,c14
12-11-2018,8,76.78,6,,9.5975,p146,c14
19-11-2018,2,19.23,3,,9.615,p146,c14
26-11-2018,5,47.95,2,,9.59,p146,c14
03-12-2018,6,57.54,43,,9.59,p146,c14
10-12-2018,7,67.13,41,,9.59,p146,c14
17-12-2018,7,67.13,30,,9.59,p146,c14
24-12-2018,5,47.95,23,,9.59,p146,c14
01-01-2018,13,260.27,,,20.02076923,p147,c9
08-01-2018,14,279.04,449,,19.93142857,p147,c9
15-01-2018,19,377.7,429,,19.87894737,p147,c9
22-01-2018,11,219.89,411,,19.99,p147,c9
29-01-2018,18,352.59,400,,19.58833333,p147,c9
05-02-2018,14,254.96,384,,18.21142857,p147,c9
12-02-2018,8,143.6,370,,17.95,p147,c9
19-02-2018,12,215.4,356,,17.95,p147,c9
26-02-2018,12,215.54,343,,17.96166667,p147,c9
05-03-2018,26,466.91,331,,17.95807692,p147,c9
12-03-2018,15,269.25,289,,17.95,p147,c9
19-03-2018,29,520.99,290,,17.96517241,p147,c9
26-03-2018,28,502.52,271,,17.94714286,p147,c9
02-04-2018,7,125.74,245,,17.96285714,p147,c9
09-04-2018,4,71.64,236,,17.91,p147,c9
16-04-2018,18,322.38,229,,17.91,p147,c9
23-04-2018,18,297.22,208,,16.51222222,p147,c9
30-04-2018,11,167.11,190,,15.19181818,p147,c9
07-05-2018,11,164.45,181,,14.95,p147,c9
14-05-2018,16,242.85,171,,15.178125,p147,c9
21-05-2018,10,153.63,156,,15.363,p147,c9
28-05-2018,9,134.55,140,,14.95,p147,c9
04-06-2018,9,150.05,134,,16.67222222,p147,c9
11-06-2018,5,74.75,123,,14.95,p147,c9
18-06-2018,12,183.06,117,,15.255,p147,c9
25-06-2018,12,179.4,105,,14.95,p147,c9
02-07-2018,8,119.6,94,,14.95,p147,c9
09-07-2018,27,403.65,90,,14.95,p147,c9
16-07-2018,24,358.8,66,,14.95,p147,c9
23-07-2018,21,313.95,43,,14.95,p147,c9
30-07-2018,10,149.5,57,,14.95,p147,c9
06-08-2018,28,418.6,60,,14.95,p147,c9
13-08-2018,18,269.1,60,,14.95,p147,c9
20-08-2018,20,299,77,,14.95,p147,c9
27-08-2018,52,777.4,66,,14.95,p147,c9
03-09-2018,40,598,100,,14.95,p147,c9
10-09-2018,108,1614.6,100,,14.95,p147,c9
17-09-2018,93,1390.35,157,,14.95,p147,c9
24-09-2018,68,1016.6,100,,14.95,p147,c9
01-10-2018,41,612.95,100,,14.95,p147,c9
08-10-2018,26,388.7,175,,14.95,p147,c9
15-10-2018,34,508.3,230,,14.95,p147,c9
22-10-2018,22,364.18,266,,16.55363636,p147,c9
29-10-2018,35,699.65,259,,19.99,p147,c9
05-11-2018,34,679.66,228,,19.99,p147,c9
12-11-2018,45,899.55,201,,19.99,p147,c9
19-11-2018,29,579.71,153,,19.99,p147,c9
26-11-2018,46,919.54,177,,19.99,p147,c9
03-12-2018,56,1119.44,275,,19.99,p147,c9
10-12-2018,76,1519.24,380,,19.99,p147,c9
17-12-2018,53,1059.47,386,,19.99,p147,c9
24-12-2018,15,299.85,329,,19.99,p147,c9
15-01-2018,1,16.99,0,,16.99,p148,c9
09-07-2018,5,99.01,0,,19.802,p148,c9
16-07-2018,11,216.91,0,,19.71909091,p148,c9
23-07-2018,26,515.08,0,,19.81076923,p148,c9
30-07-2018,16,312.62,0,,19.53875,p148,c9
06-08-2018,18,350.31,0,,19.46166667,p148,c9
13-08-2018,31,571.38,0,,18.4316129,p148,c9
20-08-2018,20,372,0,,18.6,p148,c9
27-08-2018,72,1339.2,0,,18.6,p148,c9
03-09-2018,32,593.46,0,,18.545625,p148,c9
10-09-2018,38,692.88,0,,18.23368421,p148,c9
17-09-2018,64,1185.18,0,,18.5184375,p148,c9
24-09-2018,44,809.54,0,,18.39863636,p148,c9
01-10-2018,24,437.99,26,,18.24958333,p148,c9
08-10-2018,44,799.02,90,,18.15954545,p148,c9
15-10-2018,35,629.34,109,,17.98114286,p148,c9
22-10-2018,42,753.54,153,,17.94142857,p148,c9
29-10-2018,34,609.74,171,,17.93352941,p148,c9
05-11-2018,61,1099.94,129,,18.03180328,p148,c9
12-11-2018,84,1507.67,210,,17.94845238,p148,c9
19-11-2018,47,828.22,223,,17.62170213,p148,c9
26-11-2018,96,1638.7,424,,17.06979167,p148,c9
03-12-2018,175,1787.77,599,,10.21582857,p148,c9
10-12-2018,116,1092.98,524,,9.422241379,p148,c9
17-12-2018,28,263.2,366,,9.4,p148,c9
01-01-2018,4,72.76,,,18.19,p149,c13
08-01-2018,14,254.66,209,,18.19,p149,c13
15-01-2018,8,145.52,184,,18.19,p149,c13
22-01-2018,6,109.14,197,,18.19,p149,c13
29-01-2018,7,127.33,186,,18.19,p149,c13
05-02-2018,12,218.28,182,,18.19,p149,c13
12-02-2018,8,145.52,171,,18.19,p149,c13
19-02-2018,6,109.14,161,,18.19,p149,c13
26-02-2018,3,54.57,155,,18.19,p149,c13
05-03-2018,6,109.14,152,,18.19,p149,c13
12-03-2018,4,72.76,146,,18.19,p149,c13
19-03-2018,18,327.42,142,,18.19,p149,c13
26-03-2018,6,109.07,130,,18.17833333,p149,c13
02-04-2018,5,90.79,123,,18.158,p149,c13
09-04-2018,4,72.46,118,,18.115,p149,c13
16-04-2018,5,97.2,114,,19.44,p149,c13
23-04-2018,5,90.24,101,,18.048,p149,c13
30-04-2018,7,125.88,102,,17.98285714,p149,c13
07-05-2018,7,125.85,96,,17.97857143,p149,c13
14-05-2018,8,143.42,88,,17.9275,p149,c13
21-05-2018,8,175.34,67,,21.9175,p149,c13
28-05-2018,9,198.6,68,,22.06666667,p149,c13
04-06-2018,10,227.23,62,,22.723,p149,c13
11-06-2018,7,135.97,54,,19.42428571,p149,c13
18-06-2018,11,200.47,57,,18.22454545,p149,c13
25-06-2018,17,304.13,47,,17.89,p149,c13
02-07-2018,9,161.01,45,,17.89,p149,c13
09-07-2018,12,214.74,53,,17.895,p149,c13
16-07-2018,18,322.02,54,,17.89,p149,c13
23-07-2018,13,232.7,42,,17.9,p149,c13
30-07-2018,8,143.12,39,,17.89,p149,c13
06-08-2018,19,339.91,42,,17.89,p149,c13
13-08-2018,11,196.79,25,,17.89,p149,c13
20-08-2018,11,196.79,48,,17.89,p149,c13
27-08-2018,23,411.47,49,,17.89,p149,c13
03-09-2018,16,286.24,75,,17.89,p149,c13
10-09-2018,18,322.02,106,,17.89,p149,c13
17-09-2018,30,541.61,107,,18.05366667,p149,c13
24-09-2018,11,201.67,93,,18.33363636,p149,c13
01-10-2018,11,196.79,84,,17.89,p149,c13
08-10-2018,4,71.56,72,,17.89,p149,c13
15-10-2018,8,143.12,93,,17.89,p149,c13
22-10-2018,6,107.34,105,,17.89,p149,c13
29-10-2018,6,107.34,116,,17.89,p149,c13
05-11-2018,15,268.35,110,,17.89,p149,c13
12-11-2018,18,322.02,95,,17.89,p149,c13
19-11-2018,22,393.58,115,,17.89,p149,c13
26-11-2018,42,751.38,104,,17.89,p149,c13
03-12-2018,52,931.19,135,,17.9075,p149,c13
10-12-2018,53,947.64,129,,17.88,p149,c13
17-12-2018,65,1162.2,85,,17.88,p149,c13
24-12-2018,6,107.28,18,,17.88,p149,c13
01-01-2018,52,855.06,,,16.44346154,p150,c9
08-01-2018,27,452.26,471,,16.75037037,p150,c9
15-01-2018,31,519.46,534,,16.75677419,p150,c9
22-01-2018,21,352.01,506,,16.76238095,p150,c9
29-01-2018,25,418.75,490,,16.75,p150,c9
05-02-2018,24,402,464,,16.75,p150,c9
12-02-2018,17,284.75,434,,16.75,p150,c9
19-02-2018,25,419.09,416,,16.7636,p150,c9
26-02-2018,20,335.25,393,,16.7625,p150,c9
05-03-2018,29,485.99,359,,16.75827586,p150,c9
12-03-2018,35,586.31,349,,16.75171429,p150,c9
19-03-2018,37,619.75,290,,16.75,p150,c9
26-03-2018,23,385.25,290,,16.75,p150,c9
02-04-2018,21,351.75,267,,16.75,p150,c9
09-04-2018,24,393.06,226,,16.3775,p150,c9
16-04-2018,31,491.76,217,,15.86322581,p150,c9
23-04-2018,17,253.5,175,,14.91176471,p150,c9
30-04-2018,23,322.5,172,,14.02173913,p150,c9
07-05-2018,15,201.84,147,,13.456,p150,c9
14-05-2018,22,278.73,130,,12.66954545,p150,c9
21-05-2018,38,553.32,116,,14.56105263,p150,c9
28-05-2018,28,454.49,89,,16.23178571,p150,c9
04-06-2018,15,242.52,70,,16.168,p150,c9
11-06-2018,29,465.79,79,,16.06172414,p150,c9
18-06-2018,15,237.21,53,,15.814,p150,c9
25-06-2018,30,473.7,60,,15.79,p150,c9
02-07-2018,24,378.96,107,,15.79,p150,c9
09-07-2018,24,381.45,128,,15.89375,p150,c9
16-07-2018,148,2413.58,100,,16.30797297,p150,c9
23-07-2018,23,363.17,26,,15.79,p150,c9
30-07-2018,22,347.38,67,,15.79,p150,c9
06-08-2018,39,615.81,207,,15.79,p150,c9
13-08-2018,33,521.07,342,,15.79,p150,c9
20-08-2018,32,505.28,328,,15.79,p150,c9
03-09-2018,0,0,256,,,p150,c9
10-09-2018,34,620.86,231,,18.26058824,p150,c9
17-09-2018,38,629.42,214,,16.56368421,p150,c9
24-09-2018,34,536.86,181,,15.79,p150,c9
01-10-2018,47,742.13,159,,15.79,p150,c9
08-10-2018,32,505.28,154,,15.79,p150,c9
15-10-2018,26,410.54,142,,15.79,p150,c9
22-10-2018,32,505.28,112,,15.79,p150,c9
29-10-2018,30,473.7,179,,15.79,p150,c9
05-11-2018,32,504.84,173,,15.77625,p150,c9
12-11-2018,39,612.31,165,,15.70025641,p150,c9
19-11-2018,35,549.15,223,,15.69,p150,c9
26-11-2018,60,941.4,228,,15.69,p150,c9
03-12-2018,99,1389.06,307,,14.03090909,p150,c9
10-12-2018,158,1945.22,358,,12.31151899,p150,c9
17-12-2018,139,1708.31,257,,12.29,p150,c9
24-12-2018,14,172.06,106,,12.29,p150,c9
01-01-2018,88,813.18,,,9.240681818,p151,c13
08-01-2018,76,701.42,2086,,9.229210526,p151,c13
15-01-2018,46,599.29,2013,,13.02804348,p151,c13
22-01-2018,38,531.7,1963,,13.99210526,p151,c13
29-01-2018,53,732.64,1923,,13.82339623,p151,c13
05-02-2018,66,644.74,1874,,9.768787879,p151,c13
12-02-2018,63,600.44,1811,,9.530793651,p151,c13
19-02-2018,82,776.1,1740,,9.464634146,p151,c13
26-02-2018,70,657.3,1639,,9.39,p151,c13
05-03-2018,90,848.76,1577,,9.430666667,p151,c13
12-03-2018,74,705.2,1502,,9.52972973,p151,c13
19-03-2018,79,1032.02,1406,,13.0635443,p151,c13
26-03-2018,39,551.21,1354,,14.13358974,p151,c13
02-04-2018,51,683.89,1325,,13.40960784,p151,c13
09-04-2018,88,845.89,1282,,9.612386364,p151,c13
16-04-2018,142,1356.36,1251,,9.551830986,p151,c13
23-04-2018,98,920.22,1098,,9.39,p151,c13
30-04-2018,95,936.85,996,,9.861578947,p151,c13
07-05-2018,58,664.62,916,,11.45896552,p151,c13
14-05-2018,30,417.19,832,,13.90633333,p151,c13
21-05-2018,41,575.43,866,,14.03487805,p151,c13
28-05-2018,89,860.71,824,,9.670898876,p151,c13
04-06-2018,83,779.37,751,,9.39,p151,c13
11-06-2018,87,816.93,663,,9.39,p151,c13
18-06-2018,84,788.76,586,,9.39,p151,c13
25-06-2018,97,910.83,507,,9.39,p151,c13
02-07-2018,79,741.81,446,,9.39,p151,c13
09-07-2018,105,985.95,418,,9.39,p151,c13
16-07-2018,174,1633.86,443,,9.39,p151,c13
23-07-2018,164,1552.03,362,,9.463597561,p151,c13
30-07-2018,118,1114.11,264,,9.441610169,p151,c13
06-08-2018,111,1054.48,360,,9.49981982,p151,c13
13-08-2018,120,1126.8,505,,9.39,p151,c13
20-08-2018,126,1183.14,498,,9.39,p151,c13
27-08-2018,180,1690.2,351,,9.39,p151,c13
03-09-2018,237,2225.43,235,,9.39,p151,c13
10-09-2018,249,2346.81,172,,9.424939759,p151,c13
17-09-2018,226,2126.05,255,,9.407300885,p151,c13
24-09-2018,243,2281.77,206,,9.39,p151,c13
01-10-2018,20,187.8,165,,9.39,p151,c13
29-10-2018,20,199,1330,,9.95,p151,c13
05-11-2018,144,1432.8,1312,,9.95,p151,c13
12-11-2018,174,1777.58,1297,,10.21597701,p151,c13
19-11-2018,152,1859.78,1643,,12.23539474,p151,c13
26-11-2018,132,1973.68,1780,,14.95212121,p151,c13
03-12-2018,186,2457.18,1946,,13.21064516,p151,c13
10-12-2018,303,3199.53,1754,,10.55950495,p151,c13
17-12-2018,357,3745.05,1398,,10.49033613,p151,c13
24-12-2018,121,1269.29,1101,,10.49,p151,c13
01-01-2018,34,356.66,,,10.49,p152,c13
08-01-2018,31,333.19,280,,10.74806452,p152,c13
15-01-2018,31,328.07,246,,10.58290323,p152,c13
22-01-2018,43,451.07,216,,10.49,p152,c13
29-01-2018,36,377.64,175,,10.49,p152,c13
05-02-2018,30,314.7,138,,10.49,p152,c13
12-02-2018,36,377.64,107,,10.49,p152,c13
19-02-2018,31,325.19,67,,10.49,p152,c13
26-02-2018,22,230.78,39,,10.49,p152,c13
05-03-2018,13,136.37,9,,10.49,p152,c13
19-03-2018,28,293.72,0,,10.49,p152,c13
26-03-2018,37,388.13,37,,10.49,p152,c13
02-04-2018,37,388.13,86,,10.49,p152,c13
09-04-2018,44,463.85,85,,10.54204545,p152,c13
16-04-2018,63,665.33,61,,10.56079365,p152,c13
23-04-2018,56,605.44,45,,10.81142857,p152,c13
30-04-2018,33,404.67,115,,12.26272727,p152,c13
07-05-2018,24,346.26,178,,14.4275,p152,c13
14-05-2018,31,451.19,255,,14.55451613,p152,c13
21-05-2018,48,526.02,219,,10.95875,p152,c13
28-05-2018,60,629.4,197,,10.49,p152,c13
04-06-2018,57,597.93,138,,10.49,p152,c13
11-06-2018,52,556.01,123,,10.6925,p152,c13
18-06-2018,37,510.18,132,,13.78864865,p152,c13
25-06-2018,51,662.62,148,,12.99254902,p152,c13
02-07-2018,31,426.57,156,,13.76032258,p152,c13
09-07-2018,39,514.93,198,,13.20333333,p152,c13
16-07-2018,62,802.02,245,,12.93580645,p152,c13
23-07-2018,62,800.22,214,,12.90677419,p152,c13
30-07-2018,51,660.14,164,,12.94392157,p152,c13
06-08-2018,46,597.86,149,,12.99695652,p152,c13
13-08-2018,48,618.64,192,,12.88833333,p152,c13
20-08-2018,56,723.25,229,,12.91517857,p152,c13
27-08-2018,79,1017.21,228,,12.87607595,p152,c13
03-09-2018,141,1746.27,258,,12.38489362,p152,c13
10-09-2018,147,1659.8,244,,11.29115646,p152,c13
17-09-2018,151,1700.26,236,,11.26,p152,c13
24-09-2018,137,1542.62,436,,11.26,p152,c13
01-10-2018,75,941.64,285,,12.5552,p152,c13
08-10-2018,66,850.17,310,,12.88136364,p152,c13
15-10-2018,54,695.59,260,,12.8812963,p152,c13
22-10-2018,41,528.08,550,,12.88,p152,c13
29-10-2018,42,539.12,762,,12.83619048,p152,c13
05-11-2018,77,984.55,724,,12.78636364,p152,c13
12-11-2018,79,1011.05,812,,12.79810127,p152,c13
19-11-2018,77,987.07,765,,12.81909091,p152,c13
26-11-2018,136,1741.52,775,,12.80529412,p152,c13
03-12-2018,143,1834.69,733,,12.83,p152,c13
10-12-2018,142,1821.86,662,,12.83,p152,c13
17-12-2018,143,1834.69,682,,12.83,p152,c13
24-12-2018,85,1090.55,530,,12.83,p152,c13
01-01-2018,19,280.25,,,14.75,p153,c13
08-01-2018,14,213.28,442,,15.23428571,p153,c13
15-01-2018,11,219.78,489,,19.98,p153,c13
22-01-2018,17,339.66,479,,19.98,p153,c13
29-01-2018,13,259.74,466,,19.98,p153,c13
05-02-2018,13,259.74,453,,19.98,p153,c13
12-02-2018,13,259.74,439,,19.98,p153,c13
19-02-2018,7,139.86,423,,19.98,p153,c13
26-02-2018,15,299.7,416,,19.98,p153,c13
05-03-2018,18,359.64,401,,19.98,p153,c13
12-03-2018,25,505.64,384,,20.2256,p153,c13
19-03-2018,33,816.67,362,,24.74757576,p153,c13
26-03-2018,15,369.85,339,,24.65666667,p153,c13
02-04-2018,10,249.9,324,,24.99,p153,c13
09-04-2018,19,384.81,311,,20.25315789,p153,c13
16-04-2018,25,499.75,296,,19.99,p153,c13
23-04-2018,17,339.83,272,,19.99,p153,c13
30-04-2018,29,579.88,253,,19.99586207,p153,c13
07-05-2018,34,679.8,224,,19.99411765,p153,c13
14-05-2018,33,659.67,187,,19.99,p153,c13
21-05-2018,27,539.73,162,,19.99,p153,c13
28-05-2018,34,694.66,147,,20.43117647,p153,c13
04-06-2018,25,604.75,126,,24.19,p153,c13
11-06-2018,20,499.8,145,,24.99,p153,c13
18-06-2018,30,749.7,130,,24.99,p153,c13
25-06-2018,33,669.67,122,,20.2930303,p153,c13
02-07-2018,20,399.8,137,,19.99,p153,c13
09-07-2018,31,619.73,212,,19.99129032,p153,c13
16-07-2018,40,799.6,205,,19.99,p153,c13
23-07-2018,18,359.82,175,,19.99,p153,c13
30-07-2018,25,499.75,167,,19.99,p153,c13
06-08-2018,27,539.73,170,,19.99,p153,c13
13-08-2018,21,419.83,178,,19.99190476,p153,c13
20-08-2018,17,339.83,179,,19.99,p153,c13
27-08-2018,32,639.68,196,,19.99,p153,c13
03-09-2018,28,559.72,184,,19.99,p153,c13
10-09-2018,27,539.73,203,,19.99,p153,c13
17-09-2018,30,599.8,179,,19.99333333,p153,c13
24-09-2018,20,399.8,158,,19.99,p153,c13
01-10-2018,16,319.84,153,,19.99,p153,c13
08-10-2018,12,239.88,143,,19.99,p153,c13
15-10-2018,28,559.84,146,,19.99428571,p153,c13
22-10-2018,16,319.84,116,,19.99,p153,c13
29-10-2018,26,521.34,132,,20.05153846,p153,c13
05-11-2018,26,530.32,137,,20.39692308,p153,c13
12-11-2018,21,428.19,288,,20.39,p153,c13
19-11-2018,35,801.05,316,,22.88714286,p153,c13
26-11-2018,48,1142.94,337,,23.81125,p153,c13
03-12-2018,51,1267.71,346,,24.85705882,p153,c13
10-12-2018,74,1849.26,383,,24.99,p153,c13
17-12-2018,72,1799.28,333,,24.99,p153,c13
24-12-2018,8,199.92,258,,24.99,p153,c13
