customer_1_sales_data.csv
Date,Units,Revenue,Inventory_Amount,Inventory_Units,Price,PID,CID
01-01-2018,63,1118.36,,,17.75174603,p154,c13
08-01-2018,49,1081.24,446,,22.06612245,p154,c13
15-01-2018,37,848.67,545,,22.93702703,p154,c13
22-01-2018,24,550.64,508,,22.94333333,p154,c13
29-01-2018,33,757.19,485,,22.94515152,p154,c13
05-02-2018,15,336.53,452,,22.43533333,p154,c13
12-02-2018,22,493.73,438,,22.44227273,p154,c13
19-02-2018,30,638.18,417,,21.27266667,p154,c13
26-02-2018,32,728.48,386,,22.765,p154,c13
05-03-2018,31,708.49,352,,22.85451613,p154,c13
12-03-2018,52,1077.96,324,,20.73,p154,c13
19-03-2018,101,1993.91,270,,19.74168317,p154,c13
26-03-2018,64,1200.51,193,,18.75796875,p154,c13
02-04-2018,71,1319.98,163,,18.59126761,p154,c13
09-04-2018,53,981.92,178,,18.52679245,p154,c13
16-04-2018,64,1187.53,136,,18.55515625,p154,c13
23-04-2018,49,897.47,129,,18.31571429,p154,c13
30-04-2018,62,1130.7,144,,18.23709677,p154,c13
07-05-2018,53,982.61,163,,18.53981132,p154,c13
14-05-2018,32,740.42,273,,23.138125,p154,c13
21-05-2018,30,703.39,353,,23.44633333,p154,c13
28-05-2018,32,732.36,340,,22.88625,p154,c13
04-06-2018,45,840.39,334,,18.67533333,p154,c13
11-06-2018,62,1127.78,285,,18.19,p154,c13
18-06-2018,42,763.98,226,,18.19,p154,c13
25-06-2018,59,1073.21,189,,18.19,p154,c13
02-07-2018,52,985.78,161,,18.95730769,p154,c13
09-07-2018,49,1022.36,157,,20.8644898,p154,c13
16-07-2018,56,1178.24,152,,21.04,p154,c13
23-07-2018,38,799.47,182,,21.03868421,p154,c13
30-07-2018,51,1072.89,201,,21.03705882,p154,c13
06-08-2018,41,862.59,277,,21.03878049,p154,c13
13-08-2018,54,1136.16,297,,21.04,p154,c13
20-08-2018,42,883.68,287,,21.04,p154,c13
27-08-2018,75,1577.8,284,,21.03733333,p154,c13
03-09-2018,52,1094.08,308,,21.04,p154,c13
10-09-2018,159,2681.26,323,,16.86327044,p154,c13
17-09-2018,192,3169.48,396,,16.50770833,p154,c13
24-09-2018,173,2858.08,619,,16.52069364,p154,c13
01-10-2018,102,1684.18,423,,16.51156863,p154,c13
08-10-2018,120,1975.2,521,,16.46,p154,c13
15-10-2018,93,1530.78,564,,16.46,p154,c13
22-10-2018,120,1975.2,833,,16.46,p154,c13
29-10-2018,98,1682.2,902,,17.16530612,p154,c13
05-11-2018,154,2756.6,832,,17.9,p154,c13
12-11-2018,196,3508.4,908,,17.9,p154,c13
19-11-2018,247,4421.43,869,,17.90052632,p154,c13
26-11-2018,441,7893.9,868,,17.9,p154,c13
03-12-2018,506,9057.4,1208,,17.9,p154,c13
10-12-2018,698,12494.2,1282,,17.9,p154,c13
17-12-2018,528,9451.2,911,,17.9,p154,c13
24-12-2018,114,2040.6,383,,17.9,p154,c13
01-01-2018,16,252.63,,,15.789375,p155,c13
08-01-2018,11,178.82,170,,16.25636364,p155,c13
15-01-2018,7,154.07,158,,22.01,p155,c13
22-01-2018,6,136.56,158,,22.76,p155,c13
29-01-2018,9,204.84,151,,22.76,p155,c13
05-02-2018,10,180.21,142,,18.021,p155,c13
12-02-2018,11,192.39,134,,17.49,p155,c13
19-02-2018,9,157.41,121,,17.49,p155,c13
26-02-2018,9,157.41,114,,17.49,p155,c13
05-03-2018,13,227.37,110,,17.49,p155,c13
12-03-2018,11,192.39,99,,17.49,p155,c13
19-03-2018,22,384.78,91,,17.49,p155,c13
26-03-2018,18,314.82,79,,17.49,p155,c13
02-04-2018,15,262.35,61,,17.49,p155,c13
09-04-2018,9,157.41,49,,17.49,p155,c13
16-04-2018,12,209.88,60,,17.49,p155,c13
23-04-2018,16,279.84,54,,17.49,p155,c13
30-04-2018,20,349.8,69,,17.49,p155,c13
07-05-2018,5,92.7,61,,18.54,p155,c13
14-05-2018,6,131.19,71,,21.865,p155,c13
21-05-2018,3,68.22,86,,22.74,p155,c13
28-05-2018,7,159.18,94,,22.74,p155,c13
04-06-2018,8,180.17,94,,22.52125,p155,c13
11-06-2018,10,227.4,86,,22.74,p155,c13
18-06-2018,2,45.48,77,,22.74,p155,c13
25-06-2018,4,90.96,75,,22.74,p155,c13
02-07-2018,5,113.7,73,,22.74,p155,c13
09-07-2018,6,136.44,66,,22.74,p155,c13
16-07-2018,13,295.62,65,,22.74,p155,c13
23-07-2018,2,45.48,67,,22.74,p155,c13
30-07-2018,7,159.18,63,,22.74,p155,c13
06-08-2018,13,295.62,61,,22.74,p155,c13
13-08-2018,6,136.44,68,,22.74,p155,c13
20-08-2018,10,227.4,63,,22.74,p155,c13
27-08-2018,27,613.98,55,,22.74,p155,c13
03-09-2018,10,227.4,64,,22.74,p155,c13
10-09-2018,22,500.28,80,,22.74,p155,c13
17-09-2018,17,386.58,84,,22.74,p155,c13
24-09-2018,23,519.5,76,,22.58695652,p155,c13
01-10-2018,13,314.39,82,,24.18384615,p155,c13
08-10-2018,15,314.85,80,,20.99,p155,c13
15-10-2018,22,395.66,80,,17.98454545,p155,c13
22-10-2018,27,472.77,74,,17.51,p155,c13
29-10-2018,25,437.75,101,,17.51,p155,c13
05-11-2018,41,717.91,93,,17.51,p155,c13
12-11-2018,57,998.07,82,,17.51,p155,c13
19-11-2018,81,1361.44,210,,16.80790123,p155,c13
26-11-2018,149,2429.91,303,,16.30812081,p155,c13
03-12-2018,155,2526.95,324,,16.30290323,p155,c13
10-12-2018,194,3178.76,263,,16.38536082,p155,c13
17-12-2018,127,2081.53,110,,16.39,p155,c13
24-12-2018,15,245.85,3,,16.39,p155,c13
01-01-2018,186,2825.14,,,15.18892473,p156,c13
08-01-2018,145,2288.54,2605,,15.78303448,p156,c13
15-01-2018,76,1609.98,2469,,21.18394737,p156,c13
22-01-2018,43,853.07,2388,,19.83883721,p156,c13
29-01-2018,79,1383.29,2348,,17.51,p156,c13
05-02-2018,85,1488.65,2274,,17.51352941,p156,c13
12-02-2018,62,1084.38,2188,,17.49,p156,c13
19-02-2018,70,1224.3,2128,,17.49,p156,c13
26-02-2018,80,1392.73,2056,,17.409125,p156,c13
05-03-2018,86,1501.74,1970,,17.46209302,p156,c13
12-03-2018,88,1607.29,1872,,18.26465909,p156,c13
19-03-2018,231,3762.99,1798,,16.29,p156,c13
26-03-2018,144,2348.77,1646,,16.31090278,p156,c13
02-04-2018,121,1971.09,1470,,16.29,p156,c13
09-04-2018,103,1677.87,1444,,16.29,p156,c13
16-04-2018,144,2345.76,1593,,16.29,p156,c13
23-04-2018,121,1971.09,1452,,16.29,p156,c13
30-04-2018,129,2101.41,1304,,16.29,p156,c13
07-05-2018,120,1960.98,1139,,16.3415,p156,c13
14-05-2018,97,1580.13,1014,,16.29,p156,c13
21-05-2018,119,1938.51,971,,16.29,p156,c13
28-05-2018,111,1808.19,853,,16.29,p156,c13
04-06-2018,108,1763.12,742,,16.32518519,p156,c13
11-06-2018,103,1677.87,640,,16.29,p156,c13
18-06-2018,120,1954.8,518,,16.29,p156,c13
25-06-2018,101,1645.29,463,,16.29,p156,c13
02-07-2018,91,1482.39,464,,16.29,p156,c13
09-07-2018,86,1400.94,401,,16.29,p156,c13
16-07-2018,137,2238.37,480,,16.33846715,p156,c13
23-07-2018,113,1840.77,558,,16.29,p156,c13
30-07-2018,130,2117.7,497,,16.29,p156,c13
06-08-2018,105,1713.86,494,,16.32247619,p156,c13
13-08-2018,140,2280.6,478,,16.29,p156,c13
20-08-2018,108,1759.32,398,,16.29,p156,c13
27-08-2018,173,2818.17,325,,16.29,p156,c13
03-09-2018,208,3388.32,196,,16.29,p156,c13
10-09-2018,215,3502.35,77,,16.29,p156,c13
17-09-2018,220,3583.8,113,,16.29,p156,c13
24-09-2018,220,3583.8,781,,16.29,p156,c13
01-10-2018,158,2575.44,622,,16.30025316,p156,c13
08-10-2018,154,2508.66,510,,16.29,p156,c13
15-10-2018,145,2362.05,1045,,16.29,p156,c13
22-10-2018,163,2655.27,1812,,16.29,p156,c13
29-10-2018,157,2557.53,1780,,16.29,p156,c13
05-11-2018,213,3469.77,1682,,16.29,p156,c13
12-11-2018,315,5131.35,1861,,16.29,p156,c13
19-11-2018,512,8340.48,2134,,16.29,p156,c13
26-11-2018,802,13064.58,1671,,16.29,p156,c13
03-12-2018,884,14400.36,1458,,16.29,p156,c13
10-12-2018,1138,18538.02,1085,,16.29,p156,c13
17-12-2018,690,11240.1,531,,16.29,p156,c13
24-12-2018,61,993.85,11,,16.29262295,p156,c13
01-01-2018,85,2544.61,,,29.93658824,p157,c13
08-01-2018,72,2093.28,619,,29.07333333,p157,c13
15-01-2018,76,2203.24,778,,28.99,p157,c13
22-01-2018,70,2029.3,715,,28.99,p157,c13
29-01-2018,75,2174.25,647,,28.99,p157,c13
05-02-2018,76,2203.24,575,,28.99,p157,c13
12-02-2018,58,1681.42,498,,28.99,p157,c13
19-02-2018,66,1928.85,434,,29.225,p157,c13
26-02-2018,68,1978.78,357,,29.09970588,p157,c13
05-03-2018,76,2203.24,291,,28.99,p157,c13
12-03-2018,75,2194.55,210,,29.26066667,p157,c13
19-03-2018,88,2941.1,144,,33.42159091,p157,c13
26-03-2018,28,1020.29,208,,36.43892857,p157,c13
02-04-2018,22,820.61,458,,37.30045455,p157,c13
09-04-2018,43,1330.53,496,,30.94255814,p157,c13
16-04-2018,75,2181.51,459,,29.0868,p157,c13
23-04-2018,57,1659.58,378,,29.1154386,p157,c13
30-04-2018,63,1826.37,321,,28.99,p157,c13
07-05-2018,63,1826.37,253,,28.99,p157,c13
14-05-2018,48,1391.52,206,,28.99,p157,c13
21-05-2018,70,2029.3,248,,28.99,p157,c13
28-05-2018,61,1768.39,230,,28.99,p157,c13
04-06-2018,81,2348.19,192,,28.99,p157,c13
11-06-2018,68,1971.32,167,,28.99,p157,c13
18-06-2018,67,1942.33,223,,28.99,p157,c13
25-06-2018,103,3263.87,196,,31.68805825,p157,c13
02-07-2018,55,2037.2,148,,37.04,p157,c13
09-07-2018,84,2658.21,147,,31.64535714,p157,c13
16-07-2018,152,4339.03,83,,28.54625,p157,c13
23-07-2018,86,2633.61,139,,30.62337209,p157,c13
30-07-2018,53,2105.89,276,,39.73377358,p157,c13
06-08-2018,32,1278.4,440,,39.95,p157,c13
13-08-2018,46,1837.7,458,,39.95,p157,c13
20-08-2018,37,1478.15,422,,39.95,p157,c13
27-08-2018,64,2557.04,383,,39.95375,p157,c13
03-09-2018,49,1957.55,345,,39.95,p157,c13
10-09-2018,87,3475.65,307,,39.95,p157,c13
17-09-2018,75,2996.25,600,,39.95,p157,c13
24-09-2018,55,2197.25,754,,39.95,p157,c13
01-10-2018,48,1917.6,839,,39.95,p157,c13
08-10-2018,43,1717.85,790,,39.95,p157,c13
15-10-2018,35,1398.25,911,,39.95,p157,c13
22-10-2018,41,1637.23,1637,,39.93243902,p157,c13
29-10-2018,44,1754.28,2163,,39.87,p157,c13
05-11-2018,82,3109.44,2170,,37.92,p157,c13
12-11-2018,123,4428.21,2308,,36.00170732,p157,c13
19-11-2018,197,7086.09,2325,,35.97,p157,c13
26-11-2018,1162,35234.22,2651,,30.32204819,p157,c13
03-12-2018,1416,42423.36,1672,,29.96,p157,c13
10-12-2018,213,6381.72,358,,29.96112676,p157,c13
17-12-2018,293,8786.92,18,,29.98948805,p157,c13
24-12-2018,48,1439.52,11,,29.99,p157,c13
01-01-2018,337,5619.59,,,16.67534125,p158,c2
08-01-2018,394,6567.98,6903,,16.67,p158,c2
15-01-2018,385,6417.95,6503,,16.67,p158,c2
22-01-2018,491,8547.55,6133,,17.40845214,p158,c2
29-01-2018,351,7154.36,5630,,20.38279202,p158,c2
05-02-2018,352,7155.18,5278,,20.32721591,p158,c2
12-02-2018,277,5197.2,4912,,18.76245487,p158,c2
19-02-2018,618,10326.81,5432,,16.71004854,p158,c2
26-02-2018,531,8862.39,4909,,16.69,p158,c2
05-03-2018,485,8094.65,6071,,16.69,p158,c2
12-03-2018,367,6366.73,5999,,17.34803815,p158,c2
19-03-2018,458,9097.93,5598,,19.86447598,p158,c2
26-03-2018,222,4694.5,5288,,21.1463964,p158,c2
02-04-2018,264,5616.62,5022,,21.27507576,p158,c2
09-04-2018,310,5394.34,4798,,17.40109677,p158,c2
16-04-2018,474,7911.06,4417,,16.69,p158,c2
23-04-2018,353,5977.33,3940,,16.93294618,p158,c2
30-04-2018,370,6175.3,3529,,16.69,p158,c2
07-05-2018,377,6293.97,3175,,16.69488064,p158,c2
14-05-2018,341,5691.29,2800,,16.69,p158,c2
21-05-2018,323,5389.93,2335,,16.68708978,p158,c2
28-05-2018,317,5292.65,2014,,16.69605678,p158,c2
04-06-2018,384,6409.8,1769,,16.6921875,p158,c2
11-06-2018,419,6993.11,1398,,16.69,p158,c2
18-06-2018,412,6876.68,974,,16.69097087,p158,c2
25-06-2018,427,7128.32,586,,16.69395785,p158,c2
02-07-2018,313,5223.97,824,,16.69,p158,c2
09-07-2018,355,5924.95,911,,16.69,p158,c2
16-07-2018,509,8495.21,1094,,16.69,p158,c2
23-07-2018,436,7278.38,979,,16.69353211,p158,c2
30-07-2018,511,8531.05,736,,16.69481409,p158,c2
06-08-2018,488,8148.32,974,,16.69737705,p158,c2
13-08-2018,461,7694.09,1151,,16.69,p158,c2
20-08-2018,459,7660.71,1421,,16.69,p158,c2
27-08-2018,534,8912.46,991,,16.69,p158,c2
03-09-2018,612,10214.28,652,,16.69,p158,c2
10-09-2018,867,14470.23,373,,16.69,p158,c2
17-09-2018,389,6492.41,140,,16.69,p158,c2
24-09-2018,276,4606.44,64,,16.69,p158,c2
01-10-2018,360,6008.4,109,,16.69,p158,c2
08-10-2018,414,7137.01,1439,,17.23915459,p158,c2
15-10-2018,308,6438.17,2738,,20.90314935,p158,c2
22-10-2018,321,6199.63,3598,,19.3134891,p158,c2
29-10-2018,438,7333.5,3500,,16.74315068,p158,c2
05-11-2018,462,7711.93,3101,,16.69248918,p158,c2
12-11-2018,430,7176.7,2623,,16.69,p158,c2
19-11-2018,363,6060.45,2203,,16.69545455,p158,c2
26-11-2018,645,10765.63,1838,,16.69089922,p158,c2
03-12-2018,637,10631.53,1218,,16.69,p158,c2
10-12-2018,752,12551.89,837,,16.69134309,p158,c2
17-12-2018,578,9646.97,577,,16.69025952,p158,c2
24-12-2018,135,2253.15,35,,16.69,p158,c2
01-01-2018,21,367.45,,,17.49761905,p159,c13
08-01-2018,18,366.94,128,,20.38555556,p159,c13
15-01-2018,4,91,116,,22.75,p159,c13
22-01-2018,8,182,110,,22.75,p159,c13
29-01-2018,15,341.25,103,,22.75,p159,c13
05-02-2018,10,227.5,89,,22.75,p159,c13
12-02-2018,10,227.5,79,,22.75,p159,c13
19-02-2018,18,408.74,68,,22.70777778,p159,c13
26-02-2018,12,271.48,54,,22.62333333,p159,c13
05-03-2018,8,182,37,,22.75,p159,c13
12-03-2018,23,522.49,24,,22.71695652,p159,c13
19-03-2018,9,211.71,7,,23.52333333,p159,c13
26-03-2018,7,188.93,33,,26.99,p159,c13
02-04-2018,14,377.86,71,,26.99,p159,c13
09-04-2018,3,80.97,62,,26.99,p159,c13
16-04-2018,18,415.11,58,,23.06166667,p159,c13
23-04-2018,7,152.1,41,,21.72857143,p159,c13
30-04-2018,12,244.63,31,,20.38583333,p159,c13
07-05-2018,9,229.12,22,,25.45777778,p159,c13
14-05-2018,7,178.93,24,,25.56142857,p159,c13
21-05-2018,2,53.98,27,,26.99,p159,c13
28-05-2018,5,129.95,55,,25.99,p159,c13
04-06-2018,8,205.92,68,,25.74,p159,c13
11-06-2018,4,107.96,67,,26.99,p159,c13
18-06-2018,9,242.91,61,,26.99,p159,c13
25-06-2018,10,269.9,54,,26.99,p159,c13
02-07-2018,7,188.93,49,,26.99,p159,c13
09-07-2018,10,264.9,55,,26.49,p159,c13
16-07-2018,6,146.94,51,,24.49,p159,c13
23-07-2018,6,161.94,50,,26.99,p159,c13
30-07-2018,8,215.92,56,,26.99,p159,c13
06-08-2018,14,377.86,61,,26.99,p159,c13
13-08-2018,5,134.95,53,,26.99,p159,c13
20-08-2018,9,232.91,53,,25.87888889,p159,c13
27-08-2018,8,215.92,50,,26.99,p159,c13
03-09-2018,14,347.86,63,,24.84714286,p159,c13
10-09-2018,8,215.92,93,,26.99,p159,c13
17-09-2018,19,507.81,93,,26.72684211,p159,c13
24-09-2018,18,485.82,88,,26.99,p159,c13
01-10-2018,11,296.89,75,,26.99,p159,c13
08-10-2018,18,440.82,66,,24.49,p159,c13
15-10-2018,4,97.96,65,,24.49,p159,c13
22-10-2018,12,308.88,81,,25.74,p159,c13
29-10-2018,13,345.87,105,,26.60538462,p159,c13
05-11-2018,12,298.88,118,,24.90666667,p159,c13
12-11-2018,12,303.88,122,,25.32333333,p159,c13
19-11-2018,14,372.86,116,,26.63285714,p159,c13
26-11-2018,25,645.84,144,,25.8336,p159,c13
03-12-2018,20,497.78,194,,24.889,p159,c13
01-01-2018,47,697.22,,,14.83446809,p160,c5
08-01-2018,57,916.35,2189,,16.07631579,p160,c5
15-01-2018,90,1106.91,2131,,12.299,p160,c5
22-01-2018,138,1819.43,2052,,13.18427536,p160,c5
29-01-2018,84,1312.91,1898,,15.62988095,p160,c5
05-02-2018,68,1156.77,1786,,17.01132353,p160,c5
12-02-2018,37,717.46,1722,,19.39081081,p160,c5
19-02-2018,61,1004.79,1627,,16.47196721,p160,c5
26-02-2018,61,1000.69,1506,,16.4047541,p160,c5
05-03-2018,79,1220.32,1436,,15.44708861,p160,c5
12-03-2018,94,1220.21,1429,,12.98095745,p160,c5
19-03-2018,140,1813.22,1357,,12.95157143,p160,c5
26-03-2018,86,1112.39,1307,,12.93476744,p160,c5
02-04-2018,96,1218.35,1212,,12.69114583,p160,c5
09-04-2018,79,1002.51,1118,,12.69,p160,c5
16-04-2018,130,1653.52,1018,,12.71938462,p160,c5
23-04-2018,123,1574.99,895,,12.80479675,p160,c5
30-04-2018,119,1533.78,760,,12.88890756,p160,c5
07-05-2018,69,882.44,644,,12.78898551,p160,c5
14-05-2018,106,1353.94,563,,12.77301887,p160,c5
21-05-2018,84,1076.82,519,,12.81928571,p160,c5
28-05-2018,91,1163.13,436,,12.78164835,p160,c5
04-06-2018,105,1339.88,358,,12.7607619,p160,c5
11-06-2018,126,1599.6,307,,12.6952381,p160,c5
18-06-2018,81,1035.07,146,,12.77864198,p160,c5
25-06-2018,168,2143.19,108,,12.75708333,p160,c5
02-07-2018,118,1505.88,173,,12.76169492,p160,c5
09-07-2018,106,1349.21,539,,12.72839623,p160,c5
16-07-2018,225,2875.42,750,,12.77964444,p160,c5
23-07-2018,155,1966.95,781,,12.69,p160,c5
30-07-2018,234,2982.01,836,,12.74363248,p160,c5
06-08-2018,266,3392.96,784,,12.75548872,p160,c5
13-08-2018,292,3713.82,743,,12.71856164,p160,c5
20-08-2018,292,3720.48,733,,12.74136986,p160,c5
27-08-2018,493,6256.53,708,,12.69073022,p160,c5
03-09-2018,598,7615.74,447,,12.73535117,p160,c5
10-09-2018,582,7403.98,494,,12.72161512,p160,c5
17-09-2018,474,6044.46,660,,12.75202532,p160,c5
24-09-2018,228,2893.32,973,,12.69,p160,c5
01-10-2018,229,2910.51,978,,12.70965066,p160,c5
08-10-2018,206,2640.59,1048,,12.81839806,p160,c5
15-10-2018,177,2253.03,1041,,12.72898305,p160,c5
22-10-2018,222,2834.68,1093,,12.76882883,p160,c5
29-10-2018,176,2236.49,1041,,12.70732955,p160,c5
05-11-2018,240,3045.6,911,,12.69,p160,c5
12-11-2018,197,2505.93,803,,12.72045685,p160,c5
19-11-2018,197,2520.1,937,,12.79238579,p160,c5
26-11-2018,221,2804.49,937,,12.69,p160,c5
03-12-2018,210,2668.47,1071,,12.707,p160,c5
10-12-2018,105,1332.45,1081,,12.69,p160,c5
17-12-2018,160,2034.32,927,,12.7145,p160,c5
24-12-2018,54,689.91,752,,12.77611111,p160,c5
