customer_1_sales_data.csv
Date,Units,Revenue,Inventory_Amount,Inventory_Units,Price,PID,CID
01-01-2018,12,334.28,,,27.85666667,p161,c14
08-01-2018,7,209.93,20,,29.99,p161,c14
15-01-2018,14,419.86,57,,29.99,p161,c14
22-01-2018,13,389.75,45,,29.98076923,p161,c14
29-01-2018,10,299.8,33,,29.98,p161,c14
05-02-2018,7,230.93,23,,32.99,p161,c14
12-02-2018,5,148.99,49,,29.798,p161,c14
19-02-2018,3,87,46,,29,p161,c14
26-02-2018,10,290,66,,29,p161,c14
05-03-2018,13,377,58,,29,p161,c14
12-03-2018,6,174,43,,29,p161,c14
19-03-2018,30,870,46,,29,p161,c14
26-03-2018,11,319,34,,29,p161,c14
02-04-2018,8,232.25,43,,29.03125,p161,c14
09-04-2018,6,174,33,,29,p161,c14
16-04-2018,15,435,54,,29,p161,c14
23-04-2018,15,435,57,,29,p161,c14
30-04-2018,6,174,43,,29,p161,c14
07-05-2018,4,116,51,,29,p161,c14
14-05-2018,10,290,81,,29,p161,c14
21-05-2018,3,87,73,,29,p161,c14
28-05-2018,17,493,69,,29,p161,c14
04-06-2018,14,406,63,,29,p161,c14
11-06-2018,5,145,53,,29,p161,c14
18-06-2018,15,435,65,,29,p161,c14
25-06-2018,13,377,57,,29,p161,c14
02-07-2018,3,87,44,,29,p161,c14
09-07-2018,9,261,52,,29,p161,c14
16-07-2018,15,435,55,,29,p161,c14
23-07-2018,12,348,79,,29,p161,c14
30-07-2018,14,406,66,,29,p161,c14
06-08-2018,21,609,78,,29,p161,c14
13-08-2018,15,434.9,66,,28.99333333,p161,c14
20-08-2018,9,264.91,76,,29.43444444,p161,c14
27-08-2018,30,973.7,78,,32.45666667,p161,c14
03-09-2018,22,725.78,88,,32.99,p161,c14
10-09-2018,13,428.87,96,,32.99,p161,c14
17-09-2018,30,989.7,98,,32.99,p161,c14
24-09-2018,31,1022.69,76,,32.99,p161,c14
01-10-2018,14,399.17,75,,28.51214286,p161,c14
08-10-2018,7,211.33,56,,30.19,p161,c14
15-10-2018,9,251.3,51,,27.92222222,p161,c14
22-10-2018,10,280.75,42,,28.075,p161,c14
29-10-2018,23,657.29,29,,28.57782609,p161,c14
05-11-2018,19,541.31,9,,28.49,p161,c14
12-11-2018,14,398.86,9,,28.49,p161,c14
19-11-2018,11,313.39,79,,28.49,p161,c14
26-11-2018,26,740.74,84,,28.49,p161,c14
03-12-2018,25,712.25,116,,28.49,p161,c14
10-12-2018,30,854.7,144,,28.49,p161,c14
17-12-2018,51,1452.99,114,,28.49,p161,c14
24-12-2018,4,113.96,96,,28.49,p161,c14
19-02-2018,2,77.91,11,,38.955,p162,c2
26-02-2018,1,40.02,9,,40.02,p162,c2
12-03-2018,1,40.02,8,,40.02,p162,c2
02-04-2018,3,120.06,7,,40.02,p162,c2
09-04-2018,1,40.02,4,,40.02,p162,c2
23-04-2018,2,80.04,4,,40.02,p162,c2
07-05-2018,1,40.02,6,,40.02,p162,c2
14-05-2018,1,40.02,5,,40.02,p162,c2
11-06-2018,1,40.02,5,,40.02,p162,c2
23-07-2018,1,40.02,6,,40.02,p162,c2
30-07-2018,1,40.02,5,,40.02,p162,c2
13-08-2018,2,80.04,5,,40.02,p162,c2
01-01-2018,14,643.86,,,45.99,p163,c2
08-01-2018,23,1057.77,40,,45.99,p163,c2
15-01-2018,12,551.88,17,,45.99,p163,c2
22-01-2018,3,137.97,3,,45.99,p163,c2
29-01-2018,1,45.99,3,,45.99,p163,c2
05-02-2018,24,1103.76,73,,45.99,p163,c2
12-02-2018,23,1057.77,70,,45.99,p163,c2
19-02-2018,24,1103.76,63,,45.99,p163,c2
26-02-2018,37,1701.63,57,,45.99,p163,c2
05-03-2018,31,1454.61,36,,46.92290323,p163,c2
12-03-2018,16,881.44,83,,55.09,p163,c2
19-03-2018,33,1808.87,132,,54.81424242,p163,c2
26-03-2018,33,1725.67,142,,52.2930303,p163,c2
02-04-2018,30,1400.5,137,,46.68333333,p163,c2
09-04-2018,30,1379.7,104,,45.99,p163,c2
16-04-2018,33,1517.67,95,,45.99,p163,c2
23-04-2018,37,1701.63,66,,45.99,p163,c2
30-04-2018,28,1318.92,41,,47.10428571,p163,c2
07-05-2018,18,1055.72,134,,58.65111111,p163,c2
14-05-2018,4,259.1,147,,64.775,p163,c2
21-05-2018,7,478.29,167,,68.32714286,p163,c2
28-05-2018,7,520.63,165,,74.37571429,p163,c2
04-06-2018,15,1043.56,156,,69.57066667,p163,c2
11-06-2018,9,648.37,143,,72.04111111,p163,c2
18-06-2018,8,554.58,130,,69.3225,p163,c2
25-06-2018,5,358.26,124,,71.652,p163,c2
02-07-2018,2,133.66,118,,66.83,p163,c2
09-07-2018,8,451.28,116,,56.41,p163,c2
16-07-2018,33,1517.67,109,,45.99,p163,c2
23-07-2018,36,1655.64,81,,45.99,p163,c2
30-07-2018,25,1149.75,59,,45.99,p163,c2
06-08-2018,23,1057.77,170,,45.99,p163,c2
13-08-2018,21,965.79,229,,45.99,p163,c2
20-08-2018,39,1793.61,248,,45.99,p163,c2
27-08-2018,64,2992.81,225,,46.76265625,p163,c2
03-09-2018,42,2395.35,234,,57.03214286,p163,c2
10-09-2018,24,1443.36,275,,60.14,p163,c2
17-09-2018,43,2696.15,341,,62.70116279,p163,c2
24-09-2018,38,2372.13,389,,62.42447368,p163,c2
01-10-2018,13,811.96,382,,62.45846154,p163,c2
08-10-2018,15,938.8,372,,62.58666667,p163,c2
15-10-2018,10,631.76,363,,63.176,p163,c2
22-10-2018,15,948.7,355,,63.24666667,p163,c2
29-10-2018,17,884.16,337,,52.00941176,p163,c2
05-11-2018,23,1072.99,324,,46.65173913,p163,c2
12-11-2018,42,1954.11,300,,46.52642857,p163,c2
19-11-2018,26,1195.74,261,,45.99,p163,c2
26-11-2018,31,1425.69,226,,45.99,p163,c2
03-12-2018,45,2069.55,202,,45.99,p163,c2
10-12-2018,34,1563.66,183,,45.99,p163,c2
17-12-2018,36,1655.64,146,,45.99,p163,c2
24-12-2018,11,505.89,136,,45.99,p163,c2
01-01-2018,3,176.97,,,58.99,p164,c2
08-01-2018,4,235.96,44,,58.99,p164,c2
22-01-2018,5,293.18,41,,58.636,p164,c2
29-01-2018,1,58.4,35,,58.4,p164,c2
12-02-2018,4,230.72,35,,57.68,p164,c2
19-02-2018,4,257.4,30,,64.35,p164,c2
05-03-2018,1,65.25,27,,65.25,p164,c2
12-03-2018,3,194.08,26,,64.69333333,p164,c2
19-03-2018,2,131.98,23,,65.99,p164,c2
26-03-2018,6,384.27,22,,64.045,p164,c2
02-04-2018,8,527.92,16,,65.99,p164,c2
09-04-2018,7,458.04,9,,65.43428571,p164,c2
16-04-2018,5,318.28,16,,63.656,p164,c2
23-04-2018,2,131.98,11,,65.99,p164,c2
30-04-2018,3,186.3,17,,62.1,p164,c2
07-05-2018,2,131.98,28,,65.99,p164,c2
28-05-2018,2,131.98,30,,65.99,p164,c2
04-06-2018,2,131.98,28,,65.99,p164,c2
11-06-2018,3,197.97,27,,65.99,p164,c2
18-06-2018,6,390.94,23,,65.15666667,p164,c2
25-06-2018,6,389.94,18,,64.99,p164,c2
09-07-2018,2,129.98,11,,64.99,p164,c2
23-07-2018,2,137.53,23,,68.765,p164,c2
30-07-2018,3,170.73,26,,56.91,p164,c2
06-08-2018,1,56.92,28,,56.92,p164,c2
13-08-2018,3,170.16,26,,56.72,p164,c2
20-08-2018,5,284.33,23,,56.866,p164,c2
27-08-2018,7,398.93,18,,56.99,p164,c2
03-09-2018,8,455.92,11,,56.99,p164,c2
10-09-2018,17,968.83,12,,56.99,p164,c2
17-09-2018,16,911.84,6,,56.99,p164,c2
24-09-2018,9,512.91,3,,56.99,p164,c2
01-10-2018,3,170.97,2,,56.99,p164,c2
08-10-2018,5,284.95,24,,56.99,p164,c2
15-10-2018,2,113.98,34,,56.99,p164,c2
22-10-2018,14,797.86,45,,56.99,p164,c2
29-10-2018,3,170.97,39,,56.99,p164,c2
05-11-2018,4,227.96,37,,56.99,p164,c2
12-11-2018,6,341.94,31,,56.99,p164,c2
19-11-2018,3,170.97,29,,56.99,p164,c2
26-11-2018,6,338.58,29,,56.43,p164,c2
03-12-2018,5,242.74,38,,48.548,p164,c2
10-12-2018,10,533.9,40,,53.39,p164,c2
17-12-2018,4,191.96,29,,47.99,p164,c2
24-12-2018,2,95.98,35,,47.99,p164,c2
01-01-2018,2,29.94,,,14.97,p165,c12
08-01-2018,2,29.94,19,,14.97,p165,c12
15-01-2018,7,104.92,17,,14.98857143,p165,c12
22-01-2018,2,29.94,10,,14.97,p165,c12
29-01-2018,5,74.85,10,,14.97,p165,c12
05-02-2018,7,104.79,12,,14.97,p165,c12
12-02-2018,4,71.96,25,,17.99,p165,c12
19-02-2018,1,17.92,19,,17.92,p165,c12
05-03-2018,1,16.96,15,,16.96,p165,c12
12-03-2018,1,16.85,19,,16.85,p165,c12
19-03-2018,2,33.7,19,,16.85,p165,c12
26-03-2018,1,16.89,23,,16.89,p165,c12
02-04-2018,2,33.78,22,,16.89,p165,c12
09-04-2018,1,16.89,20,,16.89,p165,c12
07-05-2018,3,43.48,19,,14.49333333,p165,c12
28-05-2018,9,101.43,14,,11.27,p165,c12
04-06-2018,3,33.81,7,,11.27,p165,c12
18-06-2018,2,35,2,,17.5,p165,c12
25-06-2018,6,80.08,14,,13.34666667,p165,c12
02-07-2018,1,17.5,10,,17.5,p165,c12
09-07-2018,1,17.5,20,,17.5,p165,c12
16-07-2018,7,122.5,28,,17.5,p165,c12
23-07-2018,2,35,28,,17.5,p165,c12
30-07-2018,1,17.5,26,,17.5,p165,c12
06-08-2018,1,17.5,23,,17.5,p165,c12
13-08-2018,1,17.5,30,,17.5,p165,c12
20-08-2018,1,17.5,28,,17.5,p165,c12
01-01-2018,39,292.66,,,7.504102564,p166,c9
08-01-2018,34,248.2,176,,7.3,p166,c9
15-01-2018,31,262.06,172,,8.453548387,p166,c9
22-01-2018,44,371,148,,8.431818182,p166,c9
29-01-2018,30,238.31,114,,7.943666667,p166,c9
05-02-2018,22,162.14,159,,7.37,p166,c9
12-02-2018,22,160.08,176,,7.276363636,p166,c9
19-02-2018,24,163.19,206,,6.799583333,p166,c9
26-02-2018,34,228.14,175,,6.71,p166,c9
05-03-2018,38,254.98,147,,6.71,p166,c9
12-03-2018,31,208.01,108,,6.71,p166,c9
19-03-2018,58,389.18,97,,6.71,p166,c9
26-03-2018,46,308.66,139,,6.71,p166,c9
02-04-2018,32,214.72,112,,6.71,p166,c9
09-04-2018,38,254.98,108,,6.71,p166,c9
16-04-2018,46,308.66,110,,6.71,p166,c9
23-04-2018,32,214.72,83,,6.71,p166,c9
30-04-2018,43,288.53,59,,6.71,p166,c9
07-05-2018,67,449.57,194,,6.71,p166,c9
14-05-2018,31,208.01,190,,6.71,p166,c9
21-05-2018,42,281.82,165,,6.71,p166,c9
28-05-2018,26,174.46,168,,6.71,p166,c9
04-06-2018,39,261.69,188,,6.71,p166,c9
11-06-2018,61,409.31,263,,6.71,p166,c9
18-06-2018,28,187.88,264,,6.71,p166,c9
25-06-2018,26,174.46,243,,6.71,p166,c9
02-07-2018,38,260.3,227,,6.85,p166,c9
09-07-2018,30,243.38,284,,8.112666667,p166,c9
16-07-2018,36,250.79,273,,6.966388889,p166,c9
23-07-2018,40,312.52,242,,7.813,p166,c9
30-07-2018,36,247.68,225,,6.88,p166,c9
06-08-2018,35,240.8,234,,6.88,p166,c9
13-08-2018,32,220.16,226,,6.88,p166,c9
20-08-2018,57,392.16,232,,6.88,p166,c9
27-08-2018,55,378.4,204,,6.88,p166,c9
03-09-2018,89,612.32,190,,6.88,p166,c9
10-09-2018,107,736.16,194,,6.88,p166,c9
17-09-2018,111,763.68,193,,6.88,p166,c9
24-09-2018,72,495.36,170,,6.88,p166,c9
01-10-2018,72,495.36,182,,6.88,p166,c9
08-10-2018,81,557.28,127,,6.88,p166,c9
15-10-2018,57,392.16,127,,6.88,p166,c9
22-10-2018,53,424.03,97,,8.000566038,p166,c9
29-10-2018,37,374.71,96,,10.1272973,p166,c9
05-11-2018,40,401.06,74,,10.0265,p166,c9
12-11-2018,25,249.75,35,,9.99,p166,c9
26-11-2018,5,57.95,0,,11.59,p166,c9
03-12-2018,21,244.99,121,,11.66619048,p166,c9
10-12-2018,45,455.95,435,,10.13222222,p166,c9
17-12-2018,26,259.74,418,,9.99,p166,c9
24-12-2018,11,109.89,384,,9.99,p166,c9
01-01-2018,16,266.72,,,16.67,p167,c9
08-01-2018,23,372.37,387,,16.19,p167,c9
15-01-2018,23,372.37,367,,16.19,p167,c9
22-01-2018,11,184.22,343,,16.74727273,p167,c9
29-01-2018,18,297.45,332,,16.525,p167,c9
05-02-2018,19,307.61,317,,16.19,p167,c9
12-02-2018,16,259.04,296,,16.19,p167,c9
19-02-2018,18,291.7,279,,16.20555556,p167,c9
26-02-2018,12,194.32,251,,16.19333333,p167,c9
05-03-2018,9,145.71,237,,16.19,p167,c9
12-03-2018,14,226.66,225,,16.19,p167,c9
19-03-2018,14,226.66,211,,16.19,p167,c9
26-03-2018,14,226.66,212,,16.19,p167,c9
02-04-2018,7,113.33,199,,16.19,p167,c9
09-04-2018,9,145.71,192,,16.19,p167,c9
16-04-2018,9,145.71,194,,16.19,p167,c9
23-04-2018,10,161.9,185,,16.19,p167,c9
30-04-2018,9,145.12,176,,16.12444444,p167,c9
07-05-2018,7,121.74,164,,17.39142857,p167,c9
14-05-2018,8,140.21,158,,17.52625,p167,c9
21-05-2018,13,231.01,150,,17.77,p167,c9
28-05-2018,7,124.39,141,,17.77,p167,c9
04-06-2018,9,159.93,125,,17.77,p167,c9
11-06-2018,6,106.62,123,,17.77,p167,c9
18-06-2018,4,71.08,117,,17.77,p167,c9
25-06-2018,5,88.85,113,,17.77,p167,c9
02-07-2018,10,173.94,102,,17.394,p167,c9
09-07-2018,7,122.61,98,,17.51571429,p167,c9
16-07-2018,12,213.48,93,,17.79,p167,c9
23-07-2018,12,213.48,71,,17.79,p167,c9
30-07-2018,6,106.74,65,,17.79,p167,c9
06-08-2018,20,355.95,58,,17.7975,p167,c9
13-08-2018,8,142.32,39,,17.79,p167,c9
20-08-2018,16,284.64,44,,17.79,p167,c9
27-08-2018,15,266.85,27,,17.79,p167,c9
03-09-2018,9,160.11,51,,17.79,p167,c9
10-09-2018,35,622.65,46,,17.79,p167,c9
17-09-2018,18,320.22,56,,17.79,p167,c9
24-09-2018,36,640.44,76,,17.79,p167,c9
01-10-2018,20,355.8,83,,17.79,p167,c9
08-10-2018,20,355.8,74,,17.79,p167,c9
15-10-2018,15,266.85,135,,17.79,p167,c9
22-10-2018,18,320.22,182,,17.79,p167,c9
29-10-2018,46,818.34,332,,17.79,p167,c9
05-11-2018,55,990.9,352,,18.01636364,p167,c9
12-11-2018,56,996.24,294,,17.79,p167,c9
19-11-2018,80,1425.19,264,,17.814875,p167,c9
26-11-2018,153,2721.87,237,,17.79,p167,c9
03-12-2018,84,1494.36,105,,17.79,p167,c9
10-12-2018,4,71.16,2,,17.79,p167,c9
17-12-2018,50,1057,0,,21.14,p167,c9
24-12-2018,11,232.54,0,,21.14,p167,c9
01-01-2018,68,881.93,,,12.96955882,p168,c9
08-01-2018,80,1071.06,373,,13.38825,p168,c9
15-01-2018,65,1021.14,337,,15.70984615,p168,c9
22-01-2018,97,1541.62,272,,15.89298969,p168,c9
29-01-2018,80,1271.36,187,,15.892,p168,c9
05-02-2018,81,1287.19,256,,15.89123457,p168,c9
12-02-2018,60,953.51,304,,15.89183333,p168,c9
19-02-2018,58,921.95,372,,15.89568966,p168,c9
26-02-2018,80,1271.2,342,,15.89,p168,c9
05-03-2018,62,985.31,292,,15.89209677,p168,c9
12-03-2018,65,1032.94,267,,15.89138462,p168,c9
19-03-2018,89,1553.82,208,,17.45865169,p168,c9
26-03-2018,44,832.46,302,,18.91954545,p168,c9
02-04-2018,35,664.65,261,,18.99,p168,c9
09-04-2018,28,531.72,273,,18.99,p168,c9
16-04-2018,31,588.69,261,,18.99,p168,c9
23-04-2018,28,531.72,227,,18.99,p168,c9
30-04-2018,18,341.82,205,,18.99,p168,c9
07-05-2018,22,417.78,301,,18.99,p168,c9
14-05-2018,32,607.68,289,,18.99,p168,c9
21-05-2018,23,436.77,257,,18.99,p168,c9
28-05-2018,17,322.83,229,,18.99,p168,c9
04-06-2018,16,303.84,196,,18.99,p168,c9
11-06-2018,20,379.8,210,,18.99,p168,c9
18-06-2018,11,208.86,237,,18.98727273,p168,c9
25-06-2018,11,208.59,232,,18.96272727,p168,c9
02-07-2018,18,300.06,222,,16.67,p168,c9
09-07-2018,21,349.23,203,,16.63,p168,c9
16-07-2018,34,565.42,183,,16.63,p168,c9
23-07-2018,28,465.66,152,,16.63071429,p168,c9
30-07-2018,22,365.86,127,,16.63,p168,c9
06-08-2018,32,532.16,152,,16.63,p168,c9
13-08-2018,23,382.49,159,,16.63,p168,c9
20-08-2018,19,315.97,160,,16.63,p168,c9
27-08-2018,64,1064.32,135,,16.63,p168,c9
03-09-2018,94,1563.22,83,,16.63,p168,c9
10-09-2018,100,1663,130,,16.63,p168,c9
17-09-2018,82,1363.66,175,,16.63,p168,c9
24-09-2018,113,1879.19,223,,16.63,p168,c9
01-10-2018,67,1142.53,169,,17.05268657,p168,c9
08-10-2018,48,906.8,196,,18.89166667,p168,c9
15-10-2018,42,797.58,288,,18.99,p168,c9
22-10-2018,40,759.6,271,,18.99,p168,c9
29-10-2018,39,740.61,243,,18.99,p168,c9
05-11-2018,52,987.48,330,,18.99,p168,c9
12-11-2018,36,683.64,373,,18.99,p168,c9
19-11-2018,25,474.75,354,,18.99,p168,c9
26-11-2018,71,1348.29,374,,18.99,p168,c9
03-12-2018,59,1120.41,334,,18.99,p168,c9
10-12-2018,64,1215.36,310,,18.99,p168,c9
17-12-2018,52,987.33,296,,18.98711538,p168,c9
24-12-2018,11,208.89,326,,18.99,p168,c9
01-01-2018,184,4063.74,,,22.08554348,p170,c7
08-01-2018,293,6444.57,691,,21.99511945,p170,c7
15-01-2018,227,4991.73,455,,21.99,p170,c7
22-01-2018,120,2638.8,269,,21.99,p170,c7
29-01-2018,86,1891.14,97,,21.99,p170,c7
05-02-2018,35,769.65,64,,21.99,p170,c7
12-02-2018,18,395.82,16,,21.99,p170,c7
19-02-2018,4,87.96,10,,21.99,p170,c7
26-02-2018,2,43.98,9,,21.99,p170,c7
05-03-2018,1,21.99,8,,21.99,p170,c7
12-03-2018,1,27.94,8,,27.94,p170,c7
19-03-2018,1,27.94,10,,27.94,p170,c7
26-03-2018,3,100.42,8,,33.47333333,p170,c7
02-04-2018,2,64.06,12,,32.03,p170,c7
09-04-2018,5,180.6,12,,36.12,p170,c7
30-04-2018,7,199.74,8,,28.53428571,p170,c7
07-05-2018,8,285.49,11,,35.68625,p170,c7
14-05-2018,3,81.82,8,,27.27333333,p170,c7
18-06-2018,1,27.94,9,,27.94,p170,c7
23-07-2018,41,1143.54,7,,27.89121951,p170,c7
30-07-2018,75,2070.92,272,,27.61226667,p170,c7
06-08-2018,76,2119.44,632,,27.88736842,p170,c7
13-08-2018,76,1937.54,551,,25.49394737,p170,c7
20-08-2018,94,2352.01,485,,25.02138298,p170,c7
27-08-2018,114,2848.86,369,,24.99,p170,c7
03-09-2018,159,3973.41,283,,24.99,p170,c7
10-09-2018,165,4123.35,206,,24.99,p170,c7
17-09-2018,163,4073.37,115,,24.99,p170,c7
24-09-2018,153,3907.92,330,,25.54196078,p170,c7
01-10-2018,136,2854.46,836,,20.98867647,p170,c7
08-10-2018,32,719.04,5116,,22.47,p170,c7
15-10-2018,104,2433.32,7547,,23.39730769,p170,c7
22-10-2018,59,1467.92,8772,,24.88,p170,c7
29-10-2018,135,3359.36,9393,,24.88414815,p170,c7
05-11-2018,168,4306.43,9339,,25.6335119,p170,c7
12-11-2018,215,5796.58,9225,,26.96083721,p170,c7
19-11-2018,341,9203.59,9002,,26.99,p170,c7
26-11-2018,582,15587.9,8691,,26.78333333,p170,c7
03-12-2018,607,16607.06,8034,,27.35924217,p170,c7
10-12-2018,789,23792.66,7352,,30.15546261,p170,c7
17-12-2018,1136,34449.08,6459,,30.32489437,p170,c7
24-12-2018,109,3168.78,5165,,29.07137615,p170,c7
01-01-2018,32,798.78,,,24.961875,p171,c13
08-01-2018,15,373.61,844,,24.90733333,p171,c13
15-01-2018,25,557.54,790,,22.3016,p171,c13
22-01-2018,30,594.93,789,,19.831,p171,c13
29-01-2018,34,668.72,775,,19.66823529,p171,c13
05-02-2018,36,709.56,744,,19.71,p171,c13
12-02-2018,25,492.75,706,,19.71,p171,c13
19-02-2018,25,492.75,676,,19.71,p171,c13
26-02-2018,24,473.04,653,,19.71,p171,c13
05-03-2018,34,670.14,598,,19.71,p171,c13
12-03-2018,19,409.29,597,,21.54157895,p171,c13
19-03-2018,41,1016.13,574,,24.78365854,p171,c13
26-03-2018,16,399.59,545,,24.974375,p171,c13
02-04-2018,10,242.81,518,,24.281,p171,c13
09-04-2018,10,241.32,513,,24.132,p171,c13
16-04-2018,25,555.56,501,,22.2224,p171,c13
23-04-2018,8,173.6,477,,21.7,p171,c13
30-04-2018,13,282.1,465,,21.7,p171,c13
07-05-2018,18,390.6,452,,21.7,p171,c13
14-05-2018,20,434,435,,21.7,p171,c13
21-05-2018,14,303.8,412,,21.7,p171,c13
28-05-2018,16,347.2,399,,21.7,p171,c13
04-06-2018,14,303.8,382,,21.7,p171,c13
11-06-2018,21,455.7,370,,21.7,p171,c13
18-06-2018,13,282.1,346,,21.7,p171,c13
25-06-2018,27,585.9,334,,21.7,p171,c13
02-07-2018,16,347.2,312,,21.7,p171,c13
09-07-2018,16,347.2,291,,21.7,p171,c13
16-07-2018,36,781.2,275,,21.7,p171,c13
23-07-2018,27,585.9,243,,21.7,p171,c13
30-07-2018,17,368.9,214,,21.7,p171,c13
06-08-2018,25,542.5,200,,21.7,p171,c13
13-08-2018,29,629.3,171,,21.7,p171,c13
20-08-2018,20,434,150,,21.7,p171,c13
27-08-2018,32,694.4,123,,21.7,p171,c13
03-09-2018,41,889.7,104,,21.7,p171,c13
10-09-2018,30,651,87,,21.7,p171,c13
17-09-2018,34,737.8,140,,21.7,p171,c13
24-09-2018,28,607.6,168,,21.7,p171,c13
01-10-2018,19,412.3,195,,21.7,p171,c13
08-10-2018,23,499.1,176,,21.7,p171,c13
15-10-2018,30,651,141,,21.7,p171,c13
22-10-2018,29,672.07,693,,23.17482759,p171,c13
29-10-2018,29,721.42,941,,24.87655172,p171,c13
05-11-2018,38,949.62,930,,24.99,p171,c13
12-11-2018,69,1724.31,1064,,24.99,p171,c13
19-11-2018,84,2099.16,1134,,24.99,p171,c13
26-11-2018,135,3373.65,1209,,24.99,p171,c13
03-12-2018,130,3248.7,1072,,24.99,p171,c13
10-12-2018,170,4248.3,937,,24.99,p171,c13
17-12-2018,182,4548.18,785,,24.99,p171,c13
24-12-2018,22,549.78,604,,24.99,p171,c13
