customer_1_sales_data.csv
Date,Units,Revenue,Inventory_Amount,Inventory_Units,Price,PID,CID
01-01-2018,24,446.63,,,18.60958333,p172,c13
08-01-2018,23,422.23,485,,18.35782609,p172,c13
15-01-2018,28,504.28,458,,18.01,p172,c13
22-01-2018,22,396.22,429,,18.01,p172,c13
29-01-2018,25,450.25,413,,18.01,p172,c13
05-02-2018,19,342.19,385,,18.01,p172,c13
12-02-2018,28,504.28,363,,18.01,p172,c13
19-02-2018,28,504.28,339,,18.01,p172,c13
26-02-2018,19,347.26,310,,18.27684211,p172,c13
05-03-2018,28,504.28,286,,18.01,p172,c13
12-03-2018,31,558.47,257,,18.01516129,p172,c13
19-03-2018,51,918.51,231,,18.01,p172,c13
26-03-2018,37,666.53,195,,18.01432432,p172,c13
02-04-2018,32,576.32,151,,18.01,p172,c13
09-04-2018,29,522.29,186,,18.01,p172,c13
16-04-2018,34,631.52,198,,18.57411765,p172,c13
23-04-2018,24,636.17,168,,26.50708333,p172,c13
30-04-2018,24,667.37,143,,27.80708333,p172,c13
07-05-2018,33,957.23,124,,29.0069697,p172,c13
14-05-2018,23,639.29,99,,27.79521739,p172,c13
21-05-2018,33,852.45,79,,25.83181818,p172,c13
28-05-2018,32,827.68,82,,25.865,p172,c13
04-06-2018,24,619.76,60,,25.82333333,p172,c13
11-06-2018,16,400.84,47,,25.0525,p172,c13
18-06-2018,18,415.75,107,,23.09722222,p172,c13
25-06-2018,9,204.56,103,,22.72888889,p172,c13
02-07-2018,19,471.47,116,,24.81421053,p172,c13
09-07-2018,33,825.06,103,,25.00181818,p172,c13
16-07-2018,25,627.21,81,,25.0884,p172,c13
23-07-2018,25,623.92,91,,24.9568,p172,c13
30-07-2018,20,501.6,73,,25.08,p172,c13
06-08-2018,27,637.07,106,,23.59518519,p172,c13
13-08-2018,14,318.78,95,,22.77,p172,c13
20-08-2018,17,387.09,105,,22.77,p172,c13
27-08-2018,28,631.11,107,,22.53964286,p172,c13
03-09-2018,27,609.12,129,,22.56,p172,c13
10-09-2018,44,992.64,147,,22.56,p172,c13
17-09-2018,52,1173.12,131,,22.56,p172,c13
24-09-2018,39,879.27,132,,22.54538462,p172,c13
01-10-2018,20,451.2,121,,22.56,p172,c13
08-10-2018,11,248.16,97,,22.56,p172,c13
15-10-2018,28,631.11,83,,22.53964286,p172,c13
22-10-2018,26,591.93,82,,22.76653846,p172,c13
29-10-2018,18,412.54,199,,22.91888889,p172,c13
05-11-2018,27,618.96,230,,22.92444444,p172,c13
12-11-2018,46,1054.74,290,,22.92913043,p172,c13
19-11-2018,66,1509.18,315,,22.86636364,p172,c13
26-11-2018,91,2088.45,420,,22.95,p172,c13
03-12-2018,138,3035.71,494,,21.99789855,p172,c13
10-12-2018,204,4014.37,413,,19.67828431,p172,c13
17-12-2018,227,4399.23,265,,19.37986784,p172,c13
24-12-2018,32,619.84,7,,19.37,p172,c13
01-01-2018,16,332.96,,,20.81,p173,c13
08-01-2018,40,827.6,9,,20.69,p173,c13
15-01-2018,29,599.65,14,,20.67758621,p173,c13
05-02-2018,2,45.88,,,22.94,p173,c13
12-02-2018,15,341.95,52,,22.79666667,p173,c13
19-02-2018,37,852.4,49,,23.03783784,p173,c13
26-02-2018,25,581.41,19,,23.2564,p173,c13
05-03-2018,23,573.87,0,,24.95086957,p173,c13
12-03-2018,14,339.91,18,,24.27928571,p173,c13
19-03-2018,3,70.67,0,,23.55666667,p173,c13
26-03-2018,21,524.79,0,,24.99,p173,c13
02-04-2018,31,774.69,99,,24.99,p173,c13
09-04-2018,33,824.67,105,,24.99,p173,c13
16-04-2018,34,831.66,61,,24.46058824,p173,c13
23-04-2018,22,487.01,30,,22.13681818,p173,c13
30-04-2018,7,168.93,1,,24.13285714,p173,c13
07-05-2018,30,752.81,23,,25.09366667,p173,c13
14-05-2018,33,727.88,73,,22.0569697,p173,c13
21-05-2018,40,869.22,121,,21.7305,p173,c13
28-05-2018,47,987.53,134,,21.0112766,p173,c13
04-06-2018,47,987.89,112,,21.01893617,p173,c13
11-06-2018,38,814.85,111,,21.44342105,p173,c13
18-06-2018,16,365.5,73,,22.84375,p173,c13
25-06-2018,3,68.19,89,,22.73,p173,c13
02-07-2018,22,473.03,173,,21.50136364,p173,c13
09-07-2018,57,1197.16,281,,21.00280702,p173,c13
16-07-2018,87,1824.09,225,,20.96655172,p173,c13
23-07-2018,59,1236.16,177,,20.95186441,p173,c13
30-07-2018,53,1060.09,116,,20.00169811,p173,c13
06-08-2018,90,1796.94,214,,19.966,p173,c13
13-08-2018,72,1434.24,164,,19.92,p173,c13
20-08-2018,82,1637.74,195,,19.97243902,p173,c13
27-08-2018,131,2620.68,200,,20.00519084,p173,c13
03-09-2018,91,1817.65,344,,19.97417582,p173,c13
10-09-2018,148,2954.2,511,,19.96081081,p173,c13
17-09-2018,204,4062.84,483,,19.91588235,p173,c13
24-09-2018,153,3041.91,519,,19.88176471,p173,c13
01-10-2018,93,1853.31,442,,19.92806452,p173,c13
08-10-2018,83,1659.17,376,,19.99,p173,c13
15-10-2018,94,1876.18,298,,19.9593617,p173,c13
22-10-2018,112,2238.88,320,,19.99,p173,c13
29-10-2018,107,2139.01,511,,19.99074766,p173,c13
05-11-2018,187,3738.13,670,,19.99,p173,c13
12-11-2018,241,4927.29,595,,20.44518672,p173,c13
19-11-2018,334,6894.24,766,,20.64143713,p173,c13
26-11-2018,359,7191.39,767,,20.03172702,p173,c13
03-12-2018,525,10640.77,838,,20.26813333,p173,c13
10-12-2018,688,15029.14,945,,21.84468023,p173,c13
17-12-2018,544,11962.23,1032,,21.98939338,p173,c13
24-12-2018,91,2001.09,411,,21.99,p173,c13
01-01-2018,48,747.71,,,15.57729167,p174,c13
08-01-2018,38,591.2,386,,15.55789474,p174,c13
15-01-2018,38,591.2,341,,15.55789474,p174,c13
22-01-2018,28,436.52,309,,15.59,p174,c13
29-01-2018,44,685.96,284,,15.59,p174,c13
05-02-2018,23,363.57,239,,15.8073913,p174,c13
12-02-2018,9,175.31,214,,19.47888889,p174,c13
19-02-2018,10,205.9,205,,20.59,p174,c13
26-02-2018,16,299.44,193,,18.715,p174,c13
05-03-2018,22,355.44,171,,16.15636364,p174,c13
12-03-2018,19,296.21,141,,15.59,p174,c13
19-03-2018,38,592.42,133,,15.59,p174,c13
26-03-2018,40,631.47,130,,15.78675,p174,c13
02-04-2018,21,327.39,109,,15.59,p174,c13
09-04-2018,21,327.39,103,,15.59,p174,c13
16-04-2018,26,405.34,156,,15.59,p174,c13
23-04-2018,22,342.98,151,,15.59,p174,c13
30-04-2018,20,311.8,132,,15.59,p174,c13
07-05-2018,32,498.88,117,,15.59,p174,c13
14-05-2018,32,498.88,96,,15.59,p174,c13
21-05-2018,27,420.93,80,,15.59,p174,c13
28-05-2018,29,452.11,58,,15.59,p174,c13
04-06-2018,43,670.37,35,,15.59,p174,c13
11-06-2018,30,467.7,47,,15.59,p174,c13
18-06-2018,39,608.01,52,,15.59,p174,c13
25-06-2018,37,576.97,74,,15.59378378,p174,c13
02-07-2018,27,420.43,112,,15.57148148,p174,c13
09-07-2018,29,484.81,105,,16.71758621,p174,c13
16-07-2018,49,759.01,164,,15.49,p174,c13
23-07-2018,27,478.23,181,,17.71222222,p174,c13
30-07-2018,22,345.78,184,,15.71727273,p174,c13
06-08-2018,17,263.33,189,,15.49,p174,c13
13-08-2018,30,464.7,174,,15.49,p174,c13
20-08-2018,39,611.71,180,,15.68487179,p174,c13
27-08-2018,65,1006.85,143,,15.49,p174,c13
03-09-2018,42,650.58,120,,15.49,p174,c13
10-09-2018,64,991.36,102,,15.49,p174,c13
17-09-2018,53,836.65,83,,15.78584906,p174,c13
24-09-2018,60,929.4,121,,15.49,p174,c13
01-10-2018,31,480.31,108,,15.49387097,p174,c13
08-10-2018,32,495.76,128,,15.4925,p174,c13
15-10-2018,30,464.7,146,,15.49,p174,c13
22-10-2018,31,603.69,149,,19.47387097,p174,c13
29-10-2018,18,440.32,195,,24.46222222,p174,c13
05-11-2018,20,499.8,232,,24.99,p174,c13
12-11-2018,27,674.73,368,,24.99,p174,c13
19-11-2018,43,1074.57,368,,24.99,p174,c13
26-11-2018,57,1424.43,343,,24.99,p174,c13
03-12-2018,74,1849.26,289,,24.99,p174,c13
10-12-2018,81,1999.09,216,,24.68012346,p174,c13
17-12-2018,71,1688.61,192,,23.78323944,p174,c13
24-12-2018,16,380.2,121,,23.7625,p174,c13
01-01-2018,70,818.3,,,11.69,p175,c9
08-01-2018,88,1028.72,3170,,11.69,p175,c9
15-01-2018,86,1005.34,3092,,11.69,p175,c9
22-01-2018,85,993.83,3003,,11.69211765,p175,c9
29-01-2018,110,1285.9,2909,,11.69,p175,c9
05-02-2018,90,1052.1,2808,,11.69,p175,c9
12-02-2018,74,865.06,2725,,11.69,p175,c9
19-02-2018,93,1087.17,2604,,11.69,p175,c9
26-02-2018,113,1317.07,2502,,11.65548673,p175,c9
05-03-2018,137,1379.86,2311,,10.0719708,p175,c9
12-03-2018,119,1418.38,2240,,11.91915966,p175,c9
19-03-2018,191,2359.28,2157,,12.35225131,p175,c9
26-03-2018,163,1679.94,2038,,10.30638037,p175,c9
02-04-2018,132,1337.16,1873,,10.13,p175,c9
09-04-2018,122,1235.92,1743,,10.1304918,p175,c9
16-04-2018,210,1951.76,1574,,9.294095238,p175,c9
23-04-2018,173,1571.54,1397,,9.084046243,p175,c9
30-04-2018,187,1697.45,1203,,9.077272727,p175,c9
07-05-2018,116,1177.06,1001,,10.14706897,p175,c9
14-05-2018,196,1762.73,880,,8.993520408,p175,c9
21-05-2018,170,1458.43,703,,8.579,p175,c9
28-05-2018,233,1982.97,472,,8.510600858,p175,c9
04-06-2018,179,1523.29,279,,8.51,p175,c9
11-06-2018,182,1548.82,101,,8.51,p175,c9
18-06-2018,130,1112.25,356,,8.555769231,p175,c9
25-06-2018,101,862.19,276,,8.536534653,p175,c9
02-07-2018,135,1288.19,202,,9.542148148,p175,c9
09-07-2018,22,212.3,44,,9.65,p175,c9
16-07-2018,1,9.65,1,,9.65,p175,c9
23-07-2018,2,32.22,0,,16.11,p175,c9
30-07-2018,203,2273.49,49,,11.19945813,p175,c9
06-08-2018,134,1429.78,744,,10.67,p175,c9
13-08-2018,91,1348.06,803,,14.81384615,p175,c9
20-08-2018,42,905.1,765,,21.55,p175,c9
27-08-2018,62,1336.1,714,,21.55,p175,c9
03-09-2018,112,2171.8,785,,19.39107143,p175,c9
10-09-2018,77,1420.75,1188,,18.4512987,p175,c9
17-09-2018,114,2103.3,1349,,18.45,p175,c9
24-09-2018,106,1955.7,1659,,18.45,p175,c9
01-10-2018,65,1199.25,1839,,18.45,p175,c9
08-10-2018,54,996.3,1919,,18.45,p175,c9
15-10-2018,74,1452.3,2379,,19.62567568,p175,c9
22-10-2018,46,982.1,2338,,21.35,p175,c9
29-10-2018,42,896.86,2260,,21.35380952,p175,c9
05-11-2018,49,1046.2,2189,,21.35102041,p175,c9
12-11-2018,70,1375.6,2234,,19.65142857,p175,c9
19-11-2018,102,1727.2,2206,,16.93333333,p175,c9
26-11-2018,137,2461.51,2337,,17.96722628,p175,c9
03-12-2018,96,1771.2,2257,,18.45,p175,c9
10-12-2018,114,2103.3,2180,,18.45,p175,c9
17-12-2018,82,1470.78,2066,,17.93634146,p175,c9
24-12-2018,22,325.14,1969,,14.77909091,p175,c9
01-01-2018,1,13.49,,,13.49,p176,c9
08-01-2018,5,67.45,121,,13.49,p176,c9
15-01-2018,5,67.45,92,,13.49,p176,c9
22-01-2018,6,81.26,114,,13.54333333,p176,c9
29-01-2018,8,107.92,107,,13.49,p176,c9
05-02-2018,4,53.76,98,,13.44,p176,c9
19-02-2018,2,26.98,93,,13.49,p176,c9
26-02-2018,6,80.16,91,,13.36,p176,c9
05-03-2018,6,74.23,84,,12.37166667,p176,c9
12-03-2018,2,24.4,79,,12.2,p176,c9
19-03-2018,6,73.2,75,,12.2,p176,c9
26-03-2018,12,147.25,72,,12.27083333,p176,c9
02-04-2018,2,24.4,60,,12.2,p176,c9
09-04-2018,5,61,57,,12.2,p176,c9
16-04-2018,4,48.8,49,,12.2,p176,c9
23-04-2018,5,56.72,47,,11.344,p176,c9
30-04-2018,9,128.92,37,,14.32444444,p176,c9
07-05-2018,6,89.28,38,,14.88,p176,c9
14-05-2018,5,74.4,46,,14.88,p176,c9
28-05-2018,14,208.32,41,,14.88,p176,c9
04-06-2018,5,74.4,41,,14.88,p176,c9
11-06-2018,5,74.4,53,,14.88,p176,c9
18-06-2018,5,74.4,65,,14.88,p176,c9
25-06-2018,6,89.28,59,,14.88,p176,c9
02-07-2018,1,14.88,56,,14.88,p176,c9
09-07-2018,2,29.76,76,,14.88,p176,c9
16-07-2018,6,89.37,74,,14.895,p176,c9
23-07-2018,8,119.04,68,,14.88,p176,c9
30-07-2018,8,119.04,82,,14.88,p176,c9
06-08-2018,4,59.52,74,,14.88,p176,c9
13-08-2018,6,89.28,70,,14.88,p176,c9
20-08-2018,7,104.16,61,,14.88,p176,c9
27-08-2018,8,119.04,77,,14.88,p176,c9
03-09-2018,7,104.24,67,,14.89142857,p176,c9
10-09-2018,32,476.16,59,,14.88,p176,c9
17-09-2018,28,416.85,70,,14.8875,p176,c9
24-09-2018,8,119.04,49,,14.88,p176,c9
01-10-2018,4,59.52,51,,14.88,p176,c9
08-10-2018,2,29.76,68,,14.88,p176,c9
15-10-2018,3,44.64,64,,14.88,p176,c9
22-10-2018,3,44.64,68,,14.88,p176,c9
29-10-2018,6,89.28,84,,14.88,p176,c9
05-11-2018,8,119.05,70,,14.88125,p176,c9
12-11-2018,4,59.52,91,,14.88,p176,c9
19-11-2018,11,163.68,86,,14.88,p176,c9
26-11-2018,11,163.68,83,,14.88,p176,c9
03-12-2018,8,118.07,92,,14.75875,p176,c9
10-12-2018,21,305.86,82,,14.5647619,p176,c9
17-12-2018,10,144.12,62,,14.412,p176,c9
24-12-2018,7,100.91,45,,14.41571429,p176,c9
01-01-2018,4,41.77,,,10.4425,p177,c9
08-01-2018,11,118.14,86,,10.74,p177,c9
15-01-2018,11,118.14,73,,10.74,p177,c9
22-01-2018,7,75.18,59,,10.74,p177,c9
29-01-2018,16,171.84,57,,10.74,p177,c9
05-02-2018,5,51.94,37,,10.388,p177,c9
12-02-2018,1,14.86,56,,14.86,p177,c9
19-02-2018,6,89.16,103,,14.86,p177,c9
26-02-2018,1,14.99,96,,14.99,p177,c9
05-03-2018,2,29.98,96,,14.99,p177,c9
12-03-2018,2,29.98,94,,14.99,p177,c9
19-03-2018,4,59.96,90,,14.99,p177,c9
26-03-2018,6,79.55,89,,13.25833333,p177,c9
02-04-2018,3,40.79,83,,13.59666667,p177,c9
09-04-2018,4,52.83,80,,13.2075,p177,c9
16-04-2018,4,52.64,74,,13.16,p177,c9
23-04-2018,3,39.48,71,,13.16,p177,c9
30-04-2018,6,78.96,49,,13.16,p177,c9
07-05-2018,9,118.44,63,,13.16,p177,c9
14-05-2018,6,78.96,51,,13.16,p177,c9
21-05-2018,3,39.48,47,,13.16,p177,c9
28-05-2018,4,52.64,43,,13.16,p177,c9
04-06-2018,2,26.32,39,,13.16,p177,c9
11-06-2018,3,39.48,37,,13.16,p177,c9
18-06-2018,3,39.48,55,,13.16,p177,c9
25-06-2018,4,52.64,55,,13.16,p177,c9
02-07-2018,6,78.96,51,,13.16,p177,c9
09-07-2018,3,39.48,45,,13.16,p177,c9
16-07-2018,5,65.8,42,,13.16,p177,c9
23-07-2018,2,26.32,38,,13.16,p177,c9
30-07-2018,3,39.48,45,,13.16,p177,c9
06-08-2018,6,78.96,49,,13.16,p177,c9
13-08-2018,5,65.8,51,,13.16,p177,c9
20-08-2018,8,105.28,48,,13.16,p177,c9
27-08-2018,10,131.6,62,,13.16,p177,c9
03-09-2018,6,78.96,56,,13.16,p177,c9
10-09-2018,19,250.04,71,,13.16,p177,c9
17-09-2018,9,118.44,67,,13.16,p177,c9
24-09-2018,12,157.92,59,,13.16,p177,c9
01-10-2018,12,157.92,49,,13.16,p177,c9
08-10-2018,6,78.96,39,,13.16,p177,c9
15-10-2018,3,39.48,81,,13.16,p177,c9
22-10-2018,3,39.48,49,,13.16,p177,c9
29-10-2018,8,105.28,72,,13.16,p177,c9
05-11-2018,3,39.48,64,,13.16,p177,c9
12-11-2018,6,78.96,74,,13.16,p177,c9
19-11-2018,8,105.28,73,,13.16,p177,c9
26-11-2018,15,197.4,72,,13.16,p177,c9
03-12-2018,6,78.96,55,,13.16,p177,c9
01-01-2018,12,120,,,10,p178,c9
08-01-2018,14,140,282,,10,p178,c9
15-01-2018,14,140,265,,10,p178,c9
22-01-2018,18,180,257,,10,p178,c9
29-01-2018,24,240,239,,10,p178,c9
05-02-2018,21,210,218,,10,p178,c9
12-02-2018,16,160,194,,10,p178,c9
19-02-2018,24,279.92,172,,11.66333333,p178,c9
26-02-2018,6,79.96,150,,13.32666667,p178,c9
05-03-2018,9,134.91,139,,14.99,p178,c9
12-03-2018,12,179.88,131,,14.99,p178,c9
19-03-2018,11,164.89,124,,14.99,p178,c9
26-03-2018,11,164.89,134,,14.99,p178,c9
02-04-2018,6,89.94,122,,14.99,p178,c9
09-04-2018,5,74.95,116,,14.99,p178,c9
16-04-2018,10,122.96,109,,12.296,p178,c9
23-04-2018,11,123.39,101,,11.21727273,p178,c9
30-04-2018,17,179.56,89,,10.56235294,p178,c9
07-05-2018,43,414.26,75,,9.633953488,p178,c9
14-05-2018,8,77.2,55,,9.65,p178,c9
21-05-2018,15,144.75,77,,9.65,p178,c9
28-05-2018,18,173.7,149,,9.65,p178,c9
04-06-2018,13,125.45,148,,9.65,p178,c9
11-06-2018,18,173.7,137,,9.65,p178,c9
18-06-2018,15,144.75,118,,9.65,p178,c9
25-06-2018,16,154.4,151,,9.65,p178,c9
02-07-2018,12,115.8,150,,9.65,p178,c9
09-07-2018,13,125.45,147,,9.65,p178,c9
16-07-2018,28,270.2,131,,9.65,p178,c9
23-07-2018,23,221.95,108,,9.65,p178,c9
30-07-2018,17,164.05,87,,9.65,p178,c9
06-08-2018,22,212.3,164,,9.65,p178,c9
13-08-2018,35,337.75,206,,9.65,p178,c9
20-08-2018,39,376.35,201,,9.65,p178,c9
27-08-2018,74,714.1,177,,9.65,p178,c9
03-09-2018,56,540.4,113,,9.65,p178,c9
10-09-2018,211,2036.15,186,,9.65,p178,c9
17-09-2018,153,1476.45,173,,9.65,p178,c9
24-09-2018,4,38.6,64,,9.65,p178,c9
01-10-2018,163,1572.95,123,,9.65,p178,c9
08-10-2018,3,28.95,58,,9.65,p178,c9
15-10-2018,14,188.5,49,,13.46428571,p178,c9
22-10-2018,61,914.39,69,,14.99,p178,c9
29-10-2018,0,0,2,,,p178,c9
05-11-2018,0,0,1,,,p178,c9
01-01-2018,12,179.88,,,14.99,p179,c5
08-01-2018,11,164.89,78,,14.99,p179,c5
15-01-2018,1,14.99,68,,14.99,p179,c5
22-01-2018,2,29.98,66,,14.99,p179,c5
29-01-2018,12,179.88,75,,14.99,p179,c5
05-02-2018,11,164.89,64,,14.99,p179,c5
12-02-2018,2,29.98,58,,14.99,p179,c5
19-02-2018,8,119.92,72,,14.99,p179,c5
26-02-2018,2,29.98,67,,14.99,p179,c5
05-03-2018,4,59.96,63,,14.99,p179,c5
12-03-2018,3,42.37,59,,14.12333333,p179,c5
19-03-2018,12,178.88,56,,14.90666667,p179,c5
26-03-2018,8,117.92,52,,14.74,p179,c5
02-04-2018,6,86.94,40,,14.49,p179,c5
09-04-2018,2,27.98,36,,13.99,p179,c5
16-04-2018,15,209.85,39,,13.99,p179,c5
23-04-2018,8,111.92,41,,13.99,p179,c5
30-04-2018,11,153.89,30,,13.99,p179,c5
07-05-2018,13,181.87,44,,13.99,p179,c5
14-05-2018,6,83.94,30,,13.99,p179,c5
21-05-2018,2,27.98,42,,13.99,p179,c5
28-05-2018,6,83.94,45,,13.99,p179,c5
04-06-2018,9,125.91,64,,13.99,p179,c5
11-06-2018,5,69.95,66,,13.99,p179,c5
18-06-2018,6,83.94,60,,13.99,p179,c5
25-06-2018,6,83.94,54,,13.99,p179,c5
02-07-2018,10,139.9,48,,13.99,p179,c5
09-07-2018,2,27.98,53,,13.99,p179,c5
16-07-2018,9,125.91,55,,13.99,p179,c5
23-07-2018,9,125.91,48,,13.99,p179,c5
30-07-2018,5,69.95,62,,13.99,p179,c5
06-08-2018,13,182.35,57,,14.02692308,p179,c5
13-08-2018,20,279.8,50,,13.99,p179,c5
20-08-2018,18,251.82,50,,13.99,p179,c5
27-08-2018,27,377.73,47,,13.99,p179,c5
03-09-2018,40,559.6,25,,13.99,p179,c5
10-09-2018,34,475.66,75,,13.99,p179,c5
17-09-2018,28,409.72,103,,14.63285714,p179,c5
24-09-2018,14,209.86,112,,14.99,p179,c5
01-10-2018,8,117.92,117,,14.74,p179,c5
08-10-2018,7,104.93,111,,14.99,p179,c5
15-10-2018,12,179.88,126,,14.99,p179,c5
22-10-2018,4,59.96,114,,14.99,p179,c5
29-10-2018,6,89.94,107,,14.99,p179,c5
05-11-2018,9,134.91,113,,14.99,p179,c5
12-11-2018,9,134.91,150,,14.99,p179,c5
19-11-2018,7,104.93,140,,14.99,p179,c5
26-11-2018,7,104.93,145,,14.99,p179,c5
03-12-2018,9,134.91,138,,14.99,p179,c5
10-12-2018,7,105.1,126,,15.01428571,p179,c5
17-12-2018,3,44.97,120,,14.99,p179,c5
24-12-2018,4,59.96,117,,14.99,p179,c5
