customer_1_sales_data.csv
Date,Units,Revenue,Inventory_Amount,Inventory_Units,Price,PID,CID
01-01-2018,60,1324.4,,,22.07333333,p191,c9
08-01-2018,68,1495.32,453,,21.99,p191,c9
15-01-2018,60,1321.34,429,,22.02233333,p191,c9
22-01-2018,80,1761.36,367,,22.017,p191,c9
29-01-2018,77,1698.86,293,,22.06311688,p191,c9
05-02-2018,60,1319.4,263,,21.99,p191,c9
12-02-2018,77,1696.28,218,,22.02961039,p191,c9
19-02-2018,76,1671.95,224,,21.99934211,p191,c9
26-02-2018,58,1275.42,182,,21.99,p191,c9
05-03-2018,55,1210.26,205,,22.00472727,p191,c9
12-03-2018,63,1385.88,182,,21.99809524,p191,c9
19-03-2018,88,1935.12,171,,21.99,p191,c9
26-03-2018,75,1650.39,259,,22.0052,p191,c9
02-04-2018,68,1495.32,199,,21.99,p191,c9
09-04-2018,47,1036.72,193,,22.05787234,p191,c9
16-04-2018,77,1705.37,212,,22.14766234,p191,c9
23-04-2018,53,1165.47,171,,21.99,p191,c9
30-04-2018,49,1077.51,156,,21.99,p191,c9
07-05-2018,52,1152.5,239,,22.16346154,p191,c9
14-05-2018,62,1363.38,351,,21.99,p191,c9
21-05-2018,59,1300.93,287,,22.04966102,p191,c9
28-05-2018,42,923.58,239,,21.99,p191,c9
04-06-2018,44,967.56,280,,21.99,p191,c9
11-06-2018,32,707.24,244,,22.10125,p191,c9
18-06-2018,56,1231.44,215,,21.99,p191,c9
25-06-2018,46,1011.54,206,,21.99,p191,c9
02-07-2018,50,1099.5,313,,21.99,p191,c9
09-07-2018,45,989.55,420,,21.99,p191,c9
16-07-2018,119,2623.85,424,,22.04915966,p191,c9
23-07-2018,127,2792.73,403,,21.99,p191,c9
30-07-2018,152,3344.21,382,,22.00138158,p191,c9
06-08-2018,135,2968.65,397,,21.99,p191,c9
13-08-2018,145,3192.47,400,,22.01703448,p191,c9
20-08-2018,116,2550.84,683,,21.99,p191,c9
27-08-2018,195,4288.05,657,,21.99,p191,c9
03-09-2018,198,4354.02,615,,21.99,p191,c9
10-09-2018,207,4551.93,590,,21.99,p191,c9
17-09-2018,194,4266.06,526,,21.99,p191,c9
24-09-2018,200,4398,468,,21.99,p191,c9
01-10-2018,98,2155.02,354,,21.99,p191,c9
08-10-2018,123,2704.88,362,,21.99089431,p191,c9
15-10-2018,106,2332.06,391,,22.00056604,p191,c9
22-10-2018,95,2089.47,332,,21.99442105,p191,c9
29-10-2018,75,1649.25,523,,21.99,p191,c9
05-11-2018,89,1960.81,536,,22.03157303,p191,c9
12-11-2018,80,1760.24,720,,22.003,p191,c9
19-11-2018,58,1275.95,691,,21.99913793,p191,c9
26-11-2018,109,2397.32,777,,21.99376147,p191,c9
03-12-2018,123,2705.33,809,,21.99455285,p191,c9
10-12-2018,117,2573.15,848,,21.99273504,p191,c9
17-12-2018,76,1671.39,790,,21.99197368,p191,c9
24-12-2018,34,748.88,709,,22.02588235,p191,c9
01-01-2018,177,3336.68,,,18.85129944,p192,c12
08-01-2018,197,3743.53,1735,,19.00269036,p192,c12
15-01-2018,265,5067.75,1700,,19.12358491,p192,c12
22-01-2018,120,3377.16,1591,,28.143,p192,c12
29-01-2018,110,3290.39,1428,,29.91263636,p192,c12
05-02-2018,89,2631.8,1315,,29.57078652,p192,c12
12-02-2018,71,2097.99,1224,,29.54915493,p192,c12
19-02-2018,90,2627.25,1132,,29.19166667,p192,c12
26-02-2018,105,2898.31,1055,,27.60295238,p192,c12
05-03-2018,99,2696.66,912,,27.2389899,p192,c12
12-03-2018,114,3105.46,823,,27.24087719,p192,c12
19-03-2018,164,4523.87,730,,27.58457317,p192,c12
26-03-2018,86,2519.77,681,,29.29965116,p192,c12
02-04-2018,78,2313.71,658,,29.66294872,p192,c12
09-04-2018,90,2576.19,699,,28.62433333,p192,c12
16-04-2018,130,3545.49,611,,27.273,p192,c12
23-04-2018,97,2642.07,480,,27.23783505,p192,c12
30-04-2018,153,4169.07,388,,27.24882353,p192,c12
07-05-2018,128,3488.69,368,,27.25539063,p192,c12
14-05-2018,112,3051.52,527,,27.24571429,p192,c12
21-05-2018,96,2616.9,433,,27.259375,p192,c12
28-05-2018,121,3298.21,560,,27.25793388,p192,c12
04-06-2018,97,2644.05,545,,27.25824742,p192,c12
11-06-2018,87,2369.91,642,,27.24034483,p192,c12
18-06-2018,67,1825.65,769,,27.24850746,p192,c12
25-06-2018,87,2369,741,,27.22988506,p192,c12
02-07-2018,72,1963.06,659,,27.26472222,p192,c12
09-07-2018,114,3107.64,786,,27.26,p192,c12
16-07-2018,247,6737.21,889,,27.27615385,p192,c12
23-07-2018,126,3433.95,720,,27.25357143,p192,c12
30-07-2018,127,3461.49,684,,27.25582677,p192,c12
06-08-2018,101,2752.36,603,,27.25108911,p192,c12
13-08-2018,148,4030.28,822,,27.23162162,p192,c12
20-08-2018,132,3597.35,1000,,27.25265152,p192,c12
27-08-2018,183,4982.86,1095,,27.22874317,p192,c12
03-09-2018,207,5634.16,1117,,27.21816425,p192,c12
10-09-2018,240,6540.22,1166,,27.25091667,p192,c12
17-09-2018,198,5392.66,1275,,27.23565657,p192,c12
24-09-2018,129,3510.09,1638,,27.21,p192,c12
01-10-2018,87,2367.72,1424,,27.21517241,p192,c12
08-10-2018,87,2261.25,1568,,25.99137931,p192,c12
15-10-2018,83,2173.74,1940,,26.18963855,p192,c12
22-10-2018,95,2617.94,2682,,27.55726316,p192,c12
29-10-2018,128,3115.52,2846,,24.34,p192,c12
05-11-2018,120,2846.47,2711,,23.72058333,p192,c12
12-11-2018,140,3318.45,3080,,23.70321429,p192,c12
19-11-2018,226,5364.94,2975,,23.73867257,p192,c12
26-11-2018,323,7659.49,2827,,23.71359133,p192,c12
03-12-2018,221,5237.39,2546,,23.69859729,p192,c12
10-12-2018,224,5307.4,2367,,23.69375,p192,c12
17-12-2018,179,4241.46,2159,,23.69530726,p192,c12
24-12-2018,93,2206.55,1960,,23.72634409,p192,c12
01-01-2018,2,109.98,,,54.99,p193,c13
08-01-2018,1,54.99,29,,54.99,p193,c13
15-01-2018,3,164.97,29,,54.99,p193,c13
22-01-2018,1,54.99,26,,54.99,p193,c13
29-01-2018,7,391.63,24,,55.94714286,p193,c13
05-02-2018,1,59.79,18,,59.79,p193,c13
12-02-2018,1,62.79,16,,62.79,p193,c13
19-02-2018,2,109.98,21,,54.99,p193,c13
05-03-2018,3,164.97,18,,54.99,p193,c13
12-03-2018,2,109.98,15,,54.99,p193,c13
26-03-2018,2,109.98,13,,54.99,p193,c13
02-04-2018,9,494.91,11,,54.99,p193,c13
09-04-2018,1,54.99,2,,54.99,p193,c13
16-04-2018,5,274.95,8,,54.99,p193,c13
23-04-2018,3,164.97,7,,54.99,p193,c13
30-04-2018,2,109.98,4,,54.99,p193,c13
07-05-2018,4,219.96,6,,54.99,p193,c13
14-05-2018,6,329.94,14,,54.99,p193,c13
21-05-2018,2,109.98,14,,54.99,p193,c13
28-05-2018,2,109.98,12,,54.99,p193,c13
04-06-2018,5,274.95,16,,54.99,p193,c13
11-06-2018,5,274.95,11,,54.99,p193,c13
18-06-2018,8,439.92,12,,54.99,p193,c13
25-06-2018,5,274.95,5,,54.99,p193,c13
02-07-2018,3,164.97,6,,54.99,p193,c13
09-07-2018,2,109.98,33,,54.99,p193,c13
16-07-2018,5,274.95,30,,54.99,p193,c13
23-07-2018,1,54.99,24,,54.99,p193,c13
30-07-2018,5,302.88,35,,60.576,p193,c13
06-08-2018,15,824.85,30,,54.99,p193,c13
13-08-2018,7,384.93,16,,54.99,p193,c13
20-08-2018,6,329.94,22,,54.99,p193,c13
27-08-2018,4,219.96,20,,54.99,p193,c13
03-09-2018,6,329.94,28,,54.99,p193,c13
10-09-2018,1,54.99,38,,54.99,p193,c13
17-09-2018,4,219.96,42,,54.99,p193,c13
24-09-2018,5,274.95,47,,54.99,p193,c13
01-10-2018,1,54.99,43,,54.99,p193,c13
08-10-2018,0,0,42,,,p193,c13
15-10-2018,2,109.98,42,,54.99,p193,c13
22-10-2018,7,384.93,40,,54.99,p193,c13
29-10-2018,4,219.96,33,,54.99,p193,c13
05-11-2018,8,439.92,29,,54.99,p193,c13
12-11-2018,9,494.91,29,,54.99,p193,c13
19-11-2018,7,384.93,34,,54.99,p193,c13
26-11-2018,20,1099.8,39,,54.99,p193,c13
03-12-2018,13,714.87,31,,54.99,p193,c13
10-12-2018,24,1319.76,42,,54.99,p193,c13
17-12-2018,14,772.66,52,,55.19,p193,c13
24-12-2018,8,439.92,44,,54.99,p193,c13
08-01-2018,1,49.18,54,,49.18,p194,c2
15-01-2018,4,214.24,52,,53.56,p194,c2
22-01-2018,2,112.78,49,,56.39,p194,c2
29-01-2018,5,276.75,46,,55.35,p194,c2
05-02-2018,4,222.96,40,,55.74,p194,c2
12-02-2018,2,112.78,37,,56.39,p194,c2
19-02-2018,3,169.17,35,,56.39,p194,c2
26-02-2018,1,56.39,32,,56.39,p194,c2
05-03-2018,2,112.78,30,,56.39,p194,c2
12-03-2018,7,394.73,29,,56.39,p194,c2
19-03-2018,13,733.07,20,,56.39,p194,c2
26-03-2018,5,281.95,27,,56.39,p194,c2
02-04-2018,1,56.39,21,,56.39,p194,c2
09-04-2018,1,56.39,26,,56.39,p194,c2
16-04-2018,5,281.95,29,,56.39,p194,c2
30-04-2018,4,225.56,23,,56.39,p194,c2
07-05-2018,3,169.17,28,,56.39,p194,c2
14-05-2018,7,394.73,26,,56.39,p194,c2
21-05-2018,2,112.78,22,,56.39,p194,c2
28-05-2018,1,56.39,21,,56.39,p194,c2
04-06-2018,7,394.73,22,,56.39,p194,c2
11-06-2018,3,169.17,16,,56.39,p194,c2
25-06-2018,1,56.39,17,,56.39,p194,c2
09-07-2018,2,112.78,35,,56.39,p194,c2
16-07-2018,3,169.51,33,,56.50333333,p194,c2
23-07-2018,6,338.84,31,,56.47333333,p194,c2
30-07-2018,6,338.34,26,,56.39,p194,c2
06-08-2018,2,112.78,19,,56.39,p194,c2
13-08-2018,5,281.95,29,,56.39,p194,c2
20-08-2018,1,56.39,28,,56.39,p194,c2
27-08-2018,3,169.17,32,,56.39,p194,c2
03-09-2018,8,451.12,30,,56.39,p194,c2
10-09-2018,7,394.73,26,,56.39,p194,c2
17-09-2018,4,247.98,21,,61.995,p194,c2
24-09-2018,11,635.72,22,,57.79272727,p194,c2
01-10-2018,2,131.64,16,,65.82,p194,c2
08-10-2018,1,65.42,15,,65.42,p194,c2
15-10-2018,3,170.97,15,,56.99,p194,c2
22-10-2018,7,398.93,13,,56.99,p194,c2
29-10-2018,4,227.96,10,,56.99,p194,c2
05-11-2018,3,170.97,7,,56.99,p194,c2
12-11-2018,1,56.99,3,,56.99,p194,c2
19-11-2018,0,0,2,,,p194,c2
26-11-2018,4,227.96,11,,56.99,p194,c2
03-12-2018,3,170.97,15,,56.99,p194,c2
10-12-2018,0,0,36,,,p194,c2
17-12-2018,1,56.99,43,,56.99,p194,c2
24-12-2018,1,56.99,44,,56.99,p194,c2
01-01-2018,1,8.64,,,8.64,p195,c5
15-01-2018,2,16.77,33,,8.385,p195,c5
29-01-2018,1,10.75,31,,10.75,p195,c5
05-02-2018,1,9.18,30,,9.18,p195,c5
19-02-2018,2,18.81,29,,9.405,p195,c5
05-03-2018,1,7.09,27,,7.09,p195,c5
19-03-2018,2,10.86,26,,5.43,p195,c5
26-03-2018,4,21.32,23,,5.33,p195,c5
02-04-2018,1,5.31,21,,5.31,p195,c5
16-04-2018,1,7.54,20,,7.54,p195,c5
23-04-2018,4,40.28,20,,10.07,p195,c5
28-05-2018,1,11.58,14,,11.58,p195,c5
11-06-2018,1,13.99,13,,13.99,p195,c5
18-06-2018,1,13.99,11,,13.99,p195,c5
09-07-2018,1,13.99,11,,13.99,p195,c5
23-07-2018,1,13.99,10,,13.99,p195,c5
13-08-2018,1,13.99,9,,13.99,p195,c5
01-01-2018,7,55.93,,,7.99,p196,c5
08-01-2018,7,55.93,58,,7.99,p196,c5
15-01-2018,6,47.94,56,,7.99,p196,c5
22-01-2018,4,31.96,45,,7.99,p196,c5
29-01-2018,5,39.95,43,,7.99,p196,c5
05-02-2018,2,15.98,36,,7.99,p196,c5
12-02-2018,1,7.99,77,,7.99,p196,c5
19-02-2018,3,23.97,85,,7.99,p196,c5
26-02-2018,5,39.95,82,,7.99,p196,c5
05-03-2018,5,39.95,63,,7.99,p196,c5
12-03-2018,3,23.97,72,,7.99,p196,c5
19-03-2018,3,23.97,69,,7.99,p196,c5
26-03-2018,4,31.96,68,,7.99,p196,c5
02-04-2018,3,23.97,63,,7.99,p196,c5
09-04-2018,5,39.95,60,,7.99,p196,c5
16-04-2018,7,55.93,54,,7.99,p196,c5
23-04-2018,1,7.99,49,,7.99,p196,c5
30-04-2018,6,47.94,42,,7.99,p196,c5
07-05-2018,2,15.98,37,,7.99,p196,c5
14-05-2018,7,55.93,34,,7.99,p196,c5
21-05-2018,10,79.9,28,,7.99,p196,c5
28-05-2018,5,39.95,24,,7.99,p196,c5
04-06-2018,9,71.91,13,,7.99,p196,c5
11-06-2018,11,87.89,37,,7.99,p196,c5
18-06-2018,12,95.88,34,,7.99,p196,c5
25-06-2018,6,47.94,31,,7.99,p196,c5
02-07-2018,11,87.89,25,,7.99,p196,c5
09-07-2018,7,55.93,65,,7.99,p196,c5
16-07-2018,16,127.84,56,,7.99,p196,c5
23-07-2018,3,23.97,44,,7.99,p196,c5
30-07-2018,9,71.91,47,,7.99,p196,c5
06-08-2018,10,79.9,83,,7.99,p196,c5
13-08-2018,11,87.89,77,,7.99,p196,c5
20-08-2018,6,47.94,63,,7.99,p196,c5
27-08-2018,5,39.95,57,,7.99,p196,c5
03-09-2018,7,55.93,47,,7.99,p196,c5
10-09-2018,11,87.89,47,,7.99,p196,c5
17-09-2018,14,111.86,74,,7.99,p196,c5
24-09-2018,10,79.9,82,,7.99,p196,c5
01-10-2018,5,39.95,71,,7.99,p196,c5
08-10-2018,3,23.97,72,,7.99,p196,c5
15-10-2018,2,15.98,68,,7.99,p196,c5
22-10-2018,11,87.89,67,,7.99,p196,c5
29-10-2018,2,15.98,55,,7.99,p196,c5
05-11-2018,5,39.95,58,,7.99,p196,c5
12-11-2018,4,30.65,98,,7.6625,p196,c5
19-11-2018,2,14.72,93,,7.36,p196,c5
26-11-2018,6,47.39,91,,7.898333333,p196,c5
03-12-2018,3,23.97,87,,7.99,p196,c5
10-12-2018,3,23.97,84,,7.99,p196,c5
17-12-2018,6,47.94,131,,7.99,p196,c5
24-12-2018,0,0,124,,,p196,c5
08-01-2018,3,27.99,17,,9.33,p197,c5
22-01-2018,2,25.34,16,,12.67,p197,c5
29-01-2018,1,12.67,14,,12.67,p197,c5
19-02-2018,2,25.34,13,,12.67,p197,c5
02-04-2018,1,12.67,11,,12.67,p197,c5
04-06-2018,4,42.64,10,,10.66,p197,c5
18-06-2018,1,10.66,6,,10.66,p197,c5
23-07-2018,1,10.66,5,,10.66,p197,c5
01-01-2018,6,71.68,,,11.94666667,p198,c5
08-01-2018,7,64.4,127,,9.2,p198,c5
15-01-2018,13,126.69,122,,9.745384615,p198,c5
22-01-2018,26,309.55,106,,11.90576923,p198,c5
29-01-2018,7,100.73,83,,14.39,p198,c5
05-02-2018,10,137.9,76,,13.79,p198,c5
12-02-2018,7,96.53,65,,13.79,p198,c5
19-02-2018,8,110.32,64,,13.79,p198,c5
26-02-2018,5,68.95,94,,13.79,p198,c5
05-03-2018,2,27.58,88,,13.79,p198,c5
19-03-2018,1,13.79,86,,13.79,p198,c5
26-03-2018,4,52.69,85,,13.1725,p198,c5
02-04-2018,7,72.52,81,,10.36,p198,c5
09-04-2018,2,27.58,74,,13.79,p198,c5
16-04-2018,5,59.34,72,,11.868,p198,c5
23-04-2018,10,108.79,70,,10.879,p198,c5
30-04-2018,16,176.08,57,,11.005,p198,c5
07-05-2018,8,77.5,42,,9.6875,p198,c5
14-05-2018,11,98.61,32,,8.964545455,p198,c5
21-05-2018,9,79.29,50,,8.81,p198,c5
28-05-2018,7,67.79,54,,9.684285714,p198,c5
04-06-2018,9,86.23,49,,9.581111111,p198,c5
11-06-2018,6,53.99,38,,8.998333333,p198,c5
18-06-2018,14,135.26,77,,9.661428571,p198,c5
25-06-2018,9,97.72,60,,10.85777778,p198,c5
02-07-2018,21,230.36,58,,10.96952381,p198,c5
09-07-2018,13,143.13,68,,11.01,p198,c5
16-07-2018,15,165.36,54,,11.024,p198,c5
23-07-2018,16,176.71,97,,11.044375,p198,c5
30-07-2018,13,158.52,101,,12.19384615,p198,c5
06-08-2018,8,117.72,137,,14.715,p198,c5
13-08-2018,10,147.78,134,,14.778,p198,c5
20-08-2018,7,103.53,161,,14.79,p198,c5
27-08-2018,23,333.63,154,,14.50565217,p198,c5
03-09-2018,2,29.04,139,,14.52,p198,c5
10-09-2018,10,146.7,137,,14.67,p198,c5
17-09-2018,9,131.69,130,,14.63222222,p198,c5
24-09-2018,10,145,124,,14.5,p198,c5
01-10-2018,7,101.5,117,,14.5,p198,c5
08-10-2018,5,72.5,113,,14.5,p198,c5
15-10-2018,8,105,114,,13.125,p198,c5
22-10-2018,6,68.34,210,,11.39,p198,c5
29-10-2018,15,149.47,241,,9.964666667,p198,c5
05-11-2018,12,119.64,229,,9.97,p198,c5
12-11-2018,12,119.82,324,,9.985,p198,c5
19-11-2018,10,98.7,326,,9.87,p198,c5
26-11-2018,17,173.52,318,,10.20705882,p198,c5
03-12-2018,8,85.04,301,,10.63,p198,c5
10-12-2018,11,94.43,293,,8.584545455,p198,c5
17-12-2018,11,92.18,283,,8.38,p198,c5
24-12-2018,53,444.14,271,,8.38,p198,c5
01-01-2018,7,47.67,,,6.81,p199,c14
08-01-2018,11,74.91,121,,6.81,p199,c14
15-01-2018,7,47.67,103,,6.81,p199,c14
22-01-2018,14,95.34,100,,6.81,p199,c14
29-01-2018,12,81.72,91,,6.81,p199,c14
05-02-2018,22,149.82,71,,6.81,p199,c14
12-02-2018,11,74.91,66,,6.81,p199,c14
19-02-2018,13,88.53,72,,6.81,p199,c14
26-02-2018,18,122.58,65,,6.81,p199,c14
05-03-2018,16,108.96,48,,6.81,p199,c14
12-03-2018,23,156.63,43,,6.81,p199,c14
19-03-2018,16,108.96,36,,6.81,p199,c14
26-03-2018,25,170.25,71,,6.81,p199,c14
02-04-2018,7,47.67,56,,6.81,p199,c14
09-04-2018,16,108.96,68,,6.81,p199,c14
16-04-2018,20,136.2,73,,6.81,p199,c14
23-04-2018,18,122.58,49,,6.81,p199,c14
30-04-2018,13,88.53,53,,6.81,p199,c14
07-05-2018,5,34.05,96,,6.81,p199,c14
14-05-2018,8,54.48,103,,6.81,p199,c14
21-05-2018,22,149.82,103,,6.81,p199,c14
28-05-2018,14,95.34,88,,6.81,p199,c14
04-06-2018,10,68.1,78,,6.81,p199,c14
11-06-2018,12,81.72,62,,6.81,p199,c14
18-06-2018,9,61.29,76,,6.81,p199,c14
25-06-2018,16,108.96,80,,6.81,p199,c14
02-07-2018,20,136.2,52,,6.81,p199,c14
09-07-2018,26,177.06,63,,6.81,p199,c14
16-07-2018,26,177.06,63,,6.81,p199,c14
23-07-2018,22,149.82,67,,6.81,p199,c14
30-07-2018,14,95.34,52,,6.81,p199,c14
06-08-2018,15,123.57,96,,8.238,p199,c14
13-08-2018,12,119.88,154,,9.99,p199,c14
20-08-2018,16,159.84,157,,9.99,p199,c14
27-08-2018,26,259.74,136,,9.99,p199,c14
03-09-2018,6,59.94,123,,9.99,p199,c14
10-09-2018,40,399.6,106,,9.99,p199,c14
17-09-2018,31,309.69,104,,9.99,p199,c14
24-09-2018,19,189.81,123,,9.99,p199,c14
01-10-2018,21,209.87,139,,9.993809524,p199,c14
08-10-2018,16,159.84,126,,9.99,p199,c14
15-10-2018,22,219.78,114,,9.99,p199,c14
22-10-2018,21,209.79,117,,9.99,p199,c14
29-10-2018,10,99.9,107,,9.99,p199,c14
05-11-2018,13,131.06,148,,10.08153846,p199,c14
12-11-2018,17,157.6,227,,9.270588235,p199,c14
19-11-2018,18,158.22,247,,8.79,p199,c14
26-11-2018,23,205.06,248,,8.915652174,p199,c14
03-12-2018,11,96.69,271,,8.79,p199,c14
10-12-2018,8,70.32,288,,8.79,p199,c14
17-12-2018,28,246.12,286,,8.79,p199,c14
24-12-2018,6,52.74,265,,8.79,p199,c14
01-01-2018,108,969.9,,,8.980555556,p200,c9
08-01-2018,83,744.09,812,,8.964939759,p200,c9
15-01-2018,127,1151.3,722,,9.065354331,p200,c9
22-01-2018,129,1111.93,599,,8.619612403,p200,c9
29-01-2018,138,1114.65,471,,8.077173913,p200,c9
05-02-2018,120,993.27,620,,8.27725,p200,c9
12-02-2018,95,804.44,764,,8.467789474,p200,c9
19-02-2018,147,1105.64,720,,7.521360544,p200,c9
26-02-2018,151,1139.63,591,,7.547218543,p200,c9
05-03-2018,140,1044.96,441,,7.464,p200,c9
12-03-2018,142,1043.27,440,,7.346971831,p200,c9
19-03-2018,230,1688.2,374,,7.34,p200,c9
26-03-2018,208,1790.22,416,,8.606826923,p200,c9
02-04-2018,150,1293.34,384,,8.622266667,p200,c9
09-04-2018,146,1244.62,354,,8.524794521,p200,c9
16-04-2018,168,1435.69,394,,8.54577381,p200,c9
23-04-2018,107,915.04,270,,8.551775701,p200,c9
30-04-2018,162,1386.41,508,,8.55808642,p200,c9
07-05-2018,127,1101.15,752,,8.670472441,p200,c9
14-05-2018,186,1625.62,790,,8.739892473,p200,c9
21-05-2018,141,1252.25,582,,8.881205674,p200,c9
28-05-2018,140,1223.21,640,,8.737214286,p200,c9
04-06-2018,213,1869.96,571,,8.77915493,p200,c9
11-06-2018,154,1323.27,406,,8.592662338,p200,c9
18-06-2018,131,1134.75,254,,8.66221374,p200,c9
25-06-2018,123,1065.72,194,,8.664390244,p200,c9
02-07-2018,101,872.83,231,,8.641881188,p200,c9
09-07-2018,126,1089.59,363,,8.647539683,p200,c9
16-07-2018,231,2054.82,604,,8.895324675,p200,c9
23-07-2018,143,1237.23,585,,8.651958042,p200,c9
30-07-2018,165,1407.28,529,,8.528969697,p200,c9
06-08-2018,178,1548.86,611,,8.701460674,p200,c9
13-08-2018,179,1531.36,631,,8.555083799,p200,c9
20-08-2018,149,1271.73,572,,8.535100671,p200,c9
27-08-2018,289,2526.89,548,,8.743564014,p200,c9
03-09-2018,351,3065.74,791,,8.734301994,p200,c9
10-09-2018,447,3907.4,698,,8.741387025,p200,c9
17-09-2018,427,3670.38,665,,8.595737705,p200,c9
24-09-2018,352,3028.26,449,,8.603011364,p200,c9
01-10-2018,260,2258.51,573,,8.686576923,p200,c9
08-10-2018,311,2676.35,819,,8.60562701,p200,c9
15-10-2018,345,2942.25,750,,8.52826087,p200,c9
22-10-2018,220,1880.29,506,,8.546772727,p200,c9
29-10-2018,186,1613.69,1084,,8.675752688,p200,c9
05-11-2018,179,1773.86,1518,,9.909832402,p200,c9
12-11-2018,119,1187.53,1300,,9.979243697,p200,c9
19-11-2018,301,2715.1,1562,,9.020265781,p200,c9
26-11-2018,347,3237.49,1563,,9.329942363,p200,c9
03-12-2018,222,2218.42,1147,,9.992882883,p200,c9
10-12-2018,216,2159,935,,9.99537037,p200,c9
17-12-2018,150,1498.78,699,,9.991866667,p200,c9
24-12-2018,52,520.86,529,,10.01653846,p200,c9
