customer_1_sales_data.csv
Date,Units,Revenue,Inventory_Amount,Inventory_Units,Price,PID,CID
01-01-2018,13,288.21,,,22.17,p201,c5
08-01-2018,4,88.68,70,,22.17,p201,c5
15-01-2018,7,155.19,73,,22.17,p201,c5
22-01-2018,8,177.36,66,,22.17,p201,c5
29-01-2018,7,155.39,60,,22.19857143,p201,c5
05-02-2018,2,44.34,87,,22.17,p201,c5
12-02-2018,4,88.68,86,,22.17,p201,c5
19-02-2018,2,44.34,83,,22.17,p201,c5
26-02-2018,7,155.19,79,,22.17,p201,c5
05-03-2018,3,66.51,71,,22.17,p201,c5
12-03-2018,3,66.51,70,,22.17,p201,c5
19-03-2018,6,133.02,67,,22.17,p201,c5
26-03-2018,6,133.02,63,,22.17,p201,c5
02-04-2018,12,266.04,58,,22.17,p201,c5
09-04-2018,8,177.36,48,,22.17,p201,c5
16-04-2018,10,221.7,58,,22.17,p201,c5
23-04-2018,14,313.5,53,,22.39285714,p201,c5
30-04-2018,6,136.14,34,,22.69,p201,c5
07-05-2018,9,204.32,50,,22.70222222,p201,c5
14-05-2018,26,589.94,79,,22.69,p201,c5
21-05-2018,15,340.35,56,,22.69,p201,c5
28-05-2018,32,726.32,55,,22.6975,p201,c5
04-06-2018,20,453.8,20,,22.69,p201,c5
11-06-2018,28,635.32,12,,22.69,p201,c5
18-06-2018,8,181.52,48,,22.69,p201,c5
25-06-2018,14,317.73,134,,22.695,p201,c5
02-07-2018,19,431.5,78,,22.71052632,p201,c5
09-07-2018,9,204.21,184,,22.69,p201,c5
16-07-2018,5,113.45,190,,22.69,p201,c5
23-07-2018,11,249.75,183,,22.70454545,p201,c5
30-07-2018,15,340.35,185,,22.69,p201,c5
06-08-2018,11,249.72,230,,22.70181818,p201,c5
13-08-2018,11,249.59,219,,22.69,p201,c5
20-08-2018,16,363.04,205,,22.69,p201,c5
27-08-2018,16,363.04,183,,22.69,p201,c5
03-09-2018,9,204.21,177,,22.69,p201,c5
10-09-2018,10,226.9,156,,22.69,p201,c5
17-09-2018,7,159.73,151,,22.81857143,p201,c5
24-09-2018,10,226.9,167,,22.69,p201,c5
01-10-2018,12,272.28,155,,22.69,p201,c5
08-10-2018,6,134.34,148,,22.39,p201,c5
15-10-2018,3,64.92,140,,21.64,p201,c5
22-10-2018,4,86.56,135,,21.64,p201,c5
29-10-2018,9,194.76,131,,21.64,p201,c5
05-11-2018,3,64.92,122,,21.64,p201,c5
12-11-2018,3,64.92,119,,21.64,p201,c5
19-11-2018,2,43.28,116,,21.64,p201,c5
26-11-2018,9,194.76,115,,21.64,p201,c5
03-12-2018,9,194.76,104,,21.64,p201,c5
10-12-2018,14,302.96,97,,21.64,p201,c5
17-12-2018,8,172.99,83,,21.62375,p201,c5
24-12-2018,1,21.44,76,,21.44,p201,c5
01-01-2018,28,435.05,,,15.5375,p202,c14
08-01-2018,11,172.98,790,,15.72545455,p202,c14
15-01-2018,14,235,769,,16.78571429,p202,c14
22-01-2018,19,375.06,753,,19.74,p202,c14
29-01-2018,14,277.36,737,,19.81142857,p202,c14
05-02-2018,15,299.06,722,,19.93733333,p202,c14
12-02-2018,6,119.94,707,,19.99,p202,c14
19-02-2018,8,160,701,,20,p202,c14
26-02-2018,11,207.78,694,,18.88909091,p202,c14
05-03-2018,13,233.41,685,,17.95461538,p202,c14
12-03-2018,11,197.57,666,,17.96090909,p202,c14
19-03-2018,36,646.42,662,,17.95611111,p202,c14
26-03-2018,18,323.13,636,,17.95166667,p202,c14
02-04-2018,11,197.59,620,,17.96272727,p202,c14
09-04-2018,12,215.67,610,,17.9725,p202,c14
16-04-2018,19,341.05,596,,17.95,p202,c14
23-04-2018,24,432.14,578,,18.00583333,p202,c14
30-04-2018,17,305.15,556,,17.95,p202,c14
07-05-2018,14,247.92,482,,17.70857143,p202,c14
14-05-2018,23,406.12,478,,17.6573913,p202,c14
21-05-2018,21,376.99,495,,17.95190476,p202,c14
28-05-2018,19,334.41,456,,17.60052632,p202,c14
04-06-2018,21,343.75,468,,16.36904762,p202,c14
11-06-2018,20,325.8,444,,16.29,p202,c14
18-06-2018,21,342.09,429,,16.29,p202,c14
25-06-2018,22,362.02,403,,16.45545455,p202,c14
02-07-2018,18,291.59,388,,16.19944444,p202,c14
09-07-2018,20,323.87,363,,16.1935,p202,c14
16-07-2018,20,325.57,343,,16.2785,p202,c14
23-07-2018,15,244.71,322,,16.314,p202,c14
30-07-2018,29,469.51,300,,16.19,p202,c14
06-08-2018,18,293.79,266,,16.32166667,p202,c14
13-08-2018,13,212.41,254,,16.33923077,p202,c14
20-08-2018,19,307.61,235,,16.19,p202,c14
27-08-2018,22,356.18,220,,16.19,p202,c14
03-09-2018,40,645.2,201,,16.13,p202,c14
10-09-2018,27,404.73,179,,14.99,p202,c14
17-09-2018,30,449.7,162,,14.99,p202,c14
24-09-2018,28,419.72,144,,14.99,p202,c14
01-10-2018,20,299.8,133,,14.99,p202,c14
08-10-2018,22,329.78,117,,14.99,p202,c14
15-10-2018,25,374.75,115,,14.99,p202,c14
22-10-2018,34,509.41,94,,14.98264706,p202,c14
29-10-2018,22,329.56,126,,14.98,p202,c14
05-11-2018,19,284.62,124,,14.98,p202,c14
12-11-2018,28,419.44,197,,14.98,p202,c14
19-11-2018,36,539.28,290,,14.98,p202,c14
26-11-2018,66,988.68,320,,14.98,p202,c14
03-12-2018,93,1393.14,331,,14.98,p202,c14
10-12-2018,99,1402.83,262,,14.17,p202,c14
17-12-2018,145,2028.55,168,,13.99,p202,c14
24-12-2018,4,55.96,27,,13.99,p202,c14
01-01-2018,105,1255.99,,,11.96180952,p203,c11
08-01-2018,87,1268.58,1986,,14.58137931,p203,c11
15-01-2018,72,1120.88,2152,,15.56777778,p203,c11
22-01-2018,84,1301.36,2094,,15.49238095,p203,c11
29-01-2018,102,1349.78,2059,,13.23313725,p203,c11
05-02-2018,115,1405.65,1935,,12.22304348,p203,c11
12-02-2018,76,949.24,1777,,12.49,p203,c11
19-02-2018,133,1710.37,1730,,12.85992481,p203,c11
26-02-2018,108,1572.91,1543,,14.56398148,p203,c11
05-03-2018,76,1181.04,1451,,15.54,p203,c11
12-03-2018,78,1228.22,1389,,15.74641026,p203,c11
19-03-2018,210,2640.6,1338,,12.57428571,p203,c11
26-03-2018,108,1317.79,1189,,12.20175926,p203,c11
02-04-2018,107,1304.33,1081,,12.19,p203,c11
09-04-2018,117,1426.23,1014,,12.19,p203,c11
16-04-2018,121,1474.99,887,,12.19,p203,c11
23-04-2018,111,1353.09,762,,12.19,p203,c11
30-04-2018,126,1544.08,643,,12.25460317,p203,c11
07-05-2018,69,931.11,517,,13.49434783,p203,c11
14-05-2018,116,1543.91,506,,13.30956897,p203,c11
21-05-2018,110,1345.71,523,,12.23372727,p203,c11
28-05-2018,108,1319.5,462,,12.21759259,p203,c11
04-06-2018,95,1158.05,410,,12.19,p203,c11
11-06-2018,99,1206.81,398,,12.19,p203,c11
18-06-2018,83,1007.37,369,,12.13698795,p203,c11
25-06-2018,99,1196.91,329,,12.09,p203,c11
02-07-2018,91,1100.19,402,,12.09,p203,c11
09-07-2018,157,1898.13,564,,12.09,p203,c11
16-07-2018,191,2309.94,484,,12.0939267,p203,c11
23-07-2018,147,1777.23,436,,12.09,p203,c11
30-07-2018,141,1704.69,451,,12.09,p203,c11
06-08-2018,183,2213.38,499,,12.09497268,p203,c11
13-08-2018,205,2478.45,463,,12.09,p203,c11
20-08-2018,199,2407.85,280,,12.09974874,p203,c11
27-08-2018,40,483.6,51,,12.09,p203,c11
03-09-2018,10,120.9,4,,12.09,p203,c11
10-09-2018,26,314.34,61,,12.09,p203,c11
17-09-2018,174,2103.66,455,,12.09,p203,c11
24-09-2018,343,4146.87,332,,12.09,p203,c11
01-10-2018,224,2708.16,239,,12.09,p203,c11
08-10-2018,183,2212.91,127,,12.09240437,p203,c11
15-10-2018,153,1849.77,231,,12.09,p203,c11
22-10-2018,155,2135.89,1065,,13.77993548,p203,c11
29-10-2018,167,2055.58,1612,,12.30886228,p203,c11
05-11-2018,179,2164.11,1497,,12.09,p203,c11
12-11-2018,191,2309.19,1848,,12.09,p203,c11
19-11-2018,251,3034.59,2097,,12.09,p203,c11
26-11-2018,429,5186.61,1933,,12.09,p203,c11
03-12-2018,342,4134.78,1467,,12.09,p203,c11
10-12-2018,433,5241.92,1942,,12.10605081,p203,c11
17-12-2018,316,3820.44,1868,,12.09,p203,c11
24-12-2018,66,797.94,1524,,12.09,p203,c11
01-01-2018,151,1811.4,,,11.99602649,p204,c15
08-01-2018,123,1630.83,933,,13.25878049,p204,c15
15-01-2018,100,1493.96,901,,14.9396,p204,c15
22-01-2018,105,1567.23,813,,14.926,p204,c15
29-01-2018,115,1671.77,713,,14.53713043,p204,c15
05-02-2018,133,1768.31,613,,13.29556391,p204,c15
12-02-2018,93,1235.97,470,,13.29,p204,c15
19-02-2018,180,2392.2,352,,13.29,p204,c15
26-02-2018,111,1483.69,147,,13.36657658,p204,c15
05-03-2018,55,754.75,26,,13.72272727,p204,c15
12-03-2018,26,386.34,10,,14.85923077,p204,c15
19-03-2018,2,29.98,7,,14.99,p204,c15
26-03-2018,1,14.99,7,,14.99,p204,c15
02-04-2018,73,1036.67,6,,14.2009589,p204,c15
09-04-2018,87,1234.53,387,,14.19,p204,c15
16-04-2018,123,1745.37,624,,14.19,p204,c15
23-04-2018,127,1802.13,539,,14.19,p204,c15
30-04-2018,126,1787.94,395,,14.19,p204,c15
07-05-2018,122,1731.18,336,,14.19,p204,c15
14-05-2018,121,1716.99,486,,14.19,p204,c15
21-05-2018,85,1206.15,511,,14.19,p204,c15
28-05-2018,115,1631.85,492,,14.19,p204,c15
04-06-2018,151,2142.69,376,,14.19,p204,c15
11-06-2018,169,2398.11,320,,14.19,p204,c15
18-06-2018,182,2582.58,392,,14.19,p204,c15
25-06-2018,30,425.7,487,,14.19,p204,c15
02-07-2018,2,28.38,459,,14.19,p204,c15
09-07-2018,105,1489.95,491,,14.19,p204,c15
16-07-2018,162,2298.78,719,,14.19,p204,c15
23-07-2018,131,1858.89,1015,,14.19,p204,c15
30-07-2018,126,1787.94,996,,14.19,p204,c15
06-08-2018,112,1589.28,1053,,14.19,p204,c15
13-08-2018,86,1220.34,1048,,14.19,p204,c15
20-08-2018,87,1234.53,957,,14.19,p204,c15
10-09-2018,21,416.91,638,,19.85285714,p204,c15
17-09-2018,150,2986.58,587,,19.91053333,p204,c15
24-09-2018,105,2098.95,1192,,19.99,p204,c15
01-10-2018,61,1219.39,3297,,19.99,p204,c15
08-10-2018,73,1459.27,3786,,19.99,p204,c15
15-10-2018,59,1179.41,3866,,19.99,p204,c15
22-10-2018,63,1259.37,4354,,19.99,p204,c15
29-10-2018,75,1499.25,4996,,19.99,p204,c15
05-11-2018,87,1739.13,4968,,19.99,p204,c15
12-11-2018,96,1919.04,4902,,19.99,p204,c15
19-11-2018,125,2498.75,4827,,19.99,p204,c15
26-11-2018,240,4632.24,4745,,19.301,p204,c15
03-12-2018,219,4152.13,5018,,18.95949772,p204,c15
10-12-2018,281,5324.95,4805,,18.95,p204,c15
17-12-2018,261,4945.95,4534,,18.95,p204,c15
24-12-2018,71,1345.45,4248,,18.95,p204,c15
01-01-2018,90,1096.46,,,12.18288889,p207,c13
08-01-2018,85,1075.47,270,,12.65258824,p207,c13
15-01-2018,29,512.87,395,,17.68517241,p207,c13
22-01-2018,32,576.96,503,,18.03,p207,c13
29-01-2018,39,703.17,478,,18.03,p207,c13
05-02-2018,33,592.35,441,,17.95,p207,c13
12-02-2018,30,537.6,414,,17.92,p207,c13
19-02-2018,25,448,370,,17.92,p207,c13
26-02-2018,22,394.24,339,,17.92,p207,c13
05-03-2018,33,591.36,320,,17.92,p207,c13
12-03-2018,31,555.52,287,,17.92,p207,c13
19-03-2018,56,1003.52,252,,17.92,p207,c13
26-03-2018,24,430.08,239,,17.92,p207,c13
02-04-2018,18,322.56,288,,17.92,p207,c13
09-04-2018,55,985.6,308,,17.92,p207,c13
16-04-2018,35,580.69,301,,16.59114286,p207,c13
23-04-2018,24,376.91,268,,15.70458333,p207,c13
30-04-2018,30,470.48,239,,15.68266667,p207,c13
07-05-2018,32,501.44,208,,15.67,p207,c13
14-05-2018,38,595.46,201,,15.67,p207,c13
21-05-2018,30,470.1,187,,15.67,p207,c13
28-05-2018,22,344.74,172,,15.67,p207,c13
04-06-2018,29,454.43,190,,15.67,p207,c13
11-06-2018,24,414.96,194,,17.29,p207,c13
18-06-2018,16,319.84,175,,19.99,p207,c13
25-06-2018,18,357.82,172,,19.87888889,p207,c13
02-07-2018,15,269.85,163,,17.99,p207,c13
09-07-2018,19,341.81,153,,17.99,p207,c13
16-07-2018,30,539.7,163,,17.99,p207,c13
23-07-2018,21,377.79,152,,17.99,p207,c13
30-07-2018,18,323.82,150,,17.99,p207,c13
06-08-2018,20,359.9,148,,17.995,p207,c13
13-08-2018,21,377.79,168,,17.99,p207,c13
20-08-2018,23,413.77,144,,17.99,p207,c13
27-08-2018,36,647.64,123,,17.99,p207,c13
03-09-2018,40,719.6,102,,17.99,p207,c13
10-09-2018,68,1223.32,68,,17.99,p207,c13
17-09-2018,34,611.66,116,,17.99,p207,c13
24-09-2018,50,899.5,209,,17.99,p207,c13
01-10-2018,30,539.7,197,,17.99,p207,c13
08-10-2018,22,395.78,179,,17.99,p207,c13
15-10-2018,27,485.73,498,,17.99,p207,c13
22-10-2018,36,647.64,820,,17.99,p207,c13
29-10-2018,41,737.59,927,,17.99,p207,c13
05-11-2018,35,629.65,919,,17.99,p207,c13
12-11-2018,41,737.59,988,,17.99,p207,c13
19-11-2018,104,1573.96,1234,,15.13423077,p207,c13
26-11-2018,161,2669.69,1320,,16.58192547,p207,c13
03-12-2018,107,1921.58,1182,,17.95869159,p207,c13
10-12-2018,161,2613.09,1089,,16.23037267,p207,c13
17-12-2018,201,3068.29,942,,15.26512438,p207,c13
24-12-2018,51,769.08,731,,15.08,p207,c13
01-01-2018,36,462.81,,,12.85583333,p208,c13
08-01-2018,21,271.29,254,,12.91857143,p208,c13
15-01-2018,16,248.51,227,,15.531875,p208,c13
22-01-2018,29,377.4,218,,13.0137931,p208,c13
29-01-2018,17,248.84,192,,14.63764706,p208,c13
05-02-2018,3,59.97,175,,19.99,p208,c13
12-02-2018,1,19.99,172,,19.99,p208,c13
19-02-2018,3,59.97,170,,19.99,p208,c13
26-02-2018,3,59.97,168,,19.99,p208,c13
05-03-2018,4,79.96,166,,19.99,p208,c13
12-03-2018,6,93.95,156,,15.65833333,p208,c13
19-03-2018,18,257.51,159,,14.30611111,p208,c13
26-03-2018,15,212.85,136,,14.19,p208,c13
02-04-2018,8,113.52,132,,14.19,p208,c13
09-04-2018,25,354.75,132,,14.19,p208,c13
16-04-2018,7,99.33,125,,14.19,p208,c13
23-04-2018,13,184.47,128,,14.19,p208,c13
30-04-2018,15,212.85,120,,14.19,p208,c13
07-05-2018,14,218.66,104,,15.61857143,p208,c13
14-05-2018,3,57.57,93,,19.19,p208,c13
21-05-2018,6,110.14,89,,18.35666667,p208,c13
28-05-2018,5,80.95,81,,16.19,p208,c13
04-06-2018,9,127.71,83,,14.19,p208,c13
11-06-2018,10,141.9,77,,14.19,p208,c13
18-06-2018,12,170.28,71,,14.19,p208,c13
25-06-2018,20,283.8,62,,14.19,p208,c13
02-07-2018,11,156.09,68,,14.19,p208,c13
09-07-2018,15,212.85,42,,14.19,p208,c13
16-07-2018,17,241.23,67,,14.19,p208,c13
23-07-2018,14,198.66,74,,14.19,p208,c13
30-07-2018,12,170.28,61,,14.19,p208,c13
06-08-2018,14,198.66,92,,14.19,p208,c13
13-08-2018,18,255.42,74,,14.19,p208,c13
20-08-2018,15,212.85,75,,14.19,p208,c13
27-08-2018,21,297.99,76,,14.19,p208,c13
03-09-2018,45,638.55,92,,14.19,p208,c13
10-09-2018,58,823.02,82,,14.19,p208,c13
17-09-2018,30,425.7,53,,14.19,p208,c13
24-09-2018,38,539.22,56,,14.19,p208,c13
01-10-2018,20,283.8,52,,14.19,p208,c13
08-10-2018,23,326.37,55,,14.19,p208,c13
15-10-2018,18,255.42,53,,14.19,p208,c13
22-10-2018,21,297.99,103,,14.19,p208,c13
29-10-2018,18,255.42,123,,14.19,p208,c13
05-11-2018,24,340.56,102,,14.19,p208,c13
12-11-2018,43,610.17,84,,14.19,p208,c13
19-11-2018,37,525.03,45,,14.19,p208,c13
26-11-2018,2,28.38,2,,14.19,p208,c13
03-12-2018,2,28.38,0,,14.19,p208,c13
10-12-2018,60,851.4,0,,14.19,p208,c13
17-12-2018,78,1106.82,34,,14.19,p208,c13
24-12-2018,11,156.09,1,,14.19,p208,c13
01-01-2018,60,744.66,,,12.411,p209,c13
08-01-2018,44,575.65,484,,13.08295455,p209,c13
15-01-2018,70,892.89,424,,12.75557143,p209,c13
22-01-2018,49,613.19,363,,12.51408163,p209,c13
29-01-2018,67,838.84,318,,12.52,p209,c13
05-02-2018,50,607.72,254,,12.1544,p209,c13
12-02-2018,42,503.58,203,,11.99,p209,c13
19-02-2018,45,539.55,146,,11.99,p209,c13
26-02-2018,35,419.65,103,,11.99,p209,c13
05-03-2018,45,565.55,77,,12.56777778,p209,c13
12-03-2018,20,332.98,32,,16.649,p209,c13
19-03-2018,19,340.01,10,,17.89526316,p209,c13
26-03-2018,13,221.67,63,,17.05153846,p209,c13
02-04-2018,67,910.53,168,,13.59,p209,c13
09-04-2018,37,502.98,131,,13.59405405,p209,c13
16-04-2018,28,380.52,99,,13.59,p209,c13
23-04-2018,35,475.65,144,,13.59,p209,c13
30-04-2018,28,380.52,258,,13.59,p209,c13
07-05-2018,52,706.68,230,,13.59,p209,c13
14-05-2018,42,570.78,178,,13.59,p209,c13
21-05-2018,31,421.29,151,,13.59,p209,c13
28-05-2018,22,298.98,155,,13.59,p209,c13
04-06-2018,31,421.29,139,,13.59,p209,c13
11-06-2018,32,434.88,159,,13.59,p209,c13
18-06-2018,35,475.65,170,,13.59,p209,c13
25-06-2018,46,625.22,151,,13.59173913,p209,c13
02-07-2018,41,557.19,160,,13.59,p209,c13
09-07-2018,35,479.49,126,,13.69971429,p209,c13
16-07-2018,63,856.17,180,,13.59,p209,c13
23-07-2018,50,679.56,208,,13.5912,p209,c13
30-07-2018,45,611.55,158,,13.59,p209,c13
06-08-2018,46,625.14,158,,13.59,p209,c13
13-08-2018,42,570.78,159,,13.59,p209,c13
20-08-2018,41,557.19,199,,13.59,p209,c13
27-08-2018,86,1168.74,204,,13.59,p209,c13
03-09-2018,101,1372.59,274,,13.59,p209,c13
10-09-2018,123,1671.57,343,,13.59,p209,c13
17-09-2018,96,1304.64,400,,13.59,p209,c13
24-09-2018,78,1060.24,584,,13.59282051,p209,c13
01-10-2018,49,665.96,530,,13.59102041,p209,c13
08-10-2018,59,801.81,680,,13.59,p209,c13
15-10-2018,60,815.4,897,,13.59,p209,c13
22-10-2018,45,611.67,1142,,13.59266667,p209,c13
29-10-2018,72,998.46,1257,,13.8675,p209,c13
05-11-2018,65,917.37,1187,,14.11338462,p209,c13
12-11-2018,56,861.89,1170,,15.39089286,p209,c13
19-11-2018,56,1090.93,1113,,19.48089286,p209,c13
26-11-2018,80,1598.11,1062,,19.976375,p209,c13
03-12-2018,96,1919.04,980,,19.99,p209,c13
10-12-2018,137,2642.63,891,,19.28927007,p209,c13
17-12-2018,107,1928.93,768,,18.02738318,p209,c13
24-12-2018,36,647.64,645,,17.99,p209,c13
01-01-2018,23,274.32,,,11.92695652,p210,c13
08-01-2018,20,256.85,302,,12.8425,p210,c13
15-01-2018,20,359.8,283,,17.99,p210,c13
22-01-2018,6,107.94,271,,17.99,p210,c13
29-01-2018,12,215.85,245,,17.9875,p210,c13
05-02-2018,4,63.6,247,,15.9,p210,c13
12-02-2018,6,84.59,244,,14.09833333,p210,c13
19-02-2018,3,41.07,235,,13.69,p210,c13
26-02-2018,10,136.9,233,,13.69,p210,c13
05-03-2018,8,109.52,224,,13.69,p210,c13
12-03-2018,7,95.83,214,,13.69,p210,c13
19-03-2018,14,191.66,203,,13.69,p210,c13
26-03-2018,2,35.98,198,,17.99,p210,c13
02-04-2018,8,143.92,195,,17.99,p210,c13
09-04-2018,3,41.07,188,,13.69,p210,c13
16-04-2018,17,232.73,185,,13.69,p210,c13
23-04-2018,11,150.59,169,,13.69,p210,c13
30-04-2018,20,273.8,154,,13.69,p210,c13
07-05-2018,13,177.97,134,,13.69,p210,c13
14-05-2018,9,123.21,121,,13.69,p210,c13
21-05-2018,14,191.66,113,,13.69,p210,c13
28-05-2018,11,150.59,99,,13.69,p210,c13
04-06-2018,18,246.42,87,,13.69,p210,c13
11-06-2018,12,164.28,68,,13.69,p210,c13
18-06-2018,25,342.25,48,,13.69,p210,c13
25-06-2018,16,219.04,55,,13.69,p210,c13
02-07-2018,24,328.56,62,,13.69,p210,c13
09-07-2018,9,123.21,64,,13.69,p210,c13
16-07-2018,34,465.46,79,,13.69,p210,c13
23-07-2018,17,232.73,84,,13.69,p210,c13
30-07-2018,8,109.52,92,,13.69,p210,c13
06-08-2018,21,287.49,87,,13.69,p210,c13
13-08-2018,12,164.28,85,,13.69,p210,c13
20-08-2018,9,123.21,122,,13.69,p210,c13
27-08-2018,22,301.18,111,,13.69,p210,c13
03-09-2018,15,205.35,131,,13.69,p210,c13
10-09-2018,40,547.6,170,,13.69,p210,c13
17-09-2018,15,205.35,152,,13.69,p210,c13
24-09-2018,12,164.28,149,,13.69,p210,c13
01-10-2018,12,164.28,166,,13.69,p210,c13
08-10-2018,10,136.9,156,,13.69,p210,c13
15-10-2018,14,191.66,161,,13.69,p210,c13
22-10-2018,9,123.21,168,,13.69,p210,c13
29-10-2018,7,95.83,181,,13.69,p210,c13
05-11-2018,14,191.66,187,,13.69,p210,c13
12-11-2018,19,260.11,243,,13.69,p210,c13
19-11-2018,26,355.94,321,,13.69,p210,c13
26-11-2018,30,410.7,411,,13.69,p210,c13
03-12-2018,28,383.32,409,,13.69,p210,c13
10-12-2018,47,643.43,394,,13.69,p210,c13
17-12-2018,43,588.67,375,,13.69,p210,c13
24-12-2018,11,150.59,328,,13.69,p210,c13
