customer_1_sales_data.csv
Date,Units,Revenue,Inventory_Amount,Inventory_Units,Price,PID,CID
01-01-2018,11,87.89,,,7.99,p211,c5
08-01-2018,9,71.91,40,,7.99,p211,c5
15-01-2018,12,95.88,33,,7.99,p211,c5
22-01-2018,13,103.87,21,,7.99,p211,c5
29-01-2018,5,39.95,6,,7.99,p211,c5
05-02-2018,12,95.88,39,,7.99,p211,c5
12-02-2018,5,39.95,39,,7.99,p211,c5
19-02-2018,9,71.91,35,,7.99,p211,c5
26-02-2018,5,39.95,55,,7.99,p211,c5
05-03-2018,8,63.92,55,,7.99,p211,c5
12-03-2018,2,15.98,48,,7.99,p211,c5
19-03-2018,18,143.82,44,,7.99,p211,c5
26-03-2018,10,79.9,39,,7.99,p211,c5
02-04-2018,5,39.95,24,,7.99,p211,c5
09-04-2018,9,71.91,22,,7.99,p211,c5
16-04-2018,9,71.91,15,,7.99,p211,c5
23-04-2018,8,63.92,16,,7.99,p211,c5
30-04-2018,12,95.88,31,,7.99,p211,c5
07-05-2018,5,39.95,42,,7.99,p211,c5
14-05-2018,7,55.93,48,,7.99,p211,c5
21-05-2018,10,79.9,48,,7.99,p211,c5
28-05-2018,12,95.88,40,,7.99,p211,c5
04-06-2018,15,119.85,30,,7.99,p211,c5
11-06-2018,16,127.84,19,,7.99,p211,c5
18-06-2018,7,55.93,9,,7.99,p211,c5
25-06-2018,15,119.85,18,,7.99,p211,c5
02-07-2018,10,79.99,28,,7.999,p211,c5
09-07-2018,21,167.79,35,,7.99,p211,c5
16-07-2018,10,79.9,52,,7.99,p211,c5
23-07-2018,10,79.9,48,,7.99,p211,c5
30-07-2018,12,95.88,100,,7.99,p211,c5
06-08-2018,16,127.84,126,,7.99,p211,c5
13-08-2018,26,207.74,102,,7.99,p211,c5
20-08-2018,22,175.78,96,,7.99,p211,c5
27-08-2018,36,287.64,89,,7.99,p211,c5
03-09-2018,18,143.82,56,,7.99,p211,c5
10-09-2018,25,199.75,97,,7.99,p211,c5
17-09-2018,44,351.56,127,,7.99,p211,c5
24-09-2018,18,144.08,88,,8.004444444,p211,c5
01-10-2018,13,103.87,127,,7.99,p211,c5
08-10-2018,23,183.77,117,,7.99,p211,c5
15-10-2018,5,39.95,91,,7.99,p211,c5
22-10-2018,6,47.94,87,,7.99,p211,c5
29-10-2018,5,39.95,95,,7.99,p211,c5
05-11-2018,5,39.95,92,,7.99,p211,c5
12-11-2018,7,55.93,87,,7.99,p211,c5
19-11-2018,10,79.9,79,,7.99,p211,c5
26-11-2018,8,63.92,72,,7.99,p211,c5
03-12-2018,10,79.9,62,,7.99,p211,c5
10-12-2018,6,46.11,52,,7.685,p211,c5
17-12-2018,10,79.52,45,,7.952,p211,c5
24-12-2018,1,6.85,34,,6.85,p211,c5
15-01-2018,4,492.56,11,,123.14,p212,c14
22-01-2018,2,246.28,7,,123.14,p212,c14
29-01-2018,3,369.42,5,,123.14,p212,c14
19-02-2018,1,123.14,7,,123.14,p212,c14
05-03-2018,2,246.28,9,,123.14,p212,c14
12-03-2018,2,246.28,7,,123.14,p212,c14
19-03-2018,1,123.14,6,,123.14,p212,c14
02-04-2018,1,123.14,6,,123.14,p212,c14
23-04-2018,2,246.28,7,,123.14,p212,c14
21-05-2018,2,246.28,9,,123.14,p212,c14
28-05-2018,12,1477.68,7,,123.14,p212,c14
04-06-2018,5,615.7,1,,123.14,p212,c14
11-06-2018,5,615.7,3,,123.14,p212,c14
18-06-2018,4,492.56,6,,123.14,p212,c14
25-06-2018,4,492.56,13,,123.14,p212,c14
09-07-2018,1,123.14,19,,123.14,p212,c14
16-07-2018,6,738.84,24,,123.14,p212,c14
30-07-2018,3,369.42,20,,123.14,p212,c14
06-08-2018,1,123.14,17,,123.14,p212,c14
13-08-2018,2,246.28,16,,123.14,p212,c14
20-08-2018,3,369.42,15,,123.14,p212,c14
27-08-2018,2,246.28,13,,123.14,p212,c14
03-09-2018,4,492.56,12,,123.14,p212,c14
10-09-2018,0,0,11,,,p212,c14
17-09-2018,2,246.28,13,,123.14,p212,c14
24-09-2018,2,246.28,13,,123.14,p212,c14
01-10-2018,0,0,12,,,p212,c14
08-10-2018,1,123.14,12,,123.14,p212,c14
15-10-2018,3,369.42,11,,123.14,p212,c14
22-10-2018,2,246.28,8,,123.14,p212,c14
29-10-2018,1,123.14,6,,123.14,p212,c14
05-11-2018,1,123.99,6,,123.99,p212,c14
12-11-2018,1,123.99,9,,123.99,p212,c14
19-11-2018,0,0,10,,,p212,c14
26-11-2018,3,371.97,10,,123.99,p212,c14
03-12-2018,1,123.99,10,,123.99,p212,c14
10-12-2018,1,123.99,9,,123.99,p212,c14
17-12-2018,1,123.99,8,,123.99,p212,c14
24-12-2018,0,0,7,,,p212,c14
01-01-2018,4,31.96,,,7.99,p213,c5
08-01-2018,3,23.97,54,,7.99,p213,c5
15-01-2018,5,39.95,50,,7.99,p213,c5
22-01-2018,4,31.96,44,,7.99,p213,c5
29-01-2018,3,23.97,40,,7.99,p213,c5
05-02-2018,2,15.98,37,,7.99,p213,c5
12-02-2018,1,7.99,28,,7.99,p213,c5
19-02-2018,7,31.96,33,,4.565714286,p213,c5
26-02-2018,6,23.97,26,,3.995,p213,c5
05-03-2018,7,47.94,21,,6.848571429,p213,c5
12-03-2018,6,15.98,15,,2.663333333,p213,c5
19-03-2018,4,31.96,7,,7.99,p213,c5
26-03-2018,2,0,1,,0,p213,c5
02-04-2018,4,7.99,10,,1.9975,p213,c5
09-04-2018,2,7.99,4,,3.995,p213,c5
16-04-2018,3,23.97,3,,7.99,p213,c5
01-01-2018,4,43.16,,,10.79,p214,c14
08-01-2018,1,12.93,31,,12.93,p214,c14
15-01-2018,1,18.03,30,,18.03,p214,c14
22-01-2018,1,18.03,28,,18.03,p214,c14
29-01-2018,1,13.03,27,,13.03,p214,c14
12-03-2018,1,12.89,24,,12.89,p214,c14
19-03-2018,7,90.23,23,,12.89,p214,c14
26-03-2018,5,64.45,18,,12.89,p214,c14
02-04-2018,3,38.67,13,,12.89,p214,c14
09-04-2018,1,12.89,16,,12.89,p214,c14
16-04-2018,2,25.78,22,,12.89,p214,c14
23-04-2018,1,12.89,13,,12.89,p214,c14
30-04-2018,3,38.67,16,,12.89,p214,c14
14-05-2018,1,12.89,18,,12.89,p214,c14
28-05-2018,2,25.78,23,,12.89,p214,c14
04-06-2018,5,64.45,22,,12.89,p214,c14
11-06-2018,2,25.78,16,,12.89,p214,c14
18-06-2018,3,38.67,15,,12.89,p214,c14
25-06-2018,5,64.45,11,,12.89,p214,c14
02-07-2018,1,12.89,14,,12.89,p214,c14
09-07-2018,6,77.34,12,,12.89,p214,c14
16-07-2018,8,103.12,15,,12.89,p214,c14
23-07-2018,1,12.89,10,,12.89,p214,c14
30-07-2018,3,38.67,18,,12.89,p214,c14
06-08-2018,3,38.67,27,,12.89,p214,c14
13-08-2018,3,38.67,31,,12.89,p214,c14
20-08-2018,4,52.92,27,,13.23,p214,c14
27-08-2018,2,33.06,23,,16.53,p214,c14
03-09-2018,0,0,22,,,p214,c14
10-09-2018,1,18.15,25,,18.15,p214,c14
17-09-2018,3,40.71,25,,13.57,p214,c14
24-09-2018,0,0,24,,,p214,c14
01-10-2018,1,13.57,24,,13.57,p214,c14
08-10-2018,0,0,23,,,p214,c14
15-10-2018,2,27.14,22,,13.57,p214,c14
22-10-2018,1,13.57,20,,13.57,p214,c14
29-10-2018,1,13.57,19,,13.57,p214,c14
05-11-2018,0,0,18,,,p214,c14
12-11-2018,4,54.28,18,,13.57,p214,c14
19-11-2018,2,27.14,15,,13.57,p214,c14
26-11-2018,9,122.13,13,,13.57,p214,c14
03-12-2018,8,108.56,12,,13.57,p214,c14
10-12-2018,0,0,1,,,p214,c14
17-12-2018,11,149.27,1,,13.57,p214,c14
24-12-2018,1,13.57,0,,13.57,p214,c14
01-01-2018,133,2049.09,,,15.40669173,p215,c14
08-01-2018,190,2914.02,1150,,15.33694737,p215,c14
15-01-2018,158,2431.62,1116,,15.39,p215,c14
22-01-2018,200,3075.48,1006,,15.3774,p215,c14
29-01-2018,175,2691.36,836,,15.3792,p215,c14
05-02-2018,167,2653.75,662,,15.89071856,p215,c14
12-02-2018,88,1713.12,470,,19.46727273,p215,c14
19-02-2018,119,2369.61,401,,19.91268908,p215,c14
26-02-2018,98,1959.02,271,,19.99,p215,c14
05-03-2018,103,1603.57,123,,15.56864078,p215,c14
12-03-2018,132,2034.08,61,,15.40969697,p215,c14
19-03-2018,26,400.54,33,,15.40538462,p215,c14
26-03-2018,100,1539,6,,15.39,p215,c14
02-04-2018,145,2231.69,256,,15.39096552,p215,c14
09-04-2018,122,1891.38,177,,15.50311475,p215,c14
16-04-2018,136,2465.64,301,,18.12970588,p215,c14
23-04-2018,94,1851.46,507,,19.69638298,p215,c14
30-04-2018,86,1709.94,493,,19.88302326,p215,c14
07-05-2018,128,2126.32,425,,16.611875,p215,c14
14-05-2018,142,2187.4,444,,15.40422535,p215,c14
21-05-2018,143,2200.77,497,,15.39,p215,c14
28-05-2018,104,1600.56,387,,15.39,p215,c14
04-06-2018,90,1385.1,380,,15.39,p215,c14
11-06-2018,107,1646.73,401,,15.39,p215,c14
18-06-2018,86,1337.54,316,,15.5527907,p215,c14
25-06-2018,92,1415.88,225,,15.39,p215,c14
02-07-2018,108,1662.12,155,,15.39,p215,c14
09-07-2018,113,1739.07,96,,15.39,p215,c14
16-07-2018,112,1765.08,603,,15.75964286,p215,c14
23-07-2018,84,1679.16,795,,19.99,p215,c14
30-07-2018,104,2078.96,768,,19.99,p215,c14
06-08-2018,127,2540.9,662,,20.00708661,p215,c14
13-08-2018,98,1959.02,534,,19.99,p215,c14
20-08-2018,99,1979.01,438,,19.99,p215,c14
27-08-2018,179,3578.21,324,,19.99,p215,c14
03-09-2018,214,4277.86,177,,19.99,p215,c14
10-09-2018,166,3318.34,42,,19.99,p215,c14
17-09-2018,206,4117.94,152,,19.99,p215,c14
24-09-2018,241,4817.59,598,,19.99,p215,c14
01-10-2018,147,2938.53,446,,19.99,p215,c14
08-10-2018,163,3258.73,523,,19.99220859,p215,c14
15-10-2018,173,3458.27,979,,19.99,p215,c14
22-10-2018,254,5077.8,1926,,19.99133858,p215,c14
29-10-2018,162,3238.38,2485,,19.99,p215,c14
05-11-2018,250,4996.88,2775,,19.98752,p215,c14
12-11-2018,411,8211.91,3013,,19.9803163,p215,c14
19-11-2018,693,13846.26,2824,,19.98017316,p215,c14
26-11-2018,1182,22626.68,2678,,19.14270728,p215,c14
03-12-2018,1064,20166,2900,,18.95300752,p215,c14
10-12-2018,955,18097.25,1894,,18.95,p215,c14
17-12-2018,745,14144.1,1589,,18.98536913,p215,c14
24-12-2018,85,1615.11,869,,19.00129412,p215,c14
01-01-2018,2,165.98,,,82.99,p216,c11
08-01-2018,1,82.99,12,,82.99,p216,c11
29-01-2018,1,82.99,11,,82.99,p216,c11
12-02-2018,2,165.98,10,,82.99,p216,c11
05-03-2018,1,81.99,7,,81.99,p216,c11
19-03-2018,3,245.97,6,,81.99,p216,c11
26-03-2018,1,81.99,5,,81.99,p216,c11
23-04-2018,1,81.99,10,,81.99,p216,c11
30-04-2018,1,81.99,9,,81.99,p216,c11
21-05-2018,1,81.99,8,,81.99,p216,c11
04-06-2018,1,83.32,8,,83.32,p216,c11
18-06-2018,1,79.64,7,,79.64,p216,c11
25-06-2018,1,77.84,6,,77.84,p216,c11
16-07-2018,4,311.36,5,,77.84,p216,c11
23-07-2018,1,78.73,3,,78.73,p216,c11
13-08-2018,1,75.23,10,,75.23,p216,c11
20-08-2018,2,132.3,17,,66.15,p216,c11
01-01-2018,2,44.92,,,22.46,p217,c5
08-01-2018,3,67.39,64,,22.46333333,p217,c5
15-01-2018,5,102.23,62,,20.446,p217,c5
22-01-2018,10,226.72,56,,22.672,p217,c5
29-01-2018,1,23.19,46,,23.19,p217,c5
05-02-2018,1,19.81,45,,19.81,p217,c5
12-02-2018,2,39.62,54,,19.81,p217,c5
19-02-2018,4,79.24,54,,19.81,p217,c5
26-02-2018,1,19.81,50,,19.81,p217,c5
05-03-2018,6,118.86,49,,19.81,p217,c5
12-03-2018,5,99.05,43,,19.81,p217,c5
19-03-2018,14,277.74,40,,19.83857143,p217,c5
02-04-2018,4,79.24,31,,19.81,p217,c5
09-04-2018,4,79.24,28,,19.81,p217,c5
16-04-2018,3,59.43,23,,19.81,p217,c5
23-04-2018,7,138.67,18,,19.81,p217,c5
30-04-2018,4,79.24,17,,19.81,p217,c5
07-05-2018,9,178.39,38,,19.82111111,p217,c5
14-05-2018,3,59.43,31,,19.81,p217,c5
21-05-2018,7,138.67,46,,19.81,p217,c5
28-05-2018,6,118.86,43,,19.81,p217,c5
04-06-2018,2,39.62,37,,19.81,p217,c5
11-06-2018,2,39.62,35,,19.81,p217,c5
18-06-2018,12,237.72,33,,19.81,p217,c5
25-06-2018,10,198.1,31,,19.81,p217,c5
02-07-2018,11,217.91,20,,19.81,p217,c5
09-07-2018,5,99.41,17,,19.882,p217,c5
16-07-2018,1,19.81,51,,19.81,p217,c5
23-07-2018,10,198.24,49,,19.824,p217,c5
30-07-2018,11,218.11,56,,19.82818182,p217,c5
06-08-2018,10,198.79,79,,19.879,p217,c5
13-08-2018,5,99.05,70,,19.81,p217,c5
20-08-2018,6,118.86,94,,19.81,p217,c5
27-08-2018,7,138.67,116,,19.81,p217,c5
03-09-2018,20,396.2,103,,19.81,p217,c5
10-09-2018,19,376.39,122,,19.81,p217,c5
17-09-2018,43,851.83,124,,19.81,p217,c5
24-09-2018,15,297.15,125,,19.81,p217,c5
01-10-2018,12,237.72,119,,19.81,p217,c5
08-10-2018,8,158.48,110,,19.81,p217,c5
15-10-2018,5,99.05,119,,19.81,p217,c5
22-10-2018,8,158.48,137,,19.81,p217,c5
29-10-2018,10,198.1,166,,19.81,p217,c5
05-11-2018,3,68.07,217,,22.69,p217,c5
12-11-2018,1,22.69,245,,22.69,p217,c5
19-11-2018,6,136.14,253,,22.69,p217,c5
26-11-2018,4,70.44,248,,17.61,p217,c5
03-12-2018,7,126.49,243,,18.07,p217,c5
10-12-2018,18,268.19,237,,14.89944444,p217,c5
17-12-2018,18,265.86,271,,14.77,p217,c5
24-12-2018,3,44.31,262,,14.77,p217,c5
01-01-2018,3,51.36,,,17.12,p218,c5
08-01-2018,3,51.36,41,,17.12,p218,c5
15-01-2018,2,34.24,36,,17.12,p218,c5
22-01-2018,4,68.48,34,,17.12,p218,c5
29-01-2018,8,137.11,29,,17.13875,p218,c5
05-02-2018,1,17.12,22,,17.12,p218,c5
12-02-2018,5,85.6,34,,17.12,p218,c5
19-02-2018,11,188.92,30,,17.17454545,p218,c5
26-02-2018,3,51.36,21,,17.12,p218,c5
05-03-2018,3,51.36,20,,17.12,p218,c5
12-03-2018,8,136.96,22,,17.12,p218,c5
19-03-2018,10,171.2,19,,17.12,p218,c5
26-03-2018,1,17.12,35,,17.12,p218,c5
09-04-2018,3,51.36,33,,17.12,p218,c5
16-04-2018,5,85.6,31,,17.12,p218,c5
30-04-2018,1,17.12,26,,17.12,p218,c5
07-05-2018,1,17.12,25,,17.12,p218,c5
14-05-2018,2,34.24,24,,17.12,p218,c5
21-05-2018,1,17.12,24,,17.12,p218,c5
28-05-2018,7,120.29,21,,17.18428571,p218,c5
04-06-2018,5,85.6,16,,17.12,p218,c5
11-06-2018,5,85.6,10,,17.12,p218,c5
18-06-2018,4,68.48,5,,17.12,p218,c5
25-06-2018,2,34.24,24,,17.12,p218,c5
02-07-2018,3,51.36,28,,17.12,p218,c5
09-07-2018,6,103.32,25,,17.22,p218,c5
16-07-2018,2,34.24,30,,17.12,p218,c5
23-07-2018,4,68.48,42,,17.12,p218,c5
30-07-2018,7,119.84,34,,17.12,p218,c5
06-08-2018,4,68.48,47,,17.12,p218,c5
13-08-2018,1,17.12,45,,17.12,p218,c5
20-08-2018,2,34.24,59,,17.12,p218,c5
27-08-2018,7,120.89,64,,17.27,p218,c5
03-09-2018,10,141.14,64,,14.114,p218,c5
10-09-2018,17,262.41,59,,15.43588235,p218,c5
17-09-2018,2,34.68,49,,17.34,p218,c5
24-09-2018,3,56.66,47,,18.88666667,p218,c5
01-10-2018,3,59.13,41,,19.71,p218,c5
08-10-2018,2,42.28,39,,21.14,p218,c5
15-10-2018,2,43.28,33,,21.64,p218,c5
22-10-2018,2,43.35,32,,21.675,p218,c5
29-10-2018,4,86.08,30,,21.52,p218,c5
05-11-2018,2,44.9,25,,22.45,p218,c5
12-11-2018,2,44.82,20,,22.41,p218,c5
19-11-2018,3,67.64,19,,22.54666667,p218,c5
26-11-2018,2,45.7,16,,22.85,p218,c5
03-12-2018,1,21.54,14,,21.54,p218,c5
10-12-2018,6,99,13,,16.5,p218,c5
17-12-2018,1,15.4,5,,15.4,p218,c5
24-12-2018,1,22.99,6,,22.99,p218,c5
01-01-2018,11,205.04,,,18.64,p219,c5
08-01-2018,8,149.12,89,,18.64,p219,c5
15-01-2018,7,130.48,81,,18.64,p219,c5
22-01-2018,11,205.04,73,,18.64,p219,c5
29-01-2018,10,186.4,62,,18.64,p219,c5
05-02-2018,9,167.76,66,,18.64,p219,c5
12-02-2018,9,167.76,64,,18.64,p219,c5
19-02-2018,13,242.74,67,,18.67230769,p219,c5
26-02-2018,7,130.48,47,,18.64,p219,c5
05-03-2018,8,149.31,43,,18.66375,p219,c5
12-03-2018,10,186.4,44,,18.64,p219,c5
19-03-2018,17,317.04,47,,18.64941176,p219,c5
26-03-2018,7,130.48,59,,18.64,p219,c5
02-04-2018,6,111.84,56,,18.64,p219,c5
09-04-2018,8,149.12,68,,18.64,p219,c5
16-04-2018,11,205.75,62,,18.70454545,p219,c5
23-04-2018,9,167.76,53,,18.64,p219,c5
30-04-2018,13,242.32,41,,18.64,p219,c5
07-05-2018,9,171.81,40,,19.09,p219,c5
14-05-2018,10,222.85,52,,22.285,p219,c5
21-05-2018,6,136.14,50,,22.69,p219,c5
28-05-2018,6,136.14,63,,22.69,p219,c5
04-06-2018,8,165.43,67,,20.67875,p219,c5
11-06-2018,14,260.96,60,,18.64,p219,c5
18-06-2018,11,205.04,47,,18.64,p219,c5
